
 ------------------------------------------------------------------------------
 ########::'##:::'##::'######:::::'###:::::'######::'####:'##::: ##::'#######::
 ##.... ##:. ##:'##::'##... ##:::'## ##:::'##... ##:. ##:: ###:: ##:'##.... ##:
 ##:::: ##::. ####::: ##:::..:::'##:. ##:: ##:::..::: ##:: ####: ##: ##:::: ##:
 ########::::. ##:::: ##:::::::'##:::. ##:. ######::: ##:: ## ## ##: ##:::: ##:
 ##.....:::::: ##:::: ##::::::: #########::..... ##:: ##:: ##. ####: ##:::: ##:
 ##::::::::::: ##:::: ##::: ##: ##.... ##:'##::: ##:: ##:: ##:. ###: ##:::: ##:
 ##::::::::::: ##::::. ######:: ##:::: ##:. ######::'####: ##::. ##:. #######::
 .::::::::::::..::::::......:::..:::::..:::......:::....::..::::..:::.......:::

                     Python Quantum Monte Carlo Package
                        v 0.4.0 [Vladimir Konkov]

    Main Author : Vladimir Konkov
 ------------------------------------------------------------------------------
 Started 2026/09/11 20:54:53

 Python 3.12.3 (main, Aug 31 2026, 10:18:26) [GCC 13.3.0]
 Numba 0.67.0
 Numpy 2.2.6
 Scipy 1.13.1

 Running in parallel using 4 MPI processes.

 Warning: keywords not read by pycasino: newrun periodic writeout_vmc_hist

 General input parameters
 ========================
 NEU (num up spin electrons)              :  2
 NED (num down spin electrons)            :  2
 RUNTYPE (type of run)                    :  vmc
 PSI_S  (form for [anti]symmetrizing wfn) :  slater
 ATOM_BASIS_TYPE (atom-centred orb basis) :  slater-type
 INTERACTION (interaction type)           :  coulomb
 TESTRUN (read input data,print and stop) :  F
 PERIODIC                                 :  F
 COMPLEX_WF (complex Slater wave fn.)     :  F
 NEIGHPRINT (neighbour analysis)          :  0
 USE_JASTROW (use Jastrow factor)         :  F
 BACKFLOW (use backflow corrections)      :  T
 USE_ORBMODS (use orbitals modifications) :  F
 CUSP_CORRECTION                          :  F
 NON_LOCAL_GRID (NL integration grid)     :  4
 E_OFFSET (energy offset)                 :  0.0000
 GAUTOL  (Gaussian evaluation tolerance)  :  7.0
 SPARSE                                   :  F
 DIPOLE_MOMENT                            :  F
 RELATIVISTIC                             :  F

 VMC input parameters
 ====================
 NEWRUN (start new run)                   :  T
 VMC_METHOD (choice of VMC algorithm)     :  3
 DTVMC (VMC time step)                    :  0.02
 OPT_DTVMC (VMC time-step optimization)   :  1
 VMC_NSTEP (num VMC steps)                :  10000000
 VMC_NCONFIG_WRITE (num configs to write) :  0
 VMC_NBLOCK (num VMC blocks)              :  10
 VMC_EQUIL_NSTEP (num equil steps)        :  5000
 VMC_DECORR_PERIOD (length of inner loop) :  10
 VMC_AVE_PERIOD (hist reduction factor)   :  1
 VMC_SAMPLING                             :  standard
 MAKEMOVIE                                :  F
 FORCES                                   :  F

 Median sigma = 1/|grad ln psi| : 1.00326e-01 bohr

 ==============================
 PERFORMING A |PSI| CALCULATION.
 ==============================

 zeta of the walk: 2.50000e-01   DTVMC: 5.83579e-03

 =========================================================================
 WEIGHTED NODAL DOMAIN AVERAGES

  Number of |psi| steps                   = 10000000

  zeta                          (au^-1) =           0.250000000000
  Effective sample size                   = 10000000
  Potential component                (au) =          -3.167552698472
  Standard error                        +/-           0.000655720169
  e-e interaction                    (au) =           1.195191255790
  e-n interaction                    (au) =          -4.520260217880
  Sum of e-n distances             (bohr) =          16.229777788377

  epsilon (bohr)  inside      E_kin^nda (au)            E^nda (au)

    1.003e-03        216      21.987284 +/- 1.828186      18.819731
    1.376e-03        441      22.517225 +/- 1.328433      19.349673
    1.886e-03        819      22.996950 +/- 0.977780      19.829397
    2.587e-03       1519      22.911097 +/- 0.716100      19.743544
    3.547e-03       2853      22.858585 +/- 0.522382      19.691032
    4.864e-03       5351      22.823536 +/- 0.380611      19.655983
    6.670e-03      10028      22.629551 +/- 0.276855      19.461998
    9.146e-03      18701      22.439633 +/- 0.201082      19.272081
    1.254e-02      35716      22.490425 +/- 0.146255      19.322873

 Time taken in nodal domain averages : : :    476.9658

 Warning: keywords not read by pycasino: newrun periodic writeout_vmc_hist

 General input parameters
 ========================
 NEU (num up spin electrons)              :  2
 NED (num down spin electrons)            :  2
 RUNTYPE (type of run)                    :  vmc
 PSI_S  (form for [anti]symmetrizing wfn) :  slater
 ATOM_BASIS_TYPE (atom-centred orb basis) :  slater-type
 INTERACTION (interaction type)           :  coulomb
 TESTRUN (read input data,print and stop) :  F
 PERIODIC                                 :  F
 COMPLEX_WF (complex Slater wave fn.)     :  F
 NEIGHPRINT (neighbour analysis)          :  0
 USE_JASTROW (use Jastrow factor)         :  F
 BACKFLOW (use backflow corrections)      :  T
 USE_ORBMODS (use orbitals modifications) :  F
 CUSP_CORRECTION                          :  F
 NON_LOCAL_GRID (NL integration grid)     :  4
 E_OFFSET (energy offset)                 :  0.0000
 GAUTOL  (Gaussian evaluation tolerance)  :  7.0
 SPARSE                                   :  F
 DIPOLE_MOMENT                            :  F
 RELATIVISTIC                             :  F

 VMC input parameters
 ====================
 NEWRUN (start new run)                   :  T
 VMC_METHOD (choice of VMC algorithm)     :  3
 DTVMC (VMC time step)                    :  0.02
 OPT_DTVMC (VMC time-step optimization)   :  1
 VMC_NSTEP (num VMC steps)                :  10000000
 VMC_NCONFIG_WRITE (num configs to write) :  0
 VMC_NBLOCK (num VMC blocks)              :  1
 VMC_EQUIL_NSTEP (num equil steps)        :  5000
 VMC_DECORR_PERIOD (length of inner loop) :  10
 VMC_AVE_PERIOD (hist reduction factor)   :  1
 VMC_SAMPLING                             :  standard
 MAKEMOVIE                                :  F
 FORCES                                   :  F

 Median sigma = 1/|grad ln psi| : 1.04048e-01 bohr

 ==============================
 PERFORMING A |PSI| CALCULATION.
 ==============================

 zeta of the walk: 2.50000e-01   DTVMC: 6.41094e-03

 =========================================================================
 WEIGHTED NODAL DOMAIN AVERAGES

  Number of |psi| steps                   = 10000000

  zeta                          (au^-1) =           0.250000000000
  Effective sample size                   = 10000000
  Potential component                (au) =          -3.204166468922
  Standard error                        +/-           0.000655328652
  e-e interaction                    (au) =           1.201232970667
  e-n interaction                    (au) =          -4.565759402228
  Sum of e-n distances             (bohr) =          16.168613785089

  epsilon (bohr)  inside      E_kin^nda (au)            E^nda (au)

    1.040e-03        240      21.675052 +/- 1.739439      18.470886
    1.427e-03        465      22.216477 +/- 1.270954      19.012311
    1.956e-03        865      22.511785 +/- 0.934330      19.307619
    2.683e-03       1690      22.969212 +/- 0.686684      19.765045
    3.679e-03       3181      23.268212 +/- 0.505056      20.064045
    5.044e-03       5987      23.423789 +/- 0.370388      20.219623
    6.917e-03      11370      23.541205 +/- 0.270912      20.337038
    9.485e-03      21547      23.734232 +/- 0.198192      20.530065
    1.301e-02      40763      23.926260 +/- 0.145017      20.722094

 Time taken in nodal domain averages : : :    482.6687

 Warning: keywords not read by pycasino: newrun periodic writeout_vmc_hist

 General input parameters
 ========================
 NEU (num up spin electrons)              :  2
 NED (num down spin electrons)            :  2
 RUNTYPE (type of run)                    :  vmc
 PSI_S  (form for [anti]symmetrizing wfn) :  slater
 ATOM_BASIS_TYPE (atom-centred orb basis) :  slater-type
 INTERACTION (interaction type)           :  coulomb
 TESTRUN (read input data,print and stop) :  F
 PERIODIC                                 :  F
 COMPLEX_WF (complex Slater wave fn.)     :  F
 NEIGHPRINT (neighbour analysis)          :  0
 USE_JASTROW (use Jastrow factor)         :  F
 BACKFLOW (use backflow corrections)      :  T
 USE_ORBMODS (use orbitals modifications) :  F
 CUSP_CORRECTION                          :  F
 NON_LOCAL_GRID (NL integration grid)     :  4
 E_OFFSET (energy offset)                 :  0.0000
 GAUTOL  (Gaussian evaluation tolerance)  :  7.0
 SPARSE                                   :  F
 DIPOLE_MOMENT                            :  F
 RELATIVISTIC                             :  F

 VMC input parameters
 ====================
 NEWRUN (start new run)                   :  T
 VMC_METHOD (choice of VMC algorithm)     :  3
 DTVMC (VMC time step)                    :  0.02
 OPT_DTVMC (VMC time-step optimization)   :  1
 VMC_NSTEP (num VMC steps)                :  10000000
 VMC_NCONFIG_WRITE (num configs to write) :  0
 VMC_NBLOCK (num VMC blocks)              :  1
 VMC_EQUIL_NSTEP (num equil steps)        :  5000
 VMC_DECORR_PERIOD (length of inner loop) :  10
 VMC_AVE_PERIOD (hist reduction factor)   :  1
 VMC_SAMPLING                             :  standard
 MAKEMOVIE                                :  F
 FORCES                                   :  F

 Median sigma = 1/|grad ln psi| : 1.06177e-01 bohr

 ==============================
 PERFORMING A |PSI| CALCULATION.
 ==============================

 zeta of the walk: 2.50000e-01   DTVMC: 5.97053e-03

 =========================================================================
 WEIGHTED NODAL DOMAIN AVERAGES

  Number of |psi| steps                   = 10000000

  zeta                          (au^-1) =           0.250000000000
  Effective sample size                   = 10000000
  Potential component                (au) =          -3.127449124758
  Standard error                        +/-           0.000672281655
  e-e interaction                    (au) =           1.172099122544
  e-n interaction                    (au) =          -4.452851463789
  Sum of e-n distances             (bohr) =          16.386298332868

  epsilon (bohr)  inside      E_kin^nda (au)            E^nda (au)

    1.062e-03        232      21.241955 +/- 1.683111      18.114506
    1.456e-03        429      20.606915 +/- 1.217852      17.479466
    1.996e-03        802      20.083677 +/- 0.876961      16.956228
    2.738e-03       1514      20.202669 +/- 0.636183      17.075220
    3.754e-03       2871      20.288641 +/- 0.464255      17.161192
    5.148e-03       5452      20.355350 +/- 0.338801      17.227901
    7.059e-03      10282      20.534279 +/- 0.247843      17.406830
    9.679e-03      19509      20.624547 +/- 0.181204      17.497098
    1.327e-02      36887      20.749271 +/- 0.132453      17.621822

 Time taken in nodal domain averages : : :    485.2116

 Warning: keywords not read by pycasino: newrun periodic writeout_vmc_hist

 General input parameters
 ========================
 NEU (num up spin electrons)              :  2
 NED (num down spin electrons)            :  2
 RUNTYPE (type of run)                    :  vmc
 PSI_S  (form for [anti]symmetrizing wfn) :  slater
 ATOM_BASIS_TYPE (atom-centred orb basis) :  slater-type
 INTERACTION (interaction type)           :  coulomb
 TESTRUN (read input data,print and stop) :  F
 PERIODIC                                 :  F
 COMPLEX_WF (complex Slater wave fn.)     :  F
 NEIGHPRINT (neighbour analysis)          :  0
 USE_JASTROW (use Jastrow factor)         :  F
 BACKFLOW (use backflow corrections)      :  T
 USE_ORBMODS (use orbitals modifications) :  F
 CUSP_CORRECTION                          :  F
 NON_LOCAL_GRID (NL integration grid)     :  4
 E_OFFSET (energy offset)                 :  0.0000
 GAUTOL  (Gaussian evaluation tolerance)  :  7.0
 SPARSE                                   :  F
 DIPOLE_MOMENT                            :  F
 RELATIVISTIC                             :  F

 VMC input parameters
 ====================
 NEWRUN (start new run)                   :  T
 VMC_METHOD (choice of VMC algorithm)     :  3
 DTVMC (VMC time step)                    :  0.02
 OPT_DTVMC (VMC time-step optimization)   :  1
 VMC_NSTEP (num VMC steps)                :  10000000
 VMC_NCONFIG_WRITE (num configs to write) :  0
 VMC_NBLOCK (num VMC blocks)              :  1
 VMC_EQUIL_NSTEP (num equil steps)        :  5000
 VMC_DECORR_PERIOD (length of inner loop) :  10
 VMC_AVE_PERIOD (hist reduction factor)   :  1
 VMC_SAMPLING                             :  standard
 MAKEMOVIE                                :  F
 FORCES                                   :  F

 Median sigma = 1/|grad ln psi| : 1.04754e-01 bohr

 ==============================
 PERFORMING A |PSI| CALCULATION.
 ==============================

 zeta of the walk: 2.50000e-01   DTVMC: 8.55783e-03

 =========================================================================
 WEIGHTED NODAL DOMAIN AVERAGES

  Number of |psi| steps                   = 10000000

  zeta                          (au^-1) =           0.250000000000
  Effective sample size                   = 10000000
  Potential component                (au) =          -3.136278438917
  Standard error                        +/-           0.000630167430
  e-e interaction                    (au) =           1.195702268806
  e-n interaction                    (au) =          -4.487446088238
  Sum of e-n distances             (bohr) =          16.222536031770

  epsilon (bohr)  inside      E_kin^nda (au)            E^nda (au)

    1.048e-03        239      19.995489 +/- 1.601439      16.859210
    1.436e-03        472      21.295351 +/- 1.212175      18.159072
    1.970e-03        890      22.262444 +/- 0.911149      19.126166
    2.701e-03       1614      22.392842 +/- 0.674657      19.256563
    3.704e-03       3045      22.176283 +/- 0.492699      19.040004
    5.079e-03       5644      21.983573 +/- 0.358495      18.847294
    6.964e-03      10704      21.934587 +/- 0.260663      18.798309
    9.549e-03      20216      22.029905 +/- 0.190061      18.893627
    1.309e-02      38568      22.220856 +/- 0.138856      19.084578

 Time taken in nodal domain averages : : :    440.0326

 Warning: keywords not read by pycasino: newrun periodic writeout_vmc_hist

 General input parameters
 ========================
 NEU (num up spin electrons)              :  2
 NED (num down spin electrons)            :  2
 RUNTYPE (type of run)                    :  vmc
 PSI_S  (form for [anti]symmetrizing wfn) :  slater
 ATOM_BASIS_TYPE (atom-centred orb basis) :  slater-type
 INTERACTION (interaction type)           :  coulomb
 TESTRUN (read input data,print and stop) :  F
 PERIODIC                                 :  F
 COMPLEX_WF (complex Slater wave fn.)     :  F
 NEIGHPRINT (neighbour analysis)          :  0
 USE_JASTROW (use Jastrow factor)         :  F
 BACKFLOW (use backflow corrections)      :  T
 USE_ORBMODS (use orbitals modifications) :  F
 CUSP_CORRECTION                          :  F
 NON_LOCAL_GRID (NL integration grid)     :  4
 E_OFFSET (energy offset)                 :  0.0000
 GAUTOL  (Gaussian evaluation tolerance)  :  7.0
 SPARSE                                   :  F
 DIPOLE_MOMENT                            :  F
 RELATIVISTIC                             :  F

 VMC input parameters
 ====================
 NEWRUN (start new run)                   :  T
 VMC_METHOD (choice of VMC algorithm)     :  3
 DTVMC (VMC time step)                    :  0.02
 OPT_DTVMC (VMC time-step optimization)   :  1
 VMC_NSTEP (num VMC steps)                :  10000000
 VMC_NCONFIG_WRITE (num configs to write) :  0
 VMC_NBLOCK (num VMC blocks)              :  1
 VMC_EQUIL_NSTEP (num equil steps)        :  5000
 VMC_DECORR_PERIOD (length of inner loop) :  10
 VMC_AVE_PERIOD (hist reduction factor)   :  1
 VMC_SAMPLING                             :  standard
 MAKEMOVIE                                :  F
 FORCES                                   :  F

 Median sigma = 1/|grad ln psi| : 1.07988e-01 bohr

 ==============================
 PERFORMING A |PSI| CALCULATION.
 ==============================

 zeta of the walk: 2.50000e-01   DTVMC: 6.54687e-03

 =========================================================================
 WEIGHTED NODAL DOMAIN AVERAGES

  Number of |psi| steps                   = 10000000

  zeta                          (au^-1) =           0.250000000000
  Effective sample size                   = 10000000
  Potential component                (au) =          -3.182174110015
  Standard error                        +/-           0.000659043272
  e-e interaction                    (au) =           1.197150882452
  e-n interaction                    (au) =          -4.537946658632
  Sum of e-n distances             (bohr) =          16.187453318114

  epsilon (bohr)  inside      E_kin^nda (au)            E^nda (au)

    1.080e-03        252      22.235799 +/- 1.680565      19.053625
    1.481e-03        464      21.643625 +/- 1.223047      18.461451
    2.031e-03        846      21.118718 +/- 0.883569      17.936544
    2.784e-03       1627      20.883705 +/- 0.638318      17.701531
    3.818e-03       3117      21.060787 +/- 0.464615      17.878613
    5.235e-03       6009      21.535814 +/- 0.340947      18.353640
    7.179e-03      11526      21.941328 +/- 0.250797      18.759154
    9.844e-03      21781      22.228959 +/- 0.184345      19.046785
    1.350e-02      41305      22.439252 +/- 0.135161      19.257077

 Time taken in nodal domain averages : : :    436.5687

 Warning: keywords not read by pycasino: newrun periodic writeout_vmc_hist

 General input parameters
 ========================
 NEU (num up spin electrons)              :  2
 NED (num down spin electrons)            :  2
 RUNTYPE (type of run)                    :  vmc
 PSI_S  (form for [anti]symmetrizing wfn) :  slater
 ATOM_BASIS_TYPE (atom-centred orb basis) :  slater-type
 INTERACTION (interaction type)           :  coulomb
 TESTRUN (read input data,print and stop) :  F
 PERIODIC                                 :  F
 COMPLEX_WF (complex Slater wave fn.)     :  F
 NEIGHPRINT (neighbour analysis)          :  0
 USE_JASTROW (use Jastrow factor)         :  F
 BACKFLOW (use backflow corrections)      :  T
 USE_ORBMODS (use orbitals modifications) :  F
 CUSP_CORRECTION                          :  F
 NON_LOCAL_GRID (NL integration grid)     :  4
 E_OFFSET (energy offset)                 :  0.0000
 GAUTOL  (Gaussian evaluation tolerance)  :  7.0
 SPARSE                                   :  F
 DIPOLE_MOMENT                            :  F
 RELATIVISTIC                             :  F

 VMC input parameters
 ====================
 NEWRUN (start new run)                   :  T
 VMC_METHOD (choice of VMC algorithm)     :  3
 DTVMC (VMC time step)                    :  0.02
 OPT_DTVMC (VMC time-step optimization)   :  1
 VMC_NSTEP (num VMC steps)                :  10000000
 VMC_NCONFIG_WRITE (num configs to write) :  0
 VMC_NBLOCK (num VMC blocks)              :  1
 VMC_EQUIL_NSTEP (num equil steps)        :  5000
 VMC_DECORR_PERIOD (length of inner loop) :  10
 VMC_AVE_PERIOD (hist reduction factor)   :  1
 VMC_SAMPLING                             :  standard
 MAKEMOVIE                                :  F
 FORCES                                   :  F

 Median sigma = 1/|grad ln psi| : 1.08243e-01 bohr

 ==============================
 PERFORMING A |PSI| CALCULATION.
 ==============================

 zeta of the walk: 2.50000e-01   DTVMC: 5.79925e-03

 =========================================================================
 WEIGHTED NODAL DOMAIN AVERAGES

  Number of |psi| steps                   = 10000000

  zeta                          (au^-1) =           0.250000000000
  Effective sample size                   = 10000000
  Potential component                (au) =          -3.121349603938
  Standard error                        +/-           0.000636545374
  e-e interaction                    (au) =           1.201276953587
  e-n interaction                    (au) =          -4.477468328026
  Sum of e-n distances             (bohr) =          16.189872250615

  epsilon (bohr)  inside      E_kin^nda (au)            E^nda (au)

    1.082e-03        245      21.295666 +/- 1.659011      18.174316
    1.484e-03        466      20.993861 +/- 1.200300      17.872511
    2.035e-03        895      21.148222 +/- 0.873772      18.026872
    2.791e-03       1658      21.337329 +/- 0.639486      18.215979
    3.827e-03       3111      21.242519 +/- 0.466552      18.121169
    5.248e-03       5869      21.169103 +/- 0.339765      18.047753
    7.196e-03      11006      21.252259 +/- 0.247848      18.130909
    9.867e-03      20726      21.228498 +/- 0.180731      18.107149
    1.353e-02      39021      21.241215 +/- 0.131713      18.119865

 Time taken in nodal domain averages : : :    433.9317

 Warning: keywords not read by pycasino: newrun periodic writeout_vmc_hist

 General input parameters
 ========================
 NEU (num up spin electrons)              :  2
 NED (num down spin electrons)            :  2
 RUNTYPE (type of run)                    :  vmc
 PSI_S  (form for [anti]symmetrizing wfn) :  slater
 ATOM_BASIS_TYPE (atom-centred orb basis) :  slater-type
 INTERACTION (interaction type)           :  coulomb
 TESTRUN (read input data,print and stop) :  F
 PERIODIC                                 :  F
 COMPLEX_WF (complex Slater wave fn.)     :  F
 NEIGHPRINT (neighbour analysis)          :  0
 USE_JASTROW (use Jastrow factor)         :  F
 BACKFLOW (use backflow corrections)      :  T
 USE_ORBMODS (use orbitals modifications) :  F
 CUSP_CORRECTION                          :  F
 NON_LOCAL_GRID (NL integration grid)     :  4
 E_OFFSET (energy offset)                 :  0.0000
 GAUTOL  (Gaussian evaluation tolerance)  :  7.0
 SPARSE                                   :  F
 DIPOLE_MOMENT                            :  F
 RELATIVISTIC                             :  F

 VMC input parameters
 ====================
 NEWRUN (start new run)                   :  T
 VMC_METHOD (choice of VMC algorithm)     :  3
 DTVMC (VMC time step)                    :  0.02
 OPT_DTVMC (VMC time-step optimization)   :  1
 VMC_NSTEP (num VMC steps)                :  10000000
 VMC_NCONFIG_WRITE (num configs to write) :  0
 VMC_NBLOCK (num VMC blocks)              :  1
 VMC_EQUIL_NSTEP (num equil steps)        :  5000
 VMC_DECORR_PERIOD (length of inner loop) :  10
 VMC_AVE_PERIOD (hist reduction factor)   :  1
 VMC_SAMPLING                             :  standard
 MAKEMOVIE                                :  F
 FORCES                                   :  F

 Median sigma = 1/|grad ln psi| : 1.04899e-01 bohr

 ==============================
 PERFORMING A |PSI| CALCULATION.
 ==============================

 zeta of the walk: 2.50000e-01   DTVMC: 6.11074e-03

