
 ------------------------------------------------------------------------------
 ########::'##:::'##::'######:::::'###:::::'######::'####:'##::: ##::'#######::
 ##.... ##:. ##:'##::'##... ##:::'## ##:::'##... ##:. ##:: ###:: ##:'##.... ##:
 ##:::: ##::. ####::: ##:::..:::'##:. ##:: ##:::..::: ##:: ####: ##: ##:::: ##:
 ########::::. ##:::: ##:::::::'##:::. ##:. ######::: ##:: ## ## ##: ##:::: ##:
 ##.....:::::: ##:::: ##::::::: #########::..... ##:: ##:: ##. ####: ##:::: ##:
 ##::::::::::: ##:::: ##::: ##: ##.... ##:'##::: ##:: ##:: ##:. ###: ##:::: ##:
 ##::::::::::: ##::::. ######:: ##:::: ##:. ######::'####: ##::. ##:. #######::
 .::::::::::::..::::::......:::..:::::..:::......:::....::..::::..:::.......:::

                     Python Quantum Monte Carlo Package
                        v 0.4.0 [Vladimir Konkov]

    Main Author : Vladimir Konkov
 ------------------------------------------------------------------------------
 Started 2026/09/25 22:02:00

 Python 3.12.3 (main, Aug 31 2026, 10:18:26) [GCC 13.3.0]
 Numba 0.67.0
 Numpy 2.2.6
 Scipy 1.13.1

 Running in parallel using 4 MPI processes.

 Warning: keywords not read by pycasino: newrun periodic writeout_vmc_hist

 General input parameters
 ========================
 NEU (num up spin electrons)              :  9
 NED (num down spin electrons)            :  9
 RUNTYPE (type of run)                    :  vmc_opt
 PSI_S  (form for [anti]symmetrizing wfn) :  slater
 ATOM_BASIS_TYPE (atom-centred orb basis) :  slater-type
 INTERACTION (interaction type)           :  coulomb
 TESTRUN (read input data,print and stop) :  F
 PERIODIC                                 :  F
 COMPLEX_WF (complex Slater wave fn.)     :  F
 NEIGHPRINT (neighbour analysis)          :  0
 USE_JASTROW (use Jastrow factor)         :  T
 BACKFLOW (use backflow corrections)      :  F
 USE_ORBMODS (use orbitals modifications) :  F
 CUSP_CORRECTION                          :  F
 NON_LOCAL_GRID (NL integration grid)     :  4
 E_OFFSET (energy offset)                 :  0.0000
 GAUTOL  (Gaussian evaluation tolerance)  :  7.0
 SPARSE                                   :  F
 DIPOLE_MOMENT                            :  F
 RELATIVISTIC                             :  F

 VMC/optimization input parameters
 ====================
 NEWRUN (start new run)                   :  T
 VMC_METHOD (choice of VMC algorithm)     :  3
 DTVMC (VMC time step)                    :  0.02
 OPT_DTVMC (VMC time-step optimization)   :  1
 VMC_NSTEP (num VMC steps)                :  1000000
 VMC_NCONFIG_WRITE (num configs to write) :  1000000
 VMC_NBLOCK (num VMC blocks)              :  1
 VMC_EQUIL_NSTEP (num equil steps)        :  5000
 VMC_DECORR_PERIOD (length of inner loop) :  10
 VMC_AVE_PERIOD (hist reduction factor)   :  1
 VMC_SAMPLING                             :  standard
 OPT_CYCLES (num optimization cycles)     :  4
 POSTFIT_VMC (perform post-fit VMC calc)  :  T
 POSTFIT_KEEP_CFG (keep post-fit VMC cfgs):  F
 OPT_NOCTF_CYCLES (fixed cutoff cycles)   :  0
 OPT_INFO (information level)             :  2
 OPT_JASTROW (opt Jastrow factor)         :  T
 OPT_DET_COEFF (opt det coeffs)           :  F
 OPT_ORBITALS (opt orbitals)              :  F
 OPT_BACKFLOW (opt backflow params)       :  F
 OPT_FIXNL (fix nonlocal energy)          :  F
 OPT_MAXITER (max num iterations)         :  10
 OPT_MAXEVAL (max num evaluations)        :  200
 VM_SMOOTH_LIMITS (smooth limiting)       :  F
 VM_REWEIGHT (reweighting)                :  F
 VM_FILTER (filter outlying configs)      :  F
 VM_USE_E_GUESS (use guess energy)        :  F
 EMIN_XI_VALUE (xi parameter)             :  1.0
 MAKEMOVIE                                :  F
 FORCES                                   :  F

 BEGIN VMC CALCULATION
 =====================

 Running VMC equilibration (5000 moves).
 Performing time-step optimization.
 DTVMC: 1.77678e-04

 Starting VMC.

 =========================================================================
 In block : 1

 Acceptance ratio         (%)  =  69.5554
 Diffusion constant  (Bohr^2)  =
 Correlation time     (steps)  = 3.0369E+01 +- 5.8322E-01
 Efficiency      (au^-2 s^-1)  = 6.7670E-01
 No. of VMC steps per process  = 250000

  Block average energies (au)

  Total energy                       (au) =        -519.973301692049
  Standard error                        +/-           0.017141073087

  Kinetic energy KEI (used in Total) (au) =
  Standard error                        +/-

  Kinetic energy TI                  (au) =
  Standard error                        +/-

  Kinetic energy FISQ                (au) =
  Standard error                        +/-

  Potential energy                   (au) =
  Standard error                        +/-

  e-e interaction                    (au) =
  Standard error                        +/-

  e-n interaction                    (au) =
  Standard error                        +/-

  Variance of local energy           (au) =         293.816092755354
  Standard error                        +/-

  Maximum distance from origin       (au) =


 Time taken in block    : : :      165.6128 s


 =========================================================================
 FINAL RESULT:

  VMC energy (au)    Standard error      Correction for serial correlation

 -519.973301692049 +/- 0.017141073087      No correction
 -519.973301692049 +/- 0.094461537037      Correlation time method
 -519.973301692049 +/- 0.103512983235      On-the-fly reblocking method

 Sample variance of E_L (au^2/sim.cell) : 293.816092755354


 ==========================================
 PERFORMING OPTIMIZATION CALCULATION No. 1.
 ==========================================


 Optimization start
 ==================
   Iteration     Total nfev        Cost      Cost reduction    Step norm     Optimality
       0              1         2.9316e+02                                    3.63e+06
       1              2         1.9986e+01      2.73e+02       1.60e+00       3.68e+05
       2              3         1.4132e+01      5.85e+00       3.31e+00       1.29e+06
       3              4         1.1230e+01      2.90e+00       6.95e+00       1.03e+06
       4              5         1.1230e+01      0.00e+00       0.00e+00       1.03e+06
`ftol` termination condition is satisfied.
Function evaluations 5, initial cost 2.9316e+02, final cost 1.1230e+01, first-order optimality 1.03e+06.
 Norm of Jacobian at the solution: 9.45446e-11

 BEGIN VMC CALCULATION
 =====================

 Running VMC equilibration (5000 moves).
 Performing time-step optimization.
 DTVMC: 1.60960e-04

 Starting VMC.

 =========================================================================
 In block : 1

 Acceptance ratio         (%)  =  69.9988
 Diffusion constant  (Bohr^2)  =
 Correlation time     (steps)  = 3.1201E+02 +- 2.0301E+01
 Efficiency      (au^-2 s^-1)  = 9.0866E-01
 No. of VMC steps per process  = 250000

  Block average energies (au)

  Total energy                       (au) =        -525.233833908734
  Standard error                        +/-           0.004358301769

  Kinetic energy KEI (used in Total) (au) =
  Standard error                        +/-

  Kinetic energy TI                  (au) =
  Standard error                        +/-

  Kinetic energy FISQ                (au) =
  Standard error                        +/-

  Potential energy                   (au) =
  Standard error                        +/-

  e-e interaction                    (au) =
  Standard error                        +/-

  e-n interaction                    (au) =
  Standard error                        +/-

  Variance of local energy           (au) =          18.994775312312
  Standard error                        +/-

  Maximum distance from origin       (au) =


 Time taken in block    : : :      185.6934 s


 =========================================================================
 FINAL RESULT:

  VMC energy (au)    Standard error      Correction for serial correlation

 -525.233833908734 +/- 0.004358301769      No correction
 -525.233833908734 +/- 0.076984322551      Correlation time method
 -525.233833908734 +/- 0.095015447953      On-the-fly reblocking method

 Sample variance of E_L (au^2/sim.cell) : 18.994775312312


 ==========================================
 PERFORMING OPTIMIZATION CALCULATION No. 2.
 ==========================================


 Optimization start
 ==================
 E_0 -525.30100341 minimal allowed energy -542.87134550 serial correlation factor 21.85
 Trust radius max|delta p| < 0.2 reached at level shift 4.51e+00
   Level shift          E_lin        max|dp| max|dlog(psi)|         E_corr       Penalty         Target
           inf                                               -525.30100341    0.28790642  -525.01309698
      4.51e+00  -526.72170847     2.0000e-01     8.0658e-02  -527.10639848    0.72240242  -526.38399606
      4.51e+01  -526.11506987     7.4479e-02     3.0037e-02  -526.58157955    0.38436080  -526.19721875
      4.51e+02  -525.44621305     1.0678e-02     4.3649e-03  -525.58079861    0.28654713  -525.29425148
      4.51e+03  -525.31644354     1.0990e-03     4.5313e-04  -525.33170313    0.28743781  -525.04426533
 Best level shift is the smallest scanned one, the trust radius may be too large
 Optimization end
 ================
 Norm of scaled energy gradient at the starting point: 1.67516e+01
 Level shift 4.51e+00, target -525.01309698 -> -526.38399606, gain 1.37089907.
 Scaled delta p over 57 of 57 parameters: norm 2.2204e-01, rms 2.9410e-02, max 8.0658e-02

 BEGIN VMC CALCULATION
 =====================

 Running VMC equilibration (5000 moves).
 Performing time-step optimization.
 DTVMC: 1.53439e-04

 Starting VMC.

 =========================================================================
 In block : 1

 Acceptance ratio         (%)  =  70.3299
 Diffusion constant  (Bohr^2)  =
 Correlation time     (steps)  = 2.2973E+01 +- 3.8377E-01
 Efficiency      (au^-2 s^-1)  = 1.6754E+01
 No. of VMC steps per process  = 250000

  Block average energies (au)

  Total energy                       (au) =        -526.951916401798
  Standard error                        +/-           0.003873975591

  Kinetic energy KEI (used in Total) (au) =
  Standard error                        +/-

  Kinetic energy TI                  (au) =
  Standard error                        +/-

  Kinetic energy FISQ                (au) =
  Standard error                        +/-

  Potential energy                   (au) =
  Standard error                        +/-

  e-e interaction                    (au) =
  Standard error                        +/-

  e-n interaction                    (au) =
  Standard error                        +/-

  Variance of local energy           (au) =          15.007671870291
  Standard error                        +/-

  Maximum distance from origin       (au) =


 Time taken in block    : : :      173.1289 s


 =========================================================================
 FINAL RESULT:

  VMC energy (au)    Standard error      Correction for serial correlation

 -526.951916401798 +/- 0.003873975591      No correction
 -526.951916401798 +/- 0.018567847148      Correlation time method
 -526.951916401798 +/- 0.034609653492      On-the-fly reblocking method

 Sample variance of E_L (au^2/sim.cell) : 15.007671870291


 ==========================================
 PERFORMING OPTIMIZATION CALCULATION No. 3.
 ==========================================


 Optimization start
 ==================
 E_0 -527.08730267 minimal allowed energy -542.65852854 serial correlation factor 7.72
 Trust radius max|delta p| < 0.2 reached at level shift 2.04e-01
   Level shift          E_lin        max|dp| max|dlog(psi)|         E_corr       Penalty         Target
           inf                                               -527.08730267    0.09016533  -526.99713734
      2.04e-01  -527.22978759     2.0000e-01     1.4950e-01  -527.24159662    0.09276147  -527.14883515
      2.04e+00  -527.17250789     8.8212e-02     4.3340e-02  -527.19025767    0.09171993  -527.09853774
      2.04e+01  -527.11828107     3.1726e-02     1.0731e-02  -527.13339581    0.09081924  -527.04257657
      2.04e+02  -527.09246032     4.0324e-03     1.4653e-03  -527.09730305    0.09017932  -527.00712372
 Best level shift is the smallest scanned one, the trust radius may be too large
 Optimization end
 ================
 Norm of scaled energy gradient at the starting point: 2.25494e+00
 Level shift 2.04e-01, target -526.99713734 -> -527.14883515, gain 0.15169781.
 Scaled delta p over 57 of 57 parameters: norm 3.4474e-01, rms 4.5662e-02, max 1.4950e-01

 BEGIN VMC CALCULATION
 =====================

 Running VMC equilibration (5000 moves).
 Performing time-step optimization.
 DTVMC: 1.71043e-04

 Starting VMC.

 =========================================================================
 In block : 1

 Acceptance ratio         (%)  =  68.7400
 Diffusion constant  (Bohr^2)  =
 Correlation time     (steps)  = 1.0402E+01 +- 1.1714E-01
 Efficiency      (au^-2 s^-1)  = 4.0601E+01
 No. of VMC steps per process  = 250000

  Block average energies (au)

  Total energy                       (au) =        -527.246120556495
  Standard error                        +/-           0.003715906457

  Kinetic energy KEI (used in Total) (au) =
  Standard error                        +/-

  Kinetic energy TI                  (au) =
  Standard error                        +/-

  Kinetic energy FISQ                (au) =
  Standard error                        +/-

  Potential energy                   (au) =
  Standard error                        +/-

  e-e interaction                    (au) =
  Standard error                        +/-

  e-n interaction                    (au) =
  Standard error                        +/-

  Variance of local energy           (au) =          13.807946989371
  Standard error                        +/-

  Maximum distance from origin       (au) =


 Time taken in block    : : :      171.4841 s


 =========================================================================
 FINAL RESULT:

  VMC energy (au)    Standard error      Correction for serial correlation

 -527.246120556495 +/- 0.003715906457      No correction
 -527.246120556495 +/- 0.011984453560      Correlation time method
 -527.246120556495 +/- 0.018466825265      On-the-fly reblocking method

 Sample variance of E_L (au^2/sim.cell) : 13.807946989371


 ==========================================
 PERFORMING OPTIMIZATION CALCULATION No. 4.
 ==========================================


 Optimization start
 ==================
 E_0 -527.23688758 minimal allowed energy -542.11496280 serial correlation factor 5.53
 Trust radius max|delta p| < 0.2 reached at level shift 1.33e-01
   Level shift          E_lin        max|dp| max|dlog(psi)|         E_corr       Penalty         Target
           inf                                               -527.23688758    0.06167646  -527.17521112
      1.33e-01  -527.26039496     2.0000e-01     1.3006e-01  -527.26706073    0.06331016  -527.20375057
      1.33e+00  -527.24981490     3.2341e-02     2.0324e-02  -527.25106138    0.06224332  -527.18881806
      1.33e+01  -527.24441869     7.6923e-03     3.8280e-03  -527.24509980    0.06179703  -527.18330277
      1.33e+02  -527.23935847     1.3694e-03     5.9788e-04  -527.24040502    0.06164470  -527.17876032
 Best level shift is the smallest scanned one, the trust radius may be too large
 Optimization end
 ================
 Norm of scaled energy gradient at the starting point: 1.58798e+00
 Level shift 1.33e-01, target -527.17521112 -> -527.20375057, gain 0.02853944.
 Scaled delta p over 57 of 57 parameters: norm 2.2827e-01, rms 3.0236e-02, max 1.3006e-01

 BEGIN VMC CALCULATION
 =====================

 Running VMC equilibration (5000 moves).
 Performing time-step optimization.
 DTVMC: 1.47920e-04

 Starting VMC.

 =========================================================================
 In block : 1

 Acceptance ratio         (%)  =  70.7764
 Diffusion constant  (Bohr^2)  =
 Correlation time     (steps)  = 1.0614E+01 +- 1.2122E-01
 Efficiency      (au^-2 s^-1)  = 3.8318E+01
 No. of VMC steps per process  = 250000

  Block average energies (au)

  Total energy                       (au) =        -527.238379887184
  Standard error                        +/-           0.003765687338

  Kinetic energy KEI (used in Total) (au) =
  Standard error                        +/-

  Kinetic energy TI                  (au) =
  Standard error                        +/-

  Kinetic energy FISQ                (au) =
  Standard error                        +/-

  Potential energy                   (au) =
  Standard error                        +/-

  e-e interaction                    (au) =
  Standard error                        +/-

  e-n interaction                    (au) =
  Standard error                        +/-

  Variance of local energy           (au) =          14.180386943626
  Standard error                        +/-

  Maximum distance from origin       (au) =


 Time taken in block    : : :      173.3934 s


 =========================================================================
 FINAL RESULT:

  VMC energy (au)    Standard error      Correction for serial correlation

 -527.238379887184 +/- 0.003765687338      No correction
 -527.238379887184 +/- 0.012268276233      Correlation time method
 -527.238379887184 +/- 0.020455202453      On-the-fly reblocking method

 Sample variance of E_L (au^2/sim.cell) : 14.180386943626


 =========================================================================

 Total PyCasino real time : : :    3497.3745
