
 ------------------------------------------------------------------------------
 ########::'##:::'##::'######:::::'###:::::'######::'####:'##::: ##::'#######::
 ##.... ##:. ##:'##::'##... ##:::'## ##:::'##... ##:. ##:: ###:: ##:'##.... ##:
 ##:::: ##::. ####::: ##:::..:::'##:. ##:: ##:::..::: ##:: ####: ##: ##:::: ##:
 ########::::. ##:::: ##:::::::'##:::. ##:. ######::: ##:: ## ## ##: ##:::: ##:
 ##.....:::::: ##:::: ##::::::: #########::..... ##:: ##:: ##. ####: ##:::: ##:
 ##::::::::::: ##:::: ##::: ##: ##.... ##:'##::: ##:: ##:: ##:. ###: ##:::: ##:
 ##::::::::::: ##::::. ######:: ##:::: ##:. ######::'####: ##::. ##:. #######::
 .::::::::::::..::::::......:::..:::::..:::......:::....::..::::..:::.......:::

                     Python Quantum Monte Carlo Package
                        v 0.4.0 [Vladimir Konkov]

    Main Author : Vladimir Konkov
 ------------------------------------------------------------------------------
 Started 2026/08/17 19:23:08

 Python 3.12.3 (main, Jun 19 2026, 12:46:00) [GCC 13.3.0]
 Numba 0.63.1
 Numpy 2.2.6
 Scipy 1.13.1

 Running in parallel using 4 MPI processes.

 General input parameters
 ========================
 NEU (num up spin electrons)              :  5
 NED (num down spin electrons)            :  2
 RUNTYPE (type of run)                    :  vmc
 PSI_S  (form for [anti]symmetrizing wfn) :  slater
 ATOM_BASIS_TYPE (atom-centred orb basis) :  slater-type
 INTERACTION (interaction type)           :  coulomb
 TESTRUN (read input data,print and stop) :  F
 PERIODIC                                 :  F
 COMPLEX_WF (complex Slater wave fn.)     :  F
 NEIGHPRINT (neighbour analysis)          :  0
 USE_JASTROW (use Jastrow factor)         :  F
 BACKFLOW (use backflow corrections)      :  F
 USE_ORBMODS (use orbitals modifications) :  F
 CUSP_CORRECTION                          :  F
 NON_LOCAL_GRID (NL integration grid)     :  4
 E_OFFSET (energy offset)                 :  0.0000
 GAUTOL  (Gaussian evaluation tolerance)  :  7.0
 SPARSE                                   :  F
 DIPOLE_MOMENT                            :  F
 RELATIVISTIC                             :  F

 VMC input parameters
 ====================
 NEWRUN (start new run)                   :  T
 VMC_METHOD (choice of VMC algorithm)     :  4
 DTVMC (VMC time step)                    :  0.02
 OPT_DTVMC (VMC time-step optimization)   :  T
 VMC_NSTEP (num VMC steps)                :  100000000
 VMC_NCONFIG_WRITE (num configs to write) :  0
 VMC_NBLOCK (num VMC blocks)              :  10
 VMC_EQUIL_NSTEP (num equil steps)        :  5000
 VMC_DECORR_PERIOD (length of inner loop) :  4
 VMC_AVE_PERIOD (hist reduction factor)   :  1
 VMC_SAMPLING                             :  standard
 MAKEMOVIE                                :  F
 FORCES                                   :  F

 ====================================
 PERFORMING A SINGLE VMC CALCULATION.
 ====================================


 BEGIN VMC CALCULATION
 =====================

 Running VMC equilibration (5000 moves).
 Performing time-step optimization.
 DTVMC: 1.08880e+00

 Starting VMC.

 =========================================================================
 In block : 1

 Acceptance ratio         (%)  =  50.0107
 Correlation time     (steps)  = 1.4659E+00 +- 1.9669E-03
 Efficiency      (au^-2 s^-1)  = 3.0117E+03
 Number of VMC steps           = 10000000

  Block average energies (au)

  Total energy                       (au) =         -54.403414717261
  Standard error                        +/-           0.001051812314

  Constant energy contributions      (au) =           0.000000000000

  Variance of local energy           (au) =          11.063090341663
  Standard error                        +/-           0.000000000000

 Time taken in block    : : :       204.7375

 =========================================================================
 In block : 2

 Acceptance ratio         (%)  =  50.0160
 Correlation time     (steps)  = 1.4480E+00 +- 1.9428E-03
 Efficiency      (au^-2 s^-1)  = 3.0343E+03
 Number of VMC steps           = 10000000

  Block average energies (au)

  Total energy                       (au) =         -54.407809217648
  Standard error                        +/-           0.001048438468

  Constant energy contributions      (au) =           0.000000000000

  Variance of local energy           (au) =          10.992231117384
  Standard error                        +/-           0.000000000000

 Time taken in block    : : :       207.0574

 =========================================================================
 In block : 3

 Acceptance ratio         (%)  =  50.0204
 Correlation time     (steps)  = 1.4524E+00 +- 1.9488E-03
 Efficiency      (au^-2 s^-1)  = 2.8979E+03
 Number of VMC steps           = 10000000

  Block average energies (au)

  Total energy                       (au) =         -54.403280791818
  Standard error                        +/-           0.001059326782

  Constant energy contributions      (au) =           0.000000000000

  Variance of local energy           (au) =          11.221731179519
  Standard error                        +/-           0.000000000000

 Time taken in block    : : :       211.7252

 =========================================================================
 In block : 4

 Acceptance ratio         (%)  =  50.0153
 Correlation time     (steps)  = 1.4463E+00 +- 1.9416E-03
 Efficiency      (au^-2 s^-1)  = 2.7046E+03
 Number of VMC steps           = 10000000

  Block average energies (au)

  Total energy                       (au) =         -54.404294527656
  Standard error                        +/-           0.001088736762

  Constant energy contributions      (au) =           0.000000000000

  Variance of local energy           (au) =          11.853476193101
  Standard error                        +/-           0.000000000000

 Time taken in block    : : :       215.6787

 =========================================================================
 In block : 5

 Acceptance ratio         (%)  =  50.0187
 Correlation time     (steps)  = 1.4777E+00 +- 2.0394E-03
 Efficiency      (au^-2 s^-1)  = 2.7971E+03
 Number of VMC steps           = 10000000

  Block average energies (au)

  Total energy                       (au) =         -54.404512894098
  Standard error                        +/-           0.001048208368

  Constant energy contributions      (au) =           0.000000000000

  Variance of local energy           (au) =          10.987406724882
  Standard error                        +/-           0.000000000000

 Time taken in block    : : :       220.1878

 =========================================================================
 In block : 6

 Acceptance ratio         (%)  =  50.0199
 Correlation time     (steps)  = 1.4642E+00 +- 1.9647E-03
 Efficiency      (au^-2 s^-1)  = 2.8495E+03
 Number of VMC steps           = 10000000

  Block average energies (au)

  Total energy                       (au) =         -54.407066075968
  Standard error                        +/-           0.001052849844

  Constant energy contributions      (au) =           0.000000000000

  Variance of local energy           (au) =          11.084926840564
  Standard error                        +/-           0.000000000000

 Time taken in block    : : :       216.2239

 =========================================================================
 In block : 7

 Acceptance ratio         (%)  =  50.0129
 Correlation time     (steps)  = 1.4631E+00 +- 1.9630E-03
 Efficiency      (au^-2 s^-1)  = 2.6823E+03
 Number of VMC steps           = 10000000

  Block average energies (au)

  Total energy                       (au) =         -54.405983573514
  Standard error                        +/-           0.001049736471

  Constant energy contributions      (au) =           0.000000000000

  Variance of local energy           (au) =          11.019465478874
  Standard error                        +/-           0.000000000000

 Time taken in block    : : :       231.2358

 =========================================================================
 In block : 8

 Acceptance ratio         (%)  =  50.0164
 Correlation time     (steps)  = 1.4934E+00 +- 2.0607E-03
 Efficiency      (au^-2 s^-1)  = 2.7573E+03
 Number of VMC steps           = 10000000

  Block average energies (au)

  Total energy                       (au) =         -54.403258474427
  Standard error                        +/-           0.001055525848

  Constant energy contributions      (au) =           0.000000000000

  Variance of local energy           (au) =          11.141347038774
  Standard error                        +/-           0.000000000000

 Time taken in block    : : :       217.9718

 =========================================================================
 In block : 9

 Acceptance ratio         (%)  =  50.0166
 Correlation time     (steps)  = 1.4742E+00 +- 2.0361E-03
 Efficiency      (au^-2 s^-1)  = 2.9405E+03
 Number of VMC steps           = 10000000

  Block average energies (au)

  Total energy                       (au) =         -54.405008360103
  Standard error                        +/-           0.001048788170

  Constant energy contributions      (au) =           0.000000000000

  Variance of local energy           (au) =          10.999565157334
  Standard error                        +/-           0.000000000000

 Time taken in block    : : :       209.7302

 =========================================================================
 In block : 10

 Acceptance ratio         (%)  =  50.0188
 Correlation time     (steps)  = 1.5064E+00 +- 2.0901E-03
 Efficiency      (au^-2 s^-1)  = 2.8435E+03
 Number of VMC steps           = 10000000

  Block average energies (au)

  Total energy                       (au) =         -54.403469675937
  Standard error                        +/-           0.001067449160

  Constant energy contributions      (au) =           0.000000000000

  Variance of local energy           (au) =          11.394475951037
  Standard error                        +/-           0.000000000000

 Time taken in block    : : :       204.8787

 =========================================================================
 FINAL RESULT:

  VMC energy (au)    Standard error      Correction for serial correlation

 -54.404809830843 +/- 0.000334301872      No correction
 -54.404809830843 +/- 0.000405203599      Correlation time method
 -54.404809830843 +/- 0.000405855282      On-the-fly reblocking method

 Sample variance of E_L (au^2/sim.cell) : 11.175774036791


 =========================================================================

 Total PyCasino real time : : :    2140.0809
