
 ------------------------------------------------------------------------------
 ########::'##:::'##::'######:::::'###:::::'######::'####:'##::: ##::'#######::
 ##.... ##:. ##:'##::'##... ##:::'## ##:::'##... ##:. ##:: ###:: ##:'##.... ##:
 ##:::: ##::. ####::: ##:::..:::'##:. ##:: ##:::..::: ##:: ####: ##: ##:::: ##:
 ########::::. ##:::: ##:::::::'##:::. ##:. ######::: ##:: ## ## ##: ##:::: ##:
 ##.....:::::: ##:::: ##::::::: #########::..... ##:: ##:: ##. ####: ##:::: ##:
 ##::::::::::: ##:::: ##::: ##: ##.... ##:'##::: ##:: ##:: ##:. ###: ##:::: ##:
 ##::::::::::: ##::::. ######:: ##:::: ##:. ######::'####: ##::. ##:. #######::
 .::::::::::::..::::::......:::..:::::..:::......:::....::..::::..:::.......:::

                     Python Quantum Monte Carlo Package
                        v 0.4.0 [Vladimir Konkov]

    Main Author : Vladimir Konkov
 ------------------------------------------------------------------------------
 Started 2026/09/08 15:01:42

 Python 3.12.3 (main, Jul 15 2026, 23:46:41) [GCC 13.3.0]
 Numba 0.63.1
 Numpy 2.2.6
 Scipy 1.13.1

 Running in parallel using 4 MPI processes.

 Warning: keywords not read by pycasino: newrun periodic writeout_vmc_hist

 General input parameters
 ========================
 NEU (num up spin electrons)              :  1
 NED (num down spin electrons)            :  1
 RUNTYPE (type of run)                    :  vmc
 PSI_S  (form for [anti]symmetrizing wfn) :  slater
 ATOM_BASIS_TYPE (atom-centred orb basis) :  slater-type
 INTERACTION (interaction type)           :  coulomb
 TESTRUN (read input data,print and stop) :  F
 PERIODIC                                 :  F
 COMPLEX_WF (complex Slater wave fn.)     :  F
 NEIGHPRINT (neighbour analysis)          :  0
 USE_JASTROW (use Jastrow factor)         :  F
 BACKFLOW (use backflow corrections)      :  F
 USE_ORBMODS (use orbitals modifications) :  F
 CUSP_CORRECTION                          :  F
 NON_LOCAL_GRID (NL integration grid)     :  4
 E_OFFSET (energy offset)                 :  0.0000
 GAUTOL  (Gaussian evaluation tolerance)  :  7.0
 SPARSE                                   :  F
 DIPOLE_MOMENT                            :  F
 RELATIVISTIC                             :  F

 VMC input parameters
 ====================
 NEWRUN (start new run)                   :  T
 VMC_METHOD (choice of VMC algorithm)     :  3
 DTVMC (VMC time step)                    :  0.02
 OPT_DTVMC (VMC time-step optimization)   :  1
 VMC_NSTEP (num VMC steps)                :  100000000
 VMC_NCONFIG_WRITE (num configs to write) :  0
 VMC_NBLOCK (num VMC blocks)              :  10
 VMC_EQUIL_NSTEP (num equil steps)        :  5000
 VMC_DECORR_PERIOD (length of inner loop) :  10
 VMC_AVE_PERIOD (hist reduction factor)   :  1
 VMC_SAMPLING                             :  standard
 MAKEMOVIE                                :  F
 FORCES                                   :  F

 ====================================
 PERFORMING A SINGLE VMC CALCULATION.
 ====================================


 BEGIN VMC CALCULATION
 =====================

 Running VMC equilibration (5000 moves).
 Performing time-step optimization.
 DTVMC: 2.78446e-02

 Starting VMC.

 =========================================================================
 In block : 1

 Acceptance ratio         (%)  =  69.7255
 Diffusion constant  (Bohr^2)  =
 Correlation time     (steps)  = 1.0839E+00 +- 1.2826E-03
 Efficiency      (au^-2 s^-1)  = 4.9683E+08
 No. of VMC steps per process  = 2500000

  Block average energies (au)

  Total energy                       (au) =          -2.903713235265
  Standard error                        +/-           0.000002804355

  Kinetic energy KEI (used in Total) (au) =
  Standard error                        +/-

  Kinetic energy TI                  (au) =
  Standard error                        +/-

  Kinetic energy FISQ                (au) =
  Standard error                        +/-

  Potential energy                   (au) =
  Standard error                        +/-

  e-e interaction                    (au) =
  Standard error                        +/-

  e-n interaction                    (au) =
  Standard error                        +/-

  Variance of local energy           (au) =           0.000078644064
  Standard error                        +/-

  Maximum distance from origin       (au) =


 Time taken in block    : : :      236.1310 s


 =========================================================================
 In block : 2

 Acceptance ratio         (%)  =  69.7193
 Diffusion constant  (Bohr^2)  =
 Correlation time     (steps)  = 1.0927E+00 +- 1.2932E-03
 Efficiency      (au^-2 s^-1)  = 5.6242E+08
 No. of VMC steps per process  = 2500000

  Block average energies (au)

  Total energy                       (au) =          -2.903720568965
  Standard error                        +/-           0.000002819474

  Kinetic energy KEI (used in Total) (au) =
  Standard error                        +/-

  Kinetic energy TI                  (au) =
  Standard error                        +/-

  Kinetic energy FISQ                (au) =
  Standard error                        +/-

  Potential energy                   (au) =
  Standard error                        +/-

  e-e interaction                    (au) =
  Standard error                        +/-

  e-n interaction                    (au) =
  Standard error                        +/-

  Variance of local energy           (au) =           0.000079494301
  Standard error                        +/-

  Maximum distance from origin       (au) =


 Time taken in block    : : :      204.6944 s


 =========================================================================
 In block : 3

 Acceptance ratio         (%)  =  69.7210
 Diffusion constant  (Bohr^2)  =
 Correlation time     (steps)  = 1.1196E+00 +- 1.3251E-03
 Efficiency      (au^-2 s^-1)  = 4.6794E+08
 No. of VMC steps per process  = 2500000

  Block average energies (au)

  Total energy                       (au) =          -2.903714102832
  Standard error                        +/-           0.000002818091

  Kinetic energy KEI (used in Total) (au) =
  Standard error                        +/-

  Kinetic energy TI                  (au) =
  Standard error                        +/-

  Kinetic energy FISQ                (au) =
  Standard error                        +/-

  Potential energy                   (au) =
  Standard error                        +/-

  e-e interaction                    (au) =
  Standard error                        +/-

  e-n interaction                    (au) =
  Standard error                        +/-

  Variance of local energy           (au) =           0.000079416364
  Standard error                        +/-

  Maximum distance from origin       (au) =


 Time taken in block    : : :      240.3461 s


 =========================================================================
 In block : 4

 Acceptance ratio         (%)  =  69.7244
 Diffusion constant  (Bohr^2)  =
 Correlation time     (steps)  = 1.1414E+00 +- 1.4207E-03
 Efficiency      (au^-2 s^-1)  = 6.7617E+08
 No. of VMC steps per process  = 2500000

  Block average energies (au)

  Total energy                       (au) =          -2.903713395046
  Standard error                        +/-           0.000002811957

  Kinetic energy KEI (used in Total) (au) =
  Standard error                        +/-

  Kinetic energy TI                  (au) =
  Standard error                        +/-

  Kinetic energy FISQ                (au) =
  Standard error                        +/-

  Potential energy                   (au) =
  Standard error                        +/-

  e-e interaction                    (au) =
  Standard error                        +/-

  e-n interaction                    (au) =
  Standard error                        +/-

  Variance of local energy           (au) =           0.000079071041
  Standard error                        +/-

  Maximum distance from origin       (au) =


 Time taken in block    : : :      163.8670 s


 =========================================================================
 In block : 5

 Acceptance ratio         (%)  =  69.7367
 Diffusion constant  (Bohr^2)  =
 Correlation time     (steps)  = 1.1405E+00 +- 1.4117E-03
 Efficiency      (au^-2 s^-1)  = 6.6393E+08
 No. of VMC steps per process  = 2500000

  Block average energies (au)

  Total energy                       (au) =          -2.903724560302
  Standard error                        +/-           0.000002981964

  Kinetic energy KEI (used in Total) (au) =
  Standard error                        +/-

  Kinetic energy TI                  (au) =
  Standard error                        +/-

  Kinetic energy FISQ                (au) =
  Standard error                        +/-

  Potential energy                   (au) =
  Standard error                        +/-

  e-e interaction                    (au) =
  Standard error                        +/-

  e-n interaction                    (au) =
  Standard error                        +/-

  Variance of local energy           (au) =           0.000088921104
  Standard error                        +/-

  Maximum distance from origin       (au) =


 Time taken in block    : : :      148.5218 s


 =========================================================================
 In block : 6

 Acceptance ratio         (%)  =  69.7210
 Diffusion constant  (Bohr^2)  =
 Correlation time     (steps)  = 1.0897E+00 +- 1.2897E-03
 Efficiency      (au^-2 s^-1)  = 7.6013E+08
 No. of VMC steps per process  = 2500000

  Block average energies (au)

  Total energy                       (au) =          -2.903712010489
  Standard error                        +/-           0.000002798250

  Kinetic energy KEI (used in Total) (au) =
  Standard error                        +/-

  Kinetic energy TI                  (au) =
  Standard error                        +/-

  Kinetic energy FISQ                (au) =
  Standard error                        +/-

  Potential energy                   (au) =
  Standard error                        +/-

  e-e interaction                    (au) =
  Standard error                        +/-

  e-n interaction                    (au) =
  Standard error                        +/-

  Variance of local energy           (au) =           0.000078302041
  Standard error                        +/-

  Maximum distance from origin       (au) =


 Time taken in block    : : :      154.1868 s


 =========================================================================
 In block : 7

 Acceptance ratio         (%)  =  69.7266
 Diffusion constant  (Bohr^2)  =
 Correlation time     (steps)  = 1.0763E+00 +- 1.2738E-03
 Efficiency      (au^-2 s^-1)  = 7.5522E+08
 No. of VMC steps per process  = 2500000

  Block average energies (au)

  Total energy                       (au) =          -2.903717210560
  Standard error                        +/-           0.000002813405

  Kinetic energy KEI (used in Total) (au) =
  Standard error                        +/-

  Kinetic energy TI                  (au) =
  Standard error                        +/-

  Kinetic energy FISQ                (au) =
  Standard error                        +/-

  Potential energy                   (au) =
  Standard error                        +/-

  e-e interaction                    (au) =
  Standard error                        +/-

  e-n interaction                    (au) =
  Standard error                        +/-

  Variance of local energy           (au) =           0.000079152450
  Standard error                        +/-

  Maximum distance from origin       (au) =


 Time taken in block    : : :      155.4270 s


 =========================================================================
 In block : 8

 Acceptance ratio         (%)  =  69.7215
 Diffusion constant  (Bohr^2)  =
 Correlation time     (steps)  = 1.0773E+00 +- 1.2747E-03
 Efficiency      (au^-2 s^-1)  = 5.2655E+08
 No. of VMC steps per process  = 2500000

  Block average energies (au)

  Total energy                       (au) =          -2.903715504648
  Standard error                        +/-           0.000002789582

  Kinetic energy KEI (used in Total) (au) =
  Standard error                        +/-

  Kinetic energy TI                  (au) =
  Standard error                        +/-

  Kinetic energy FISQ                (au) =
  Standard error                        +/-

  Potential energy                   (au) =
  Standard error                        +/-

  e-e interaction                    (au) =
  Standard error                        +/-

  e-n interaction                    (au) =
  Standard error                        +/-

  Variance of local energy           (au) =           0.000077817673
  Standard error                        +/-

  Maximum distance from origin       (au) =


 Time taken in block    : : :      226.5497 s


 =========================================================================
 In block : 9

 Acceptance ratio         (%)  =  69.7243
 Diffusion constant  (Bohr^2)  =
 Correlation time     (steps)  = 1.0904E+00 +- 1.2908E-03
 Efficiency      (au^-2 s^-1)  = 6.0471E+08
 No. of VMC steps per process  = 2500000

  Block average energies (au)

  Total energy                       (au) =          -2.903715765223
  Standard error                        +/-           0.000002808726

  Kinetic energy KEI (used in Total) (au) =
  Standard error                        +/-

  Kinetic energy TI                  (au) =
  Standard error                        +/-

  Kinetic energy FISQ                (au) =
  Standard error                        +/-

  Potential energy                   (au) =
  Standard error                        +/-

  e-e interaction                    (au) =
  Standard error                        +/-

  e-n interaction                    (au) =
  Standard error                        +/-

  Variance of local energy           (au) =           0.000078889437
  Standard error                        +/-

  Maximum distance from origin       (au) =


 Time taken in block    : : :      192.2327 s


 =========================================================================
 In block : 10

 Acceptance ratio         (%)  =  69.7305
 Diffusion constant  (Bohr^2)  =
 Correlation time     (steps)  = 1.1278E+00 +- 1.4005E-03
 Efficiency      (au^-2 s^-1)  = 5.8325E+08
 No. of VMC steps per process  = 2500000

  Block average energies (au)

  Total energy                       (au) =          -2.903714974038
  Standard error                        +/-           0.000002803680

  Kinetic energy KEI (used in Total) (au) =
  Standard error                        +/-

  Kinetic energy TI                  (au) =
  Standard error                        +/-

  Kinetic energy FISQ                (au) =
  Standard error                        +/-

  Potential energy                   (au) =
  Standard error                        +/-

  e-e interaction                    (au) =
  Standard error                        +/-

  e-n interaction                    (au) =
  Standard error                        +/-

  Variance of local energy           (au) =           0.000078606220
  Standard error                        +/-

  Maximum distance from origin       (au) =


 Time taken in block    : : :      193.4011 s


 =========================================================================
 FINAL RESULT:

  VMC energy (au)    Standard error      Correction for serial correlation

 -2.903716132737 +/- 0.000000893485      No correction
 -2.903716132737 +/- 0.000000938775      Correlation time method
 -2.903716132737 +/- 0.000000953319      On-the-fly reblocking method

 Sample variance of E_L (au^2/sim.cell) : 0.000079831483


 =========================================================================

 Total PyCasino real time : : :    1916.1910
