
 ------------------------------------------------------------------------------
 ########::'##:::'##::'######:::::'###:::::'######::'####:'##::: ##::'#######::
 ##.... ##:. ##:'##::'##... ##:::'## ##:::'##... ##:. ##:: ###:: ##:'##.... ##:
 ##:::: ##::. ####::: ##:::..:::'##:. ##:: ##:::..::: ##:: ####: ##: ##:::: ##:
 ########::::. ##:::: ##:::::::'##:::. ##:. ######::: ##:: ## ## ##: ##:::: ##:
 ##.....:::::: ##:::: ##::::::: #########::..... ##:: ##:: ##. ####: ##:::: ##:
 ##::::::::::: ##:::: ##::: ##: ##.... ##:'##::: ##:: ##:: ##:. ###: ##:::: ##:
 ##::::::::::: ##::::. ######:: ##:::: ##:. ######::'####: ##::. ##:. #######::
 .::::::::::::..::::::......:::..:::::..:::......:::....::..::::..:::.......:::

                     Python Quantum Monte Carlo Package
                        v 0.4.0 [Vladimir Konkov]

    Main Author : Vladimir Konkov
 ------------------------------------------------------------------------------
 Started 2026/08/15 11:44:20

 Python 3.12.3 (main, Jun 19 2026, 12:46:00) [GCC 13.3.0]
 Numba 0.63.1
 Numpy 2.2.6
 Scipy 1.13.1

 Running in parallel using 4 MPI processes.

 General input parameters
 ========================
 NEU (num up spin electrons)              :  2
 NED (num down spin electrons)            :  2
 RUNTYPE (type of run)                    :  vmc
 PSI_S  (form for [anti]symmetrizing wfn) :  slater
 ATOM_BASIS_TYPE (atom-centred orb basis) :  slater-type
 INTERACTION (interaction type)           :  coulomb
 TESTRUN (read input data,print and stop) :  F
 PERIODIC                                 :  F
 COMPLEX_WF (complex Slater wave fn.)     :  F
 NEIGHPRINT (neighbour analysis)          :  0
 USE_JASTROW (use Jastrow factor)         :  F
 BACKFLOW (use backflow corrections)      :  F
 USE_ORBMODS (use orbitals modifications) :  F
 CUSP_CORRECTION                          :  F
 NON_LOCAL_GRID (NL integration grid)     :  4
 E_OFFSET (energy offset)                 :  0.0000
 GAUTOL  (Gaussian evaluation tolerance)  :  7.0
 SPARSE                                   :  F
 DIPOLE_MOMENT                            :  F
 RELATIVISTIC                             :  F

 VMC input parameters
 ====================
 NEWRUN (start new run)                   :  T
 VMC_METHOD (choice of VMC algorithm)     :  3
 DTVMC (VMC time step)                    :  0.02
 OPT_DTVMC (VMC time-step optimization)   :  T
 VMC_NSTEP (num VMC steps)                :  100000000
 VMC_NCONFIG_WRITE (num configs to write) :  0
 VMC_NBLOCK (num VMC blocks)              :  10
 VMC_EQUIL_NSTEP (num equil steps)        :  5000
 VMC_DECORR_PERIOD (length of inner loop) :  10
 VMC_AVE_PERIOD (hist reduction factor)   :  1
 VMC_SAMPLING                             :  standard
 MAKEMOVIE                                :  F
 FORCES                                   :  F

 ====================================
 PERFORMING A SINGLE VMC CALCULATION.
 ====================================


 BEGIN VMC CALCULATION
 =====================

 Running VMC equilibration (5000 moves).
 Performing time-step optimization.
 DTVMC: 1.72088e-02

 Starting VMC.

 =========================================================================
 In block : 1
  Number of VMC steps           = 10000000

  Block average energies (au)

  Total energy                       (au) =         -14.573398672791
  Standard error                        +/-           0.000554043963

  Constant energy contributions      (au) =           0.000000000000

  Variance of local energy           (au) =           3.069646820704
  Standard error                        +/-           0.000000000000

 Time taken in block    : : :       124.7373

 =========================================================================
 In block : 2
  Number of VMC steps           = 10000000

  Block average energies (au)

  Total energy                       (au) =         -14.573624353228
  Standard error                        +/-           0.000539440085

  Constant energy contributions      (au) =           0.000000000000

  Variance of local energy           (au) =           2.909955760061
  Standard error                        +/-           0.000000000000

 Time taken in block    : : :       120.2321

 =========================================================================
 In block : 3
  Number of VMC steps           = 10000000

  Block average energies (au)

  Total energy                       (au) =         -14.572822580508
  Standard error                        +/-           0.000544415882

  Constant energy contributions      (au) =           0.000000000000

  Variance of local energy           (au) =           2.963886230860
  Standard error                        +/-           0.000000000000

 Time taken in block    : : :       120.5748

 =========================================================================
 In block : 4
  Number of VMC steps           = 10000000

  Block average energies (au)

  Total energy                       (au) =         -14.571694812284
  Standard error                        +/-           0.000550445932

  Constant energy contributions      (au) =           0.000000000000

  Variance of local energy           (au) =           3.029906937615
  Standard error                        +/-           0.000000000000

 Time taken in block    : : :       120.5573

 =========================================================================
 In block : 5
  Number of VMC steps           = 10000000

  Block average energies (au)

  Total energy                       (au) =         -14.572682097335
  Standard error                        +/-           0.000541918479

  Constant energy contributions      (au) =           0.000000000000

  Variance of local energy           (au) =           2.936756085156
  Standard error                        +/-           0.000000000000

 Time taken in block    : : :       120.6245

 =========================================================================
 In block : 6
  Number of VMC steps           = 10000000

  Block average energies (au)

  Total energy                       (au) =         -14.572285054109
  Standard error                        +/-           0.000558561000

  Constant energy contributions      (au) =           0.000000000000

  Variance of local energy           (au) =           3.119903591770
  Standard error                        +/-           0.000000000000

 Time taken in block    : : :       120.3825

 =========================================================================
 In block : 7
  Number of VMC steps           = 10000000

  Block average energies (au)

  Total energy                       (au) =         -14.573182771954
  Standard error                        +/-           0.000543256155

  Constant energy contributions      (au) =           0.000000000000

  Variance of local energy           (au) =           2.951272204670
  Standard error                        +/-           0.000000000000

 Time taken in block    : : :       120.5724

 =========================================================================
 In block : 8
  Number of VMC steps           = 10000000

  Block average energies (au)

  Total energy                       (au) =         -14.571684089014
  Standard error                        +/-           0.000539584511

  Constant energy contributions      (au) =           0.000000000000

  Variance of local energy           (au) =           2.911514155631
  Standard error                        +/-           0.000000000000

 Time taken in block    : : :       121.2502

 =========================================================================
 In block : 9
  Number of VMC steps           = 10000000

  Block average energies (au)

  Total energy                       (au) =         -14.572736952449
  Standard error                        +/-           0.000546003336

  Constant energy contributions      (au) =           0.000000000000

  Variance of local energy           (au) =           2.981196132108
  Standard error                        +/-           0.000000000000

 Time taken in block    : : :       121.6390

 =========================================================================
 In block : 10
  Number of VMC steps           = 10000000

  Block average energies (au)

  Total energy                       (au) =         -14.573269173419
  Standard error                        +/-           0.000543740510

  Constant energy contributions      (au) =           0.000000000000

  Variance of local energy           (au) =           2.956537131139
  Standard error                        +/-           0.000000000000

 Time taken in block    : : :       121.0156

 =========================================================================
 FINAL RESULT:

  VMC energy (au)    Standard error      Correction for serial correlation

 -14.572738055709 +/- 0.000172715313      No correction
 -14.572738055709 +/- 0.000256482696      Correlation time method
 -14.572738055709 +/- 0.000221090184      On-the-fly reblocking method

 Sample variance of E_L (au^2/sim.cell) : 2.983057916620


 =========================================================================

 Total PyCasino real time : : :    1282.1027
