
 ------------------------------------------------------------------------------
 ########::'##:::'##::'######:::::'###:::::'######::'####:'##::: ##::'#######::
 ##.... ##:. ##:'##::'##... ##:::'## ##:::'##... ##:. ##:: ###:: ##:'##.... ##:
 ##:::: ##::. ####::: ##:::..:::'##:. ##:: ##:::..::: ##:: ####: ##: ##:::: ##:
 ########::::. ##:::: ##:::::::'##:::. ##:. ######::: ##:: ## ## ##: ##:::: ##:
 ##.....:::::: ##:::: ##::::::: #########::..... ##:: ##:: ##. ####: ##:::: ##:
 ##::::::::::: ##:::: ##::: ##: ##.... ##:'##::: ##:: ##:: ##:. ###: ##:::: ##:
 ##::::::::::: ##::::. ######:: ##:::: ##:. ######::'####: ##::. ##:. #######::
 .::::::::::::..::::::......:::..:::::..:::......:::....::..::::..:::.......:::

                     Python Quantum Monte Carlo Package
                        v 0.4.0 [Vladimir Konkov]

    Main Author : Vladimir Konkov
 ------------------------------------------------------------------------------
 Started 2026/08/17 20:59:20

 Python 3.12.3 (main, Jun 19 2026, 12:46:00) [GCC 13.3.0]
 Numba 0.63.1
 Numpy 2.2.6
 Scipy 1.13.1

 Running in parallel using 4 MPI processes.

 General input parameters
 ========================
 NEU (num up spin electrons)              :  9
 NED (num down spin electrons)            :  9
 RUNTYPE (type of run)                    :  vmc
 PSI_S  (form for [anti]symmetrizing wfn) :  slater
 ATOM_BASIS_TYPE (atom-centred orb basis) :  slater-type
 INTERACTION (interaction type)           :  coulomb
 TESTRUN (read input data,print and stop) :  F
 PERIODIC                                 :  F
 COMPLEX_WF (complex Slater wave fn.)     :  F
 NEIGHPRINT (neighbour analysis)          :  0
 USE_JASTROW (use Jastrow factor)         :  F
 BACKFLOW (use backflow corrections)      :  F
 USE_ORBMODS (use orbitals modifications) :  F
 CUSP_CORRECTION                          :  F
 NON_LOCAL_GRID (NL integration grid)     :  4
 E_OFFSET (energy offset)                 :  0.0000
 GAUTOL  (Gaussian evaluation tolerance)  :  7.0
 SPARSE                                   :  F
 DIPOLE_MOMENT                            :  F
 RELATIVISTIC                             :  F

 VMC input parameters
 ====================
 NEWRUN (start new run)                   :  T
 VMC_METHOD (choice of VMC algorithm)     :  4
 DTVMC (VMC time step)                    :  0.02
 OPT_DTVMC (VMC time-step optimization)   :  T
 VMC_NSTEP (num VMC steps)                :  100000000
 VMC_NCONFIG_WRITE (num configs to write) :  0
 VMC_NBLOCK (num VMC blocks)              :  10
 VMC_EQUIL_NSTEP (num equil steps)        :  5000
 VMC_DECORR_PERIOD (length of inner loop) :  4
 VMC_AVE_PERIOD (hist reduction factor)   :  1
 VMC_SAMPLING                             :  standard
 MAKEMOVIE                                :  F
 FORCES                                   :  F

 ====================================
 PERFORMING A SINGLE VMC CALCULATION.
 ====================================


 BEGIN VMC CALCULATION
 =====================

 Running VMC equilibration (5000 moves).
 Performing time-step optimization.
 DTVMC: 1.65478e+00

 Starting VMC.

 =========================================================================
 In block : 1

 Acceptance ratio         (%)  =  50.0686
 Correlation time     (steps)  = 1.5967E+00 +- 2.3686E-03
 Efficiency      (au^-2 s^-1)  = 8.0870E+01
 Number of VMC steps           = 10000000

  Block average energies (au)

  Total energy                       (au) =        -526.813730758061
  Standard error                        +/-           0.003608713987

  Constant energy contributions      (au) =           0.000000000000

  Variance of local energy           (au) =         130.228153362114
  Standard error                        +/-           0.000000000000

 Time taken in block    : : :       594.6716

 =========================================================================
 In block : 2

 Acceptance ratio         (%)  =  50.0671
 Correlation time     (steps)  = 1.6416E+00 +- 2.4367E-03
 Efficiency      (au^-2 s^-1)  = 7.3662E+01
 Number of VMC steps           = 10000000

  Block average energies (au)

  Total energy                       (au) =        -526.811178615253
  Standard error                        +/-           0.003665900538

  Constant energy contributions      (au) =           0.000000000000

  Variance of local energy           (au) =         134.388254090794
  Standard error                        +/-           0.000000000000

 Time taken in block    : : :       615.3505

 =========================================================================
 In block : 3

 Acceptance ratio         (%)  =  50.0733
 Correlation time     (steps)  = 1.5749E+00 +- 2.3359E-03
 Efficiency      (au^-2 s^-1)  = 8.3835E+01
 Number of VMC steps           = 10000000

  Block average energies (au)

  Total energy                       (au) =        -526.815603984300
  Standard error                        +/-           0.003613643778

  Constant energy contributions      (au) =           0.000000000000

  Variance of local energy           (au) =         130.584200507030
  Standard error                        +/-           0.000000000000

 Time taken in block    : : :       580.0137

 =========================================================================
 In block : 4

 Acceptance ratio         (%)  =  50.0667
 Correlation time     (steps)  = 1.5888E+00 +- 2.3567E-03
 Efficiency      (au^-2 s^-1)  = 8.4033E+01
 Number of VMC steps           = 10000000

  Block average energies (au)

  Total energy                       (au) =        -526.818714256451
  Standard error                        +/-           0.003617916663

  Constant energy contributions      (au) =           0.000000000000

  Variance of local energy           (au) =         130.893196710327
  Standard error                        +/-           0.000000000000

 Time taken in block    : : :       572.2251

 =========================================================================
 In block : 5

 Acceptance ratio         (%)  =  50.0698
 Correlation time     (steps)  = 1.5922E+00 +- 2.3618E-03
 Efficiency      (au^-2 s^-1)  = 8.2512E+01
 Number of VMC steps           = 10000000

  Block average energies (au)

  Total energy                       (au) =        -526.816272164018
  Standard error                        +/-           0.003644029138

  Constant energy contributions      (au) =           0.000000000000

  Variance of local energy           (au) =         132.789470289194
  Standard error                        +/-           0.000000000000

 Time taken in block    : : :       573.2219

 =========================================================================
 In block : 6

 Acceptance ratio         (%)  =  50.0685
 Correlation time     (steps)  = 1.5982E+00 +- 2.3708E-03
 Efficiency      (au^-2 s^-1)  = 8.3737E+01
 Number of VMC steps           = 10000000

  Block average energies (au)

  Total energy                       (au) =        -526.814438903026
  Standard error                        +/-           0.003616428386

  Constant energy contributions      (au) =           0.000000000000

  Variance of local energy           (au) =         130.785529605986
  Standard error                        +/-           0.000000000000

 Time taken in block    : : :       571.3307

 =========================================================================
 In block : 7

 Acceptance ratio         (%)  =  50.0698
 Correlation time     (steps)  = 1.5686E+00 +- 2.3273E-03
 Efficiency      (au^-2 s^-1)  = 8.4120E+01
 Number of VMC steps           = 10000000

  Block average energies (au)

  Total energy                       (au) =        -526.820691657853
  Standard error                        +/-           0.003653282612

  Constant energy contributions      (au) =           0.000000000000

  Variance of local energy           (au) =         133.464725053636
  Standard error                        +/-           0.000000000000

 Time taken in block    : : :       567.8416

 =========================================================================
 In block : 8

 Acceptance ratio         (%)  =  50.0659
 Correlation time     (steps)  = 1.5864E+00 +- 2.3533E-03
 Efficiency      (au^-2 s^-1)  = 8.2101E+01
 Number of VMC steps           = 10000000

  Block average energies (au)

  Total energy                       (au) =        -526.814691630523
  Standard error                        +/-           0.003661318253

  Constant energy contributions      (au) =           0.000000000000

  Variance of local energy           (au) =         134.052500111982
  Standard error                        +/-           0.000000000000

 Time taken in block    : : :       572.7521

 =========================================================================
 In block : 9

 Acceptance ratio         (%)  =  50.0673
 Correlation time     (steps)  = 1.5750E+00 +- 2.3363E-03
 Efficiency      (au^-2 s^-1)  = 7.8956E+01
 Number of VMC steps           = 10000000

  Block average energies (au)

  Total energy                       (au) =        -526.818593256526
  Standard error                        +/-           0.003641567459

  Constant energy contributions      (au) =           0.000000000000

  Variance of local energy           (au) =         132.610122357670
  Standard error                        +/-           0.000000000000

 Time taken in block    : : :       606.3808

 =========================================================================
 In block : 10

 Acceptance ratio         (%)  =  50.0694
 Correlation time     (steps)  = 1.5395E+00 +- 2.2420E-03
 Efficiency      (au^-2 s^-1)  = 7.6455E+01
 Number of VMC steps           = 10000000

  Block average energies (au)

  Total energy                       (au) =        -526.813277628507
  Standard error                        +/-           0.003753193566

  Constant energy contributions      (au) =           0.000000000000

  Variance of local energy           (au) =         140.864605386392
  Standard error                        +/-           0.000000000000

 Time taken in block    : : :       603.1447

 =========================================================================
 FINAL RESULT:

  VMC energy (au)    Standard error      Correction for serial correlation

 -526.815719285452 +/- 0.001153542737      No correction
 -526.815719285452 +/- 0.001452817327      Correlation time method
 -526.815719285452 +/- 0.001457649535      On-the-fly reblocking method

 Sample variance of E_L (au^2/sim.cell) : 133.066083297774


 =========================================================================

 Total PyCasino real time : : :    5858.3698
