
 ------------------------------------------------------------------------------
 ########::'##:::'##::'######:::::'###:::::'######::'####:'##::: ##::'#######::
 ##.... ##:. ##:'##::'##... ##:::'## ##:::'##... ##:. ##:: ###:: ##:'##.... ##:
 ##:::: ##::. ####::: ##:::..:::'##:. ##:: ##:::..::: ##:: ####: ##: ##:::: ##:
 ########::::. ##:::: ##:::::::'##:::. ##:. ######::: ##:: ## ## ##: ##:::: ##:
 ##.....:::::: ##:::: ##::::::: #########::..... ##:: ##:: ##. ####: ##:::: ##:
 ##::::::::::: ##:::: ##::: ##: ##.... ##:'##::: ##:: ##:: ##:. ###: ##:::: ##:
 ##::::::::::: ##::::. ######:: ##:::: ##:. ######::'####: ##::. ##:. #######::
 .::::::::::::..::::::......:::..:::::..:::......:::....::..::::..:::.......:::

                     Python Quantum Monte Carlo Package
                        v 0.4.0 [Vladimir Konkov]

    Main Author : Vladimir Konkov
 ------------------------------------------------------------------------------
 Started 2026/09/10 22:50:49

 Python 3.12.3 (main, Jul 15 2026, 23:46:41) [GCC 13.3.0]
 Numba 0.63.1
 Numpy 2.2.6
 Scipy 1.13.1

 Running in parallel using 4 MPI processes.

 Warning: keywords not read by pycasino: newrun periodic writeout_vmc_hist

 General input parameters
 ========================
 NEU (num up spin electrons)              :  2
 NED (num down spin electrons)            :  2
 RUNTYPE (type of run)                    :  vmc_opt
 PSI_S  (form for [anti]symmetrizing wfn) :  slater
 ATOM_BASIS_TYPE (atom-centred orb basis) :  gaussian
 INTERACTION (interaction type)           :  coulomb
 TESTRUN (read input data,print and stop) :  F
 PERIODIC                                 :  F
 COMPLEX_WF (complex Slater wave fn.)     :  F
 NEIGHPRINT (neighbour analysis)          :  0
 USE_JASTROW (use Jastrow factor)         :  T
 BACKFLOW (use backflow corrections)      :  T
 USE_ORBMODS (use orbitals modifications) :  F
 CUSP_CORRECTION                          :  T
 NON_LOCAL_GRID (NL integration grid)     :  4
 E_OFFSET (energy offset)                 :  0.0000
 GAUTOL  (Gaussian evaluation tolerance)  :  7.0
 SPARSE                                   :  F
 DIPOLE_MOMENT                            :  F
 RELATIVISTIC                             :  F

 VMC/optimization input parameters
 ====================
 NEWRUN (start new run)                   :  T
 VMC_METHOD (choice of VMC algorithm)     :  3
 DTVMC (VMC time step)                    :  0.02
 OPT_DTVMC (VMC time-step optimization)   :  1
 VMC_NSTEP (num VMC steps)                :  100000
 VMC_NCONFIG_WRITE (num configs to write) :  100000
 VMC_NBLOCK (num VMC blocks)              :  1
 VMC_EQUIL_NSTEP (num equil steps)        :  5000
 VMC_DECORR_PERIOD (length of inner loop) :  10
 VMC_AVE_PERIOD (hist reduction factor)   :  1
 VMC_SAMPLING                             :  standard
 OPT_CYCLES (num optimization cycles)     :  4
 POSTFIT_VMC (perform post-fit VMC calc)  :  T
 POSTFIT_KEEP_CFG (keep post-fit VMC cfgs):  F
 OPT_NOCTF_CYCLES (fixed cutoff cycles)   :  0
 OPT_INFO (information level)             :  2
 OPT_JASTROW (opt Jastrow factor)         :  T
 OPT_DET_COEFF (opt det coeffs)           :  F
 OPT_ORBITALS (opt orbitals)              :  F
 OPT_BACKFLOW (opt backflow params)       :  T
 OPT_FIXNL (fix nonlocal energy)          :  F
 OPT_MAXITER (max num iterations)         :  10
 OPT_MAXEVAL (max num evaluations)        :  200
 VM_SMOOTH_LIMITS (smooth limiting)       :  F
 VM_REWEIGHT (reweighting)                :  F
 VM_FILTER (filter outlying configs)      :  F
 VM_USE_E_GUESS (use guess energy)        :  F
 EMIN_XI_VALUE (xi parameter)             :  1.0
 MAKEMOVIE                                :  F
 FORCES                                   :  F

 Gaussian cusp correction
 ========================
 Activated.

 BEGIN VMC CALCULATION
 =====================

 Running VMC equilibration (5000 moves).
 Performing time-step optimization.
 DTVMC: 5.53273e-03

 Starting VMC.

 =========================================================================
 In block : 1

 Acceptance ratio         (%)  =  70.3402
 Diffusion constant  (Bohr^2)  =
 Correlation time     (steps)  = 4.5423E+00 +- 1.0844E-01
 Efficiency      (au^-2 s^-1)  = 5.5329E+02
 No. of VMC steps per process  = 25000

  Block average energies (au)

  Total energy                       (au) =         -14.214397829044
  Standard error                        +/-           0.007201672303

  Kinetic energy KEI (used in Total) (au) =
  Standard error                        +/-

  Kinetic energy TI                  (au) =
  Standard error                        +/-

  Kinetic energy FISQ                (au) =
  Standard error                        +/-

  Potential energy                   (au) =
  Standard error                        +/-

  e-e interaction                    (au) =
  Standard error                        +/-

  e-n interaction                    (au) =
  Standard error                        +/-

  Variance of local energy           (au) =           5.186356531355
  Standard error                        +/-

  Maximum distance from origin       (au) =


 Time taken in block    : : :        7.6720 s


 =========================================================================
 FINAL RESULT:

  VMC energy (au)    Standard error      Correction for serial correlation

 -14.214397829044 +/- 0.007201672303      No correction
 -14.214397829044 +/- 0.015348736334      Correlation time method
 -14.214397829044 +/- 0.017250524170      On-the-fly reblocking method

 Sample variance of E_L (au^2/sim.cell) : 5.186356531355


 ==========================================
 PERFORMING OPTIMIZATION CALCULATION No. 1.
 ==========================================


 Optimization start
 ==================
   Iteration     Total nfev        Cost      Cost reduction    Step norm     Optimality
       0              1         3.9641e+00                                    1.86e+08
       1              2         1.1939e-01      3.84e+00       3.90e-01       2.63e+07
       2              3         2.4000e-02      9.54e-02       8.04e-01       2.23e+06
       3              4         2.0952e-02      3.05e-03       1.31e+00       1.82e+06
       4              5         2.0952e-02      0.00e+00       0.00e+00       1.82e+06
`ftol` termination condition is satisfied.
Function evaluations 5, initial cost 3.9641e+00, final cost 2.0952e-02, first-order optimality 1.82e+06.
 Norm of Jacobian at the solution: 1.41810e-09

 BEGIN VMC CALCULATION
 =====================

 Running VMC equilibration (5000 moves).
 Performing time-step optimization.
 DTVMC: 5.15037e-03

 Starting VMC.

 =========================================================================
 In block : 1

 Acceptance ratio         (%)  =  70.7175
 Diffusion constant  (Bohr^2)  =
 Correlation time     (steps)  = 2.7464E+01 +- 1.7186E+00
 Efficiency      (au^-2 s^-1)  = 1.1872E+04
 No. of VMC steps per process  = 25000

  Block average energies (au)

  Total energy                       (au) =         -14.643902438218
  Standard error                        +/-           0.000596665664

  Kinetic energy KEI (used in Total) (au) =
  Standard error                        +/-

  Kinetic energy TI                  (au) =
  Standard error                        +/-

  Kinetic energy FISQ                (au) =
  Standard error                        +/-

  Potential energy                   (au) =
  Standard error                        +/-

  e-e interaction                    (au) =
  Standard error                        +/-

  e-n interaction                    (au) =
  Standard error                        +/-

  Variance of local energy           (au) =           0.035600635420
  Standard error                        +/-

  Maximum distance from origin       (au) =


 Time taken in block    : : :        8.6154 s


 =========================================================================
 FINAL RESULT:

  VMC energy (au)    Standard error      Correction for serial correlation

 -14.643902438218 +/- 0.000596665664      No correction
 -14.643902438218 +/- 0.003126868278      Correlation time method
 -14.643902438218 +/- 0.003772920922      On-the-fly reblocking method

 Sample variance of E_L (au^2/sim.cell) : 0.035600635420


 ==========================================
 PERFORMING OPTIMIZATION CALCULATION No. 2.
 ==========================================


 Optimization start
 ==================
 E_0 -14.63844256 minimal allowed energy -15.40619745 serial correlation factor 6.67
 Trust radius max|delta p| < 0.2 reached at level shift 6.20e-07
   Level shift          E_lin        max|dp| max|dlog(psi)|         E_corr       Penalty         Target
           inf                                                -14.63844256    0.01213686   -14.62630570
      6.20e-07   -14.66269527     2.0000e-01     3.8927e+00   -14.65088146    0.02113297   -14.62974849
      6.20e-06   -14.66146240     1.5726e-01     1.4452e+00   -14.65738477    0.01580135   -14.64158342
      6.20e-05   -14.66079414     1.2246e-01     4.8671e-01   -14.66010036    0.01389120   -14.64620916
      6.20e-04   -14.65961119     7.4154e-02     2.1703e-01   -14.66054102    0.01304856   -14.64749246
 Best level shift is the largest scanned one, the optimum may lie above the scan
 Optimization end
 ================
 Norm of scaled energy gradient at the starting point: 8.04519e-01
 Level shift 6.20e-04, target -14.62630570 -> -14.64749246, gain 0.02118676.
 Scaled delta p over 212 of 212 parameters: norm 8.8114e-01, rms 6.0517e-02, max 2.1703e-01

 BEGIN VMC CALCULATION
 =====================

 Running VMC equilibration (5000 moves).
 Performing time-step optimization.
 DTVMC: 5.17733e-03

 Starting VMC.

 =========================================================================
 In block : 1

 Acceptance ratio         (%)  =  70.5761
 Diffusion constant  (Bohr^2)  =
 Correlation time     (steps)  = 4.0387E+00 +- 9.2325E-02
 Efficiency      (au^-2 s^-1)  = 7.9348E+04
 No. of VMC steps per process  = 25000

  Block average energies (au)

  Total energy                       (au) =         -14.659219064465
  Standard error                        +/-           0.000637464236

  Kinetic energy KEI (used in Total) (au) =
  Standard error                        +/-

  Kinetic energy TI                  (au) =
  Standard error                        +/-

  Kinetic energy FISQ                (au) =
  Standard error                        +/-

  Potential energy                   (au) =
  Standard error                        +/-

  e-e interaction                    (au) =
  Standard error                        +/-

  e-n interaction                    (au) =
  Standard error                        +/-

  Variance of local energy           (au) =           0.040635658921
  Standard error                        +/-

  Maximum distance from origin       (au) =


 Time taken in block    : : :        7.6791 s


 =========================================================================
 FINAL RESULT:

  VMC energy (au)    Standard error      Correction for serial correlation

 -14.659219064465 +/- 0.000637464236      No correction
 -14.659219064465 +/- 0.001281083386      Correlation time method
 -14.659219064465 +/- 0.001340381244      On-the-fly reblocking method

 Sample variance of E_L (au^2/sim.cell) : 0.040635658921


 ==========================================
 PERFORMING OPTIMIZATION CALCULATION No. 3.
 ==========================================


 Optimization start
 ==================
 E_0 -14.65821250 minimal allowed energy -15.53711221 serial correlation factor 2.48
 Trust radius max|delta p| < 0.2 reached at level shift 2.48e-04
   Level shift          E_lin        max|dp| max|dlog(psi)|         E_corr       Penalty         Target
           inf                                                -14.65821250    0.00516445   -14.65304805
      2.48e-04   -14.66056843     2.0000e-01     3.0383e-01   -14.66051657    0.00548751   -14.65502906
      2.48e-03   -14.65978298     3.9801e-02     7.5247e-02   -14.65971897    0.00526283   -14.65445613
      2.48e-02   -14.65921109     3.3691e-02     3.0660e-02   -14.65919009    0.00517676   -14.65401333
      2.48e-01   -14.65851999     1.4973e-02     1.0615e-02   -14.65859214    0.00513230   -14.65345983
 Best level shift is the smallest scanned one, the trust radius may be too large
 Optimization end
 ================
 Norm of scaled energy gradient at the starting point: 3.18390e-01
 Level shift 2.48e-04, target -14.65304805 -> -14.65502906, gain 0.00198101.
 Scaled delta p over 212 of 212 parameters: norm 1.0669e+00, rms 7.3274e-02, max 3.0383e-01

 BEGIN VMC CALCULATION
 =====================

 Running VMC equilibration (5000 moves).
 Performing time-step optimization.
 DTVMC: 5.41622e-03

 Starting VMC.

 =========================================================================
 In block : 1

 Acceptance ratio         (%)  =  69.9172
 Diffusion constant  (Bohr^2)  =
 Correlation time     (steps)  = 2.8919E+00 +- 5.6423E-02
 Efficiency      (au^-2 s^-1)  = 9.7721E+04
 No. of VMC steps per process  = 25000

  Block average energies (au)

  Total energy                       (au) =         -14.661500340977
  Standard error                        +/-           0.000677709824

  Kinetic energy KEI (used in Total) (au) =
  Standard error                        +/-

  Kinetic energy TI                  (au) =
  Standard error                        +/-

  Kinetic energy FISQ                (au) =
  Standard error                        +/-

  Potential energy                   (au) =
  Standard error                        +/-

  e-e interaction                    (au) =
  Standard error                        +/-

  e-n interaction                    (au) =
  Standard error                        +/-

  Variance of local energy           (au) =           0.045928601206
  Standard error                        +/-

  Maximum distance from origin       (au) =


 Time taken in block    : : :        7.7046 s


 =========================================================================
 FINAL RESULT:

  VMC energy (au)    Standard error      Correction for serial correlation

 -14.661500340977 +/- 0.000677709824      No correction
 -14.661500340977 +/- 0.001152476241      Correlation time method
 -14.661500340977 +/- 0.001153773686      On-the-fly reblocking method

 Sample variance of E_L (au^2/sim.cell) : 0.045928601206


 ==========================================
 PERFORMING OPTIMIZATION CALCULATION No. 4.
 ==========================================


 Optimization start
 ==================
 E_0 -14.65922075 minimal allowed energy -15.53716126 serial correlation factor 1.78
 Trust radius max|delta p| < 0.2 reached at level shift 1.38e-04
   Level shift          E_lin        max|dp| max|dlog(psi)|         E_corr       Penalty         Target
           inf                                                -14.65922075    0.00371326   -14.65550749
      1.38e-04   -14.65988969     2.0000e-01     2.2944e-01   -14.65989621    0.00340576   -14.65649045
      1.38e-03   -14.65971551     2.9048e-02     1.0225e-01   -14.65992007    0.00335003   -14.65657004
      1.38e-02   -14.65968668     1.4523e-02     3.8425e-02   -14.65986862    0.00347121   -14.65639741
      1.38e-01   -14.65963479     6.4040e-03     1.1489e-02   -14.65976335    0.00364259   -14.65612075
 Optimization end
 ================
 Norm of scaled energy gradient at the starting point: 3.60645e-01
 Level shift 1.38e-03, target -14.65550749 -> -14.65657004, gain 0.00106255.
 Scaled delta p over 212 of 212 parameters: norm 2.8976e-01, rms 1.9901e-02, max 1.0225e-01

 BEGIN VMC CALCULATION
 =====================

 Running VMC equilibration (5000 moves).
 Performing time-step optimization.
 DTVMC: 5.34060e-03

 Starting VMC.

 =========================================================================
 In block : 1

 Acceptance ratio         (%)  =  70.1674
 Diffusion constant  (Bohr^2)  =
 Correlation time     (steps)  = 2.4567E+00 +- 4.5321E-02
 Efficiency      (au^-2 s^-1)  = 1.2758E+05
 No. of VMC steps per process  = 25000

  Block average energies (au)

  Total energy                       (au) =         -14.662924181177
  Standard error                        +/-           0.000651360545

  Kinetic energy KEI (used in Total) (au) =
  Standard error                        +/-

  Kinetic energy TI                  (au) =
  Standard error                        +/-

  Kinetic energy FISQ                (au) =
  Standard error                        +/-

  Potential energy                   (au) =
  Standard error                        +/-

  e-e interaction                    (au) =
  Standard error                        +/-

  e-n interaction                    (au) =
  Standard error                        +/-

  Variance of local energy           (au) =           0.042426631632
  Standard error                        +/-

  Maximum distance from origin       (au) =


 Time taken in block    : : :        7.5198 s


 =========================================================================
 FINAL RESULT:

  VMC energy (au)    Standard error      Correction for serial correlation

 -14.662924181177 +/- 0.000651360545      No correction
 -14.662924181177 +/- 0.001020944006      Correlation time method
 -14.662924181177 +/- 0.001060154865      On-the-fly reblocking method

 Sample variance of E_L (au^2/sim.cell) : 0.042426631632


 =========================================================================

 Total PyCasino real time : : :    1722.4557
