
 ------------------------------------------------------------------------------
 ########::'##:::'##::'######:::::'###:::::'######::'####:'##::: ##::'#######::
 ##.... ##:. ##:'##::'##... ##:::'## ##:::'##... ##:. ##:: ###:: ##:'##.... ##:
 ##:::: ##::. ####::: ##:::..:::'##:. ##:: ##:::..::: ##:: ####: ##: ##:::: ##:
 ########::::. ##:::: ##:::::::'##:::. ##:. ######::: ##:: ## ## ##: ##:::: ##:
 ##.....:::::: ##:::: ##::::::: #########::..... ##:: ##:: ##. ####: ##:::: ##:
 ##::::::::::: ##:::: ##::: ##: ##.... ##:'##::: ##:: ##:: ##:. ###: ##:::: ##:
 ##::::::::::: ##::::. ######:: ##:::: ##:. ######::'####: ##::. ##:. #######::
 .::::::::::::..::::::......:::..:::::..:::......:::....::..::::..:::.......:::

                     Python Quantum Monte Carlo Package
                        v 0.4.0 [Vladimir Konkov]

    Main Author : Vladimir Konkov
 ------------------------------------------------------------------------------
 Started 2026/09/25 11:07:04

 Python 3.12.3 (main, Aug 31 2026, 10:18:26) [GCC 13.3.0]
 Numba 0.67.0
 Numpy 2.2.6
 Scipy 1.13.1

 Running in parallel using 4 MPI processes.

 Warning: keywords not read by pycasino: newrun periodic writeout_vmc_hist

 General input parameters
 ========================
 NEU (num up spin electrons)              :  2
 NED (num down spin electrons)            :  2
 RUNTYPE (type of run)                    :  vmc_opt
 PSI_S  (form for [anti]symmetrizing wfn) :  slater
 ATOM_BASIS_TYPE (atom-centred orb basis) :  slater-type
 INTERACTION (interaction type)           :  coulomb
 TESTRUN (read input data,print and stop) :  F
 PERIODIC                                 :  F
 COMPLEX_WF (complex Slater wave fn.)     :  F
 NEIGHPRINT (neighbour analysis)          :  0
 USE_JASTROW (use Jastrow factor)         :  T
 BACKFLOW (use backflow corrections)      :  F
 USE_ORBMODS (use orbitals modifications) :  F
 CUSP_CORRECTION                          :  F
 NON_LOCAL_GRID (NL integration grid)     :  4
 E_OFFSET (energy offset)                 :  0.0000
 GAUTOL  (Gaussian evaluation tolerance)  :  7.0
 SPARSE                                   :  F
 DIPOLE_MOMENT                            :  F
 RELATIVISTIC                             :  F

 VMC/optimization input parameters
 ====================
 NEWRUN (start new run)                   :  T
 VMC_METHOD (choice of VMC algorithm)     :  3
 DTVMC (VMC time step)                    :  0.02
 OPT_DTVMC (VMC time-step optimization)   :  1
 VMC_NSTEP (num VMC steps)                :  1000000
 VMC_NCONFIG_WRITE (num configs to write) :  1000000
 VMC_NBLOCK (num VMC blocks)              :  1
 VMC_EQUIL_NSTEP (num equil steps)        :  5000
 VMC_DECORR_PERIOD (length of inner loop) :  10
 VMC_AVE_PERIOD (hist reduction factor)   :  1
 VMC_SAMPLING                             :  standard
 OPT_CYCLES (num optimization cycles)     :  4
 POSTFIT_VMC (perform post-fit VMC calc)  :  T
 POSTFIT_KEEP_CFG (keep post-fit VMC cfgs):  F
 OPT_NOCTF_CYCLES (fixed cutoff cycles)   :  0
 OPT_INFO (information level)             :  2
 OPT_JASTROW (opt Jastrow factor)         :  T
 OPT_DET_COEFF (opt det coeffs)           :  F
 OPT_ORBITALS (opt orbitals)              :  F
 OPT_BACKFLOW (opt backflow params)       :  F
 OPT_FIXNL (fix nonlocal energy)          :  F
 OPT_MAXITER (max num iterations)         :  10
 OPT_MAXEVAL (max num evaluations)        :  200
 VM_SMOOTH_LIMITS (smooth limiting)       :  F
 VM_REWEIGHT (reweighting)                :  F
 VM_FILTER (filter outlying configs)      :  T
 VM_USE_E_GUESS (use guess energy)        :  F
 EMIN_XI_VALUE (xi parameter)             :  1.0
 VM_FILTER_THRES (filter threshold)       :  4.0
 MAKEMOVIE                                :  F
 FORCES                                   :  F

 BEGIN VMC CALCULATION
 =====================

 Running VMC equilibration (5000 moves).
 Performing time-step optimization.
 DTVMC: 5.25478e-03

 Starting VMC.

 =========================================================================
 In block : 1

 Acceptance ratio         (%)  =  70.3244
 Diffusion constant  (Bohr^2)  =
 Correlation time     (steps)  = 4.7174E+00 +- 3.5931E-02
 Efficiency      (au^-2 s^-1)  = 2.3873E+03
 No. of VMC steps per process  = 250000

  Block average energies (au)

  Total energy                       (au) =         -14.320738479979
  Standard error                        +/-           0.001603046576

  Kinetic energy KEI (used in Total) (au) =
  Standard error                        +/-

  Kinetic energy TI                  (au) =
  Standard error                        +/-

  Kinetic energy FISQ                (au) =
  Standard error                        +/-

  Potential energy                   (au) =
  Standard error                        +/-

  e-e interaction                    (au) =
  Standard error                        +/-

  e-n interaction                    (au) =
  Standard error                        +/-

  Variance of local energy           (au) =           2.569755754807
  Standard error                        +/-

  Maximum distance from origin       (au) =


 Time taken in block    : : :       34.5546 s


 =========================================================================
 FINAL RESULT:

  VMC energy (au)    Standard error      Correction for serial correlation

 -14.320738479979 +/- 0.001603046576      No correction
 -14.320738479979 +/- 0.003481747645      Correlation time method
 -14.320738479979 +/- 0.003830421493      On-the-fly reblocking method

 Sample variance of E_L (au^2/sim.cell) : 2.569755754807


 ==========================================
 PERFORMING OPTIMIZATION CALCULATION No. 1.
 ==========================================


 Optimization start
 ==================
   Iteration     Total nfev        Cost      Cost reduction    Step norm     Optimality
       0              1         2.3576e+00                                    4.04e+07
       1              2         5.2843e-01      1.83e+00       3.03e+00       8.02e+06
       2              3         7.1007e-02      4.57e-01       1.54e+00       3.49e+06
       3              4         5.0351e-02      2.07e-02       3.74e+00       9.62e+05
       4              5         3.5537e-02      1.48e-02       1.66e+01       1.47e+06
       5              6         3.5537e-02      0.00e+00       0.00e+00       1.47e+06
`ftol` termination condition is satisfied.
Function evaluations 6, initial cost 2.3576e+00, final cost 3.5537e-02, first-order optimality 1.47e+06.
 Norm of Jacobian at the solution: 5.48211e+01

 BEGIN VMC CALCULATION
 =====================

 Running VMC equilibration (5000 moves).
 Performing time-step optimization.
 DTVMC: 7.15097e-03

 Starting VMC.

 =========================================================================
 In block : 1

 Acceptance ratio         (%)  =  69.4068
 Diffusion constant  (Bohr^2)  =
 Correlation time     (steps)  = 9.0533E+00 +- 9.7926E-02
 Efficiency      (au^-2 s^-1)  = 4.1442E+03
 No. of VMC steps per process  = 250000

  Block average energies (au)

  Total energy                       (au) =         -13.835549720215
  Standard error                        +/-           0.001110530693

  Kinetic energy KEI (used in Total) (au) =
  Standard error                        +/-

  Kinetic energy TI                  (au) =
  Standard error                        +/-

  Kinetic energy FISQ                (au) =
  Standard error                        +/-

  Potential energy                   (au) =
  Standard error                        +/-

  e-e interaction                    (au) =
  Standard error                        +/-

  e-n interaction                    (au) =
  Standard error                        +/-

  Variance of local energy           (au) =           1.233277186783
  Standard error                        +/-

  Maximum distance from origin       (au) =


 Time taken in block    : : :       21.6119 s


 =========================================================================
 FINAL RESULT:

  VMC energy (au)    Standard error      Correction for serial correlation

 -13.835549720215 +/- 0.001110530693      No correction
 -13.835549720215 +/- 0.003341448900      Correlation time method
 -13.835549720215 +/- 0.004394790349      On-the-fly reblocking method

 Sample variance of E_L (au^2/sim.cell) : 1.233277186783


 ==========================================
 PERFORMING OPTIMIZATION CALCULATION No. 2.
 ==========================================


 Optimization start
 ==================
 E_0 -13.83810230 minimal allowed energy -18.21958573 serial correlation factor 3.41
 Trust radius max|delta p| < 0.2 reached at level shift 1.55e+04
   Level shift          E_lin        max|dp| max|dlog(psi)|         E_corr       Penalty         Target
           inf                                                -13.83810230    0.01120329   -13.82689901
      1.55e+04   -13.83823306     1.9999e-01     4.1702e-05   -13.83836227    0.01119452   -13.82716775
      1.55e+05   -13.83811540     2.0055e-02     4.1773e-06   -13.83812840    0.01120240   -13.82692599
      1.55e+06   -13.83810361     2.0060e-03     4.1780e-07   -13.83810491    0.01120320   -13.82690171
      1.55e+07   -13.83810243     2.0061e-04     4.1780e-08   -13.83810256    0.01120328   -13.82689928
 Best level shift is the smallest scanned one, the trust radius may be too large
 Optimization end
 ================
 Norm of scaled energy gradient at the starting point: 2.84739e+00
 Level shift 1.55e+04, target -13.82689901 -> -13.82716775, gain 0.00026873.
 Scaled delta p over 59 of 59 parameters: norm 9.1561e-05, rms 1.1920e-05, max 4.1702e-05

 BEGIN VMC CALCULATION
 =====================

 Running VMC equilibration (5000 moves).
 Performing time-step optimization.
 DTVMC: 7.19796e-03

 Starting VMC.

 =========================================================================
 In block : 1

 Acceptance ratio         (%)  =  69.2857
 Diffusion constant  (Bohr^2)  =
 Correlation time     (steps)  = 1.1533E+01 +- 1.6190E-01
 Efficiency      (au^-2 s^-1)  = 2.0042E+03
 No. of VMC steps per process  = 250000

  Block average energies (au)

  Total energy                       (au) =         -13.836221062393
  Standard error                        +/-           0.001123345293

  Kinetic energy KEI (used in Total) (au) =
  Standard error                        +/-

  Kinetic energy TI                  (au) =
  Standard error                        +/-

  Kinetic energy FISQ                (au) =
  Standard error                        +/-

  Potential energy                   (au) =
  Standard error                        +/-

  e-e interaction                    (au) =
  Standard error                        +/-

  e-n interaction                    (au) =
  Standard error                        +/-

  Variance of local energy           (au) =           1.261903385476
  Standard error                        +/-

  Maximum distance from origin       (au) =


 Time taken in block    : : :       34.2843 s


 =========================================================================
 FINAL RESULT:

  VMC energy (au)    Standard error      Correction for serial correlation

 -13.836221062393 +/- 0.001123345293      No correction
 -13.836221062393 +/- 0.003814925439      Correlation time method
 -13.836221062393 +/- 0.005210590321      On-the-fly reblocking method

 Sample variance of E_L (au^2/sim.cell) : 1.261903385476


 ==========================================
 PERFORMING OPTIMIZATION CALCULATION No. 3.
 ==========================================


 Optimization start
 ==================
 E_0 -13.82774449 minimal allowed energy -18.35291883 serial correlation factor 4.88
 Trust radius max|delta p| < 0.2 reached at level shift 1.44e+04
   Level shift          E_lin        max|dp| max|dlog(psi)|         E_corr       Penalty         Target
           inf                                                -13.82774449    0.01654898   -13.81119551
      1.44e+04   -13.82795093     2.0000e-01     4.6541e-05   -13.82815433    0.01652905   -13.81162528
      1.44e+05   -13.82776520     2.0052e-02     4.6635e-06   -13.82778572    0.01654698   -13.81123874
      1.44e+06   -13.82774657     2.0057e-03     4.6645e-07   -13.82774862    0.01654878   -13.81119984
      1.44e+07   -13.82774470     2.0057e-04     4.6646e-08   -13.82774491    0.01654896   -13.81119594
 Best level shift is the smallest scanned one, the trust radius may be too large
 Optimization end
 ================
 Norm of scaled energy gradient at the starting point: 3.45133e+00
 Level shift 1.44e+04, target -13.81119551 -> -13.81162528, gain 0.00042977.
 Scaled delta p over 59 of 59 parameters: norm 1.1916e-04, rms 1.5514e-05, max 4.6541e-05

 BEGIN VMC CALCULATION
 =====================

 Running VMC equilibration (5000 moves).
 Performing time-step optimization.
 DTVMC: 6.72806e-03

 Starting VMC.

 =========================================================================
 In block : 1

 Acceptance ratio         (%)  =  70.1989
 Diffusion constant  (Bohr^2)  =
 Correlation time     (steps)  = 9.1941E+00 +- 9.9617E-02
 Efficiency      (au^-2 s^-1)  = 4.2489E+03
 No. of VMC steps per process  = 250000

  Block average energies (au)

  Total energy                       (au) =         -13.842360863737
  Standard error                        +/-           0.001107196598

  Kinetic energy KEI (used in Total) (au) =
  Standard error                        +/-

  Kinetic energy TI                  (au) =
  Standard error                        +/-

  Kinetic energy FISQ                (au) =
  Standard error                        +/-

  Potential energy                   (au) =
  Standard error                        +/-

  e-e interaction                    (au) =
  Standard error                        +/-

  e-n interaction                    (au) =
  Standard error                        +/-

  Variance of local energy           (au) =           1.225883081637
  Standard error                        +/-

  Maximum distance from origin       (au) =


 Time taken in block    : : :       20.8815 s


 =========================================================================
 FINAL RESULT:

  VMC energy (au)    Standard error      Correction for serial correlation

 -13.842360863737 +/- 0.001107196598      No correction
 -13.842360863737 +/- 0.003357211629      Correlation time method
 -13.842360863737 +/- 0.004476408946      On-the-fly reblocking method

 Sample variance of E_L (au^2/sim.cell) : 1.225883081637


 ==========================================
 PERFORMING OPTIMIZATION CALCULATION No. 4.
 ==========================================


 Optimization start
 ==================
 E_0 -13.83024312 minimal allowed energy -18.27059628 serial correlation factor 4.40
 Trust radius max|delta p| < 0.2 reached at level shift 1.78e+04
   Level shift          E_lin        max|dp| max|dlog(psi)|         E_corr       Penalty         Target
           inf                                                -13.83024312    0.01466669   -13.81557643
      1.78e+04   -13.83038338     2.0000e-01     3.6708e-05   -13.83052086    0.01465442   -13.81586644
      1.78e+05   -13.83025717     2.0045e-02     3.6767e-06   -13.83027102    0.01466546   -13.81560556
      1.78e+06   -13.83024453     2.0050e-03     3.6773e-07   -13.83024591    0.01466657   -13.81557935
      1.78e+07   -13.83024326     2.0051e-04     3.6773e-08   -13.83024340    0.01466668   -13.81557672
 Best level shift is the smallest scanned one, the trust radius may be too large
 Optimization end
 ================
 Norm of scaled energy gradient at the starting point: 3.16751e+00
 Level shift 1.78e+04, target -13.81557643 -> -13.81586644, gain 0.00029001.
 Scaled delta p over 59 of 59 parameters: norm 8.7976e-05, rms 1.1454e-05, max 3.6708e-05

 BEGIN VMC CALCULATION
 =====================

 Running VMC equilibration (5000 moves).
 Performing time-step optimization.
 DTVMC: 6.61679e-03

 Starting VMC.

 =========================================================================
 In block : 1

 Acceptance ratio         (%)  =  70.4552
 Diffusion constant  (Bohr^2)  =
 Correlation time     (steps)  = 9.5358E+00 +- 1.1688E-01
 Efficiency      (au^-2 s^-1)  = 3.6058E+03
 No. of VMC steps per process  = 250000

  Block average energies (au)

  Total energy                       (au) =         -13.834928040113
  Standard error                        +/-           0.001108201332

  Kinetic energy KEI (used in Total) (au) =
  Standard error                        +/-

  Kinetic energy TI                  (au) =
  Standard error                        +/-

  Kinetic energy FISQ                (au) =
  Standard error                        +/-

  Potential energy                   (au) =
  Standard error                        +/-

  e-e interaction                    (au) =
  Standard error                        +/-

  e-n interaction                    (au) =
  Standard error                        +/-

  Variance of local energy           (au) =           1.228108964288
  Standard error                        +/-

  Maximum distance from origin       (au) =


 Time taken in block    : : :       23.6810 s


 =========================================================================
 FINAL RESULT:

  VMC energy (au)    Standard error      Correction for serial correlation

 -13.834928040113 +/- 0.001108201332      No correction
 -13.834928040113 +/- 0.003422133492      Correlation time method
 -13.834928040113 +/- 0.004491588477      On-the-fly reblocking method

 Sample variance of E_L (au^2/sim.cell) : 1.228108964288


 =========================================================================

 Total PyCasino real time : : :    633.4019
