
 ------------------------------------------------------------------------------
 ########::'##:::'##::'######:::::'###:::::'######::'####:'##::: ##::'#######::
 ##.... ##:. ##:'##::'##... ##:::'## ##:::'##... ##:. ##:: ###:: ##:'##.... ##:
 ##:::: ##::. ####::: ##:::..:::'##:. ##:: ##:::..::: ##:: ####: ##: ##:::: ##:
 ########::::. ##:::: ##:::::::'##:::. ##:. ######::: ##:: ## ## ##: ##:::: ##:
 ##.....:::::: ##:::: ##::::::: #########::..... ##:: ##:: ##. ####: ##:::: ##:
 ##::::::::::: ##:::: ##::: ##: ##.... ##:'##::: ##:: ##:: ##:. ###: ##:::: ##:
 ##::::::::::: ##::::. ######:: ##:::: ##:. ######::'####: ##::. ##:. #######::
 .::::::::::::..::::::......:::..:::::..:::......:::....::..::::..:::.......:::

                     Python Quantum Monte Carlo Package
                        v 0.4.0 [Vladimir Konkov]

    Main Author : Vladimir Konkov
 ------------------------------------------------------------------------------
 Started 2026/09/24 22:50:12

 Python 3.12.3 (main, Aug 31 2026, 10:18:26) [GCC 13.3.0]
 Numba 0.67.0
 Numpy 2.2.6
 Scipy 1.13.1

 Running in parallel using 4 MPI processes.

 Warning: keywords not read by pycasino: newrun periodic

 General input parameters
 ========================
 NEU (num up spin electrons)              :  1
 NED (num down spin electrons)            :  1
 RUNTYPE (type of run)                    :  vmc_opt
 PSI_S  (form for [anti]symmetrizing wfn) :  slater
 ATOM_BASIS_TYPE (atom-centred orb basis) :  slater-type
 INTERACTION (interaction type)           :  coulomb
 TESTRUN (read input data,print and stop) :  F
 PERIODIC                                 :  F
 COMPLEX_WF (complex Slater wave fn.)     :  F
 NEIGHPRINT (neighbour analysis)          :  0
 USE_JASTROW (use Jastrow factor)         :  T
 BACKFLOW (use backflow corrections)      :  F
 USE_ORBMODS (use orbitals modifications) :  F
 CUSP_CORRECTION                          :  F
 NON_LOCAL_GRID (NL integration grid)     :  4
 E_OFFSET (energy offset)                 :  0.0000
 GAUTOL  (Gaussian evaluation tolerance)  :  7.0
 SPARSE                                   :  F
 DIPOLE_MOMENT                            :  F
 RELATIVISTIC                             :  F

 VMC/optimization input parameters
 ====================
 NEWRUN (start new run)                   :  T
 VMC_METHOD (choice of VMC algorithm)     :  3
 DTVMC (VMC time step)                    :  0.02
 OPT_DTVMC (VMC time-step optimization)   :  1
 VMC_NSTEP (num VMC steps)                :  1000000
 VMC_NCONFIG_WRITE (num configs to write) :  1000000
 VMC_NBLOCK (num VMC blocks)              :  1
 VMC_EQUIL_NSTEP (num equil steps)        :  5000
 VMC_DECORR_PERIOD (length of inner loop) :  10
 VMC_AVE_PERIOD (hist reduction factor)   :  1
 VMC_SAMPLING                             :  standard
 OPT_CYCLES (num optimization cycles)     :  4
 POSTFIT_VMC (perform post-fit VMC calc)  :  T
 POSTFIT_KEEP_CFG (keep post-fit VMC cfgs):  F
 OPT_NOCTF_CYCLES (fixed cutoff cycles)   :  0
 OPT_INFO (information level)             :  2
 OPT_JASTROW (opt Jastrow factor)         :  T
 OPT_DET_COEFF (opt det coeffs)           :  F
 OPT_ORBITALS (opt orbitals)              :  F
 OPT_BACKFLOW (opt backflow params)       :  F
 OPT_FIXNL (fix nonlocal energy)          :  F
 OPT_MAXITER (max num iterations)         :  10
 OPT_MAXEVAL (max num evaluations)        :  200
 VM_SMOOTH_LIMITS (smooth limiting)       :  F
 VM_REWEIGHT (reweighting)                :  F
 VM_FILTER (filter outlying configs)      :  T
 VM_USE_E_GUESS (use guess energy)        :  F
 EMIN_XI_VALUE (xi parameter)             :  1.0
 VM_FILTER_THRES (filter threshold)       :  4.0
 MAKEMOVIE                                :  F
 FORCES                                   :  F

 BEGIN VMC CALCULATION
 =====================

 Running VMC equilibration (5000 moves).
 Performing time-step optimization.
 DTVMC: 3.39317e-02

 Starting VMC.

 =========================================================================
 In block : 1

 Acceptance ratio         (%)  =  69.7175
 Diffusion constant  (Bohr^2)  =
 Correlation time     (steps)  = 6.3152E+00 +- 5.6170E-02
 Efficiency      (au^-2 s^-1)  = 1.7051E+05
 No. of VMC steps per process  = 250000

  Block average energies (au)

  Total energy                       (au) =          -2.871905670819
  Standard error                        +/-           0.000239253288

  Kinetic energy KEI (used in Total) (au) =
  Standard error                        +/-

  Kinetic energy TI                  (au) =
  Standard error                        +/-

  Kinetic energy FISQ                (au) =
  Standard error                        +/-

  Potential energy                   (au) =
  Standard error                        +/-

  e-e interaction                    (au) =
  Standard error                        +/-

  e-n interaction                    (au) =
  Standard error                        +/-

  Variance of local energy           (au) =           0.057242078619
  Standard error                        +/-

  Maximum distance from origin       (au) =


 Time taken in block    : : :       16.2239 s


 =========================================================================
 FINAL RESULT:

  VMC energy (au)    Standard error      Correction for serial correlation

 -2.871905670819 +/- 0.000239253288      No correction
 -2.871905670819 +/- 0.000601244335      Correlation time method
 -2.871905670819 +/- 0.000604013124      On-the-fly reblocking method

 Sample variance of E_L (au^2/sim.cell) : 0.057242078619


 ==========================================
 PERFORMING OPTIMIZATION CALCULATION No. 1.
 ==========================================


 Optimization start
 ==================
   Iteration     Total nfev        Cost      Cost reduction    Step norm     Optimality
       0              1         5.3221e-02                                    1.31e+05
       1              2         1.3582e-02      3.96e-02       5.62e-01       9.22e+04
       2              3         1.6565e-03      1.19e-02       8.25e-02       1.39e+04
       3              4         3.2504e-04      1.33e-03       9.93e-02       3.95e+02
       4              5         2.3194e-04      9.31e-05       6.03e-02       3.04e+01
       5              6         2.3188e-04      5.76e-08       2.70e-03       7.38e-01
`ftol` termination condition is satisfied.
Function evaluations 6, initial cost 5.3221e-02, final cost 2.3188e-04, first-order optimality 7.38e-01.
 Norm of Jacobian at the solution: 1.63864e-01

 BEGIN VMC CALCULATION
 =====================

 Running VMC equilibration (5000 moves).
 Performing time-step optimization.
 DTVMC: 2.75518e-02

 Starting VMC.

 =========================================================================
 In block : 1

 Acceptance ratio         (%)  =  69.8574
 Diffusion constant  (Bohr^2)  =
 Correlation time     (steps)  = 1.3210E+00 +- 5.6055E-03
 Efficiency      (au^-2 s^-1)  = 1.9330E+08
 No. of VMC steps per process  = 250000

  Block average energies (au)

  Total energy                       (au) =          -2.903715326222
  Standard error                        +/-           0.000015814600

  Kinetic energy KEI (used in Total) (au) =
  Standard error                        +/-

  Kinetic energy TI                  (au) =
  Standard error                        +/-

  Kinetic energy FISQ                (au) =
  Standard error                        +/-

  Potential energy                   (au) =
  Standard error                        +/-

  e-e interaction                    (au) =
  Standard error                        +/-

  e-n interaction                    (au) =
  Standard error                        +/-

  Variance of local energy           (au) =           0.000250101328
  Standard error                        +/-

  Maximum distance from origin       (au) =


 Time taken in block    : : :       15.6581 s


 =========================================================================
 FINAL RESULT:

  VMC energy (au)    Standard error      Correction for serial correlation

 -2.903715326222 +/- 0.000015814600      No correction
 -2.903715326222 +/- 0.000018176749      Correlation time method
 -2.903715326222 +/- 0.000018590124      On-the-fly reblocking method

 Sample variance of E_L (au^2/sim.cell) : 0.000250101328


 ==========================================
 PERFORMING OPTIMIZATION CALCULATION No. 2.
 ==========================================


 Optimization start
 ==================
 E_0 -2.90368118 minimal allowed energy -2.96645883 serial correlation factor 1.16
 Trust radius max|delta p| < 0.2 reached at level shift 2.65e-01
   Level shift          E_lin        max|dp| max|dlog(psi)|         E_corr       Penalty         Target
           inf                                                 -2.90368118    0.00005455    -2.90362663
      2.65e-01    -2.90367927     2.0000e-01     4.4310e-04    -2.90367944    0.00005393    -2.90362550
      2.65e+00    -2.90367993     4.2845e-02     6.2541e-05    -2.90367997    0.00005439    -2.90362558
      2.65e+01    -2.90368075     8.4998e-03     7.8466e-06    -2.90368076    0.00005451    -2.90362624
      2.65e+02    -2.90368112     1.1835e-03     9.7459e-07    -2.90368112    0.00005454    -2.90362657
 Optimization end
 ================
 Norm of scaled energy gradient at the starting point: 2.92828e-02
 No candidate lowered the target function -2.90362663, the parameters are left unchanged.

 BEGIN VMC CALCULATION
 =====================

 Running VMC equilibration (5000 moves).
 Performing time-step optimization.
 DTVMC: 2.74884e-02

 Starting VMC.

 =========================================================================
 In block : 1

 Acceptance ratio         (%)  =  69.8947
 Diffusion constant  (Bohr^2)  =
 Correlation time     (steps)  = 1.3223E+00 +- 5.5223E-03
 Efficiency      (au^-2 s^-1)  = 1.3030E+08
 No. of VMC steps per process  = 250000

  Block average energies (au)

  Total energy                       (au) =          -2.903734633311
  Standard error                        +/-           0.000015806390

  Kinetic energy KEI (used in Total) (au) =
  Standard error                        +/-

  Kinetic energy TI                  (au) =
  Standard error                        +/-

  Kinetic energy FISQ                (au) =
  Standard error                        +/-

  Potential energy                   (au) =
  Standard error                        +/-

  e-e interaction                    (au) =
  Standard error                        +/-

  e-n interaction                    (au) =
  Standard error                        +/-

  Variance of local energy           (au) =           0.000249841719
  Standard error                        +/-

  Maximum distance from origin       (au) =


 Time taken in block    : : :       23.2304 s


 =========================================================================
 FINAL RESULT:

  VMC energy (au)    Standard error      Correction for serial correlation

 -2.903734633311 +/- 0.000015806390      No correction
 -2.903734633311 +/- 0.000018176079      Correlation time method
 -2.903734633311 +/- 0.000018905299      On-the-fly reblocking method

 Sample variance of E_L (au^2/sim.cell) : 0.000249841719


 ==========================================
 PERFORMING OPTIMIZATION CALCULATION No. 3.
 ==========================================


 Optimization start
 ==================
 E_0 -2.90373925 minimal allowed energy -2.96620801 serial correlation factor 1.13
 Trust radius max|delta p| < 0.2 reached at level shift 3.13e-01
   Level shift          E_lin        max|dp| max|dlog(psi)|         E_corr       Penalty         Target
           inf                                                 -2.90373925    0.00005294    -2.90368631
      3.13e-01    -2.90373829     2.0000e-01     4.0956e-04    -2.90373845    0.00005231    -2.90368614
      3.13e+00    -2.90373926     5.1398e-02     5.8606e-05    -2.90373931    0.00005275    -2.90368656
      3.13e+01    -2.90373923     1.0788e-02     8.8728e-06    -2.90373925    0.00005289    -2.90368635
      3.13e+02    -2.90373925     1.3839e-03     1.1383e-06    -2.90373925    0.00005293    -2.90368631
 Optimization end
 ================
 Norm of scaled energy gradient at the starting point: 2.64294e-02
 Level shift 3.13e+00, target -2.90368631 -> -2.90368656, gain 0.00000025.
 Scaled delta p over 31 of 31 parameters: norm 1.2138e-04, rms 2.1801e-05, max 5.8606e-05

 BEGIN VMC CALCULATION
 =====================

 Running VMC equilibration (5000 moves).
 Performing time-step optimization.
 DTVMC: 2.75088e-02

 Starting VMC.

 =========================================================================
 In block : 1

 Acceptance ratio         (%)  =  69.8531
 Diffusion constant  (Bohr^2)  =
 Correlation time     (steps)  = 1.3579E+00 +- 6.0037E-03
 Efficiency      (au^-2 s^-1)  = 1.7081E+08
 No. of VMC steps per process  = 250000

  Block average energies (au)

  Total energy                       (au) =          -2.903726559991
  Standard error                        +/-           0.000015694685

  Kinetic energy KEI (used in Total) (au) =
  Standard error                        +/-

  Kinetic energy TI                  (au) =
  Standard error                        +/-

  Kinetic energy FISQ                (au) =
  Standard error                        +/-

  Potential energy                   (au) =
  Standard error                        +/-

  e-e interaction                    (au) =
  Standard error                        +/-

  e-n interaction                    (au) =
  Standard error                        +/-

  Variance of local energy           (au) =           0.000246322881
  Standard error                        +/-

  Maximum distance from origin       (au) =


 Time taken in block    : : :       17.5030 s


 =========================================================================
 FINAL RESULT:

  VMC energy (au)    Standard error      Correction for serial correlation

 -2.903726559991 +/- 0.000015694685      No correction
 -2.903726559991 +/- 0.000018288662      Correlation time method
 -2.903726559991 +/- 0.000018791101      On-the-fly reblocking method

 Sample variance of E_L (au^2/sim.cell) : 0.000246322881


 ==========================================
 PERFORMING OPTIMIZATION CALCULATION No. 4.
 ==========================================


 Optimization start
 ==================
 E_0 -2.90371056 minimal allowed energy -2.96635351 serial correlation factor 1.20
 Trust radius max|delta p| < 0.2 reached at level shift 2.73e-01
   Level shift          E_lin        max|dp| max|dlog(psi)|         E_corr       Penalty         Target
           inf                                                 -2.90371056    0.00005652    -2.90365404
      2.73e-01    -2.90371231     2.0000e-01     4.9963e-04    -2.90371251    0.00005595    -2.90365656
      2.73e+00    -2.90371127     3.7273e-02     7.5705e-05    -2.90371132    0.00005640    -2.90365492
      2.73e+01    -2.90371074     4.3926e-03     9.2373e-06    -2.90371075    0.00005650    -2.90365424
      2.73e+02    -2.90371058     5.1028e-04     1.0016e-06    -2.90371058    0.00005652    -2.90365407
 Best level shift is the smallest scanned one, the trust radius may be too large
 Optimization end
 ================
 Norm of scaled energy gradient at the starting point: 2.65402e-02
 Level shift 2.73e-01, target -2.90365404 -> -2.90365656, gain 0.00000252.
 Scaled delta p over 31 of 31 parameters: norm 8.2926e-04, rms 1.4894e-04, max 4.9963e-04

 BEGIN VMC CALCULATION
 =====================

 Running VMC equilibration (5000 moves).
 Performing time-step optimization.
 DTVMC: 2.79095e-02

 Starting VMC.

 =========================================================================
 In block : 1

 Acceptance ratio         (%)  =  69.6883
 Diffusion constant  (Bohr^2)  =
 Correlation time     (steps)  = 1.3089E+00 +- 5.5641E-03
 Efficiency      (au^-2 s^-1)  = 1.9673E+08
 No. of VMC steps per process  = 250000

  Block average energies (au)

  Total energy                       (au) =          -2.903736064122
  Standard error                        +/-           0.000015593304

  Kinetic energy KEI (used in Total) (au) =
  Standard error                        +/-

  Kinetic energy TI                  (au) =
  Standard error                        +/-

  Kinetic energy FISQ                (au) =
  Standard error                        +/-

  Potential energy                   (au) =
  Standard error                        +/-

  e-e interaction                    (au) =
  Standard error                        +/-

  e-n interaction                    (au) =
  Standard error                        +/-

  Variance of local energy           (au) =           0.000243150899
  Standard error                        +/-

  Maximum distance from origin       (au) =


 Time taken in block    : : :       15.9722 s


 =========================================================================
 FINAL RESULT:

  VMC energy (au)    Standard error      Correction for serial correlation

 -2.903736064122 +/- 0.000015593304      No correction
 -2.903736064122 +/- 0.000017839657      Correlation time method
 -2.903736064122 +/- 0.000018237336      On-the-fly reblocking method

 Sample variance of E_L (au^2/sim.cell) : 0.000243150899


 =========================================================================

 Total PyCasino real time : : :    413.3479
