
 ------------------------------------------------------------------------------
 ########::'##:::'##::'######:::::'###:::::'######::'####:'##::: ##::'#######::
 ##.... ##:. ##:'##::'##... ##:::'## ##:::'##... ##:. ##:: ###:: ##:'##.... ##:
 ##:::: ##::. ####::: ##:::..:::'##:. ##:: ##:::..::: ##:: ####: ##: ##:::: ##:
 ########::::. ##:::: ##:::::::'##:::. ##:. ######::: ##:: ## ## ##: ##:::: ##:
 ##.....:::::: ##:::: ##::::::: #########::..... ##:: ##:: ##. ####: ##:::: ##:
 ##::::::::::: ##:::: ##::: ##: ##.... ##:'##::: ##:: ##:: ##:. ###: ##:::: ##:
 ##::::::::::: ##::::. ######:: ##:::: ##:. ######::'####: ##::. ##:. #######::
 .::::::::::::..::::::......:::..:::::..:::......:::....::..::::..:::.......:::

                     Python Quantum Monte Carlo Package
                        v 0.4.0 [Vladimir Konkov]

    Main Author : Vladimir Konkov
 ------------------------------------------------------------------------------
 Started 2026/09/12 20:53:51

 Python 3.12.3 (main, Aug 31 2026, 10:18:26) [GCC 13.3.0]
 Numba 0.67.0
 Numpy 2.2.6
 Scipy 1.13.1

 Running in parallel using 4 MPI processes.

 Warning: keywords not read by pycasino: periodic

 General input parameters
 ========================
 NEU (num up spin electrons)              :  2
 NED (num down spin electrons)            :  2
 RUNTYPE (type of run)                    :  vmc
 PSI_S  (form for [anti]symmetrizing wfn) :  slater
 ATOM_BASIS_TYPE (atom-centred orb basis) :  gaussian
 INTERACTION (interaction type)           :  coulomb
 TESTRUN (read input data,print and stop) :  F
 PERIODIC                                 :  F
 COMPLEX_WF (complex Slater wave fn.)     :  F
 NEIGHPRINT (neighbour analysis)          :  0
 USE_JASTROW (use Jastrow factor)         :  F
 BACKFLOW (use backflow corrections)      :  T
 USE_ORBMODS (use orbitals modifications) :  F
 CUSP_CORRECTION                          :  T
 NON_LOCAL_GRID (NL integration grid)     :  4
 E_OFFSET (energy offset)                 :  0.0000
 GAUTOL  (Gaussian evaluation tolerance)  :  7.0
 SPARSE                                   :  F
 DIPOLE_MOMENT                            :  F
 RELATIVISTIC                             :  F

 VMC input parameters
 ====================
 NEWRUN (start new run)                   :  T
 VMC_METHOD (choice of VMC algorithm)     :  3
 DTVMC (VMC time step)                    :  0.02
 OPT_DTVMC (VMC time-step optimization)   :  1
 VMC_NSTEP (num VMC steps)                :  10000000
 VMC_NCONFIG_WRITE (num configs to write) :  None
 VMC_NBLOCK (num VMC blocks)              :  10
 VMC_EQUIL_NSTEP (num equil steps)        :  5000
 VMC_DECORR_PERIOD (length of inner loop) :  10
 VMC_AVE_PERIOD (hist reduction factor)   :  1
 VMC_SAMPLING                             :  standard
 MAKEMOVIE                                :  F
 FORCES                                   :  F

 Gaussian cusp correction
 ========================
 Activated.

 Median sigma = 1/|grad ln psi| : 1.60536e-01 bohr

 ==============================
 PERFORMING A |PSI| CALCULATION.
 ==============================

 zeta of the walk: 4.00000e+00   DTVMC: 3.73682e-03

 =========================================================================
 WEIGHTED NODAL DOMAIN AVERAGES

  Number of |psi| steps                   = 10000000

  zeta                          (au^-1) =           4.000000000000
  Effective sample size                   = 10000000
  Potential component                (au) =         -23.540631360871
  Standard error                        +/-           0.000781333217
  e-e interaction                    (au) =           8.237143083574
  e-n interaction                    (au) =         -44.814284750121
  Sum of e-n distances             (bohr) =           2.645893244448

  epsilon (bohr)  inside      E_kin^nda (au)            E^nda (au)

    1.920e-03        345       9.548966 +/- 0.624832     -13.991665
    2.633e-03        640       9.428877 +/- 0.453586     -14.111754
    3.610e-03       1181       9.229618 +/- 0.328380     -14.311013
    4.950e-03       2164       8.956829 +/- 0.236421     -14.583803
    6.788e-03       3994       8.781407 +/- 0.170447     -14.759225
    9.308e-03       7685       8.800735 +/- 0.123542     -14.739896
    1.276e-02      14436       8.836201 +/- 0.090091     -14.704430
    1.750e-02      27445       8.875972 +/- 0.065759     -14.664660
    2.400e-02      52037       8.948979 +/- 0.048055     -14.591652

 Time taken in nodal domain averages : : :    851.5081

 Warning: keywords not read by pycasino: periodic

 General input parameters
 ========================
 NEU (num up spin electrons)              :  2
 NED (num down spin electrons)            :  2
 RUNTYPE (type of run)                    :  vmc
 PSI_S  (form for [anti]symmetrizing wfn) :  slater
 ATOM_BASIS_TYPE (atom-centred orb basis) :  gaussian
 INTERACTION (interaction type)           :  coulomb
 TESTRUN (read input data,print and stop) :  F
 PERIODIC                                 :  F
 COMPLEX_WF (complex Slater wave fn.)     :  F
 NEIGHPRINT (neighbour analysis)          :  0
 USE_JASTROW (use Jastrow factor)         :  F
 BACKFLOW (use backflow corrections)      :  T
 USE_ORBMODS (use orbitals modifications) :  F
 CUSP_CORRECTION                          :  T
 NON_LOCAL_GRID (NL integration grid)     :  4
 E_OFFSET (energy offset)                 :  0.0000
 GAUTOL  (Gaussian evaluation tolerance)  :  7.0
 SPARSE                                   :  F
 DIPOLE_MOMENT                            :  F
 RELATIVISTIC                             :  F

 VMC input parameters
 ====================
 NEWRUN (start new run)                   :  T
 VMC_METHOD (choice of VMC algorithm)     :  3
 DTVMC (VMC time step)                    :  0.02
 OPT_DTVMC (VMC time-step optimization)   :  1
 VMC_NSTEP (num VMC steps)                :  10000000
 VMC_NCONFIG_WRITE (num configs to write) :  None
 VMC_NBLOCK (num VMC blocks)              :  10
 VMC_EQUIL_NSTEP (num equil steps)        :  5000
 VMC_DECORR_PERIOD (length of inner loop) :  10
 VMC_AVE_PERIOD (hist reduction factor)   :  1
 VMC_SAMPLING                             :  standard
 MAKEMOVIE                                :  F
 FORCES                                   :  F

 Gaussian cusp correction
 ========================
 Activated.

 Median sigma = 1/|grad ln psi| : 1.62985e-01 bohr

 ==============================
 PERFORMING A |PSI| CALCULATION.
 ==============================

 zeta of the walk: 4.00000e+00   DTVMC: 3.64223e-03

 =========================================================================
 WEIGHTED NODAL DOMAIN AVERAGES

  Number of |psi| steps                   = 10000000

  zeta                          (au^-1) =           4.000000000000
  Effective sample size                   = 10000000
  Potential component                (au) =         -23.585604653023
  Standard error                        +/-           0.000783978606
  e-e interaction                    (au) =           8.189068275809
  e-n interaction                    (au) =         -44.617458470978
  Sum of e-n distances             (bohr) =           2.660115033726

  epsilon (bohr)  inside      E_kin^nda (au)            E^nda (au)

    1.920e-03        323       8.443410 +/- 0.575209     -15.142195
    2.633e-03        594       8.653947 +/- 0.428384     -14.931657
    3.610e-03       1142       8.671321 +/- 0.314599     -14.914284
    4.950e-03       2149       8.695172 +/- 0.230150     -14.890433
    6.788e-03       4057       8.718992 +/- 0.168223     -14.866613
    9.308e-03       7612       8.799164 +/- 0.123068     -14.786441
    1.276e-02      14448       8.819480 +/- 0.089907     -14.766125
    1.750e-02      27175       8.850836 +/- 0.065684     -14.734769
    2.400e-02      51811       8.897906 +/- 0.047951     -14.687699

 Time taken in nodal domain averages : : :    986.0350

 Warning: keywords not read by pycasino: periodic

 General input parameters
 ========================
 NEU (num up spin electrons)              :  2
 NED (num down spin electrons)            :  2
 RUNTYPE (type of run)                    :  vmc
 PSI_S  (form for [anti]symmetrizing wfn) :  slater
 ATOM_BASIS_TYPE (atom-centred orb basis) :  gaussian
 INTERACTION (interaction type)           :  coulomb
 TESTRUN (read input data,print and stop) :  F
 PERIODIC                                 :  F
 COMPLEX_WF (complex Slater wave fn.)     :  F
 NEIGHPRINT (neighbour analysis)          :  0
 USE_JASTROW (use Jastrow factor)         :  F
 BACKFLOW (use backflow corrections)      :  T
 USE_ORBMODS (use orbitals modifications) :  F
 CUSP_CORRECTION                          :  T
 NON_LOCAL_GRID (NL integration grid)     :  4
 E_OFFSET (energy offset)                 :  0.0000
 GAUTOL  (Gaussian evaluation tolerance)  :  7.0
 SPARSE                                   :  F
 DIPOLE_MOMENT                            :  F
 RELATIVISTIC                             :  F

 VMC input parameters
 ====================
 NEWRUN (start new run)                   :  T
 VMC_METHOD (choice of VMC algorithm)     :  3
 DTVMC (VMC time step)                    :  0.02
 OPT_DTVMC (VMC time-step optimization)   :  1
 VMC_NSTEP (num VMC steps)                :  10000000
 VMC_NCONFIG_WRITE (num configs to write) :  None
 VMC_NBLOCK (num VMC blocks)              :  10
 VMC_EQUIL_NSTEP (num equil steps)        :  5000
 VMC_DECORR_PERIOD (length of inner loop) :  10
 VMC_AVE_PERIOD (hist reduction factor)   :  1
 VMC_SAMPLING                             :  standard
 MAKEMOVIE                                :  F
 FORCES                                   :  F

 Gaussian cusp correction
 ========================
 Activated.

 Median sigma = 1/|grad ln psi| : 1.63388e-01 bohr

 ==============================
 PERFORMING A |PSI| CALCULATION.
 ==============================

 zeta of the walk: 4.00000e+00   DTVMC: 3.27402e-03

 =========================================================================
 WEIGHTED NODAL DOMAIN AVERAGES

  Number of |psi| steps                   = 10000000

  zeta                          (au^-1) =           4.000000000000
  Effective sample size                   = 10000000
  Potential component                (au) =         -23.616928352905
  Standard error                        +/-           0.000784879632
  e-e interaction                    (au) =           8.155562085883
  e-n interaction                    (au) =         -44.479885522596
  Sum of e-n distances             (bohr) =           2.671807278033

  epsilon (bohr)  inside      E_kin^nda (au)            E^nda (au)

    1.920e-03        324       8.965142 +/- 0.604252     -14.651786
    2.633e-03        617       8.906995 +/- 0.439728     -14.709933
    3.610e-03       1127       8.814832 +/- 0.319787     -14.802097
    4.950e-03       2137       8.748156 +/- 0.232038     -14.868773
    6.788e-03       3972       8.646248 +/- 0.168405     -14.970680
    9.308e-03       7498       8.621883 +/- 0.122356     -14.995045
    1.276e-02      14109       8.644656 +/- 0.089155     -14.972272
    1.750e-02      26692       8.668600 +/- 0.065026     -14.948328
    2.400e-02      50858       8.734224 +/- 0.047490     -14.882705

 Time taken in nodal domain averages : : :    1051.5121

 Warning: keywords not read by pycasino: periodic

 General input parameters
 ========================
 NEU (num up spin electrons)              :  2
 NED (num down spin electrons)            :  2
 RUNTYPE (type of run)                    :  vmc
 PSI_S  (form for [anti]symmetrizing wfn) :  slater
 ATOM_BASIS_TYPE (atom-centred orb basis) :  gaussian
 INTERACTION (interaction type)           :  coulomb
 TESTRUN (read input data,print and stop) :  F
 PERIODIC                                 :  F
 COMPLEX_WF (complex Slater wave fn.)     :  F
 NEIGHPRINT (neighbour analysis)          :  0
 USE_JASTROW (use Jastrow factor)         :  F
 BACKFLOW (use backflow corrections)      :  T
 USE_ORBMODS (use orbitals modifications) :  F
 CUSP_CORRECTION                          :  T
 NON_LOCAL_GRID (NL integration grid)     :  4
 E_OFFSET (energy offset)                 :  0.0000
 GAUTOL  (Gaussian evaluation tolerance)  :  7.0
 SPARSE                                   :  F
 DIPOLE_MOMENT                            :  F
 RELATIVISTIC                             :  F

 VMC input parameters
 ====================
 NEWRUN (start new run)                   :  T
 VMC_METHOD (choice of VMC algorithm)     :  3
 DTVMC (VMC time step)                    :  0.02
 OPT_DTVMC (VMC time-step optimization)   :  1
 VMC_NSTEP (num VMC steps)                :  10000000
 VMC_NCONFIG_WRITE (num configs to write) :  None
 VMC_NBLOCK (num VMC blocks)              :  10
 VMC_EQUIL_NSTEP (num equil steps)        :  5000
 VMC_DECORR_PERIOD (length of inner loop) :  10
 VMC_AVE_PERIOD (hist reduction factor)   :  1
 VMC_SAMPLING                             :  standard
 MAKEMOVIE                                :  F
 FORCES                                   :  F

 Gaussian cusp correction
 ========================
 Activated.

 Median sigma = 1/|grad ln psi| : 1.63881e-01 bohr

 ==============================
 PERFORMING A |PSI| CALCULATION.
 ==============================

 zeta of the walk: 4.00000e+00   DTVMC: 3.34166e-03

 =========================================================================
 WEIGHTED NODAL DOMAIN AVERAGES

  Number of |psi| steps                   = 10000000

  zeta                          (au^-1) =           4.000000000000
  Effective sample size                   = 10000000
  Potential component                (au) =         -23.580917350224
  Standard error                        +/-           0.000790943972
  e-e interaction                    (au) =           8.168824927340
  e-n interaction                    (au) =         -44.518017544290
  Sum of e-n distances             (bohr) =           2.661786044639

  epsilon (bohr)  inside      E_kin^nda (au)            E^nda (au)

    1.920e-03        329       8.322710 +/- 0.570861     -15.258208
    2.633e-03        595       8.578484 +/- 0.425923     -15.002433
    3.610e-03       1091       8.525346 +/- 0.312936     -15.055571
    4.950e-03       2062       8.437208 +/- 0.227718     -15.143709
    6.788e-03       3960       8.501344 +/- 0.166034     -15.079573
    9.308e-03       7429       8.553542 +/- 0.121400     -15.027376
    1.276e-02      14403       8.672692 +/- 0.088874     -14.908226
    1.750e-02      26944       8.775889 +/- 0.065213     -14.805029
    2.400e-02      50929       8.803006 +/- 0.047697     -14.777911

 Time taken in nodal domain averages : : :    1055.9674

 Warning: keywords not read by pycasino: periodic

 General input parameters
 ========================
 NEU (num up spin electrons)              :  2
 NED (num down spin electrons)            :  2
 RUNTYPE (type of run)                    :  vmc
 PSI_S  (form for [anti]symmetrizing wfn) :  slater
 ATOM_BASIS_TYPE (atom-centred orb basis) :  gaussian
 INTERACTION (interaction type)           :  coulomb
 TESTRUN (read input data,print and stop) :  F
 PERIODIC                                 :  F
 COMPLEX_WF (complex Slater wave fn.)     :  F
 NEIGHPRINT (neighbour analysis)          :  0
 USE_JASTROW (use Jastrow factor)         :  F
 BACKFLOW (use backflow corrections)      :  T
 USE_ORBMODS (use orbitals modifications) :  F
 CUSP_CORRECTION                          :  T
 NON_LOCAL_GRID (NL integration grid)     :  4
 E_OFFSET (energy offset)                 :  0.0000
 GAUTOL  (Gaussian evaluation tolerance)  :  7.0
 SPARSE                                   :  F
 DIPOLE_MOMENT                            :  F
 RELATIVISTIC                             :  F

 VMC input parameters
 ====================
 NEWRUN (start new run)                   :  T
 VMC_METHOD (choice of VMC algorithm)     :  3
 DTVMC (VMC time step)                    :  0.02
 OPT_DTVMC (VMC time-step optimization)   :  1
 VMC_NSTEP (num VMC steps)                :  10000000
 VMC_NCONFIG_WRITE (num configs to write) :  None
 VMC_NBLOCK (num VMC blocks)              :  10
 VMC_EQUIL_NSTEP (num equil steps)        :  5000
 VMC_DECORR_PERIOD (length of inner loop) :  10
 VMC_AVE_PERIOD (hist reduction factor)   :  1
 VMC_SAMPLING                             :  standard
 MAKEMOVIE                                :  F
 FORCES                                   :  F

 Gaussian cusp correction
 ========================
 Activated.

 Median sigma = 1/|grad ln psi| : 1.62920e-01 bohr

 ==============================
 PERFORMING A |PSI| CALCULATION.
 ==============================

 zeta of the walk: 4.00000e+00   DTVMC: 3.57353e-03

 =========================================================================
 WEIGHTED NODAL DOMAIN AVERAGES

  Number of |psi| steps                   = 10000000

  zeta                          (au^-1) =           4.000000000000
  Effective sample size                   = 10000000
  Potential component                (au) =         -23.514716918832
  Standard error                        +/-           0.000802716307
  e-e interaction                    (au) =           8.202099740444
  e-n interaction                    (au) =         -44.539609186830
  Sum of e-n distances             (bohr) =           2.641131542072

  epsilon (bohr)  inside      E_kin^nda (au)            E^nda (au)

    1.920e-03        370      10.559500 +/- 0.667278     -12.955217
    2.633e-03        659      10.130924 +/- 0.476243     -13.383793
    3.610e-03       1227       9.689481 +/- 0.339559     -13.825235
    4.950e-03       2201       9.344567 +/- 0.242936     -14.170150
    6.788e-03       4125       9.130175 +/- 0.174223     -14.384542
    9.308e-03       7657       8.955374 +/- 0.125494     -14.559343
    1.276e-02      14235       8.847016 +/- 0.090733     -14.667701
    1.750e-02      26763       8.786937 +/- 0.065765     -14.727780
    2.400e-02      50405       8.762253 +/- 0.047768     -14.752464

 Time taken in nodal domain averages : : :    1112.6748

 Warning: keywords not read by pycasino: periodic

 General input parameters
 ========================
 NEU (num up spin electrons)              :  2
 NED (num down spin electrons)            :  2
 RUNTYPE (type of run)                    :  vmc
 PSI_S  (form for [anti]symmetrizing wfn) :  slater
 ATOM_BASIS_TYPE (atom-centred orb basis) :  gaussian
 INTERACTION (interaction type)           :  coulomb
 TESTRUN (read input data,print and stop) :  F
 PERIODIC                                 :  F
 COMPLEX_WF (complex Slater wave fn.)     :  F
 NEIGHPRINT (neighbour analysis)          :  0
 USE_JASTROW (use Jastrow factor)         :  F
 BACKFLOW (use backflow corrections)      :  T
 USE_ORBMODS (use orbitals modifications) :  F
 CUSP_CORRECTION                          :  T
 NON_LOCAL_GRID (NL integration grid)     :  4
 E_OFFSET (energy offset)                 :  0.0000
 GAUTOL  (Gaussian evaluation tolerance)  :  7.0
 SPARSE                                   :  F
 DIPOLE_MOMENT                            :  F
 RELATIVISTIC                             :  F

 VMC input parameters
 ====================
 NEWRUN (start new run)                   :  T
 VMC_METHOD (choice of VMC algorithm)     :  3
 DTVMC (VMC time step)                    :  0.02
 OPT_DTVMC (VMC time-step optimization)   :  1
 VMC_NSTEP (num VMC steps)                :  10000000
 VMC_NCONFIG_WRITE (num configs to write) :  None
 VMC_NBLOCK (num VMC blocks)              :  10
 VMC_EQUIL_NSTEP (num equil steps)        :  5000
 VMC_DECORR_PERIOD (length of inner loop) :  10
 VMC_AVE_PERIOD (hist reduction factor)   :  1
 VMC_SAMPLING                             :  standard
 MAKEMOVIE                                :  F
 FORCES                                   :  F

 Gaussian cusp correction
 ========================
 Activated.

 Median sigma = 1/|grad ln psi| : 1.63777e-01 bohr

 ==============================
 PERFORMING A |PSI| CALCULATION.
 ==============================

 zeta of the walk: 4.00000e+00   DTVMC: 3.48395e-03

 =========================================================================
 WEIGHTED NODAL DOMAIN AVERAGES

  Number of |psi| steps                   = 10000000

  zeta                          (au^-1) =           4.000000000000
  Effective sample size                   = 10000000
  Potential component                (au) =         -23.481809122681
  Standard error                        +/-           0.000808228901
  e-e interaction                    (au) =           8.223574048320
  e-n interaction                    (au) =         -44.552357989490
  Sum of e-n distances             (bohr) =           2.631105465483

  epsilon (bohr)  inside      E_kin^nda (au)            E^nda (au)

    1.920e-03        324       8.304381 +/- 0.570467     -15.177428
    2.633e-03        602       8.527292 +/- 0.424272     -14.954517
    3.610e-03       1114       8.536729 +/- 0.312375     -14.945080
    4.950e-03       2058       8.489954 +/- 0.228103     -14.991855
    6.788e-03       3978       8.528115 +/- 0.166312     -14.953695
    9.308e-03       7536       8.616651 +/- 0.121684     -14.865158
    1.276e-02      14199       8.679272 +/- 0.089077     -14.802537
    1.750e-02      26706       8.706952 +/- 0.065128     -14.774857
    2.400e-02      50342       8.716870 +/- 0.047524     -14.764939

 Time taken in nodal domain averages : : :    1123.8568

 Warning: keywords not read by pycasino: periodic

 General input parameters
 ========================
 NEU (num up spin electrons)              :  2
 NED (num down spin electrons)            :  2
 RUNTYPE (type of run)                    :  vmc
 PSI_S  (form for [anti]symmetrizing wfn) :  slater
 ATOM_BASIS_TYPE (atom-centred orb basis) :  gaussian
 INTERACTION (interaction type)           :  coulomb
 TESTRUN (read input data,print and stop) :  F
 PERIODIC                                 :  F
 COMPLEX_WF (complex Slater wave fn.)     :  F
 NEIGHPRINT (neighbour analysis)          :  0
 USE_JASTROW (use Jastrow factor)         :  F
 BACKFLOW (use backflow corrections)      :  T
 USE_ORBMODS (use orbitals modifications) :  F
 CUSP_CORRECTION                          :  T
 NON_LOCAL_GRID (NL integration grid)     :  4
 E_OFFSET (energy offset)                 :  0.0000
 GAUTOL  (Gaussian evaluation tolerance)  :  7.0
 SPARSE                                   :  F
 DIPOLE_MOMENT                            :  F
 RELATIVISTIC                             :  F

 VMC input parameters
 ====================
 NEWRUN (start new run)                   :  T
 VMC_METHOD (choice of VMC algorithm)     :  3
 DTVMC (VMC time step)                    :  0.02
 OPT_DTVMC (VMC time-step optimization)   :  1
 VMC_NSTEP (num VMC steps)                :  10000000
 VMC_NCONFIG_WRITE (num configs to write) :  None
 VMC_NBLOCK (num VMC blocks)              :  10
 VMC_EQUIL_NSTEP (num equil steps)        :  5000
 VMC_DECORR_PERIOD (length of inner loop) :  10
 VMC_AVE_PERIOD (hist reduction factor)   :  1
 VMC_SAMPLING                             :  standard
 MAKEMOVIE                                :  F
 FORCES                                   :  F

 Gaussian cusp correction
 ========================
 Activated.

 Median sigma = 1/|grad ln psi| : 1.62214e-01 bohr

 ==============================
 PERFORMING A |PSI| CALCULATION.
 ==============================

 zeta of the walk: 4.00000e+00   DTVMC: 3.82123e-03

 =========================================================================
 WEIGHTED NODAL DOMAIN AVERAGES

  Number of |psi| steps                   = 10000000

  zeta                          (au^-1) =           4.000000000000
  Effective sample size                   = 10000000
  Potential component                (au) =         -23.367611154530
  Standard error                        +/-           0.000813732326
  e-e interaction                    (au) =           8.313481244830
  e-n interaction                    (au) =         -44.893187117370
  Sum of e-n distances             (bohr) =           2.595715153238

  epsilon (bohr)  inside      E_kin^nda (au)            E^nda (au)

    1.920e-03        304       8.676104 +/- 0.599524     -14.691507
    2.633e-03        633       8.692651 +/- 0.433485     -14.674960
    3.610e-03       1123       8.758550 +/- 0.317369     -14.609061
    4.950e-03       2121       8.637194 +/- 0.230668     -14.730417
    6.788e-03       3985       8.633774 +/- 0.167821     -14.733838
    9.308e-03       7604       8.693324 +/- 0.122412     -14.674287
    1.276e-02      14343       8.749824 +/- 0.089514     -14.617787
    1.750e-02      27147       8.802716 +/- 0.065443     -14.564895
    2.400e-02      51190       8.838046 +/- 0.047812     -14.529565

 Time taken in nodal domain averages : : :    1046.7493

 Warning: keywords not read by pycasino: periodic

 General input parameters
 ========================
 NEU (num up spin electrons)              :  2
 NED (num down spin electrons)            :  2
 RUNTYPE (type of run)                    :  vmc
 PSI_S  (form for [anti]symmetrizing wfn) :  slater
 ATOM_BASIS_TYPE (atom-centred orb basis) :  gaussian
 INTERACTION (interaction type)           :  coulomb
 TESTRUN (read input data,print and stop) :  F
 PERIODIC                                 :  F
 COMPLEX_WF (complex Slater wave fn.)     :  F
 NEIGHPRINT (neighbour analysis)          :  0
 USE_JASTROW (use Jastrow factor)         :  F
 BACKFLOW (use backflow corrections)      :  T
 USE_ORBMODS (use orbitals modifications) :  F
 CUSP_CORRECTION                          :  T
 NON_LOCAL_GRID (NL integration grid)     :  4
 E_OFFSET (energy offset)                 :  0.0000
 GAUTOL  (Gaussian evaluation tolerance)  :  7.0
 SPARSE                                   :  F
 DIPOLE_MOMENT                            :  F
 RELATIVISTIC                             :  F

 VMC input parameters
 ====================
 NEWRUN (start new run)                   :  T
 VMC_METHOD (choice of VMC algorithm)     :  3
 DTVMC (VMC time step)                    :  0.02
 OPT_DTVMC (VMC time-step optimization)   :  1
 VMC_NSTEP (num VMC steps)                :  10000000
 VMC_NCONFIG_WRITE (num configs to write) :  None
 VMC_NBLOCK (num VMC blocks)              :  10
 VMC_EQUIL_NSTEP (num equil steps)        :  5000
 VMC_DECORR_PERIOD (length of inner loop) :  10
 VMC_AVE_PERIOD (hist reduction factor)   :  1
 VMC_SAMPLING                             :  standard
 MAKEMOVIE                                :  F
 FORCES                                   :  F

 Gaussian cusp correction
 ========================
 Activated.

 Median sigma = 1/|grad ln psi| : 1.59784e-01 bohr

 ==============================
 PERFORMING A |PSI| CALCULATION.
 ==============================

 zeta of the walk: 4.00000e+00   DTVMC: 3.38459e-03

 =========================================================================
 WEIGHTED NODAL DOMAIN AVERAGES

  Number of |psi| steps                   = 10000000

  zeta                          (au^-1) =           4.000000000000
  Effective sample size                   = 10000000
  Potential component                (au) =         -23.216656799352
  Standard error                        +/-           0.000823565567
  e-e interaction                    (au) =           8.431985818528
  e-n interaction                    (au) =         -45.227838831823
  Sum of e-n distances             (bohr) =           2.549087187968

  epsilon (bohr)  inside      E_kin^nda (au)            E^nda (au)

    1.920e-03        320       8.667005 +/- 0.600711     -14.549651
    2.633e-03        606       8.739653 +/- 0.435520     -14.477004
    3.610e-03       1135       8.759745 +/- 0.317604     -14.456912
    4.950e-03       2128       8.639882 +/- 0.230745     -14.576774
    6.788e-03       4099       8.774239 +/- 0.168360     -14.442418
    9.308e-03       7701       8.855039 +/- 0.123392     -14.361618
    1.276e-02      14385       8.842105 +/- 0.090166     -14.374552
    1.750e-02      27137       8.853717 +/- 0.065756     -14.362940
    2.400e-02      51395       8.870464 +/- 0.047941     -14.346193

 Time taken in nodal domain averages : : :    1000.7923

 Warning: keywords not read by pycasino: periodic

 General input parameters
 ========================
 NEU (num up spin electrons)              :  2
 NED (num down spin electrons)            :  2
 RUNTYPE (type of run)                    :  vmc
 PSI_S  (form for [anti]symmetrizing wfn) :  slater
 ATOM_BASIS_TYPE (atom-centred orb basis) :  gaussian
 INTERACTION (interaction type)           :  coulomb
 TESTRUN (read input data,print and stop) :  F
 PERIODIC                                 :  F
 COMPLEX_WF (complex Slater wave fn.)     :  F
 NEIGHPRINT (neighbour analysis)          :  0
 USE_JASTROW (use Jastrow factor)         :  F
 BACKFLOW (use backflow corrections)      :  T
 USE_ORBMODS (use orbitals modifications) :  F
 CUSP_CORRECTION                          :  T
 NON_LOCAL_GRID (NL integration grid)     :  4
 E_OFFSET (energy offset)                 :  0.0000
 GAUTOL  (Gaussian evaluation tolerance)  :  7.0
 SPARSE                                   :  F
 DIPOLE_MOMENT                            :  F
 RELATIVISTIC                             :  F

 VMC input parameters
 ====================
 NEWRUN (start new run)                   :  T
 VMC_METHOD (choice of VMC algorithm)     :  3
 DTVMC (VMC time step)                    :  0.02
 OPT_DTVMC (VMC time-step optimization)   :  1
 VMC_NSTEP (num VMC steps)                :  10000000
 VMC_NCONFIG_WRITE (num configs to write) :  None
 VMC_NBLOCK (num VMC blocks)              :  10
 VMC_EQUIL_NSTEP (num equil steps)        :  5000
 VMC_DECORR_PERIOD (length of inner loop) :  10
 VMC_AVE_PERIOD (hist reduction factor)   :  1
 VMC_SAMPLING                             :  standard
 MAKEMOVIE                                :  F
 FORCES                                   :  F

 Gaussian cusp correction
 ========================
 Activated.

 Median sigma = 1/|grad ln psi| : 1.57571e-01 bohr

 ==============================
 PERFORMING A |PSI| CALCULATION.
 ==============================

 zeta of the walk: 4.00000e+00   DTVMC: 3.43130e-03

 =========================================================================
 WEIGHTED NODAL DOMAIN AVERAGES

  Number of |psi| steps                   = 10000000

  zeta                          (au^-1) =           4.000000000000
  Effective sample size                   = 10000000
  Potential component                (au) =         -23.037515951471
  Standard error                        +/-           0.000833332171
  e-e interaction                    (au) =           8.581708973581
  e-n interaction                    (au) =         -45.747246081815
  Sum of e-n distances             (bohr) =           2.497969320831

  epsilon (bohr)  inside      E_kin^nda (au)            E^nda (au)

    1.920e-03        329       9.077184 +/- 0.612381     -13.960332
    2.633e-03        625       8.973831 +/- 0.442809     -14.063684
    3.610e-03       1146       8.876605 +/- 0.321107     -14.160910
    4.950e-03       2175       8.842328 +/- 0.233093     -14.195188
    6.788e-03       4121       8.935655 +/- 0.170164     -14.101861
    9.308e-03       7755       8.956124 +/- 0.124344     -14.081392
    1.276e-02      14625       8.952431 +/- 0.090716     -14.085085
    1.750e-02      27725       9.004640 +/- 0.066227     -14.032876
    2.400e-02      52492       9.059123 +/- 0.048381     -13.978393

 Time taken in nodal domain averages : : :    1044.0991

 =========================================================================
 NODAL SURFACE DESCRIPTOR, zeta = 4.0000

 run                                                 widest tube          1.9x narrower

 0.00                                         8.948979 +/- 0.048055     8.836201 +/- 0.090091
 0.01                                         8.897906 +/- 0.047951     8.819480 +/- 0.089907
 0.02                                         8.734224 +/- 0.047490     8.644656 +/- 0.089155
 0.05                                         8.803006 +/- 0.047697     8.672692 +/- 0.088874
 0.10                                         8.762253 +/- 0.047768     8.847016 +/- 0.090733
 0.12                                         8.716870 +/- 0.047524     8.679272 +/- 0.089077
 0.15                                         8.838046 +/- 0.047812     8.749824 +/- 0.089514
 0.20                                         8.870464 +/- 0.047941     8.842105 +/- 0.090166
 0.25                                         9.059123 +/- 0.048381     8.952431 +/- 0.090716

