
 ------------------------------------------------------------------------------
 ########::'##:::'##::'######:::::'###:::::'######::'####:'##::: ##::'#######::
 ##.... ##:. ##:'##::'##... ##:::'## ##:::'##... ##:. ##:: ###:: ##:'##.... ##:
 ##:::: ##::. ####::: ##:::..:::'##:. ##:: ##:::..::: ##:: ####: ##: ##:::: ##:
 ########::::. ##:::: ##:::::::'##:::. ##:. ######::: ##:: ## ## ##: ##:::: ##:
 ##.....:::::: ##:::: ##::::::: #########::..... ##:: ##:: ##. ####: ##:::: ##:
 ##::::::::::: ##:::: ##::: ##: ##.... ##:'##::: ##:: ##:: ##:. ###: ##:::: ##:
 ##::::::::::: ##::::. ######:: ##:::: ##:. ######::'####: ##::. ##:. #######::
 .::::::::::::..::::::......:::..:::::..:::......:::....::..::::..:::.......:::

                     Python Quantum Monte Carlo Package
                        v 0.4.0 [Vladimir Konkov]

    Main Author : Vladimir Konkov
 ------------------------------------------------------------------------------
 Started 2026/08/17 18:46:53

 Python 3.12.3 (main, Jun 19 2026, 12:46:00) [GCC 13.3.0]
 Numba 0.63.1
 Numpy 2.2.6
 Scipy 1.13.1

 Running in parallel using 4 MPI processes.

 General input parameters
 ========================
 NEU (num up spin electrons)              :  1
 NED (num down spin electrons)            :  1
 RUNTYPE (type of run)                    :  vmc
 PSI_S  (form for [anti]symmetrizing wfn) :  slater
 ATOM_BASIS_TYPE (atom-centred orb basis) :  slater-type
 INTERACTION (interaction type)           :  coulomb
 TESTRUN (read input data,print and stop) :  F
 PERIODIC                                 :  F
 COMPLEX_WF (complex Slater wave fn.)     :  F
 NEIGHPRINT (neighbour analysis)          :  0
 USE_JASTROW (use Jastrow factor)         :  F
 BACKFLOW (use backflow corrections)      :  F
 USE_ORBMODS (use orbitals modifications) :  F
 CUSP_CORRECTION                          :  F
 NON_LOCAL_GRID (NL integration grid)     :  4
 E_OFFSET (energy offset)                 :  0.0000
 GAUTOL  (Gaussian evaluation tolerance)  :  7.0
 SPARSE                                   :  F
 DIPOLE_MOMENT                            :  F
 RELATIVISTIC                             :  F

 VMC input parameters
 ====================
 NEWRUN (start new run)                   :  T
 VMC_METHOD (choice of VMC algorithm)     :  4
 DTVMC (VMC time step)                    :  0.02
 OPT_DTVMC (VMC time-step optimization)   :  T
 VMC_NSTEP (num VMC steps)                :  100000000
 VMC_NCONFIG_WRITE (num configs to write) :  0
 VMC_NBLOCK (num VMC blocks)              :  10
 VMC_EQUIL_NSTEP (num equil steps)        :  5000
 VMC_DECORR_PERIOD (length of inner loop) :  4
 VMC_AVE_PERIOD (hist reduction factor)   :  1
 VMC_SAMPLING                             :  standard
 MAKEMOVIE                                :  F
 FORCES                                   :  F

 ====================================
 PERFORMING A SINGLE VMC CALCULATION.
 ====================================


 BEGIN VMC CALCULATION
 =====================

 Running VMC equilibration (5000 moves).
 Performing time-step optimization.
 DTVMC: 5.37283e-01

 Starting VMC.

 =========================================================================
 In block : 1

 Acceptance ratio         (%)  =  49.5540
 Correlation time     (steps)  = 1.3206E+00 +- 1.7744E-03
 Efficiency      (au^-2 s^-1)  = 1.7970E+05
 Number of VMC steps           = 10000000

  Block average energies (au)

  Total energy                       (au) =          -2.861458549864
  Standard error                        +/-           0.000241302548

  Constant energy contributions      (au) =           0.000000000000

  Variance of local energy           (au) =           0.582269140660
  Standard error                        +/-           0.000000000000

 Time taken in block    : : :       72.3699

 =========================================================================
 In block : 2

 Acceptance ratio         (%)  =  49.5347
 Correlation time     (steps)  = 1.2815E+00 +- 1.7194E-03
 Efficiency      (au^-2 s^-1)  = 1.9095E+05
 Number of VMC steps           = 10000000

  Block average energies (au)

  Total energy                       (au) =          -2.861956526656
  Standard error                        +/-           0.000236884287

  Constant energy contributions      (au) =           0.000000000000

  Variance of local energy           (au) =           0.561141597650
  Standard error                        +/-           0.000000000000

 Time taken in block    : : :       72.8245

 =========================================================================
 In block : 3

 Acceptance ratio         (%)  =  49.5483
 Correlation time     (steps)  = 1.2647E+00 +- 1.6969E-03
 Efficiency      (au^-2 s^-1)  = 1.7668E+05
 Number of VMC steps           = 10000000

  Block average energies (au)

  Total energy                       (au) =          -2.861776176812
  Standard error                        +/-           0.000241046883

  Constant energy contributions      (au) =           0.000000000000

  Variance of local energy           (au) =           0.581035941964
  Standard error                        +/-           0.000000000000

 Time taken in block    : : :       77.0202

 =========================================================================
 In block : 4

 Acceptance ratio         (%)  =  49.5551
 Correlation time     (steps)  = 1.2600E+00 +- 1.6905E-03
 Efficiency      (au^-2 s^-1)  = 1.9167E+05
 Number of VMC steps           = 10000000

  Block average energies (au)

  Total energy                       (au) =          -2.861661837379
  Standard error                        +/-           0.000241617339

  Constant energy contributions      (au) =           0.000000000000

  Variance of local energy           (au) =           0.583789325717
  Standard error                        +/-           0.000000000000

 Time taken in block    : : :       70.9272

 =========================================================================
 In block : 5

 Acceptance ratio         (%)  =  49.5462
 Correlation time     (steps)  = 1.2740E+00 +- 1.7093E-03
 Efficiency      (au^-2 s^-1)  = 2.0521E+05
 Number of VMC steps           = 10000000

  Block average energies (au)

  Total energy                       (au) =          -2.861930061013
  Standard error                        +/-           0.000235234167

  Constant energy contributions      (au) =           0.000000000000

  Variance of local energy           (au) =           0.553351076191
  Standard error                        +/-           0.000000000000

 Time taken in block    : : :       69.1236

 =========================================================================
 In block : 6

 Acceptance ratio         (%)  =  49.5458
 Correlation time     (steps)  = 1.2695E+00 +- 1.7032E-03
 Efficiency      (au^-2 s^-1)  = 2.1058E+05
 Number of VMC steps           = 10000000

  Block average energies (au)

  Total energy                       (au) =          -2.862085527902
  Standard error                        +/-           0.000237519498

  Constant energy contributions      (au) =           0.000000000000

  Variance of local energy           (au) =           0.564155061627
  Standard error                        +/-           0.000000000000

 Time taken in block    : : :       66.3078

 =========================================================================
 In block : 7

 Acceptance ratio         (%)  =  49.5498
 Correlation time     (steps)  = 1.2542E+00 +- 1.6832E-03
 Efficiency      (au^-2 s^-1)  = 1.9405E+05
 Number of VMC steps           = 10000000

  Block average energies (au)

  Total energy                       (au) =          -2.861221600142
  Standard error                        +/-           0.000247262258

  Constant energy contributions      (au) =           0.000000000000

  Variance of local energy           (au) =           0.611386179029
  Standard error                        +/-           0.000000000000

 Time taken in block    : : :       67.2068

 =========================================================================
 In block : 8

 Acceptance ratio         (%)  =  49.5560
 Correlation time     (steps)  = 1.2675E+00 +- 1.7006E-03
 Efficiency      (au^-2 s^-1)  = 2.1360E+05
 Number of VMC steps           = 10000000

  Block average energies (au)

  Total energy                       (au) =          -2.861690716029
  Standard error                        +/-           0.000240446181

  Constant energy contributions      (au) =           0.000000000000

  Variance of local energy           (au) =           0.578143602152
  Standard error                        +/-           0.000000000000

 Time taken in block    : : :       63.8890

 =========================================================================
 In block : 9

 Acceptance ratio         (%)  =  49.5436
 Correlation time     (steps)  = 1.2657E+00 +- 1.6982E-03
 Efficiency      (au^-2 s^-1)  = 2.2420E+05
 Number of VMC steps           = 10000000

  Block average energies (au)

  Total energy                       (au) =          -2.861495718826
  Standard error                        +/-           0.000237985809

  Constant energy contributions      (au) =           0.000000000000

  Variance of local energy           (au) =           0.566372396117
  Standard error                        +/-           0.000000000000

 Time taken in block    : : :       62.2178

 =========================================================================
 In block : 10

 Acceptance ratio         (%)  =  49.5503
 Correlation time     (steps)  = 1.2766E+00 +- 1.7129E-03
 Efficiency      (au^-2 s^-1)  = 2.1479E+05
 Number of VMC steps           = 10000000

  Block average energies (au)

  Total energy                       (au) =          -2.861370242158
  Standard error                        +/-           0.000238943615

  Constant energy contributions      (au) =           0.000000000000

  Variance of local energy           (au) =           0.570940453750
  Standard error                        +/-           0.000000000000

 Time taken in block    : : :       63.8729

 =========================================================================
 FINAL RESULT:

  VMC energy (au)    Standard error      Correction for serial correlation

 -2.861664695678 +/- 0.000075845801      No correction
 -2.861664695678 +/- 0.000085589363      Correlation time method
 -2.861664695678 +/- 0.000085786366      On-the-fly reblocking method

 Sample variance of E_L (au^2/sim.cell) : 0.575258547474


 =========================================================================

 Total PyCasino real time : : :    686.1494
