
 ------------------------------------------------------------------------------
 ########::'##:::'##::'######:::::'###:::::'######::'####:'##::: ##::'#######::
 ##.... ##:. ##:'##::'##... ##:::'## ##:::'##... ##:. ##:: ###:: ##:'##.... ##:
 ##:::: ##::. ####::: ##:::..:::'##:. ##:: ##:::..::: ##:: ####: ##: ##:::: ##:
 ########::::. ##:::: ##:::::::'##:::. ##:. ######::: ##:: ## ## ##: ##:::: ##:
 ##.....:::::: ##:::: ##::::::: #########::..... ##:: ##:: ##. ####: ##:::: ##:
 ##::::::::::: ##:::: ##::: ##: ##.... ##:'##::: ##:: ##:: ##:. ###: ##:::: ##:
 ##::::::::::: ##::::. ######:: ##:::: ##:. ######::'####: ##::. ##:. #######::
 .::::::::::::..::::::......:::..:::::..:::......:::....::..::::..:::.......:::

                     Python Quantum Monte Carlo Package
                        v 0.4.0 [Vladimir Konkov]

    Main Author : Vladimir Konkov
 ------------------------------------------------------------------------------
 Started 2026/09/12 12:41:29

 Python 3.12.3 (main, Aug 31 2026, 10:18:26) [GCC 13.3.0]
 Numba 0.67.0
 Numpy 2.2.6
 Scipy 1.13.1

 Running in parallel using 4 MPI processes.

 Warning: keywords not read by pycasino: newrun periodic writeout_vmc_hist

 General input parameters
 ========================
 NEU (num up spin electrons)              :  2
 NED (num down spin electrons)            :  2
 RUNTYPE (type of run)                    :  vmc
 PSI_S  (form for [anti]symmetrizing wfn) :  slater
 ATOM_BASIS_TYPE (atom-centred orb basis) :  slater-type
 INTERACTION (interaction type)           :  coulomb
 TESTRUN (read input data,print and stop) :  F
 PERIODIC                                 :  F
 COMPLEX_WF (complex Slater wave fn.)     :  F
 NEIGHPRINT (neighbour analysis)          :  0
 USE_JASTROW (use Jastrow factor)         :  T
 BACKFLOW (use backflow corrections)      :  T
 USE_ORBMODS (use orbitals modifications) :  F
 CUSP_CORRECTION                          :  F
 NON_LOCAL_GRID (NL integration grid)     :  4
 E_OFFSET (energy offset)                 :  0.0000
 GAUTOL  (Gaussian evaluation tolerance)  :  7.0
 SPARSE                                   :  F
 DIPOLE_MOMENT                            :  F
 RELATIVISTIC                             :  F

 VMC input parameters
 ====================
 NEWRUN (start new run)                   :  T
 VMC_METHOD (choice of VMC algorithm)     :  3
 DTVMC (VMC time step)                    :  0.02
 OPT_DTVMC (VMC time-step optimization)   :  1
 VMC_NSTEP (num VMC steps)                :  10000000
 VMC_NCONFIG_WRITE (num configs to write) :  0
 VMC_NBLOCK (num VMC blocks)              :  10
 VMC_EQUIL_NSTEP (num equil steps)        :  5000
 VMC_DECORR_PERIOD (length of inner loop) :  10
 VMC_AVE_PERIOD (hist reduction factor)   :  1
 VMC_SAMPLING                             :  standard
 MAKEMOVIE                                :  F
 FORCES                                   :  F

 Median sigma = 1/|grad ln psi| : 1.88739e-01 bohr

 ==============================
 PERFORMING A |PSI| CALCULATION.
 ==============================

 zeta of the walk: 2.50000e-01   DTVMC: 1.47568e-02

 =========================================================================
 WEIGHTED NODAL DOMAIN AVERAGES

  Number of |psi| steps                   = 10000000

  zeta                          (au^-1) =           0.250000000000
  Effective sample size                   = 10000000
  Potential component                (au) =          -8.265607313475
  Standard error                        +/-           0.002660618795
  e-e interaction                    (au) =           1.084906283979
  e-n interaction                    (au) =         -11.168739920527
  Sum of e-n distances             (bohr) =          20.516500500761

  epsilon (bohr)  inside      E_kin^nda (au)            E^nda (au)

    1.920e-03         36       1.098529 +/- 0.217688      -7.167079
    2.633e-03         68       1.041986 +/- 0.153672      -7.223621
    3.610e-03        126       0.990656 +/- 0.109039      -7.274952
    4.950e-03        246       1.006390 +/- 0.078652      -7.259217
    6.788e-03        488       1.030115 +/- 0.057528      -7.235492
    9.308e-03        900       1.044998 +/- 0.042303      -7.220609
    1.276e-02       1661       1.036720 +/- 0.030936      -7.228887
    1.750e-02       3183       1.032924 +/- 0.022503      -7.232684
    2.400e-02       5880       1.029680 +/- 0.016399      -7.235927

 Time taken in nodal domain averages : : :    713.9416

 Warning: keywords not read by pycasino: newrun periodic writeout_vmc_hist

 General input parameters
 ========================
 NEU (num up spin electrons)              :  2
 NED (num down spin electrons)            :  2
 RUNTYPE (type of run)                    :  vmc
 PSI_S  (form for [anti]symmetrizing wfn) :  slater
 ATOM_BASIS_TYPE (atom-centred orb basis) :  slater-type
 INTERACTION (interaction type)           :  coulomb
 TESTRUN (read input data,print and stop) :  F
 PERIODIC                                 :  F
 COMPLEX_WF (complex Slater wave fn.)     :  F
 NEIGHPRINT (neighbour analysis)          :  0
 USE_JASTROW (use Jastrow factor)         :  T
 BACKFLOW (use backflow corrections)      :  T
 USE_ORBMODS (use orbitals modifications) :  F
 CUSP_CORRECTION                          :  F
 NON_LOCAL_GRID (NL integration grid)     :  4
 E_OFFSET (energy offset)                 :  0.0000
 GAUTOL  (Gaussian evaluation tolerance)  :  7.0
 SPARSE                                   :  F
 DIPOLE_MOMENT                            :  F
 RELATIVISTIC                             :  F

 VMC input parameters
 ====================
 NEWRUN (start new run)                   :  T
 VMC_METHOD (choice of VMC algorithm)     :  3
 DTVMC (VMC time step)                    :  0.02
 OPT_DTVMC (VMC time-step optimization)   :  1
 VMC_NSTEP (num VMC steps)                :  10000000
 VMC_NCONFIG_WRITE (num configs to write) :  0
 VMC_NBLOCK (num VMC blocks)              :  1
 VMC_EQUIL_NSTEP (num equil steps)        :  5000
 VMC_DECORR_PERIOD (length of inner loop) :  10
 VMC_AVE_PERIOD (hist reduction factor)   :  1
 VMC_SAMPLING                             :  standard
 MAKEMOVIE                                :  F
 FORCES                                   :  F

 Median sigma = 1/|grad ln psi| : 1.79199e-01 bohr

 ==============================
 PERFORMING A |PSI| CALCULATION.
 ==============================

 zeta of the walk: 2.50000e-01   DTVMC: 1.91984e-02

 =========================================================================
 WEIGHTED NODAL DOMAIN AVERAGES

  Number of |psi| steps                   = 10000000

  zeta                          (au^-1) =           0.250000000000
  Effective sample size                   = 10000000
  Potential component                (au) =          -8.034020559639
  Standard error                        +/-           0.002700395507
  e-e interaction                    (au) =           1.058728296974
  e-n interaction                    (au) =         -10.854819662490
  Sum of e-n distances             (bohr) =          21.008197182310

  epsilon (bohr)  inside      E_kin^nda (au)            E^nda (au)

    1.920e-03         38       1.092531 +/- 0.223766      -6.941490
    2.633e-03         67       1.036979 +/- 0.154656      -6.997042
    3.610e-03        121       0.961609 +/- 0.108339      -7.072412
    4.950e-03        232       0.945489 +/- 0.076934      -7.088532
    6.788e-03        435       0.945867 +/- 0.055651      -7.088154
    9.308e-03        863       0.960520 +/- 0.040592      -7.073501
    1.276e-02       1605       0.978989 +/- 0.029849      -7.055031
    1.750e-02       3041       0.984665 +/- 0.021890      -7.049356
    2.400e-02       5780       0.994884 +/- 0.016033      -7.039136

 Time taken in nodal domain averages : : :    707.1051

 =========================================================================
 NODAL SURFACE DESCRIPTOR, zeta = 0.2500

 run                                                 widest tube          1.9x narrower

 vmc/Backflow                                 1.029680 +/- 0.016399     1.036720 +/- 0.030936
 vmc/Backflow_02                              0.994884 +/- 0.016033     0.978989 +/- 0.029849

