
 ------------------------------------------------------------------------------
 ########::'##:::'##::'######:::::'###:::::'######::'####:'##::: ##::'#######::
 ##.... ##:. ##:'##::'##... ##:::'## ##:::'##... ##:. ##:: ###:: ##:'##.... ##:
 ##:::: ##::. ####::: ##:::..:::'##:. ##:: ##:::..::: ##:: ####: ##: ##:::: ##:
 ########::::. ##:::: ##:::::::'##:::. ##:. ######::: ##:: ## ## ##: ##:::: ##:
 ##.....:::::: ##:::: ##::::::: #########::..... ##:: ##:: ##. ####: ##:::: ##:
 ##::::::::::: ##:::: ##::: ##: ##.... ##:'##::: ##:: ##:: ##:. ###: ##:::: ##:
 ##::::::::::: ##::::. ######:: ##:::: ##:. ######::'####: ##::. ##:. #######::
 .::::::::::::..::::::......:::..:::::..:::......:::....::..::::..:::.......:::

                     Python Quantum Monte Carlo Package
                        v 0.4.0 [Vladimir Konkov]

    Main Author : Vladimir Konkov
 ------------------------------------------------------------------------------
 Started 2026/07/26 21:36:24

 Python 3.12.3 (main, Jun 19 2026, 12:46:00) [GCC 13.3.0]
 Numba 0.63.1
 Numpy 2.2.6
 Scipy 1.13.1

 Running in parallel using 4 MPI processes.

 General input parameters
 ========================
 NEU (num up spin electrons)              :  5
 NED (num down spin electrons)            :  2
 RUNTYPE (type of run)                    :  vmc_opt
 PSI_S  (form for [anti]symmetrizing wfn) :  slater
 ATOM_BASIS_TYPE (atom-centred orb basis) :  slater-type
 INTERACTION (interaction type)           :  coulomb
 TESTRUN (read input data,print and stop) :  F
 PERIODIC                                 :  F
 COMPLEX_WF (complex Slater wave fn.)     :  F
 NEIGHPRINT (neighbour analysis)          :  0
 USE_JASTROW (use Jastrow factor)         :  T
 BACKFLOW (use backflow corrections)      :  T
 USE_ORBMODS (use orbitals modifications) :  F
 CUSP_CORRECTION                          :  F
 NON_LOCAL_GRID (NL integration grid)     :  4
 E_OFFSET (energy offset)                 :  0.0000
 GAUTOL  (Gaussian evaluation tolerance)  :  7.0
 SPARSE                                   :  F
 DIPOLE_MOMENT                            :  F
 RELATIVISTIC                             :  F

 VMC/optimization input parameters
 ====================
 NEWRUN (start new run)                   :  T
 VMC_METHOD (choice of VMC algorithm)     :  3
 DTVMC (VMC time step)                    :  0.02
 OPT_DTVMC (VMC time-step optimization)   :  T
 VMC_NSTEP (num VMC steps)                :  100000
 VMC_NCONFIG_WRITE (num configs to write) :  100000
 VMC_NBLOCK (num VMC blocks)              :  1
 VMC_EQUIL_NSTEP (num equil steps)        :  5000
 VMC_DECORR_PERIOD (length of inner loop) :  10
 VMC_AVE_PERIOD (hist reduction factor)   :  1
 VMC_SAMPLING                             :  standard
 OPT_CYCLES (num optimization cycles)     :  4
 POSTFIT_VMC (perform post-fit VMC calc)  :  T
 POSTFIT_KEEP_CFG (keep post-fit VMC cfgs):  F
 OPT_NOCTF_CYCLES (fixed cutoff cycles)   :  0
 OPT_INFO (information level)             :  2
 OPT_JASTROW (opt Jastrow factor)         :  T
 OPT_DET_COEFF (opt det coeffs)           :  F
 OPT_ORBITALS (opt orbitals)              :  F
 OPT_BACKFLOW (opt backflow params)       :  T
 OPT_FIXNL (fix nonlocal energy)          :  F
 OPT_MAXITER (max num iterations)         :  10
 OPT_MAXEVAL (max num evaluations)        :  200
 VM_SMOOTH_LIMITS (smooth limiting)       :  F
 VM_REWEIGHT (reweighting)                :  F
 VM_FILTER (filter outlying configs)      :  F
 VM_USE_E_GUESS (use guess energy)        :  F
 EMIN_XI_VALUE (xi parameter)             :  1.0
 MAKEMOVIE                                :  F
 FORCES                                   :  F

 BEGIN VMC CALCULATION
 =====================

 Running VMC equilibration (5000 moves).
 Performing time-step optimization.
 Optimized step size: 0.11864
 DTVMC: 0.00469

 Starting VMC.

 =========================================================================
 In block : 1
  Number of VMC steps           = 100000

  Block average energies (au)

  Total energy                       (au) =         -54.402102567270
  Standard error                        +/-           0.010622459514

  Constant energy contributions      (au) =           0.000000000000

  Variance of local energy           (au) =          11.283551776989
  Standard error                        +/-           0.000000000000

 Time taken in block    : : :       14.7424

 =========================================================================
 FINAL RESULT:

  VMC energy (au)    Standard error      Correction for serial correlation

 -54.402102567270 +/- 0.010622459514      No correction
 -54.402102567270 +/- 0.019467907840      Correlation time method
 -54.402102567270 +/- 0.015941534850      On-the-fly reblocking method

 Sample variance of E_L (au^2/sim.cell) : 11.283551776989


 ==========================================
 PERFORMING OPTIMIZATION CALCULATION No. 1.
 ==========================================


 Optimization start
 ==================
   Iteration     Total nfev        Cost      Cost reduction    Step norm     Optimality
       0              1         4.8627e+00                                    5.18e+05
       1              2         1.2879e+00      3.57e+00       2.87e-02       3.71e+04
       2              3         5.8731e-01      7.01e-01       6.41e-02       7.80e+03
       3              4         2.9086e-01      2.96e-01       9.35e-02       1.40e+03
       4              5         1.8849e-01      1.02e-01       2.75e-01       1.58e+03
       5              6         1.5058e-01      3.79e-02       3.03e-01       7.30e+02
       6              7         1.2894e-01      2.16e-02       5.57e-01       5.22e+02
       7              9         1.2410e-01      4.84e-03       2.86e-01       2.37e+01
       8             10         1.1908e-01      5.02e-03       5.47e-01       3.04e+02
       9             11         1.1487e-01      4.21e-03       9.76e-01       4.69e+01
      10             12         1.1234e-01      2.53e-03       1.73e+00       1.96e+02
      11             13         1.1220e-01      1.46e-04       7.55e-01       3.03e+01
`ftol` termination condition is satisfied.
Function evaluations 13, initial cost 4.8627e+00, final cost 1.1220e-01, first-order optimality 3.03e+01.
 Norm of Jacobian at the solution: 1.54964e-12

 BEGIN VMC CALCULATION
 =====================

 Running VMC equilibration (5000 moves).
 Performing time-step optimization.
 Optimized step size: 0.11591
 DTVMC: 0.00448

 Starting VMC.

 =========================================================================
 In block : 1
  Number of VMC steps           = 100000

  Block average energies (au)

  Total energy                       (au) =         -54.573696484291
  Standard error                        +/-           0.000993625692

  Constant energy contributions      (au) =           0.000000000000

  Variance of local energy           (au) =           0.098728214250
  Standard error                        +/-           0.000000000000

 Time taken in block    : : :       15.5700

 =========================================================================
 FINAL RESULT:

  VMC energy (au)    Standard error      Correction for serial correlation

 -54.573696484291 +/- 0.000993625692      No correction
 -54.573696484291 +/- 0.002761557641      Correlation time method
 -54.573696484291 +/- 0.002398592238      On-the-fly reblocking method

 Sample variance of E_L (au^2/sim.cell) : 0.098728214250


 ==========================================
 PERFORMING OPTIMIZATION CALCULATION No. 2.
 ==========================================


 Optimization start
 ==================
 E_0 -54.57036667 minimal allowed energy -55.88039664
 Trust radius Q < 0.01 reached at level shift 1.00e-08
 level shift        inf  E_corr -54.57036667  penalty 0.00310701  target -54.56725966
 level shift 1.00e-08  E_lin -54.57847379  Q 2.5275e-03  max |delta p| 1.7059e+00
                       E_corr -53.65844505  penalty 0.08282672  target -53.57561833
 level shift 1.00e-07  E_lin -54.57840924  Q 2.5442e-03  max |delta p| 1.1264e+00
                       E_corr -54.45858006  penalty 0.00911356  target -54.44946650
 level shift 1.00e-06  E_lin -54.57833502  Q 2.5439e-03  max |delta p| 6.8540e-01
                       E_corr -54.56471098  penalty 0.00470101  target -54.56000997
 Chosen level shift inf, target -54.56725966
 delta p / p
[ 0.  0.  0. -0.  0. -0.  0. -0. -0.  0.  0. -0.  0. -0.  0. -0.  0.  0.
  0. -0.  0. -0.  0. -0.  0.  0. -0. -0.  0. -0.  0. -0.  0. -0. -0. -0.
 -0.  0. -0.  0. -0.  0.  0. -0. -0. -0.  0. -0.  0.  0. -0. -0.  0.  0.
  0. -0. -0.  0. -0.  0.  0. -0. -0.  0.  0. -0. -0.  0. -0. -0. -0.  0.
  0. -0.  0.  0.  0. -0.  0.  0. -0. -0.  0. -0.  0. -0.  0. -0.  0.  0.
 -0. -0.  0. -0.  0. -0. -0. -0.  0. -0.  0.  0. -0. -0.  0.  0.  0. -0.
 -0.  0. -0. -0.  0. -0. -0.  0.  0. -0. -0.  0.  0.  0.  0.  0. -0.  0.
 -0.  0. -0.  0. -0. -0. -0.  0. -0.  0. -0.  0. -0.  0. -0.  0. -0.  0.
 -0.  0. -0.  0.  0.  0.  0. -0. -0.  0. -0.  0. -0.  0.  0.  0. -0.  0.
  0.  0.  0. -0. -0.  0. -0. -0.  0. -0. -0.  0.  0. -0. -0.  0.  0.  0.
 -0.  0.  0. -0.  0.  0. -0. -0.  0.  0.  0. -0.  0.  0. -0. -0.  0.  0.
 -0.  0. -0. -0. -0. -0. -0.  0. -0.  0. -0.  0. -0.  0. -0.  0. -0. -0.
  0.  0. -0. -0. -0.  0.  0. -0.  0. -0.  0. -0.  0.  0. -0. -0. -0.  0.
 -0.  0.  0. -0. -0.  0.  0. -0.  0. -0.  0. -0.  0. -0. -0.  0. -0.  0.
  0.  0. -0.  0. -0.  0. -0.  0.  0. -0.  0. -0.  0.  0. -0. -0. -0.  0.
 -0. -0.  0.]

 BEGIN VMC CALCULATION
 =====================

 Running VMC equilibration (5000 moves).
 Performing time-step optimization.
 Optimized step size: 0.11462
 DTVMC: 0.00438

 Starting VMC.

 =========================================================================
 In block : 1
  Number of VMC steps           = 100000

  Block average energies (au)

  Total energy                       (au) =         -54.569297326483
  Standard error                        +/-           0.001016101506

  Constant energy contributions      (au) =           0.000000000000

  Variance of local energy           (au) =           0.103245194584
  Standard error                        +/-           0.000000000000

 Time taken in block    : : :       14.9307

 =========================================================================
 FINAL RESULT:

  VMC energy (au)    Standard error      Correction for serial correlation

 -54.569297326483 +/- 0.001016101506      No correction
 -54.569297326483 +/- 0.002911798813      Correlation time method
 -54.569297326483 +/- 0.002750551672      On-the-fly reblocking method

 Sample variance of E_L (au^2/sim.cell) : 0.103245194584


 ==========================================
 PERFORMING OPTIMIZATION CALCULATION No. 3.
 ==========================================


 Optimization start
 ==================
 E_0 -54.57507951 minimal allowed energy -55.85278008
 Trust radius Q < 0.01 reached at level shift 1.00e-08
 level shift        inf  E_corr -54.57507951  penalty 0.00303033  target -54.57204917
 level shift 1.00e-08  E_lin -54.58291792  Q 2.4732e-03  max |delta p| 1.7493e+00
                       E_corr -54.46615488  penalty 0.00829012  target -54.45786477
 level shift 1.00e-07  E_lin -54.58285737  Q 2.4631e-03  max |delta p| 1.2724e+00
                       E_corr -54.56743413  penalty 0.00427501  target -54.56315911
 level shift 1.00e-06  E_lin -54.58275705  Q 2.4328e-03  max |delta p| 7.0405e-01
                       E_corr -54.57043621  penalty 0.00429026  target -54.56614595
 Chosen level shift inf, target -54.57204917
 delta p / p
[ 0.  0.  0. -0.  0. -0.  0. -0. -0.  0.  0. -0.  0. -0.  0. -0.  0.  0.
  0. -0.  0. -0.  0. -0.  0.  0. -0. -0.  0. -0.  0. -0.  0. -0. -0. -0.
 -0.  0. -0.  0. -0.  0.  0. -0. -0. -0.  0. -0.  0.  0. -0. -0.  0.  0.
  0. -0. -0.  0. -0.  0.  0. -0. -0.  0.  0. -0. -0.  0. -0. -0. -0.  0.
  0. -0.  0.  0.  0. -0.  0.  0. -0. -0.  0. -0.  0. -0.  0. -0.  0.  0.
 -0. -0.  0. -0.  0. -0. -0. -0.  0. -0.  0.  0. -0. -0.  0.  0.  0. -0.
 -0.  0. -0. -0.  0. -0. -0.  0.  0. -0. -0.  0.  0.  0.  0.  0. -0.  0.
 -0.  0. -0.  0. -0. -0. -0.  0. -0.  0. -0.  0. -0.  0. -0.  0. -0.  0.
 -0.  0. -0.  0.  0.  0.  0. -0. -0.  0. -0.  0. -0.  0.  0.  0. -0.  0.
  0.  0.  0. -0. -0.  0. -0. -0.  0. -0. -0.  0.  0. -0. -0.  0.  0.  0.
 -0.  0.  0. -0.  0.  0. -0. -0.  0.  0.  0. -0.  0.  0. -0. -0.  0.  0.
 -0.  0. -0. -0. -0. -0. -0.  0. -0.  0. -0.  0. -0.  0. -0.  0. -0. -0.
  0.  0. -0. -0. -0.  0.  0. -0.  0. -0.  0. -0.  0.  0. -0. -0. -0.  0.
 -0.  0.  0. -0. -0.  0.  0. -0.  0. -0.  0. -0.  0. -0. -0.  0. -0.  0.
  0.  0. -0.  0. -0.  0. -0.  0.  0. -0.  0. -0.  0.  0. -0. -0. -0.  0.
 -0. -0.  0.]

 BEGIN VMC CALCULATION
 =====================

 Running VMC equilibration (5000 moves).
 Performing time-step optimization.
 Optimized step size: 0.11786
 DTVMC: 0.00463

 Starting VMC.

 =========================================================================
 In block : 1
  Number of VMC steps           = 100000

  Block average energies (au)

  Total energy                       (au) =         -54.571459443225
  Standard error                        +/-           0.001051813659

  Constant energy contributions      (au) =           0.000000000000

  Variance of local energy           (au) =           0.110630091107
  Standard error                        +/-           0.000000000000

 Time taken in block    : : :       15.3494

 =========================================================================
 FINAL RESULT:

  VMC energy (au)    Standard error      Correction for serial correlation

 -54.571459443225 +/- 0.001051813659      No correction
 -54.571459443225 +/- 0.002941879068      Correlation time method
 -54.571459443225 +/- 0.002583371839      On-the-fly reblocking method

 Sample variance of E_L (au^2/sim.cell) : 0.110630091107


 ==========================================
 PERFORMING OPTIMIZATION CALCULATION No. 4.
 ==========================================


 Optimization start
 ==================
 E_0 -54.56949334 minimal allowed energy -55.83229631
 Trust radius Q < 0.01 reached at level shift 1.00e-08
 level shift        inf  E_corr -54.56949334  penalty 0.00299500  target -54.56649834
 level shift 1.00e-08  E_lin -54.57793523  Q 2.7478e-03  max |delta p| 1.4657e+00
                       E_corr -54.46681930  penalty 0.00873656  target -54.45808274
 level shift 1.00e-07  E_lin -54.57785130  Q 2.7360e-03  max |delta p| 1.1116e+00
                       E_corr -54.57393802  penalty 0.00452576  target -54.56941226
 level shift 1.00e-06  E_lin -54.57771740  Q 2.6969e-03  max |delta p| 7.5007e-01
                       E_corr -54.56194322  penalty 0.00482564  target -54.55711757
 Chosen level shift 1.00e-07, target -54.56941226
 delta p / p
[-3.32058201e-02  6.09645519e-01 -1.18212152e+00 -1.10975501e+00
 -8.13842104e-01 -1.97687312e-01  1.50411377e+00  9.62683738e+00
 -4.71903651e+01  2.04214511e-01 -2.04041981e+00 -8.29379327e-01
 -7.72073361e-01 -8.07201641e-01 -8.45295998e-01 -8.58650536e-01
 -8.40607339e-01  1.18435685e+00 -1.22884606e+01 -2.10032879e+00
 -1.92244301e+00 -1.77619826e+00 -1.78476034e+00 -2.11264287e+00
 -3.07233596e+00  1.65868155e-02  1.83897137e-01  1.21086675e+00
  4.68830904e-01  6.17031983e-01  4.87299185e-01  3.16219616e-01
  3.30346478e-01  3.96950652e-01 -4.35703652e-01 -8.94393897e-01
 -2.74647413e-01 -1.92031059e-01 -1.35090701e-01 -3.34800291e-02
  1.90667152e-02  9.25642747e-02  6.93707325e-03 -1.83827155e-01
  2.75012756e-01 -6.95618961e-01  7.34145732e-01  2.23960419e+00
  1.98624413e+00  8.97720837e-02  1.14529101e-01  9.18175263e-01
  1.81479551e+00 -4.13115270e-01  1.16701373e+00  8.66674342e-02
  1.75586984e-02  5.46089121e-02 -5.45708061e-01 -2.41760639e+00
  7.36303609e-01  2.02815385e-01 -1.59674573e+00 -8.40190057e-02
  6.50996355e-01  1.08374845e+01  1.48723633e-01 -2.00053576e-01
 -7.54566036e-01  6.30881959e-01  1.69336551e-01 -2.98417662e-01
  3.42976174e-01 -1.55339226e-01 -3.34875269e-01 -1.74959257e-02
 -3.58094754e-01 -5.75823828e-02  1.94102293e+00 -9.77215884e-01
 -4.39017255e-01 -8.22680781e-01 -5.07847453e-01  8.84603958e-01
  1.13431814e+00  1.79850106e-01 -5.78963911e-01 -4.84688170e-01
 -4.87859192e-01 -4.77777388e-01 -5.00919343e-01 -7.93648472e-01
 -2.70722191e-01  6.18445267e-01  1.89070832e-01 -1.09108535e+00
 -4.94072987e-01 -2.49770153e-01  9.68423056e-01  4.71796728e-01
  1.40549388e+00 -1.48619007e+00  5.29468806e-01  8.21484629e-01
 -1.16579902e+00 -5.89282809e-01  9.97535494e-01  2.14292815e-01
  2.14908640e+00  4.43356219e-01  3.82315033e-01  5.47110819e-02
  6.26918909e-01  5.20909859e-02 -2.44314346e+00 -3.88602167e-01
  1.21894296e+00  1.11240426e+00  5.73512281e-01  4.34819063e-01
 -1.39181958e+00 -7.47970519e-02  2.08843423e+00 -1.22933692e+00
 -7.29871681e-01 -4.71912752e-01 -2.35840880e-01 -1.71058118e-02
  2.02289430e-01  4.97050233e-01  1.03036216e+00 -4.40298066e+00
  4.30034713e+00  1.34411215e+00  5.17553906e-01  1.81160928e-01
  2.59502411e-02 -3.86119123e-02 -5.66424502e-02 -4.34886391e-02
  1.35935795e-03  2.20940945e-02  4.47808952e-01  5.97827045e-01
  3.84723356e-01 -1.25245617e-01 -7.31969334e-01 -1.72161238e+01
  4.00125045e+02 -1.51513154e+00 -4.17054863e+00 -3.07466956e+00
  2.17978283e-01 -1.41615072e-01 -5.85579644e-02  1.49885822e-02
  1.06428059e-01  2.14542941e-01 -3.38494138e-03 -8.57772881e-01
 -1.09848466e+00  6.56145110e+00 -1.68824128e+00 -1.12647919e+00
 -1.88841968e+01  8.34708776e-01  9.40203205e-01  8.37428297e-01
 -2.44283878e-02  2.22698200e-02  5.51468330e-02  1.49703324e+00
 -4.25871696e-01  1.47730976e+00  9.16521554e-01 -1.17740299e-02
  4.74719023e-01 -9.10240453e-01  1.66587467e-01  9.75461355e-01
  3.43380994e-02  7.08205293e-01 -2.67037542e-01  8.63369658e-01
 -1.12841370e+00  2.23101705e+00 -2.11197690e+00  2.57235215e+00
 -7.88889626e-01  5.53367084e+00  1.24110682e+00 -4.01151324e+00
  4.74203317e-01  2.11864514e-01 -6.24452149e+00  6.92943965e-01
 -2.57896118e+00 -3.99098406e-01 -1.30292463e+00  8.92015476e-01
  7.07977513e+01  1.97178793e+00  1.78588558e+00  2.22492508e+00
 -8.57776912e-01  3.80511932e-02 -9.22053732e-01 -3.30939211e-01
  2.23819517e-01 -1.83757939e+00  9.05476794e-01  4.99046456e+00
 -2.55970387e-01  1.68736694e-01 -5.48915002e-01 -3.10188379e-01
 -5.35973798e-01  3.91124464e-02 -7.16414208e-01 -8.50745752e-01
  2.78288123e+00 -2.28685007e-01 -4.49930980e-02 -4.43191013e-01
  3.61668983e-01  5.47881711e-01 -7.65559136e-01  2.16535559e+00
 -8.81197762e-02 -4.55034372e-02 -1.23404699e+00  3.00697972e-01
  1.14605443e-01 -3.38587407e-01  4.13348530e-02  7.80998602e-01
  5.49625777e-01  3.86546957e-01  1.21011452e-01  4.15191076e-01
 -2.97656892e-01 -3.20903351e+00 -5.27420364e-02 -2.72804171e-01
 -3.95955691e+00 -1.21955726e+00 -6.00119546e-02  1.56059188e+01
 -6.65720836e-01 -2.52347559e-03 -9.55811241e-01 -1.17523536e+00
 -1.51190577e-02  1.01959118e+00 -7.60900439e-02 -1.94460401e+00
  6.31191447e-01 -4.09129207e-01 -4.13740799e-01 -3.01972758e-01
  4.11952551e+01  1.45782721e-01  1.23289506e+00  8.03589783e-01
 -1.67583519e-01 -1.17263123e-01 -1.05866737e+01 -3.42154958e-01
  1.25713290e+00 -1.84714822e-01 -1.11143506e-01 -2.85568201e-01
  1.00851948e-01]

 BEGIN VMC CALCULATION
 =====================

 Running VMC equilibration (5000 moves).
 Performing time-step optimization.
 Optimized step size: 0.11816
 DTVMC: 0.00465

 Starting VMC.

 =========================================================================
 In block : 1
  Number of VMC steps           = 100000

  Block average energies (au)

  Total energy                       (au) =         -54.571885475559
  Standard error                        +/-           0.001505000178

  Constant energy contributions      (au) =           0.000000000000

  Variance of local energy           (au) =           0.226500288566
  Standard error                        +/-           0.000000000000

 Time taken in block    : : :       13.6210

 =========================================================================
 FINAL RESULT:

  VMC energy (au)    Standard error      Correction for serial correlation

 -54.571885475559 +/- 0.001505000178      No correction
 -54.571885475559 +/- 0.003631454826      Correlation time method
 -54.571885475559 +/- 0.003032697887      On-the-fly reblocking method

 Sample variance of E_L (au^2/sim.cell) : 0.226500288566


 =========================================================================

 Total PyCasino real time : : :    1579.7212
