
 ------------------------------------------------------------------------------
 ########::'##:::'##::'######:::::'###:::::'######::'####:'##::: ##::'#######::
 ##.... ##:. ##:'##::'##... ##:::'## ##:::'##... ##:. ##:: ###:: ##:'##.... ##:
 ##:::: ##::. ####::: ##:::..:::'##:. ##:: ##:::..::: ##:: ####: ##: ##:::: ##:
 ########::::. ##:::: ##:::::::'##:::. ##:. ######::: ##:: ## ## ##: ##:::: ##:
 ##.....:::::: ##:::: ##::::::: #########::..... ##:: ##:: ##. ####: ##:::: ##:
 ##::::::::::: ##:::: ##::: ##: ##.... ##:'##::: ##:: ##:: ##:. ###: ##:::: ##:
 ##::::::::::: ##::::. ######:: ##:::: ##:. ######::'####: ##::. ##:. #######::
 .::::::::::::..::::::......:::..:::::..:::......:::....::..::::..:::.......:::

                     Python Quantum Monte Carlo Package
                        v 0.4.0 [Vladimir Konkov]

    Main Author : Vladimir Konkov
 ------------------------------------------------------------------------------
 Started 2026/09/08 20:17:24

 Python 3.12.3 (main, Jul 15 2026, 23:46:41) [GCC 13.3.0]
 Numba 0.63.1
 Numpy 2.2.6
 Scipy 1.13.1

 Running in parallel using 4 MPI processes.

 Warning: keywords not read by pycasino: newrun periodic writeout_vmc_hist

 General input parameters
 ========================
 NEU (num up spin electrons)              :  2
 NED (num down spin electrons)            :  2
 RUNTYPE (type of run)                    :  vmc
 PSI_S  (form for [anti]symmetrizing wfn) :  slater
 ATOM_BASIS_TYPE (atom-centred orb basis) :  slater-type
 INTERACTION (interaction type)           :  coulomb
 TESTRUN (read input data,print and stop) :  F
 PERIODIC                                 :  F
 COMPLEX_WF (complex Slater wave fn.)     :  F
 NEIGHPRINT (neighbour analysis)          :  0
 USE_JASTROW (use Jastrow factor)         :  F
 BACKFLOW (use backflow corrections)      :  F
 USE_ORBMODS (use orbitals modifications) :  F
 CUSP_CORRECTION                          :  F
 NON_LOCAL_GRID (NL integration grid)     :  4
 E_OFFSET (energy offset)                 :  0.0000
 GAUTOL  (Gaussian evaluation tolerance)  :  7.0
 SPARSE                                   :  F
 DIPOLE_MOMENT                            :  F
 RELATIVISTIC                             :  F

 VMC input parameters
 ====================
 NEWRUN (start new run)                   :  T
 VMC_METHOD (choice of VMC algorithm)     :  3
 DTVMC (VMC time step)                    :  0.02
 OPT_DTVMC (VMC time-step optimization)   :  1
 VMC_NSTEP (num VMC steps)                :  100000000
 VMC_NCONFIG_WRITE (num configs to write) :  0
 VMC_NBLOCK (num VMC blocks)              :  10
 VMC_EQUIL_NSTEP (num equil steps)        :  5000
 VMC_DECORR_PERIOD (length of inner loop) :  10
 VMC_AVE_PERIOD (hist reduction factor)   :  1
 VMC_SAMPLING                             :  standard
 MAKEMOVIE                                :  F
 FORCES                                   :  F

 ====================================
 PERFORMING A SINGLE VMC CALCULATION.
 ====================================


 BEGIN VMC CALCULATION
 =====================

 Running VMC equilibration (5000 moves).
 Performing time-step optimization.
 DTVMC: 5.36923e-03

 Starting VMC.

 =========================================================================
 In block : 1

 Acceptance ratio         (%)  =  69.9937
 Diffusion constant  (Bohr^2)  =
 Correlation time     (steps)  = 5.5475E+00 +- 1.4476E-02
 Efficiency      (au^-2 s^-1)  = 3.9115E+04
 No. of VMC steps per process  = 2500000

  Block average energies (au)

  Total energy                       (au) =         -14.648163999355
  Standard error                        +/-           0.000081879948

  Kinetic energy KEI (used in Total) (au) =
  Standard error                        +/-

  Kinetic energy TI                  (au) =
  Standard error                        +/-

  Kinetic energy FISQ                (au) =
  Standard error                        +/-

  Potential energy                   (au) =
  Standard error                        +/-

  e-e interaction                    (au) =
  Standard error                        +/-

  e-n interaction                    (au) =
  Standard error                        +/-

  Variance of local energy           (au) =           0.067043252579
  Standard error                        +/-

  Maximum distance from origin       (au) =


 Time taken in block    : : :      687.3988 s


 =========================================================================
 In block : 2

 Acceptance ratio         (%)  =  69.9813
 Diffusion constant  (Bohr^2)  =
 Correlation time     (steps)  = 5.6422E+00 +- 1.4929E-02
 Efficiency      (au^-2 s^-1)  = 8.5881E+04
 No. of VMC steps per process  = 2500000

  Block average energies (au)

  Total energy                       (au) =         -14.648170661454
  Standard error                        +/-           0.000082243435

  Kinetic energy KEI (used in Total) (au) =
  Standard error                        +/-

  Kinetic energy TI                  (au) =
  Standard error                        +/-

  Kinetic energy FISQ                (au) =
  Standard error                        +/-

  Potential energy                   (au) =
  Standard error                        +/-

  e-e interaction                    (au) =
  Standard error                        +/-

  e-n interaction                    (au) =
  Standard error                        +/-

  Variance of local energy           (au) =           0.067639818670
  Standard error                        +/-

  Maximum distance from origin       (au) =


 Time taken in block    : : :      305.1072 s


 =========================================================================
 In block : 3

 Acceptance ratio         (%)  =  69.9860
 Diffusion constant  (Bohr^2)  =
 Correlation time     (steps)  = 5.5960E+00 +- 1.4704E-02
 Efficiency      (au^-2 s^-1)  = 8.6909E+04
 No. of VMC steps per process  = 2500000

  Block average energies (au)

  Total energy                       (au) =         -14.648198371054
  Standard error                        +/-           0.000082018151

  Kinetic energy KEI (used in Total) (au) =
  Standard error                        +/-

  Kinetic energy TI                  (au) =
  Standard error                        +/-

  Kinetic energy FISQ                (au) =
  Standard error                        +/-

  Potential energy                   (au) =
  Standard error                        +/-

  e-e interaction                    (au) =
  Standard error                        +/-

  e-n interaction                    (au) =
  Standard error                        +/-

  Variance of local energy           (au) =           0.067269764852
  Standard error                        +/-

  Maximum distance from origin       (au) =


 Time taken in block    : : :      305.6617 s


 =========================================================================
 In block : 4

 Acceptance ratio         (%)  =  69.9889
 Diffusion constant  (Bohr^2)  =
 Correlation time     (steps)  = 5.6269E+00 +- 1.4888E-02
 Efficiency      (au^-2 s^-1)  = 8.8337E+04
 No. of VMC steps per process  = 2500000

  Block average energies (au)

  Total energy                       (au) =         -14.648132212230
  Standard error                        +/-           0.000081962705

  Kinetic energy KEI (used in Total) (au) =
  Standard error                        +/-

  Kinetic energy TI                  (au) =
  Standard error                        +/-

  Kinetic energy FISQ                (au) =
  Standard error                        +/-

  Potential energy                   (au) =
  Standard error                        +/-

  e-e interaction                    (au) =
  Standard error                        +/-

  e-n interaction                    (au) =
  Standard error                        +/-

  Variance of local energy           (au) =           0.067178844094
  Standard error                        +/-

  Maximum distance from origin       (au) =


 Time taken in block    : : :      299.4682 s


 =========================================================================
 In block : 5

 Acceptance ratio         (%)  =  69.9837
 Diffusion constant  (Bohr^2)  =
 Correlation time     (steps)  = 5.5430E+00 +- 1.4460E-02
 Efficiency      (au^-2 s^-1)  = 8.3393E+04
 No. of VMC steps per process  = 2500000

  Block average energies (au)

  Total energy                       (au) =         -14.648399800139
  Standard error                        +/-           0.000082055355

  Kinetic energy KEI (used in Total) (au) =
  Standard error                        +/-

  Kinetic energy TI                  (au) =
  Standard error                        +/-

  Kinetic energy FISQ                (au) =
  Standard error                        +/-

  Potential energy                   (au) =
  Standard error                        +/-

  e-e interaction                    (au) =
  Standard error                        +/-

  e-n interaction                    (au) =
  Standard error                        +/-

  Variance of local energy           (au) =           0.067330806534
  Standard error                        +/-

  Maximum distance from origin       (au) =


 Time taken in block    : : :      321.3016 s


 =========================================================================
 In block : 6

 Acceptance ratio         (%)  =  69.9964
 Diffusion constant  (Bohr^2)  =
 Correlation time     (steps)  = 5.5226E+00 +- 1.4407E-02
 Efficiency      (au^-2 s^-1)  = 7.3533E+04
 No. of VMC steps per process  = 2500000

  Block average energies (au)

  Total energy                       (au) =         -14.648491429195
  Standard error                        +/-           0.000081798251

  Kinetic energy KEI (used in Total) (au) =
  Standard error                        +/-

  Kinetic energy TI                  (au) =
  Standard error                        +/-

  Kinetic energy FISQ                (au) =
  Standard error                        +/-

  Potential energy                   (au) =
  Standard error                        +/-

  e-e interaction                    (au) =
  Standard error                        +/-

  e-n interaction                    (au) =
  Standard error                        +/-

  Variance of local energy           (au) =           0.066909531903
  Standard error                        +/-

  Maximum distance from origin       (au) =


 Time taken in block    : : :      368.0329 s


 =========================================================================
 In block : 7

 Acceptance ratio         (%)  =  70.0037
 Diffusion constant  (Bohr^2)  =
 Correlation time     (steps)  = 5.6342E+00 +- 1.4907E-02
 Efficiency      (au^-2 s^-1)  = 7.2604E+04
 No. of VMC steps per process  = 2500000

  Block average energies (au)

  Total energy                       (au) =         -14.648158124917
  Standard error                        +/-           0.000081747130

  Kinetic energy KEI (used in Total) (au) =
  Standard error                        +/-

  Kinetic energy TI                  (au) =
  Standard error                        +/-

  Kinetic energy FISQ                (au) =
  Standard error                        +/-

  Potential energy                   (au) =
  Standard error                        +/-

  e-e interaction                    (au) =
  Standard error                        +/-

  e-n interaction                    (au) =
  Standard error                        +/-

  Variance of local energy           (au) =           0.066825925686
  Standard error                        +/-

  Maximum distance from origin       (au) =


 Time taken in block    : : :      365.8128 s


 =========================================================================
 In block : 8

 Acceptance ratio         (%)  =  69.9815
 Diffusion constant  (Bohr^2)  =
 Correlation time     (steps)  = 5.5812E+00 +- 1.4669E-02
 Efficiency      (au^-2 s^-1)  = 8.8051E+04
 No. of VMC steps per process  = 2500000

  Block average energies (au)

  Total energy                       (au) =         -14.648086660109
  Standard error                        +/-           0.000081987988

  Kinetic energy KEI (used in Total) (au) =
  Standard error                        +/-

  Kinetic energy TI                  (au) =
  Standard error                        +/-

  Kinetic energy FISQ                (au) =
  Standard error                        +/-

  Potential energy                   (au) =
  Standard error                        +/-

  e-e interaction                    (au) =
  Standard error                        +/-

  e-n interaction                    (au) =
  Standard error                        +/-

  Variance of local energy           (au) =           0.067220294640
  Standard error                        +/-

  Maximum distance from origin       (au) =


 Time taken in block    : : :      302.7149 s


 =========================================================================
 In block : 9

 Acceptance ratio         (%)  =  69.9933
 Diffusion constant  (Bohr^2)  =
 Correlation time     (steps)  = 5.5724E+00 +- 1.4644E-02
 Efficiency      (au^-2 s^-1)  = 8.9061E+04
 No. of VMC steps per process  = 2500000

  Block average energies (au)

  Total energy                       (au) =         -14.648186270443
  Standard error                        +/-           0.000082055535

  Kinetic energy KEI (used in Total) (au) =
  Standard error                        +/-

  Kinetic energy TI                  (au) =
  Standard error                        +/-

  Kinetic energy FISQ                (au) =
  Standard error                        +/-

  Potential energy                   (au) =
  Standard error                        +/-

  e-e interaction                    (au) =
  Standard error                        +/-

  e-n interaction                    (au) =
  Standard error                        +/-

  Variance of local energy           (au) =           0.067331101209
  Standard error                        +/-

  Maximum distance from origin       (au) =


 Time taken in block    : : :      299.2649 s


 =========================================================================
 In block : 10

 Acceptance ratio         (%)  =  70.0006
 Diffusion constant  (Bohr^2)  =
 Correlation time     (steps)  = 5.5742E+00 +- 1.4647E-02
 Efficiency      (au^-2 s^-1)  = 8.8750E+04
 No. of VMC steps per process  = 2500000

  Block average energies (au)

  Total energy                       (au) =         -14.648269310724
  Standard error                        +/-           0.000082056458

  Kinetic energy KEI (used in Total) (au) =
  Standard error                        +/-

  Kinetic energy TI                  (au) =
  Standard error                        +/-

  Kinetic energy FISQ                (au) =
  Standard error                        +/-

  Potential energy                   (au) =
  Standard error                        +/-

  e-e interaction                    (au) =
  Standard error                        +/-

  e-n interaction                    (au) =
  Standard error                        +/-

  Variance of local energy           (au) =           0.067332616610
  Standard error                        +/-

  Maximum distance from origin       (au) =


 Time taken in block    : : :      300.2120 s


 =========================================================================
 FINAL RESULT:

  VMC energy (au)    Standard error      Correction for serial correlation

 -14.648225683962 +/- 0.000025924546      No correction
 -14.648225683962 +/- 0.000061261078      Correlation time method
 -14.648225683962 +/- 0.000072790940      On-the-fly reblocking method

 Sample variance of E_L (au^2/sim.cell) : 0.067208210138


 =========================================================================

 Total PyCasino real time : : :    3642.1510
