
 ------------------------------------------------------------------------------
 ########::'##:::'##::'######:::::'###:::::'######::'####:'##::: ##::'#######::
 ##.... ##:. ##:'##::'##... ##:::'## ##:::'##... ##:. ##:: ###:: ##:'##.... ##:
 ##:::: ##::. ####::: ##:::..:::'##:. ##:: ##:::..::: ##:: ####: ##: ##:::: ##:
 ########::::. ##:::: ##:::::::'##:::. ##:. ######::: ##:: ## ## ##: ##:::: ##:
 ##.....:::::: ##:::: ##::::::: #########::..... ##:: ##:: ##. ####: ##:::: ##:
 ##::::::::::: ##:::: ##::: ##: ##.... ##:'##::: ##:: ##:: ##:. ###: ##:::: ##:
 ##::::::::::: ##::::. ######:: ##:::: ##:. ######::'####: ##::. ##:. #######::
 .::::::::::::..::::::......:::..:::::..:::......:::....::..::::..:::.......:::

                     Python Quantum Monte Carlo Package
                        v 0.4.0 [Vladimir Konkov]

    Main Author : Vladimir Konkov
 ------------------------------------------------------------------------------
 Started 2026/09/25 09:30:16

 Python 3.12.3 (main, Aug 31 2026, 10:18:26) [GCC 13.3.0]
 Numba 0.67.0
 Numpy 2.2.6
 Scipy 1.13.1

 Running in parallel using 4 MPI processes.

 Warning: keywords not read by pycasino: newrun periodic writeout_vmc_hist

 General input parameters
 ========================
 NEU (num up spin electrons)              :  9
 NED (num down spin electrons)            :  9
 RUNTYPE (type of run)                    :  vmc_opt
 PSI_S  (form for [anti]symmetrizing wfn) :  slater
 ATOM_BASIS_TYPE (atom-centred orb basis) :  slater-type
 INTERACTION (interaction type)           :  coulomb
 TESTRUN (read input data,print and stop) :  F
 PERIODIC                                 :  F
 COMPLEX_WF (complex Slater wave fn.)     :  F
 NEIGHPRINT (neighbour analysis)          :  0
 USE_JASTROW (use Jastrow factor)         :  T
 BACKFLOW (use backflow corrections)      :  F
 USE_ORBMODS (use orbitals modifications) :  F
 CUSP_CORRECTION                          :  F
 NON_LOCAL_GRID (NL integration grid)     :  4
 E_OFFSET (energy offset)                 :  0.0000
 GAUTOL  (Gaussian evaluation tolerance)  :  7.0
 SPARSE                                   :  F
 DIPOLE_MOMENT                            :  F
 RELATIVISTIC                             :  F

 VMC/optimization input parameters
 ====================
 NEWRUN (start new run)                   :  T
 VMC_METHOD (choice of VMC algorithm)     :  3
 DTVMC (VMC time step)                    :  0.02
 OPT_DTVMC (VMC time-step optimization)   :  1
 VMC_NSTEP (num VMC steps)                :  1000000
 VMC_NCONFIG_WRITE (num configs to write) :  1000000
 VMC_NBLOCK (num VMC blocks)              :  1
 VMC_EQUIL_NSTEP (num equil steps)        :  5000
 VMC_DECORR_PERIOD (length of inner loop) :  10
 VMC_AVE_PERIOD (hist reduction factor)   :  1
 VMC_SAMPLING                             :  standard
 OPT_CYCLES (num optimization cycles)     :  4
 POSTFIT_VMC (perform post-fit VMC calc)  :  T
 POSTFIT_KEEP_CFG (keep post-fit VMC cfgs):  F
 OPT_NOCTF_CYCLES (fixed cutoff cycles)   :  0
 OPT_INFO (information level)             :  2
 OPT_JASTROW (opt Jastrow factor)         :  T
 OPT_DET_COEFF (opt det coeffs)           :  F
 OPT_ORBITALS (opt orbitals)              :  F
 OPT_BACKFLOW (opt backflow params)       :  F
 OPT_FIXNL (fix nonlocal energy)          :  F
 OPT_MAXITER (max num iterations)         :  10
 OPT_MAXEVAL (max num evaluations)        :  200
 VM_SMOOTH_LIMITS (smooth limiting)       :  F
 VM_REWEIGHT (reweighting)                :  F
 VM_FILTER (filter outlying configs)      :  T
 VM_USE_E_GUESS (use guess energy)        :  F
 EMIN_XI_VALUE (xi parameter)             :  1.0
 VM_FILTER_THRES (filter threshold)       :  4.0
 MAKEMOVIE                                :  F
 FORCES                                   :  F

 BEGIN VMC CALCULATION
 =====================

 Running VMC equilibration (5000 moves).
 Performing time-step optimization.
 DTVMC: 1.57401e-04

 Starting VMC.

 =========================================================================
 In block : 1

 Acceptance ratio         (%)  =  70.5898
 Diffusion constant  (Bohr^2)  =
 Correlation time     (steps)  = 2.4613E+01 +- 4.2424E-01
 Efficiency      (au^-2 s^-1)  = 3.8282E+00
 No. of VMC steps per process  = 250000

  Block average energies (au)

  Total energy                       (au) =        -526.486642124697
  Standard error                        +/-           0.007788876916

  Kinetic energy KEI (used in Total) (au) =
  Standard error                        +/-

  Kinetic energy TI                  (au) =
  Standard error                        +/-

  Kinetic energy FISQ                (au) =
  Standard error                        +/-

  Potential energy                   (au) =
  Standard error                        +/-

  e-e interaction                    (au) =
  Standard error                        +/-

  e-n interaction                    (au) =
  Standard error                        +/-

  Variance of local energy           (au) =          60.666542938561
  Standard error                        +/-

  Maximum distance from origin       (au) =


 Time taken in block    : : :      174.9447 s


 =========================================================================
 FINAL RESULT:

  VMC energy (au)    Standard error      Correction for serial correlation

 -526.486642124697 +/- 0.007788876916      No correction
 -526.486642124697 +/- 0.038641588142      Correlation time method
 -526.486642124697 +/- 0.041273202051      On-the-fly reblocking method

 Sample variance of E_L (au^2/sim.cell) : 60.666542938561


 ==========================================
 PERFORMING OPTIMIZATION CALCULATION No. 1.
 ==========================================


 Optimization start
 ==================
   Iteration     Total nfev        Cost      Cost reduction    Step norm     Optimality
       0              1         5.4248e+01                                    1.78e+06
       1              2         1.3942e+01      4.03e+01       3.44e-01       5.00e+05
       2              3         9.5766e+00      4.37e+00       9.62e-01       2.47e+04
       3              4         9.3977e+00      1.79e-01       1.66e-01       1.49e+04
       4              5         9.3963e+00      1.47e-03       5.40e-02       2.69e+03
`ftol` termination condition is satisfied.
Function evaluations 5, initial cost 5.4248e+01, final cost 9.3963e+00, first-order optimality 2.69e+03.
 Norm of Jacobian at the solution: 3.95907e+00

 BEGIN VMC CALCULATION
 =====================

 Running VMC equilibration (5000 moves).
 Performing time-step optimization.
 DTVMC: 1.61183e-04

 Starting VMC.

 =========================================================================
 In block : 1

 Acceptance ratio         (%)  =  69.5711
 Diffusion constant  (Bohr^2)  =
 Correlation time     (steps)  = 8.2400E+00 +- 8.2443E-02
 Efficiency      (au^-2 s^-1)  = 7.0984E+01
 No. of VMC steps per process  = 250000

  Block average energies (au)

  Total energy                       (au) =        -527.388291589977
  Standard error                        +/-           0.003263775445

  Kinetic energy KEI (used in Total) (au) =
  Standard error                        +/-

  Kinetic energy TI                  (au) =
  Standard error                        +/-

  Kinetic energy FISQ                (au) =
  Standard error                        +/-

  Potential energy                   (au) =
  Standard error                        +/-

  e-e interaction                    (au) =
  Standard error                        +/-

  e-n interaction                    (au) =
  Standard error                        +/-

  Variance of local energy           (au) =          10.652219500043
  Standard error                        +/-

  Maximum distance from origin       (au) =


 Time taken in block    : : :      160.4994 s


 =========================================================================
 FINAL RESULT:

  VMC energy (au)    Standard error      Correction for serial correlation

 -527.388291589977 +/- 0.003263775445      No correction
 -527.388291589977 +/- 0.009368778254      Correlation time method
 -527.388291589977 +/- 0.012294175890      On-the-fly reblocking method

 Sample variance of E_L (au^2/sim.cell) : 10.652219500043


 ==========================================
 PERFORMING OPTIMIZATION CALCULATION No. 2.
 ==========================================


 Optimization start
 ==================
 E_0 -527.35431780 minimal allowed energy -540.41884091 serial correlation factor 4.06
 Trust radius max|delta p| < 0.2 reached at level shift 3.93e-01
   Level shift          E_lin        max|dp| max|dlog(psi)|         E_corr       Penalty         Target
           inf                                               -527.35431780    0.03982474  -527.31449306
      3.93e-01  -527.37399353     2.0000e-01     4.4209e-02  -527.37828387    0.04056064  -527.33772323
      3.93e+00  -527.36398997     6.7947e-02     8.6099e-03  -527.36620173    0.04037974  -527.32582199
      3.93e+01  -527.35800873     2.0535e-03     3.9160e-03  -527.35970443    0.03994971  -527.31975473
      3.93e+02  -527.35493140     2.2477e-03     6.5242e-04  -527.35543256    0.03981823  -527.31561433
 Best level shift is the smallest scanned one, the trust radius may be too large
 Optimization end
 ================
 Norm of scaled energy gradient at the starting point: 1.08208e+00
 Level shift 3.93e-01, target -527.31449306 -> -527.33772323, gain 0.02323017.
 Scaled delta p over 58 of 58 parameters: norm 1.1086e-01, rms 1.4557e-02, max 4.4209e-02

 BEGIN VMC CALCULATION
 =====================

 Running VMC equilibration (5000 moves).
 Performing time-step optimization.
 DTVMC: 1.65513e-04

 Starting VMC.

 =========================================================================
 In block : 1

 Acceptance ratio         (%)  =  69.2191
 Diffusion constant  (Bohr^2)  =
 Correlation time     (steps)  = 7.3000E+00 +- 6.8894E-02
 Efficiency      (au^-2 s^-1)  = 8.1001E+01
 No. of VMC steps per process  = 250000

  Block average energies (au)

  Total energy                       (au) =        -527.383196391266
  Standard error                        +/-           0.003298012529

  Kinetic energy KEI (used in Total) (au) =
  Standard error                        +/-

  Kinetic energy TI                  (au) =
  Standard error                        +/-

  Kinetic energy FISQ                (au) =
  Standard error                        +/-

  Potential energy                   (au) =
  Standard error                        +/-

  e-e interaction                    (au) =
  Standard error                        +/-

  e-n interaction                    (au) =
  Standard error                        +/-

  Variance of local energy           (au) =          10.876875762537
  Standard error                        +/-

  Maximum distance from origin       (au) =


 Time taken in block    : : :      155.4832 s


 =========================================================================
 FINAL RESULT:

  VMC energy (au)    Standard error      Correction for serial correlation

 -527.383196391266 +/- 0.003298012529      No correction
 -527.383196391266 +/- 0.008910752230      Correlation time method
 -527.383196391266 +/- 0.011800806097      On-the-fly reblocking method

 Sample variance of E_L (au^2/sim.cell) : 10.876875762537


 ==========================================
 PERFORMING OPTIMIZATION CALCULATION No. 3.
 ==========================================


 Optimization start
 ==================
 E_0 -527.39977519 minimal allowed energy -540.61646530 serial correlation factor 3.64
 Trust radius max|delta p| < 0.2 reached at level shift 8.94e-01
   Level shift          E_lin        max|dp| max|dlog(psi)|         E_corr       Penalty         Target
           inf                                               -527.39977519    0.03610874  -527.36366645
      8.94e-01  -527.40098618     2.0000e-01     2.1415e-02  -527.40273153    0.03626106  -527.36647047
      8.94e+00  -527.39953713     2.5305e-02     3.7506e-03  -527.39999954    0.03618551  -527.36381403
      8.94e+01  -527.39949241     4.2116e-03     5.2822e-04  -527.39962218    0.03612547  -527.36349671
      8.94e+02  -527.39972612     4.9642e-04     5.8882e-05  -527.39974634    0.03611030  -527.36363604
 Best level shift is the smallest scanned one, the trust radius may be too large
 Optimization end
 ================
 Norm of scaled energy gradient at the starting point: 5.67315e-01
 Level shift 8.94e-01, target -527.36366645 -> -527.36647047, gain 0.00280402.
 Scaled delta p over 58 of 58 parameters: norm 4.2991e-02, rms 5.6450e-03, max 2.1415e-02

 BEGIN VMC CALCULATION
 =====================

 Running VMC equilibration (5000 moves).
 Performing time-step optimization.
 DTVMC: 1.56482e-04

 Starting VMC.

 =========================================================================
 In block : 1

 Acceptance ratio         (%)  =  69.9771
 Diffusion constant  (Bohr^2)  =
 Correlation time     (steps)  = 7.6313E+00 +- 7.3745E-02
 Efficiency      (au^-2 s^-1)  = 7.7017E+01
 No. of VMC steps per process  = 250000

  Block average energies (au)

  Total energy                       (au) =        -527.399888880293
  Standard error                        +/-           0.003305249738

  Kinetic energy KEI (used in Total) (au) =
  Standard error                        +/-

  Kinetic energy TI                  (au) =
  Standard error                        +/-

  Kinetic energy FISQ                (au) =
  Standard error                        +/-

  Potential energy                   (au) =
  Standard error                        +/-

  e-e interaction                    (au) =
  Standard error                        +/-

  e-n interaction                    (au) =
  Standard error                        +/-

  Variance of local energy           (au) =          10.924664905062
  Standard error                        +/-

  Maximum distance from origin       (au) =


 Time taken in block    : : :      155.7426 s


 =========================================================================
 FINAL RESULT:

  VMC energy (au)    Standard error      Correction for serial correlation

 -527.399888880293 +/- 0.003305249738      No correction
 -527.399888880293 +/- 0.009130687304      Correlation time method
 -527.399888880293 +/- 0.012032732000      On-the-fly reblocking method

 Sample variance of E_L (au^2/sim.cell) : 10.924664905062


 ==========================================
 PERFORMING OPTIMIZATION CALCULATION No. 4.
 ==========================================


 Optimization start
 ==================
 E_0 -527.39005041 minimal allowed energy -540.70204305 serial correlation factor 3.65
 Trust radius max|delta p| < 0.2 reached at level shift 2.59e-01
   Level shift          E_lin        max|dp| max|dlog(psi)|         E_corr       Penalty         Target
           inf                                               -527.39005041    0.03643514  -527.35361527
      2.59e-01  -527.39177054     2.0000e-01     4.2331e-02  -527.39381081    0.03656015  -527.35725065
      2.59e+00  -527.38992495     2.4011e-02     6.0635e-03  -527.39035455    0.03645002  -527.35390453
      2.59e+01  -527.38995855     8.5749e-03     8.0546e-04  -527.39004450    0.03643080  -527.35361370
      2.59e+02  -527.39003668     1.9660e-03     9.4605e-05  -527.39005769    0.03643449  -527.35362320
 Best level shift is the smallest scanned one, the trust radius may be too large
 Optimization end
 ================
 Norm of scaled energy gradient at the starting point: 3.34819e-01
 Level shift 2.59e-01, target -527.35361527 -> -527.35725065, gain 0.00363538.
 Scaled delta p over 58 of 58 parameters: norm 8.7984e-02, rms 1.1553e-02, max 4.2331e-02

 BEGIN VMC CALCULATION
 =====================

 Running VMC equilibration (5000 moves).
 Performing time-step optimization.
 DTVMC: 1.60223e-04

 Starting VMC.

 =========================================================================
 In block : 1

 Acceptance ratio         (%)  =  69.6317
 Diffusion constant  (Bohr^2)  =
 Correlation time     (steps)  = 7.2377E+00 +- 6.7924E-02
 Efficiency      (au^-2 s^-1)  = 8.0544E+01
 No. of VMC steps per process  = 250000

  Block average energies (au)

  Total energy                       (au) =        -527.385346099660
  Standard error                        +/-           0.003321472797

  Kinetic energy KEI (used in Total) (au) =
  Standard error                        +/-

  Kinetic energy TI                  (au) =
  Standard error                        +/-

  Kinetic energy FISQ                (au) =
  Standard error                        +/-

  Potential energy                   (au) =
  Standard error                        +/-

  e-e interaction                    (au) =
  Standard error                        +/-

  e-n interaction                    (au) =
  Standard error                        +/-

  Variance of local energy           (au) =          11.032170508639
  Standard error                        +/-

  Maximum distance from origin       (au) =


 Time taken in block    : : :      155.4910 s


 =========================================================================
 FINAL RESULT:

  VMC energy (au)    Standard error      Correction for serial correlation

 -527.385346099660 +/- 0.003321472797      No correction
 -527.385346099660 +/- 0.008935723522      Correlation time method
 -527.385346099660 +/- 0.011520591664      On-the-fly reblocking method

 Sample variance of E_L (au^2/sim.cell) : 11.032170508639


 =========================================================================

 Total PyCasino real time : : :    3618.9401
