
 ------------------------------------------------------------------------------
 ########::'##:::'##::'######:::::'###:::::'######::'####:'##::: ##::'#######::
 ##.... ##:. ##:'##::'##... ##:::'## ##:::'##... ##:. ##:: ###:: ##:'##.... ##:
 ##:::: ##::. ####::: ##:::..:::'##:. ##:: ##:::..::: ##:: ####: ##: ##:::: ##:
 ########::::. ##:::: ##:::::::'##:::. ##:. ######::: ##:: ## ## ##: ##:::: ##:
 ##.....:::::: ##:::: ##::::::: #########::..... ##:: ##:: ##. ####: ##:::: ##:
 ##::::::::::: ##:::: ##::: ##: ##.... ##:'##::: ##:: ##:: ##:. ###: ##:::: ##:
 ##::::::::::: ##::::. ######:: ##:::: ##:. ######::'####: ##::. ##:. #######::
 .::::::::::::..::::::......:::..:::::..:::......:::....::..::::..:::.......:::

                     Python Quantum Monte Carlo Package
                        v 0.4.0 [Vladimir Konkov]

    Main Author : Vladimir Konkov
 ------------------------------------------------------------------------------
 Started 2026/07/26 21:05:20

 Python 3.12.3 (main, Jun 19 2026, 12:46:00) [GCC 13.3.0]
 Numba 0.63.1
 Numpy 2.2.6
 Scipy 1.13.1

 Running in parallel using 4 MPI processes.

 General input parameters
 ========================
 NEU (num up spin electrons)              :  2
 NED (num down spin electrons)            :  2
 RUNTYPE (type of run)                    :  vmc_opt
 PSI_S  (form for [anti]symmetrizing wfn) :  slater
 ATOM_BASIS_TYPE (atom-centred orb basis) :  slater-type
 INTERACTION (interaction type)           :  coulomb
 TESTRUN (read input data,print and stop) :  F
 PERIODIC                                 :  F
 COMPLEX_WF (complex Slater wave fn.)     :  F
 NEIGHPRINT (neighbour analysis)          :  0
 USE_JASTROW (use Jastrow factor)         :  T
 BACKFLOW (use backflow corrections)      :  T
 USE_ORBMODS (use orbitals modifications) :  F
 CUSP_CORRECTION                          :  F
 NON_LOCAL_GRID (NL integration grid)     :  4
 E_OFFSET (energy offset)                 :  0.0000
 GAUTOL  (Gaussian evaluation tolerance)  :  7.0
 SPARSE                                   :  F
 DIPOLE_MOMENT                            :  F
 RELATIVISTIC                             :  F

 VMC/optimization input parameters
 ====================
 NEWRUN (start new run)                   :  T
 VMC_METHOD (choice of VMC algorithm)     :  3
 DTVMC (VMC time step)                    :  0.02
 OPT_DTVMC (VMC time-step optimization)   :  T
 VMC_NSTEP (num VMC steps)                :  100000
 VMC_NCONFIG_WRITE (num configs to write) :  100000
 VMC_NBLOCK (num VMC blocks)              :  1
 VMC_EQUIL_NSTEP (num equil steps)        :  5000
 VMC_DECORR_PERIOD (length of inner loop) :  10
 VMC_AVE_PERIOD (hist reduction factor)   :  1
 VMC_SAMPLING                             :  standard
 OPT_CYCLES (num optimization cycles)     :  4
 POSTFIT_VMC (perform post-fit VMC calc)  :  T
 POSTFIT_KEEP_CFG (keep post-fit VMC cfgs):  F
 OPT_NOCTF_CYCLES (fixed cutoff cycles)   :  0
 OPT_INFO (information level)             :  2
 OPT_JASTROW (opt Jastrow factor)         :  T
 OPT_DET_COEFF (opt det coeffs)           :  F
 OPT_ORBITALS (opt orbitals)              :  F
 OPT_BACKFLOW (opt backflow params)       :  T
 OPT_FIXNL (fix nonlocal energy)          :  F
 OPT_MAXITER (max num iterations)         :  10
 OPT_MAXEVAL (max num evaluations)        :  200
 VM_SMOOTH_LIMITS (smooth limiting)       :  F
 VM_REWEIGHT (reweighting)                :  F
 VM_FILTER (filter outlying configs)      :  F
 VM_USE_E_GUESS (use guess energy)        :  F
 EMIN_XI_VALUE (xi parameter)             :  1.0
 MAKEMOVIE                                :  F
 FORCES                                   :  F

 BEGIN VMC CALCULATION
 =====================

 Running VMC equilibration (5000 moves).
 Performing time-step optimization.
 Optimized step size: 0.22641
 DTVMC: 0.01709

 Starting VMC.

 =========================================================================
 In block : 1
  Number of VMC steps           = 100000

  Block average energies (au)

  Total energy                       (au) =         -14.576111952541
  Standard error                        +/-           0.005442264811

  Constant energy contributions      (au) =           0.000000000000

  Variance of local energy           (au) =           2.961795009170
  Standard error                        +/-           0.000000000000

 Time taken in block    : : :       6.7708

 =========================================================================
 FINAL RESULT:

  VMC energy (au)    Standard error      Correction for serial correlation

 -14.576111952541 +/- 0.005442264811      No correction
 -14.576111952541 +/- 0.007818000253      Correlation time method
 -14.576111952541 +/- 0.006434122482      On-the-fly reblocking method

 Sample variance of E_L (au^2/sim.cell) : 2.961795009170


 ==========================================
 PERFORMING OPTIMIZATION CALCULATION No. 1.
 ==========================================


 Optimization start
 ==================
   Iteration     Total nfev        Cost      Cost reduction    Step norm     Optimality
       0              1         7.6074e-01                                    1.23e+05
       1              2         6.4202e-02      6.97e-01       7.88e-02       2.00e+03
       2              3         3.1200e-02      3.30e-02       1.51e-01       3.26e+04
       3              4         2.1003e-02      1.02e-02       1.92e-01       7.04e+03
       4              5         1.7178e-02      3.82e-03       2.14e-01       1.38e+03
       5              6         1.5941e-02      1.24e-03       3.05e-01       6.12e+02
       6             10         1.5911e-02      2.96e-05       2.02e-02       1.11e+03
       7             11         1.5794e-02      1.17e-04       4.02e-03       2.56e+02
       8             12         1.5782e-02      1.26e-05       6.19e-03       4.47e+02
       9             13         1.5760e-02      2.18e-05       9.21e-04       1.32e+02
`ftol` termination condition is satisfied.
Function evaluations 13, initial cost 7.6074e-01, final cost 1.5760e-02, first-order optimality 1.32e+02.
 Norm of Jacobian at the solution: 3.61679e-13

 BEGIN VMC CALCULATION
 =====================

 Running VMC equilibration (5000 moves).
 Performing time-step optimization.
 Optimized step size: 0.22561
 DTVMC: 0.01697

 Starting VMC.

 =========================================================================
 In block : 1
  Number of VMC steps           = 100000

  Block average energies (au)

  Total energy                       (au) =         -14.640219022199
  Standard error                        +/-           0.000380032219

  Constant energy contributions      (au) =           0.000000000000

  Variance of local energy           (au) =           0.014442304328
  Standard error                        +/-           0.000000000000

 Time taken in block    : : :       6.2565

 =========================================================================
 FINAL RESULT:

  VMC energy (au)    Standard error      Correction for serial correlation

 -14.640219022199 +/- 0.000380032219      No correction
 -14.640219022199 +/- 0.001518269208      Correlation time method
 -14.640219022199 +/- 0.002101440181      On-the-fly reblocking method

 Sample variance of E_L (au^2/sim.cell) : 0.014442304328


 ==========================================
 PERFORMING OPTIMIZATION CALCULATION No. 2.
 ==========================================


 Optimization start
 ==================
 E_0 -14.64005256 minimal allowed energy -15.12687134
 Trust radius Q < 0.01 reached at level shift 9.35e-02
 level shift        inf  E_corr -14.64005256  penalty 0.00115459  target -14.63889797
 level shift 9.35e-02  E_lin -14.64919170  Q 9.9999e-03  max |delta p| 2.5610e+00
                       E_corr -12.34236501  penalty 0.34296369  target -11.99940132
 level shift 9.35e-01  E_lin -14.64543990  Q 4.1116e-03  max |delta p| 2.9243e-01
                       E_corr -14.64766171  penalty 0.00219854  target -14.64546318
 level shift 9.35e+00  E_lin -14.64193041  Q 7.4004e-04  max |delta p| 1.5911e-02
                       E_corr -14.64344398  penalty 0.00130920  target -14.64213478
 Chosen level shift 9.35e-01, target -14.64546318
 delta p / p
[ 5.03757181e-03 -3.86584502e-02 -1.10896918e-01  1.77745569e-01
  9.29580882e-02 -7.23176098e-02 -2.94280880e-01  5.44040110e-02
 -7.38340403e-02  2.67889742e-02  3.15573892e-01 -6.67757925e-02
  2.43647001e-02 -1.24858670e-02  1.14176970e-02 -1.18628823e-02
  4.89283849e-02  2.56092620e-04  6.12037079e-03  3.01276796e-02
 -3.10858973e-02  1.36508509e-03  4.11212393e-02 -5.40561008e-03
  1.50726032e-02 -7.31201076e-05 -1.07891944e-03 -2.38826284e-02
 -2.81334888e-03 -1.88218038e-03  1.26839149e-02  2.05709896e-01
 -1.57035740e-02  1.18953441e-02  1.31725377e-02  2.25864901e-02
 -9.25226481e-03 -2.05867715e-03  3.00770288e-03 -5.62968214e-02
 -1.38744503e-02 -1.34447436e-02 -1.96949992e-01 -4.34314818e-04
  1.31219075e-02 -4.46668018e-03  2.32043603e-03  7.16968394e-02
 -1.45273129e-02 -2.81583249e-02  4.30498980e-02 -2.83438479e-01
  4.20990850e-03  3.78484221e-02 -2.10289054e-03 -5.70025338e-04
  2.52514158e-03  6.09159682e-03 -5.35621320e-02  5.50749013e-03
  2.68963498e-02 -2.88340399e-02  3.89050788e-02 -1.02949344e-01
  1.80893000e-02 -2.02745657e+00  6.67541016e-03 -6.74995827e-02
  2.23743677e-02 -1.61315308e-02  3.14787996e-02 -3.91621278e-03
  3.61420467e-02  1.76137410e-02 -9.34301703e-03 -2.71826105e-02
 -4.21510387e-02  2.75503501e-02  2.16056965e-01  5.84865907e-02
 -1.84085521e+00  2.70227187e-02 -9.37413864e-02 -4.05795027e-02
  6.88723157e-02 -3.29292940e-03  3.13538751e-01  1.72097978e-01
 -5.99848479e-01 -1.62472562e-01  1.27477621e-01 -1.10393218e-01
 -1.78760114e+00  7.74938581e-02  4.66572145e-02 -2.53717769e-02
 -1.33415737e-02 -2.40767200e-01  1.63185106e-01  4.81760029e-03
  2.10531699e-02  9.84087728e-03 -1.33998163e-02  2.73701393e-02
 -8.26603763e-03  6.63199470e-01 -1.30112330e-01  9.69926853e-02
 -5.04302371e-03 -4.84829690e-02 -6.47629490e-02 -1.26360713e-02
  2.36288628e-02 -2.33869980e-02 -7.16347407e-01  1.21791050e-02
  4.49409727e-03 -5.95718978e-02  1.25996047e-03 -5.34523146e-03
  3.99396402e-02 -8.02020084e-03  1.91475251e-02 -4.49017477e-03
  3.27064160e-02 -2.36061943e-02 -1.11913376e-01  6.81398942e-03
  6.45012863e-03 -8.73604405e-03  2.17747528e-02 -1.31658931e-02
 -1.39040219e-02 -1.17415409e-01 -4.70247028e-02 -8.03487001e-03
 -6.09604973e-03 -1.75642882e-03  6.37390810e-03 -2.64949345e-03
  1.75751315e-02  3.68882819e-02  4.15569320e-02 -1.07052548e-02
 -1.75973653e-01  4.72829908e-03  1.93011518e-03  2.21728684e-02
 -2.88709729e-02 -3.35596368e-02  1.39679761e-04 -4.21113111e-03
 -2.10311313e-02 -8.52459055e-03  9.23761024e-03  1.77296060e-02
  8.16437897e-03  4.43334952e-04 -1.29830666e-02  7.35827133e-02
 -6.42612507e-02  3.41035474e-02 -1.04768329e-02  3.23784176e-02
  1.51229516e-01  6.66146822e-01  1.05330772e-01  3.75545250e-02
 -3.24531773e-02 -2.04647208e-01 -7.11593052e-02 -2.58857291e-02
 -5.35691866e-01 -1.72732663e-01  1.35431547e-01  4.76559524e-02
 -4.48832559e-02  4.27384316e-02 -3.11327879e-01 -5.71506078e-02
  8.67408147e-02 -1.48556572e-01  1.49458727e+00 -8.31399274e-03
 -3.51497726e-02  1.42749773e-02 -1.08077547e-01 -1.02140096e-02
  3.76906777e-02  2.70936986e-02  1.45711723e-01 -1.94821684e+00
 -4.97982567e-02 -7.08624795e-02  9.27670850e-03  1.47433491e-02
 -3.02685998e-02 -2.23402962e-02  2.05042377e-02  6.99835803e-02
 -2.80951534e-02 -8.81773247e-01  8.69126113e-03 -1.68737943e-02
  9.42532605e-03 -1.21237092e-03 -1.75647883e-02 -6.28705743e-02
  1.71543024e-02 -2.71394640e-02  5.74302447e-02 -5.09968407e-03
 -7.92958696e-04  6.96211695e-03  3.80516514e-02  7.80011467e-02
  2.05718382e-02  4.69204350e-02  9.67897560e-04  2.65343017e-03
 -7.13868957e-02  5.93338169e-03  1.06320643e-01]

 BEGIN VMC CALCULATION
 =====================

 Running VMC equilibration (5000 moves).
 Performing time-step optimization.
 Optimized step size: 0.22811
 DTVMC: 0.01734

 Starting VMC.

 =========================================================================
 In block : 1
  Number of VMC steps           = 100000

  Block average energies (au)

  Total energy                       (au) =         -14.648778946967
  Standard error                        +/-           0.000725820639

  Constant energy contributions      (au) =           0.000000000000

  Variance of local energy           (au) =           0.052681033217
  Standard error                        +/-           0.000000000000

 Time taken in block    : : :       5.8823

 =========================================================================
 FINAL RESULT:

  VMC energy (au)    Standard error      Correction for serial correlation

 -14.648778946967 +/- 0.000725820639      No correction
 -14.648778946967 +/- 0.001953711525      Correlation time method
 -14.648778946967 +/- 0.001641916159      On-the-fly reblocking method

 Sample variance of E_L (au^2/sim.cell) : 0.052681033217


 ==========================================
 PERFORMING OPTIMIZATION CALCULATION No. 3.
 ==========================================


 Optimization start
 ==================
 E_0 -14.64922074 minimal allowed energy -15.55404769
 Trust radius Q < 0.01 reached at level shift 1.00e-08
 level shift        inf  E_corr -14.64922074  penalty 0.00214599  target -14.64707475
 level shift 1.00e-08  E_lin -14.65722461  Q 9.3171e-03  max |delta p| 5.3709e+00
                       E_corr -7168.58956159  rejected
 level shift 1.00e-07  E_lin -14.65718783  Q 9.2470e-03  max |delta p| 3.2046e+00
                       E_corr -2871.03915780  rejected
 level shift 1.00e-06  E_lin -14.65710124  Q 9.0742e-03  max |delta p| 3.1954e+00
                       E_corr -620.68070932  rejected
 Chosen level shift inf, target -14.64707475
 delta p / p
[ 0.  0.  0. -0. -0.  0.  0. -0.  0.  0.  0. -0.  0. -0.  0.  0. -0.  0.
 -0. -0.  0.  0.  0. -0.  0.  0.  0. -0. -0.  0. -0. -0. -0.  0.  0. -0.
 -0.  0. -0.  0.  0.  0.  0. -0.  0.  0. -0. -0.  0.  0. -0.  0.  0.  0.
 -0.  0.  0. -0.  0.  0.  0. -0.  0. -0.  0.  0.  0. -0.  0. -0.  0. -0.
  0.  0. -0. -0. -0.  0.  0.  0.  0.  0. -0. -0.  0.  0. -0. -0.  0. -0.
  0. -0.  0.  0.  0. -0. -0. -0.  0.  0. -0. -0. -0.  0. -0. -0.  0. -0.
  0.  0. -0. -0.  0. -0. -0.  0. -0.  0. -0.  0.  0. -0.  0. -0.  0. -0.
  0. -0.  0.  0.  0.  0. -0.  0. -0. -0.  0. -0. -0.  0. -0. -0.  0.  0.
 -0.  0. -0. -0. -0. -0.  0. -0. -0.  0. -0. -0. -0.  0. -0.  0. -0. -0.
  0.  0.  0.  0.  0. -0. -0. -0. -0. -0. -0. -0.  0.  0.  0.  0. -0. -0.
  0.  0.  0. -0. -0.  0.  0. -0.  0.  0.  0. -0. -0.  0. -0.  0.  0. -0.
 -0.  0. -0. -0.  0.  0. -0. -0.  0.  0. -0.  0.  0. -0.  0. -0.  0.  0.
 -0. -0.  0. -0.  0.  0. -0.]

 BEGIN VMC CALCULATION
 =====================

 Running VMC equilibration (5000 moves).
 Performing time-step optimization.
 Optimized step size: 0.22511
 DTVMC: 0.01689

 Starting VMC.

 =========================================================================
 In block : 1
  Number of VMC steps           = 100000

  Block average energies (au)

  Total energy                       (au) =         -14.647460647789
  Standard error                        +/-           0.000722346659

  Constant energy contributions      (au) =           0.000000000000

  Variance of local energy           (au) =           0.052177947721
  Standard error                        +/-           0.000000000000

 Time taken in block    : : :       5.8919

 =========================================================================
 FINAL RESULT:

  VMC energy (au)    Standard error      Correction for serial correlation

 -14.647460647789 +/- 0.000722346659      No correction
 -14.647460647789 +/- 0.002015710648      Correlation time method
 -14.647460647789 +/- 0.001700573485      On-the-fly reblocking method

 Sample variance of E_L (au^2/sim.cell) : 0.052177947721


 ==========================================
 PERFORMING OPTIMIZATION CALCULATION No. 4.
 ==========================================


 Optimization start
 ==================
 E_0 -14.64597163 minimal allowed energy -15.57076008
 Trust radius Q < 0.01 reached at level shift 7.06e-06
 level shift        inf  E_corr -14.64597163  penalty 0.00219333  target -14.64377830
 level shift 7.06e-06  E_lin -14.65440628  Q 1.0000e-02  max |delta p| 2.7071e+00
                       E_corr -165.44571934  rejected
 level shift 7.06e-05  E_lin -14.65395079  Q 9.2273e-03  max |delta p| 1.7426e+00
                       E_corr -13.48676593  penalty 0.06543835  target -13.42132758
 level shift 7.06e-04  E_lin -14.65328592  Q 8.1470e-03  max |delta p| 1.1583e+00
                       E_corr -14.61810310  penalty 0.00651843  target -14.61158467
 Chosen level shift inf, target -14.64377830
 delta p / p
[ 0.  0.  0. -0. -0.  0.  0. -0.  0.  0.  0. -0.  0. -0.  0.  0. -0.  0.
 -0. -0.  0.  0.  0. -0.  0.  0.  0. -0. -0.  0. -0. -0. -0.  0.  0. -0.
 -0.  0. -0.  0.  0.  0.  0. -0.  0.  0. -0. -0.  0.  0. -0.  0.  0.  0.
 -0.  0.  0. -0.  0.  0.  0. -0.  0. -0.  0.  0.  0. -0.  0. -0.  0. -0.
  0.  0. -0. -0. -0.  0.  0.  0.  0.  0. -0. -0.  0.  0. -0. -0.  0. -0.
  0. -0.  0.  0.  0. -0. -0. -0.  0.  0. -0. -0. -0.  0. -0. -0.  0. -0.
  0.  0. -0. -0.  0. -0. -0.  0. -0.  0. -0.  0.  0. -0.  0. -0.  0. -0.
  0. -0.  0.  0.  0.  0. -0.  0. -0. -0.  0. -0. -0.  0. -0. -0.  0.  0.
 -0.  0. -0. -0. -0. -0.  0. -0. -0.  0. -0. -0. -0.  0. -0.  0. -0. -0.
  0.  0.  0.  0.  0. -0. -0. -0. -0. -0. -0. -0.  0.  0.  0.  0. -0. -0.
  0.  0.  0. -0. -0.  0.  0. -0.  0.  0.  0. -0. -0.  0. -0.  0.  0. -0.
 -0.  0. -0. -0.  0.  0. -0. -0.  0.  0. -0.  0.  0. -0.  0. -0.  0.  0.
 -0. -0.  0. -0.  0.  0. -0.]

 BEGIN VMC CALCULATION
 =====================

 Running VMC equilibration (5000 moves).
 Performing time-step optimization.
 Optimized step size: 0.22705
 DTVMC: 0.01718

 Starting VMC.

 =========================================================================
 In block : 1
  Number of VMC steps           = 100000

  Block average energies (au)

  Total energy                       (au) =         -14.648480787356
  Standard error                        +/-           0.000724707246

  Constant energy contributions      (au) =           0.000000000000

  Variance of local energy           (au) =           0.052519534111
  Standard error                        +/-           0.000000000000

 Time taken in block    : : :       5.9103

 =========================================================================
 FINAL RESULT:

  VMC energy (au)    Standard error      Correction for serial correlation

 -14.648480787356 +/- 0.000724707246      No correction
 -14.648480787356 +/- 0.001996337323      Correlation time method
 -14.648480787356 +/- 0.001670733602      On-the-fly reblocking method

 Sample variance of E_L (au^2/sim.cell) : 0.052519534111


 =========================================================================

 Total PyCasino real time : : :    477.5490
