
 ------------------------------------------------------------------------------
 ########::'##:::'##::'######:::::'###:::::'######::'####:'##::: ##::'#######::
 ##.... ##:. ##:'##::'##... ##:::'## ##:::'##... ##:. ##:: ###:: ##:'##.... ##:
 ##:::: ##::. ####::: ##:::..:::'##:. ##:: ##:::..::: ##:: ####: ##: ##:::: ##:
 ########::::. ##:::: ##:::::::'##:::. ##:. ######::: ##:: ## ## ##: ##:::: ##:
 ##.....:::::: ##:::: ##::::::: #########::..... ##:: ##:: ##. ####: ##:::: ##:
 ##::::::::::: ##:::: ##::: ##: ##.... ##:'##::: ##:: ##:: ##:. ###: ##:::: ##:
 ##::::::::::: ##::::. ######:: ##:::: ##:. ######::'####: ##::. ##:. #######::
 .::::::::::::..::::::......:::..:::::..:::......:::....::..::::..:::.......:::

                     Python Quantum Monte Carlo Package
                        v 0.4.0 [Vladimir Konkov]

    Main Author : Vladimir Konkov
 ------------------------------------------------------------------------------
 Started 2026/08/09 21:10:09

 Python 3.12.3 (main, Jun 19 2026, 12:46:00) [GCC 13.3.0]
 Numba 0.63.1
 Numpy 2.2.6
 Scipy 1.13.1

 Running in parallel using 4 MPI processes.

 General input parameters
 ========================
 NEU (num up spin electrons)              :  1
 NED (num down spin electrons)            :  1
 RUNTYPE (type of run)                    :  vmc_opt
 PSI_S  (form for [anti]symmetrizing wfn) :  slater
 ATOM_BASIS_TYPE (atom-centred orb basis) :  slater-type
 INTERACTION (interaction type)           :  coulomb
 TESTRUN (read input data,print and stop) :  F
 PERIODIC                                 :  F
 COMPLEX_WF (complex Slater wave fn.)     :  F
 NEIGHPRINT (neighbour analysis)          :  0
 USE_JASTROW (use Jastrow factor)         :  T
 BACKFLOW (use backflow corrections)      :  F
 USE_ORBMODS (use orbitals modifications) :  F
 CUSP_CORRECTION                          :  F
 NON_LOCAL_GRID (NL integration grid)     :  4
 E_OFFSET (energy offset)                 :  0.0000
 GAUTOL  (Gaussian evaluation tolerance)  :  7.0
 SPARSE                                   :  F
 DIPOLE_MOMENT                            :  F
 RELATIVISTIC                             :  F

 VMC/optimization input parameters
 ====================
 NEWRUN (start new run)                   :  T
 VMC_METHOD (choice of VMC algorithm)     :  3
 DTVMC (VMC time step)                    :  0.02
 OPT_DTVMC (VMC time-step optimization)   :  T
 VMC_NSTEP (num VMC steps)                :  1000000
 VMC_NCONFIG_WRITE (num configs to write) :  1000000
 VMC_NBLOCK (num VMC blocks)              :  1
 VMC_EQUIL_NSTEP (num equil steps)        :  5000
 VMC_DECORR_PERIOD (length of inner loop) :  10
 VMC_AVE_PERIOD (hist reduction factor)   :  1
 VMC_SAMPLING                             :  standard
 OPT_CYCLES (num optimization cycles)     :  4
 POSTFIT_VMC (perform post-fit VMC calc)  :  T
 POSTFIT_KEEP_CFG (keep post-fit VMC cfgs):  F
 OPT_NOCTF_CYCLES (fixed cutoff cycles)   :  0
 OPT_INFO (information level)             :  2
 OPT_JASTROW (opt Jastrow factor)         :  T
 OPT_DET_COEFF (opt det coeffs)           :  F
 OPT_ORBITALS (opt orbitals)              :  F
 OPT_BACKFLOW (opt backflow params)       :  F
 OPT_FIXNL (fix nonlocal energy)          :  F
 OPT_MAXITER (max num iterations)         :  10
 OPT_MAXEVAL (max num evaluations)        :  200
 VM_SMOOTH_LIMITS (smooth limiting)       :  F
 VM_REWEIGHT (reweighting)                :  F
 VM_FILTER (filter outlying configs)      :  T
 VM_USE_E_GUESS (use guess energy)        :  F
 EMIN_XI_VALUE (xi parameter)             :  1.0
 VM_FILTER_THRES (filter threshold)       :  4.0
 MAKEMOVIE                                :  F
 FORCES                                   :  F

 BEGIN VMC CALCULATION
 =====================

 Running VMC equilibration (5000 moves).
 Performing time-step optimization.
 Optimized step size: 0.50072
 DTVMC: 0.08357

 Starting VMC.

 =========================================================================
 In block : 1
  Number of VMC steps           = 1000000

  Block average energies (au)

  Total energy                       (au) =          -2.862153266046
  Standard error                        +/-           0.000725099358

  Constant energy contributions      (au) =           0.000000000000

  Variance of local energy           (au) =           0.525768552874
  Standard error                        +/-           0.000000000000

 Time taken in block    : : :       17.7499

 =========================================================================
 FINAL RESULT:

  VMC energy (au)    Standard error      Correction for serial correlation

 -2.862153266046 +/- 0.000725099358      No correction
 -2.862153266046 +/- 0.000896139586      Correlation time method
 -2.862153266046 +/- 0.000819942413      On-the-fly reblocking method

 Sample variance of E_L (au^2/sim.cell) : 0.525768552874


 ==========================================
 PERFORMING OPTIMIZATION CALCULATION No. 1.
 ==========================================


 Optimization start
 ==================
   Iteration     Total nfev        Cost      Cost reduction    Step norm     Optimality
       0              1         7.2887e-02                                    9.76e+04
       1              2         5.8299e-02      1.46e-02       3.36e-03       7.03e+04
       2              3         8.5094e-03      4.98e-02       7.88e-04       1.23e+04
       3              4         1.5103e-03      7.00e-03       2.87e-04       2.28e+03
       4              5         5.4180e-04      9.68e-04       3.54e-03       5.10e+01
       5              6         2.6262e-04      2.79e-04       8.70e-03       8.00e+01
       6              7         2.1869e-04      4.39e-05       8.20e-04       7.40e+00
       7              8         2.1869e-04      1.75e-09       1.58e-05       3.96e-02
`ftol` termination condition is satisfied.
Function evaluations 8, initial cost 7.2887e-02, final cost 2.1869e-04, first-order optimality 3.96e-02.
 Norm of Jacobian at the solution: 5.94214e-02

 BEGIN VMC CALCULATION
 =====================

 Running VMC equilibration (5000 moves).
 Performing time-step optimization.
 Optimized step size: 0.48989
 DTVMC: 0.08000

 Starting VMC.

 =========================================================================
 In block : 1
  Number of VMC steps           = 1000000

  Block average energies (au)

  Total energy                       (au) =          -2.903708929122
  Standard error                        +/-           0.000010173080

  Constant energy contributions      (au) =           0.000000000000

  Variance of local energy           (au) =           0.000103491446
  Standard error                        +/-           0.000000000000

 Time taken in block    : : :       18.2984

 =========================================================================
 FINAL RESULT:

  VMC energy (au)    Standard error      Correction for serial correlation

 -2.903708929122 +/- 0.000010173080      No correction
 -2.903708929122 +/- 0.000012608595      Correlation time method
 -2.903708929122 +/- 0.000011461569      On-the-fly reblocking method

 Sample variance of E_L (au^2/sim.cell) : 0.000103491446


 ==========================================
 PERFORMING OPTIMIZATION CALCULATION No. 2.
 ==========================================


 Optimization start
 ==================
 E_0 -2.90372318 minimal allowed energy -2.94304725 serial correlation factor 1.07
 Trust radius max |delta p| < 0.2 reached at level shift 1.59e-06
 level shift        inf  E_corr -2.90372318  penalty 0.00003160  target -2.90369158
 level shift 1.59e-06  E_lin -2.90372417  max |delta p| 2.0000e-01  max |delta p / scale| 7.0402e-01
                       E_corr -2.90371645  penalty 0.00003633  target -2.90368012
 level shift 1.59e-05  E_lin -2.90372399  max |delta p| 1.7661e-01  max |delta p / scale| 3.9393e-01
                       E_corr -2.90371837  penalty 0.00003541  target -2.90368296
 level shift 1.59e-04  E_lin -2.90372377  max |delta p| 1.3421e-01  max |delta p / scale| 1.6823e-01
                       E_corr -2.90372264  penalty 0.00003240  target -2.90369025
 level shift 1.59e-03  E_lin -2.90372355  max |delta p| 6.7644e-02  max |delta p / scale| 6.7644e-02
                       E_corr -2.90372214  penalty 0.00003155  target -2.90369059
 Chosen level shift inf, target -2.90369158
 delta p / p
[ 0.  0.  0. -0.  0. -0.  0. -0.  0.  0. -0. -0. -0. -0. -0.  0. -0.  0.
  0. -0. -0.  0.  0. -0.  0.  0.  0. -0.  0.  0. -0. -0.  0.  0.  0. -0.
  0. -0.  0.  0. -0. -0. -0.  0.  0.]

 BEGIN VMC CALCULATION
 =====================

 Running VMC equilibration (5000 moves).
 Performing time-step optimization.
 Optimized step size: 0.51138
 DTVMC: 0.08717

 Starting VMC.

 =========================================================================
 In block : 1
  Number of VMC steps           = 1000000

  Block average energies (au)

  Total energy                       (au) =          -2.903720109913
  Standard error                        +/-           0.000010066130

  Constant energy contributions      (au) =           0.000000000000

  Variance of local energy           (au) =           0.000101326874
  Standard error                        +/-           0.000000000000

 Time taken in block    : : :       17.7721

 =========================================================================
 FINAL RESULT:

  VMC energy (au)    Standard error      Correction for serial correlation

 -2.903720109913 +/- 0.000010066130      No correction
 -2.903720109913 +/- 0.000012659269      Correlation time method
 -2.903720109913 +/- 0.000011514600      On-the-fly reblocking method

 Sample variance of E_L (au^2/sim.cell) : 0.000101326874


 ==========================================
 PERFORMING OPTIMIZATION CALCULATION No. 3.
 ==========================================


 Optimization start
 ==================
 E_0 -2.90371142 minimal allowed energy -2.94442377 serial correlation factor 1.15
 Trust radius max |delta p| < 0.2 reached at level shift 5.24e-05
 level shift        inf  E_corr -2.90371142  penalty 0.00003506  target -2.90367637
 level shift 5.24e-05  E_lin -2.90371228  max |delta p| 2.0000e-01  max |delta p / scale| 3.2293e-01
                       E_corr -2.90371205  penalty 0.00003577  target -2.90367628
 level shift 5.24e-04  E_lin -2.90371202  max |delta p| 1.3385e-01  max |delta p / scale| 1.3385e-01
                       E_corr -2.90371209  penalty 0.00003509  target -2.90367700
 level shift 5.24e-03  E_lin -2.90371182  max |delta p| 5.2377e-02  max |delta p / scale| 5.2377e-02
                       E_corr -2.90371278  penalty 0.00003492  target -2.90367785
 level shift 5.24e-02  E_lin -2.90371167  max |delta p| 8.3161e-03  max |delta p / scale| 2.1547e-02
                       E_corr -2.90371246  penalty 0.00003494  target -2.90367752
 Chosen level shift 5.24e-03, target -2.90367785
 delta p / p
[ 8.72953164e-03 -5.16452368e-03  3.30207852e-03 -1.61042042e-03
  3.69570662e-04  5.48181893e-05 -6.48896324e-04  9.24313990e-04
  9.44553317e-03  7.80689429e-04 -9.88000931e-04  3.98612949e-02
  4.72932718e-01  2.67099016e-02 -2.69335025e-03 -6.35180706e-04
  5.09192223e-03 -1.17748807e-02 -9.36407153e-04 -2.14529501e-03
  1.16884614e-03 -1.13300940e-04 -1.11314984e-02 -1.32567534e-03
 -1.91957790e-02 -7.05393957e-04  5.82819389e-03 -1.82485872e-03
  4.56797671e-03 -5.36787495e-04  3.92097167e-04 -7.42685335e-04
 -3.14712142e-04  1.03158043e-03 -1.70845388e-02  7.59846410e-04
 -2.29658723e-03  3.32259914e-04 -1.21798531e-02  1.31615365e-04
 -5.18606133e-04 -3.06862697e-02 -9.09302649e-03 -8.44981207e-03
  1.07784966e-02]

 BEGIN VMC CALCULATION
 =====================

 Running VMC equilibration (5000 moves).
 Performing time-step optimization.
 Optimized step size: 0.49817
 DTVMC: 0.08273

 Starting VMC.

 =========================================================================
 In block : 1
  Number of VMC steps           = 1000000

  Block average energies (au)

  Total energy                       (au) =          -2.903719943084
  Standard error                        +/-           0.000010915179

  Constant energy contributions      (au) =           0.000000000000

  Variance of local energy           (au) =           0.000119141018
  Standard error                        +/-           0.000000000000

 Time taken in block    : : :       16.7297

 =========================================================================
 FINAL RESULT:

  VMC energy (au)    Standard error      Correction for serial correlation

 -2.903719943084 +/- 0.000010915179      No correction
 -2.903719943084 +/- 0.000015785374      Correlation time method
 -2.903719943084 +/- 0.000013828316      On-the-fly reblocking method

 Sample variance of E_L (au^2/sim.cell) : 0.000119141018


 ==========================================
 PERFORMING OPTIMIZATION CALCULATION No. 4.
 ==========================================


 Optimization start
 ==================
 E_0 -2.90371888 minimal allowed energy -2.94445348 serial correlation factor 1.14
 Trust radius max |delta p| < 0.2 reached at level shift 6.73e-07
 level shift        inf  E_corr -2.90371888  penalty 0.00003495  target -2.90368394
 level shift 6.73e-07  E_lin -2.90371965  max |delta p| 2.0000e-01  max |delta p / scale| 1.8562e+00
                       E_corr -2.90365538  penalty 0.00005074  target -2.90360464
 level shift 6.73e-06  E_lin -2.90371939  max |delta p| 1.2745e-01  max |delta p / scale| 5.0820e-01
                       E_corr -2.90371758  penalty 0.00003662  target -2.90368096
 level shift 6.73e-05  E_lin -2.90371922  max |delta p| 1.1986e-01  max |delta p / scale| 2.7686e-01
                       E_corr -2.90371926  penalty 0.00003572  target -2.90368354
 level shift 6.73e-04  E_lin -2.90371902  max |delta p| 7.2389e-02  max |delta p / scale| 7.2389e-02
                       E_corr -2.90372004  penalty 0.00003509  target -2.90368495
 Best level shift is the largest scanned one, the optimum may lie above the scan
 Chosen level shift 6.73e-04, target -2.90368495
 delta p / p
[ 1.19604232e-02 -2.92815194e-02 -1.16992220e-02 -1.26536003e-02
 -3.05542125e-03  3.87621488e-04  3.33370676e-04  7.83072456e-04
  2.72673817e-04 -4.31055167e-03 -2.86689920e-03  2.03116438e-02
  2.97241440e-01  5.24668993e-02 -6.70286032e-03  1.04467948e-03
  4.96635367e-03  1.06658383e-02 -2.49196892e-03  4.78798597e-03
  3.58069294e-03 -2.95501083e-05 -3.19322125e-02 -1.29696600e-02
 -6.94687393e-02  1.46699530e-03  1.45949750e-02  3.98504779e-03
  2.23712250e-02  4.83441449e-04  5.22413892e-03 -6.18622874e-03
 -7.23749512e-04  5.30004345e-03 -7.79937021e-02 -5.11040216e-02
  5.00158708e-03 -5.57478744e-04 -5.07170499e-02 -1.81585993e-03
 -1.85165731e-03 -4.59951420e-02 -3.24524687e-02 -4.93834153e-02
 -2.42897235e-02]

 BEGIN VMC CALCULATION
 =====================

 Running VMC equilibration (5000 moves).
 Performing time-step optimization.
 Optimized step size: 0.51108
 DTVMC: 0.08707

 Starting VMC.

 =========================================================================
 In block : 1
  Number of VMC steps           = 1000000

  Block average energies (au)

  Total energy                       (au) =          -2.903728326628
  Standard error                        +/-           0.000010346297

  Constant energy contributions      (au) =           0.000000000000

  Variance of local energy           (au) =           0.000107045760
  Standard error                        +/-           0.000000000000

 Time taken in block    : : :       16.8044

 =========================================================================
 FINAL RESULT:

  VMC energy (au)    Standard error      Correction for serial correlation

 -2.903728326628 +/- 0.000010346297      No correction
 -2.903728326628 +/- 0.000013353375      Correlation time method
 -2.903728326628 +/- 0.000011990009      On-the-fly reblocking method

 Sample variance of E_L (au^2/sim.cell) : 0.000107045760


 =========================================================================

 Total PyCasino real time : : :    655.1464
