
 ------------------------------------------------------------------------------
 ########::'##:::'##::'######:::::'###:::::'######::'####:'##::: ##::'#######::
 ##.... ##:. ##:'##::'##... ##:::'## ##:::'##... ##:. ##:: ###:: ##:'##.... ##:
 ##:::: ##::. ####::: ##:::..:::'##:. ##:: ##:::..::: ##:: ####: ##: ##:::: ##:
 ########::::. ##:::: ##:::::::'##:::. ##:. ######::: ##:: ## ## ##: ##:::: ##:
 ##.....:::::: ##:::: ##::::::: #########::..... ##:: ##:: ##. ####: ##:::: ##:
 ##::::::::::: ##:::: ##::: ##: ##.... ##:'##::: ##:: ##:: ##:. ###: ##:::: ##:
 ##::::::::::: ##::::. ######:: ##:::: ##:. ######::'####: ##::. ##:. #######::
 .::::::::::::..::::::......:::..:::::..:::......:::....::..::::..:::.......:::

                     Python Quantum Monte Carlo Package
                        v 0.4.0 [Vladimir Konkov]

    Main Author : Vladimir Konkov
 ------------------------------------------------------------------------------
 Started 2026/08/09 21:40:30

 Python 3.12.3 (main, Jun 19 2026, 12:46:00) [GCC 13.3.0]
 Numba 0.63.1
 Numpy 2.2.6
 Scipy 1.13.1

 Running in parallel using 4 MPI processes.

 General input parameters
 ========================
 NEU (num up spin electrons)              :  2
 NED (num down spin electrons)            :  2
 RUNTYPE (type of run)                    :  vmc_opt
 PSI_S  (form for [anti]symmetrizing wfn) :  slater
 ATOM_BASIS_TYPE (atom-centred orb basis) :  slater-type
 INTERACTION (interaction type)           :  coulomb
 TESTRUN (read input data,print and stop) :  F
 PERIODIC                                 :  F
 COMPLEX_WF (complex Slater wave fn.)     :  F
 NEIGHPRINT (neighbour analysis)          :  0
 USE_JASTROW (use Jastrow factor)         :  T
 BACKFLOW (use backflow corrections)      :  T
 USE_ORBMODS (use orbitals modifications) :  F
 CUSP_CORRECTION                          :  F
 NON_LOCAL_GRID (NL integration grid)     :  4
 E_OFFSET (energy offset)                 :  0.0000
 GAUTOL  (Gaussian evaluation tolerance)  :  7.0
 SPARSE                                   :  F
 DIPOLE_MOMENT                            :  F
 RELATIVISTIC                             :  F

 VMC/optimization input parameters
 ====================
 NEWRUN (start new run)                   :  T
 VMC_METHOD (choice of VMC algorithm)     :  3
 DTVMC (VMC time step)                    :  0.02
 OPT_DTVMC (VMC time-step optimization)   :  T
 VMC_NSTEP (num VMC steps)                :  100000
 VMC_NCONFIG_WRITE (num configs to write) :  100000
 VMC_NBLOCK (num VMC blocks)              :  1
 VMC_EQUIL_NSTEP (num equil steps)        :  5000
 VMC_DECORR_PERIOD (length of inner loop) :  10
 VMC_AVE_PERIOD (hist reduction factor)   :  1
 VMC_SAMPLING                             :  standard
 OPT_CYCLES (num optimization cycles)     :  2
 POSTFIT_VMC (perform post-fit VMC calc)  :  T
 POSTFIT_KEEP_CFG (keep post-fit VMC cfgs):  F
 OPT_NOCTF_CYCLES (fixed cutoff cycles)   :  0
 OPT_INFO (information level)             :  2
 OPT_JASTROW (opt Jastrow factor)         :  T
 OPT_DET_COEFF (opt det coeffs)           :  F
 OPT_ORBITALS (opt orbitals)              :  F
 OPT_BACKFLOW (opt backflow params)       :  T
 OPT_FIXNL (fix nonlocal energy)          :  T
 OPT_MAXITER (max num iterations)         :  10
 OPT_MAXEVAL (max num evaluations)        :  200
 VM_SMOOTH_LIMITS (smooth limiting)       :  F
 VM_REWEIGHT (reweighting)                :  F
 VM_FILTER (filter outlying configs)      :  T
 VM_USE_E_GUESS (use guess energy)        :  F
 EMIN_XI_VALUE (xi parameter)             :  1.0
 VM_FILTER_THRES (filter threshold)       :  4.0
 MAKEMOVIE                                :  F
 FORCES                                   :  F

 BEGIN VMC CALCULATION
 =====================

 Running VMC equilibration (5000 moves).
 Performing time-step optimization.
 Optimized step size: 0.22805
 DTVMC: 0.01734

 Starting VMC.

 =========================================================================
 In block : 1
  Number of VMC steps           = 100000

  Block average energies (au)

  Total energy                       (au) =         -14.565976204968
  Standard error                        +/-           0.006404990653

  Constant energy contributions      (au) =           0.000000000000

  Variance of local energy           (au) =           4.102349501986
  Standard error                        +/-           0.000000000000

 Time taken in block    : : :       6.3377

 =========================================================================
 FINAL RESULT:

  VMC energy (au)    Standard error      Correction for serial correlation

 -14.565976204968 +/- 0.006404990653      No correction
 -14.565976204968 +/- 0.008894041388      Correlation time method
 -14.565976204968 +/- 0.007461361424      On-the-fly reblocking method

 Sample variance of E_L (au^2/sim.cell) : 4.102349501986


 ==========================================
 PERFORMING OPTIMIZATION CALCULATION No. 1.
 ==========================================


 Optimization start
 ==================
   Iteration     Total nfev        Cost      Cost reduction    Step norm     Optimality
       0              1         6.1671e-01                                    1.03e+05
       1              2         1.1659e-01      5.00e-01       9.81e-02       4.27e+04
       2              3         3.2755e-02      8.38e-02       8.21e-02       1.68e+03
       3              4         1.9542e-02      1.32e-02       1.55e-01       2.35e+02
       4              5         1.6187e-02      3.35e-03       2.49e-01       1.12e+03
       5              6         1.4477e-02      1.71e-03       5.55e-01       2.81e+02
       6              7         1.4029e-02      4.48e-04       6.91e-01       7.82e+02
       7              8         1.4029e-02      0.00e+00       0.00e+00       7.82e+02
`ftol` termination condition is satisfied.
Function evaluations 8, initial cost 6.1671e-01, final cost 1.4029e-02, first-order optimality 7.82e+02.
 Norm of Jacobian at the solution: 3.58063e-01

 BEGIN VMC CALCULATION
 =====================

 Running VMC equilibration (5000 moves).
 Performing time-step optimization.
 Optimized step size: 0.21790
 DTVMC: 0.01583

 Starting VMC.

 =========================================================================
 In block : 1
  Number of VMC steps           = 100000

  Block average energies (au)

  Total energy                       (au) =         -14.643178205725
  Standard error                        +/-           0.000377782770

  Constant energy contributions      (au) =           0.000000000000

  Variance of local energy           (au) =           0.014271839384
  Standard error                        +/-           0.000000000000

 Time taken in block    : : :       6.0748

 =========================================================================
 FINAL RESULT:

  VMC energy (au)    Standard error      Correction for serial correlation

 -14.643178205725 +/- 0.000377782770      No correction
 -14.643178205725 +/- 0.001559176913      Correlation time method
 -14.643178205725 +/- 0.001957086933      On-the-fly reblocking method

 Sample variance of E_L (au^2/sim.cell) : 0.014271839384


 ==========================================
 PERFORMING OPTIMIZATION CALCULATION No. 2.
 ==========================================


 Optimization start
 ==================
   Iteration     Total nfev        Cost      Cost reduction    Step norm     Optimality
       0              1         1.0836e-02                                    1.53e+03
       1              2         1.0836e-02      0.00e+00       0.00e+00       1.53e+03
`ftol` termination condition is satisfied.
Function evaluations 2, initial cost 1.0836e-02, final cost 1.0836e-02, first-order optimality 1.53e+03.
 Norm of Jacobian at the solution: 1.50854e+01

 BEGIN VMC CALCULATION
 =====================

 Running VMC equilibration (5000 moves).
 Performing time-step optimization.
 Optimized step size: 0.22612
 DTVMC: 0.01704

 Starting VMC.

 =========================================================================
 In block : 1
  Number of VMC steps           = 100000

  Block average energies (au)

  Total energy                       (au) =         -14.639495712172
  Standard error                        +/-           0.000360637387

  Constant energy contributions      (au) =           0.000000000000

  Variance of local energy           (au) =           0.013005802460
  Standard error                        +/-           0.000000000000

 Time taken in block    : : :       6.1919

 =========================================================================
 FINAL RESULT:

  VMC energy (au)    Standard error      Correction for serial correlation

 -14.639495712172 +/- 0.000360637387      No correction
 -14.639495712172 +/- 0.001475749061      Correlation time method
 -14.639495712172 +/- 0.001903490331      On-the-fly reblocking method

 Sample variance of E_L (au^2/sim.cell) : 0.013005802460


 =========================================================================

 Total PyCasino real time : : :    276.9377
