
 ------------------------------------------------------------------------------
 ########::'##:::'##::'######:::::'###:::::'######::'####:'##::: ##::'#######::
 ##.... ##:. ##:'##::'##... ##:::'## ##:::'##... ##:. ##:: ###:: ##:'##.... ##:
 ##:::: ##::. ####::: ##:::..:::'##:. ##:: ##:::..::: ##:: ####: ##: ##:::: ##:
 ########::::. ##:::: ##:::::::'##:::. ##:. ######::: ##:: ## ## ##: ##:::: ##:
 ##.....:::::: ##:::: ##::::::: #########::..... ##:: ##:: ##. ####: ##:::: ##:
 ##::::::::::: ##:::: ##::: ##: ##.... ##:'##::: ##:: ##:: ##:. ###: ##:::: ##:
 ##::::::::::: ##::::. ######:: ##:::: ##:. ######::'####: ##::. ##:. #######::
 .::::::::::::..::::::......:::..:::::..:::......:::....::..::::..:::.......:::

                     Python Quantum Monte Carlo Package
                        v 0.4.0 [Vladimir Konkov]

    Main Author : Vladimir Konkov
 ------------------------------------------------------------------------------
 Started 2026/09/12 14:53:39

 Python 3.12.3 (main, Aug 31 2026, 10:18:26) [GCC 13.3.0]
 Numba 0.67.0
 Numpy 2.2.6
 Scipy 1.13.1

 Running in parallel using 4 MPI processes.

 Warning: keywords not read by pycasino: newrun periodic writeout_vmc_hist

 General input parameters
 ========================
 NEU (num up spin electrons)              :  2
 NED (num down spin electrons)            :  2
 RUNTYPE (type of run)                    :  vmc
 PSI_S  (form for [anti]symmetrizing wfn) :  slater
 ATOM_BASIS_TYPE (atom-centred orb basis) :  slater-type
 INTERACTION (interaction type)           :  coulomb
 TESTRUN (read input data,print and stop) :  F
 PERIODIC                                 :  F
 COMPLEX_WF (complex Slater wave fn.)     :  F
 NEIGHPRINT (neighbour analysis)          :  0
 USE_JASTROW (use Jastrow factor)         :  T
 BACKFLOW (use backflow corrections)      :  T
 USE_ORBMODS (use orbitals modifications) :  F
 CUSP_CORRECTION                          :  F
 NON_LOCAL_GRID (NL integration grid)     :  4
 E_OFFSET (energy offset)                 :  0.0000
 GAUTOL  (Gaussian evaluation tolerance)  :  7.0
 SPARSE                                   :  F
 DIPOLE_MOMENT                            :  F
 RELATIVISTIC                             :  F

 VMC input parameters
 ====================
 NEWRUN (start new run)                   :  T
 VMC_METHOD (choice of VMC algorithm)     :  3
 DTVMC (VMC time step)                    :  0.02
 OPT_DTVMC (VMC time-step optimization)   :  1
 VMC_NSTEP (num VMC steps)                :  10000000
 VMC_NCONFIG_WRITE (num configs to write) :  0
 VMC_NBLOCK (num VMC blocks)              :  10
 VMC_EQUIL_NSTEP (num equil steps)        :  5000
 VMC_DECORR_PERIOD (length of inner loop) :  10
 VMC_AVE_PERIOD (hist reduction factor)   :  1
 VMC_SAMPLING                             :  standard
 MAKEMOVIE                                :  F
 FORCES                                   :  F

 Median sigma = 1/|grad ln psi| : 1.60800e-01 bohr

 ==============================
 PERFORMING A |PSI| CALCULATION.
 ==============================

 zeta of the walk: 4.00000e+00   DTVMC: 3.08608e-03

 =========================================================================
 WEIGHTED NODAL DOMAIN AVERAGES

  Number of |psi| steps                   = 10000000

  zeta                          (au^-1) =           4.000000000000
  Effective sample size                   = 10000000
  Potential component                (au) =         -23.739361060626
  Standard error                        +/-           0.000864082878
  e-e interaction                    (au) =           8.352935933574
  e-n interaction                    (au) =         -45.544950568962
  Sum of e-n distances             (bohr) =           2.608638141045

  epsilon (bohr)  inside      E_kin^nda (au)            E^nda (au)

    1.920e-03        362       9.338364 +/- 0.610516     -14.400997
    2.633e-03        668       9.623320 +/- 0.452056     -14.116041
    3.610e-03       1254       9.615146 +/- 0.331701     -14.124215
    4.950e-03       2302       9.474437 +/- 0.241577     -14.264924
    6.788e-03       4334       9.432725 +/- 0.175513     -14.306636
    9.308e-03       8083       9.389041 +/- 0.127711     -14.350320
    1.276e-02      15353       9.388373 +/- 0.092958     -14.350988
    1.750e-02      29236       9.432291 +/- 0.067788     -14.307070
    2.400e-02      55545       9.539218 +/- 0.049571     -14.200143

 Time taken in nodal domain averages : : :    792.1638

 Warning: keywords not read by pycasino: newrun periodic writeout_vmc_hist

 General input parameters
 ========================
 NEU (num up spin electrons)              :  2
 NED (num down spin electrons)            :  2
 RUNTYPE (type of run)                    :  vmc
 PSI_S  (form for [anti]symmetrizing wfn) :  slater
 ATOM_BASIS_TYPE (atom-centred orb basis) :  slater-type
 INTERACTION (interaction type)           :  coulomb
 TESTRUN (read input data,print and stop) :  F
 PERIODIC                                 :  F
 COMPLEX_WF (complex Slater wave fn.)     :  F
 NEIGHPRINT (neighbour analysis)          :  0
 USE_JASTROW (use Jastrow factor)         :  T
 BACKFLOW (use backflow corrections)      :  T
 USE_ORBMODS (use orbitals modifications) :  F
 CUSP_CORRECTION                          :  F
 NON_LOCAL_GRID (NL integration grid)     :  4
 E_OFFSET (energy offset)                 :  0.0000
 GAUTOL  (Gaussian evaluation tolerance)  :  7.0
 SPARSE                                   :  F
 DIPOLE_MOMENT                            :  F
 RELATIVISTIC                             :  F

 VMC input parameters
 ====================
 NEWRUN (start new run)                   :  T
 VMC_METHOD (choice of VMC algorithm)     :  3
 DTVMC (VMC time step)                    :  0.02
 OPT_DTVMC (VMC time-step optimization)   :  1
 VMC_NSTEP (num VMC steps)                :  10000000
 VMC_NCONFIG_WRITE (num configs to write) :  0
 VMC_NBLOCK (num VMC blocks)              :  1
 VMC_EQUIL_NSTEP (num equil steps)        :  5000
 VMC_DECORR_PERIOD (length of inner loop) :  10
 VMC_AVE_PERIOD (hist reduction factor)   :  1
 VMC_SAMPLING                             :  standard
 MAKEMOVIE                                :  F
 FORCES                                   :  F

 Median sigma = 1/|grad ln psi| : 1.58692e-01 bohr

 ==============================
 PERFORMING A |PSI| CALCULATION.
 ==============================

 zeta of the walk: 4.00000e+00   DTVMC: 3.43090e-03

 =========================================================================
 WEIGHTED NODAL DOMAIN AVERAGES

  Number of |psi| steps                   = 10000000

  zeta                          (au^-1) =           4.000000000000
  Effective sample size                   = 10000000
  Potential component                (au) =         -23.732395121021
  Standard error                        +/-           0.000864092314
  e-e interaction                    (au) =           8.355871104009
  e-n interaction                    (au) =         -45.574350657921
  Sum of e-n distances             (bohr) =           2.607118462163

  epsilon (bohr)  inside      E_kin^nda (au)            E^nda (au)

    1.920e-03        358       9.217567 +/- 0.601114     -14.514828
    2.633e-03        683       9.582811 +/- 0.448509     -14.149585
    3.610e-03       1231       9.594695 +/- 0.331129     -14.137700
    4.950e-03       2323       9.521610 +/- 0.241628     -14.210786
    6.788e-03       4380       9.482216 +/- 0.175845     -14.250179
    9.308e-03       8145       9.426244 +/- 0.127974     -14.306151
    1.276e-02      15727       9.513522 +/- 0.093319     -14.218873
    1.750e-02      29663       9.609721 +/- 0.068302     -14.122674
    2.400e-02      56182       9.673789 +/- 0.049955     -14.058606

 Time taken in nodal domain averages : : :    775.5389

 Warning: keywords not read by pycasino: newrun periodic writeout_vmc_hist

 General input parameters
 ========================
 NEU (num up spin electrons)              :  2
 NED (num down spin electrons)            :  2
 RUNTYPE (type of run)                    :  vmc
 PSI_S  (form for [anti]symmetrizing wfn) :  slater
 ATOM_BASIS_TYPE (atom-centred orb basis) :  slater-type
 INTERACTION (interaction type)           :  coulomb
 TESTRUN (read input data,print and stop) :  F
 PERIODIC                                 :  F
 COMPLEX_WF (complex Slater wave fn.)     :  F
 NEIGHPRINT (neighbour analysis)          :  0
 USE_JASTROW (use Jastrow factor)         :  T
 BACKFLOW (use backflow corrections)      :  T
 USE_ORBMODS (use orbitals modifications) :  F
 CUSP_CORRECTION                          :  F
 NON_LOCAL_GRID (NL integration grid)     :  4
 E_OFFSET (energy offset)                 :  0.0000
 GAUTOL  (Gaussian evaluation tolerance)  :  7.0
 SPARSE                                   :  F
 DIPOLE_MOMENT                            :  F
 RELATIVISTIC                             :  F

 VMC input parameters
 ====================
 NEWRUN (start new run)                   :  T
 VMC_METHOD (choice of VMC algorithm)     :  3
 DTVMC (VMC time step)                    :  0.02
 OPT_DTVMC (VMC time-step optimization)   :  1
 VMC_NSTEP (num VMC steps)                :  10000000
 VMC_NCONFIG_WRITE (num configs to write) :  0
 VMC_NBLOCK (num VMC blocks)              :  1
 VMC_EQUIL_NSTEP (num equil steps)        :  5000
 VMC_DECORR_PERIOD (length of inner loop) :  10
 VMC_AVE_PERIOD (hist reduction factor)   :  1
 VMC_SAMPLING                             :  standard
 MAKEMOVIE                                :  F
 FORCES                                   :  F

 Median sigma = 1/|grad ln psi| : 1.57782e-01 bohr

 ==============================
 PERFORMING A |PSI| CALCULATION.
 ==============================

 zeta of the walk: 4.00000e+00   DTVMC: 3.12867e-03

 =========================================================================
 WEIGHTED NODAL DOMAIN AVERAGES

  Number of |psi| steps                   = 10000000

  zeta                          (au^-1) =           4.000000000000
  Effective sample size                   = 10000000
  Potential component                (au) =         -23.726532912151
  Standard error                        +/-           0.000862675687
  e-e interaction                    (au) =           8.368788741412
  e-n interaction                    (au) =         -45.627152031922
  Sum of e-n distances             (bohr) =           2.602023874305

  epsilon (bohr)  inside      E_kin^nda (au)            E^nda (au)

    1.920e-03        359       9.380012 +/- 0.614063     -14.346521
    2.633e-03        656       9.562429 +/- 0.452407     -14.164104
    3.610e-03       1219       9.438336 +/- 0.330400     -14.288197
    4.950e-03       2314       9.433463 +/- 0.240391     -14.293070
    6.788e-03       4383       9.485895 +/- 0.175460     -14.240638
    9.308e-03       8320       9.550139 +/- 0.128248     -14.176394
    1.276e-02      15441       9.522872 +/- 0.093636     -14.203661
    1.750e-02      29282       9.534226 +/- 0.068230     -14.192307
    2.400e-02      55565       9.568715 +/- 0.049760     -14.157818

 Time taken in nodal domain averages : : :    774.0706

 Warning: keywords not read by pycasino: newrun periodic writeout_vmc_hist

 General input parameters
 ========================
 NEU (num up spin electrons)              :  2
 NED (num down spin electrons)            :  2
 RUNTYPE (type of run)                    :  vmc
 PSI_S  (form for [anti]symmetrizing wfn) :  slater
 ATOM_BASIS_TYPE (atom-centred orb basis) :  slater-type
 INTERACTION (interaction type)           :  coulomb
 TESTRUN (read input data,print and stop) :  F
 PERIODIC                                 :  F
 COMPLEX_WF (complex Slater wave fn.)     :  F
 NEIGHPRINT (neighbour analysis)          :  0
 USE_JASTROW (use Jastrow factor)         :  T
 BACKFLOW (use backflow corrections)      :  T
 USE_ORBMODS (use orbitals modifications) :  F
 CUSP_CORRECTION                          :  F
 NON_LOCAL_GRID (NL integration grid)     :  4
 E_OFFSET (energy offset)                 :  0.0000
 GAUTOL  (Gaussian evaluation tolerance)  :  7.0
 SPARSE                                   :  F
 DIPOLE_MOMENT                            :  F
 RELATIVISTIC                             :  F

 VMC input parameters
 ====================
 NEWRUN (start new run)                   :  T
 VMC_METHOD (choice of VMC algorithm)     :  3
 DTVMC (VMC time step)                    :  0.02
 OPT_DTVMC (VMC time-step optimization)   :  1
 VMC_NSTEP (num VMC steps)                :  10000000
 VMC_NCONFIG_WRITE (num configs to write) :  0
 VMC_NBLOCK (num VMC blocks)              :  1
 VMC_EQUIL_NSTEP (num equil steps)        :  5000
 VMC_DECORR_PERIOD (length of inner loop) :  10
 VMC_AVE_PERIOD (hist reduction factor)   :  1
 VMC_SAMPLING                             :  standard
 MAKEMOVIE                                :  F
 FORCES                                   :  F

 Median sigma = 1/|grad ln psi| : 1.60032e-01 bohr

 ==============================
 PERFORMING A |PSI| CALCULATION.
 ==============================

 zeta of the walk: 4.00000e+00   DTVMC: 3.38453e-03

 =========================================================================
 WEIGHTED NODAL DOMAIN AVERAGES

  Number of |psi| steps                   = 10000000

  zeta                          (au^-1) =           4.000000000000
  Effective sample size                   = 10000000
  Potential component                (au) =         -23.735370678734
  Standard error                        +/-           0.000864412866
  e-e interaction                    (au) =           8.352500853494
  e-n interaction                    (au) =         -45.555373927198
  Sum of e-n distances             (bohr) =           2.608807255168

  epsilon (bohr)  inside      E_kin^nda (au)            E^nda (au)

    1.920e-03        347       9.602249 +/- 0.640100     -14.133121
    2.633e-03        636       9.365288 +/- 0.456292     -14.370082
    3.610e-03       1219       9.339351 +/- 0.329151     -14.396020
    4.950e-03       2287       9.344350 +/- 0.239428     -14.391021
    6.788e-03       4326       9.313664 +/- 0.174251     -14.421707
    9.308e-03       8265       9.398223 +/- 0.127216     -14.337148
    1.276e-02      15508       9.495208 +/- 0.093140     -14.240162
    1.750e-02      29386       9.548239 +/- 0.068132     -14.187132
    2.400e-02      55596       9.583851 +/- 0.049774     -14.151520

 Time taken in nodal domain averages : : :    823.5725

 Warning: keywords not read by pycasino: newrun periodic writeout_vmc_hist

 General input parameters
 ========================
 NEU (num up spin electrons)              :  2
 NED (num down spin electrons)            :  2
 RUNTYPE (type of run)                    :  vmc
 PSI_S  (form for [anti]symmetrizing wfn) :  slater
 ATOM_BASIS_TYPE (atom-centred orb basis) :  slater-type
 INTERACTION (interaction type)           :  coulomb
 TESTRUN (read input data,print and stop) :  F
 PERIODIC                                 :  F
 COMPLEX_WF (complex Slater wave fn.)     :  F
 NEIGHPRINT (neighbour analysis)          :  0
 USE_JASTROW (use Jastrow factor)         :  T
 BACKFLOW (use backflow corrections)      :  T
 USE_ORBMODS (use orbitals modifications) :  F
 CUSP_CORRECTION                          :  F
 NON_LOCAL_GRID (NL integration grid)     :  4
 E_OFFSET (energy offset)                 :  0.0000
 GAUTOL  (Gaussian evaluation tolerance)  :  7.0
 SPARSE                                   :  F
 DIPOLE_MOMENT                            :  F
 RELATIVISTIC                             :  F

 VMC input parameters
 ====================
 NEWRUN (start new run)                   :  T
 VMC_METHOD (choice of VMC algorithm)     :  3
 DTVMC (VMC time step)                    :  0.02
 OPT_DTVMC (VMC time-step optimization)   :  1
 VMC_NSTEP (num VMC steps)                :  10000000
 VMC_NCONFIG_WRITE (num configs to write) :  0
 VMC_NBLOCK (num VMC blocks)              :  1
 VMC_EQUIL_NSTEP (num equil steps)        :  5000
 VMC_DECORR_PERIOD (length of inner loop) :  10
 VMC_AVE_PERIOD (hist reduction factor)   :  1
 VMC_SAMPLING                             :  standard
 MAKEMOVIE                                :  F
 FORCES                                   :  F

 Median sigma = 1/|grad ln psi| : 1.58867e-01 bohr

 ==============================
 PERFORMING A |PSI| CALCULATION.
 ==============================

 zeta of the walk: 4.00000e+00   DTVMC: 3.28558e-03

 =========================================================================
 WEIGHTED NODAL DOMAIN AVERAGES

  Number of |psi| steps                   = 10000000

  zeta                          (au^-1) =           4.000000000000
  Effective sample size                   = 10000000
  Potential component                (au) =         -23.737934778288
  Standard error                        +/-           0.000864407030
  e-e interaction                    (au) =           8.356278765413
  e-n interaction                    (au) =         -45.548401938531
  Sum of e-n distances             (bohr) =           2.607113187027

  epsilon (bohr)  inside      E_kin^nda (au)            E^nda (au)

    1.920e-03        333       8.789639 +/- 0.596598     -14.948296
    2.633e-03        610       8.771040 +/- 0.435426     -14.966895
    3.610e-03       1210       9.071808 +/- 0.319980     -14.666126
    4.950e-03       2334       9.308918 +/- 0.236227     -14.429016
    6.788e-03       4439       9.482458 +/- 0.174245     -14.255477
    9.308e-03       8230       9.538807 +/- 0.128049     -14.199128
    1.276e-02      15567       9.527957 +/- 0.093544     -14.209978
    1.750e-02      29526       9.568364 +/- 0.068285     -14.169571
    2.400e-02      56097       9.636226 +/- 0.049877     -14.101709

 Time taken in nodal domain averages : : :    835.5296

 Warning: keywords not read by pycasino: newrun periodic writeout_vmc_hist

 General input parameters
 ========================
 NEU (num up spin electrons)              :  2
 NED (num down spin electrons)            :  2
 RUNTYPE (type of run)                    :  vmc
 PSI_S  (form for [anti]symmetrizing wfn) :  slater
 ATOM_BASIS_TYPE (atom-centred orb basis) :  slater-type
 INTERACTION (interaction type)           :  coulomb
 TESTRUN (read input data,print and stop) :  F
 PERIODIC                                 :  F
 COMPLEX_WF (complex Slater wave fn.)     :  F
 NEIGHPRINT (neighbour analysis)          :  0
 USE_JASTROW (use Jastrow factor)         :  T
 BACKFLOW (use backflow corrections)      :  T
 USE_ORBMODS (use orbitals modifications) :  F
 CUSP_CORRECTION                          :  F
 NON_LOCAL_GRID (NL integration grid)     :  4
 E_OFFSET (energy offset)                 :  0.0000
 GAUTOL  (Gaussian evaluation tolerance)  :  7.0
 SPARSE                                   :  F
 DIPOLE_MOMENT                            :  F
 RELATIVISTIC                             :  F

 VMC input parameters
 ====================
 NEWRUN (start new run)                   :  T
 VMC_METHOD (choice of VMC algorithm)     :  3
 DTVMC (VMC time step)                    :  0.02
 OPT_DTVMC (VMC time-step optimization)   :  1
 VMC_NSTEP (num VMC steps)                :  10000000
 VMC_NCONFIG_WRITE (num configs to write) :  0
 VMC_NBLOCK (num VMC blocks)              :  1
 VMC_EQUIL_NSTEP (num equil steps)        :  5000
 VMC_DECORR_PERIOD (length of inner loop) :  10
 VMC_AVE_PERIOD (hist reduction factor)   :  1
 VMC_SAMPLING                             :  standard
 MAKEMOVIE                                :  F
 FORCES                                   :  F

 Median sigma = 1/|grad ln psi| : 1.61714e-01 bohr

 ==============================
 PERFORMING A |PSI| CALCULATION.
 ==============================

 zeta of the walk: 4.00000e+00   DTVMC: 3.12594e-03

 =========================================================================
 WEIGHTED NODAL DOMAIN AVERAGES

  Number of |psi| steps                   = 10000000

  zeta                          (au^-1) =           4.000000000000
  Effective sample size                   = 10000000
  Potential component                (au) =         -23.734592021272
  Standard error                        +/-           0.000863752242
  e-e interaction                    (au) =           8.362359117952
  e-n interaction                    (au) =         -45.571459067643
  Sum of e-n distances             (bohr) =           2.603594466505

  epsilon (bohr)  inside      E_kin^nda (au)            E^nda (au)

    1.920e-03        367       9.624445 +/- 0.614315     -14.110147
    2.633e-03        665       9.698569 +/- 0.454988     -14.036023
    3.610e-03       1267       9.684163 +/- 0.333181     -14.050429
    4.950e-03       2399       9.709189 +/- 0.243334     -14.025403
    6.788e-03       4540       9.785043 +/- 0.178006     -13.949549
    9.308e-03       8435       9.761678 +/- 0.129980     -13.972914
    1.276e-02      15675       9.693957 +/- 0.094628     -14.040635
    1.750e-02      29629       9.682561 +/- 0.068836     -14.052031
    2.400e-02      56319       9.707829 +/- 0.050153     -14.026763

 Time taken in nodal domain averages : : :    773.5915

 Warning: keywords not read by pycasino: newrun periodic writeout_vmc_hist

 General input parameters
 ========================
 NEU (num up spin electrons)              :  2
 NED (num down spin electrons)            :  2
 RUNTYPE (type of run)                    :  vmc
 PSI_S  (form for [anti]symmetrizing wfn) :  slater
 ATOM_BASIS_TYPE (atom-centred orb basis) :  slater-type
 INTERACTION (interaction type)           :  coulomb
 TESTRUN (read input data,print and stop) :  F
 PERIODIC                                 :  F
 COMPLEX_WF (complex Slater wave fn.)     :  F
 NEIGHPRINT (neighbour analysis)          :  0
 USE_JASTROW (use Jastrow factor)         :  T
 BACKFLOW (use backflow corrections)      :  T
 USE_ORBMODS (use orbitals modifications) :  F
 CUSP_CORRECTION                          :  F
 NON_LOCAL_GRID (NL integration grid)     :  4
 E_OFFSET (energy offset)                 :  0.0000
 GAUTOL  (Gaussian evaluation tolerance)  :  7.0
 SPARSE                                   :  F
 DIPOLE_MOMENT                            :  F
 RELATIVISTIC                             :  F

 VMC input parameters
 ====================
 NEWRUN (start new run)                   :  T
 VMC_METHOD (choice of VMC algorithm)     :  3
 DTVMC (VMC time step)                    :  0.02
 OPT_DTVMC (VMC time-step optimization)   :  1
 VMC_NSTEP (num VMC steps)                :  10000000
 VMC_NCONFIG_WRITE (num configs to write) :  0
 VMC_NBLOCK (num VMC blocks)              :  1
 VMC_EQUIL_NSTEP (num equil steps)        :  5000
 VMC_DECORR_PERIOD (length of inner loop) :  10
 VMC_AVE_PERIOD (hist reduction factor)   :  1
 VMC_SAMPLING                             :  standard
 MAKEMOVIE                                :  F
 FORCES                                   :  F

 Median sigma = 1/|grad ln psi| : 1.59616e-01 bohr

 ==============================
 PERFORMING A |PSI| CALCULATION.
 ==============================

 zeta of the walk: 4.00000e+00   DTVMC: 3.44842e-03

 =========================================================================
 WEIGHTED NODAL DOMAIN AVERAGES

  Number of |psi| steps                   = 10000000

  zeta                          (au^-1) =           4.000000000000
  Effective sample size                   = 10000000
  Potential component                (au) =         -23.730701900523
  Standard error                        +/-           0.000863163990
  e-e interaction                    (au) =           8.358950631206
  e-n interaction                    (au) =         -45.595512778269
  Sum of e-n distances             (bohr) =           2.607947037115

  epsilon (bohr)  inside      E_kin^nda (au)            E^nda (au)

    1.920e-03        366       9.854015 +/- 0.626117     -13.876687
    2.633e-03        670       9.791672 +/- 0.460147     -13.939030
    3.610e-03       1241       9.608615 +/- 0.334163     -14.122087
    4.950e-03       2348       9.581071 +/- 0.242602     -14.149631
    6.788e-03       4356       9.473385 +/- 0.176215     -14.257317
    9.308e-03       8176       9.445511 +/- 0.128075     -14.285191
    1.276e-02      15577       9.472106 +/- 0.093281     -14.258596
    1.750e-02      29426       9.550583 +/- 0.068156     -14.180119
    2.400e-02      55644       9.599921 +/- 0.049802     -14.130781

 Time taken in nodal domain averages : : :    771.7437

 Warning: keywords not read by pycasino: newrun periodic writeout_vmc_hist

 General input parameters
 ========================
 NEU (num up spin electrons)              :  2
 NED (num down spin electrons)            :  2
 RUNTYPE (type of run)                    :  vmc
 PSI_S  (form for [anti]symmetrizing wfn) :  slater
 ATOM_BASIS_TYPE (atom-centred orb basis) :  slater-type
 INTERACTION (interaction type)           :  coulomb
 TESTRUN (read input data,print and stop) :  F
 PERIODIC                                 :  F
 COMPLEX_WF (complex Slater wave fn.)     :  F
 NEIGHPRINT (neighbour analysis)          :  0
 USE_JASTROW (use Jastrow factor)         :  T
 BACKFLOW (use backflow corrections)      :  T
 USE_ORBMODS (use orbitals modifications) :  F
 CUSP_CORRECTION                          :  F
 NON_LOCAL_GRID (NL integration grid)     :  4
 E_OFFSET (energy offset)                 :  0.0000
 GAUTOL  (Gaussian evaluation tolerance)  :  7.0
 SPARSE                                   :  F
 DIPOLE_MOMENT                            :  F
 RELATIVISTIC                             :  F

 VMC input parameters
 ====================
 NEWRUN (start new run)                   :  T
 VMC_METHOD (choice of VMC algorithm)     :  3
 DTVMC (VMC time step)                    :  0.02
 OPT_DTVMC (VMC time-step optimization)   :  1
 VMC_NSTEP (num VMC steps)                :  10000000
 VMC_NCONFIG_WRITE (num configs to write) :  0
 VMC_NBLOCK (num VMC blocks)              :  1
 VMC_EQUIL_NSTEP (num equil steps)        :  5000
 VMC_DECORR_PERIOD (length of inner loop) :  10
 VMC_AVE_PERIOD (hist reduction factor)   :  1
 VMC_SAMPLING                             :  standard
 MAKEMOVIE                                :  F
 FORCES                                   :  F

 Median sigma = 1/|grad ln psi| : 1.58123e-01 bohr

 ==============================
 PERFORMING A |PSI| CALCULATION.
 ==============================

 zeta of the walk: 4.00000e+00   DTVMC: 3.28726e-03

 =========================================================================
 WEIGHTED NODAL DOMAIN AVERAGES

  Number of |psi| steps                   = 10000000

  zeta                          (au^-1) =           4.000000000000
  Effective sample size                   = 10000000
  Potential component                (au) =         -23.724102667918
  Standard error                        +/-           0.000863488588
  e-e interaction                    (au) =           8.371015210659
  e-n interaction                    (au) =         -45.624251718440
  Sum of e-n distances             (bohr) =           2.599782259223

  epsilon (bohr)  inside      E_kin^nda (au)            E^nda (au)

    1.920e-03        381      10.715247 +/- 0.667357     -13.008855
    2.633e-03        697      10.274423 +/- 0.478367     -13.449680
    3.610e-03       1282      10.014838 +/- 0.343140     -13.709265
    4.950e-03       2405       9.881839 +/- 0.247590     -13.842264
    6.788e-03       4492       9.822695 +/- 0.179456     -13.901407
    9.308e-03       8363       9.764858 +/- 0.130351     -13.959245
    1.276e-02      15763       9.712881 +/- 0.094720     -14.011221
    1.750e-02      29711       9.688094 +/- 0.068890     -14.036009
    2.400e-02      56491       9.728714 +/- 0.050185     -13.995388

 Time taken in nodal domain averages : : :    779.4535

 Warning: keywords not read by pycasino: newrun periodic writeout_vmc_hist

 General input parameters
 ========================
 NEU (num up spin electrons)              :  2
 NED (num down spin electrons)            :  2
 RUNTYPE (type of run)                    :  vmc
 PSI_S  (form for [anti]symmetrizing wfn) :  slater
 ATOM_BASIS_TYPE (atom-centred orb basis) :  slater-type
 INTERACTION (interaction type)           :  coulomb
 TESTRUN (read input data,print and stop) :  F
 PERIODIC                                 :  F
 COMPLEX_WF (complex Slater wave fn.)     :  F
 NEIGHPRINT (neighbour analysis)          :  0
 USE_JASTROW (use Jastrow factor)         :  T
 BACKFLOW (use backflow corrections)      :  T
 USE_ORBMODS (use orbitals modifications) :  F
 CUSP_CORRECTION                          :  F
 NON_LOCAL_GRID (NL integration grid)     :  4
 E_OFFSET (energy offset)                 :  0.0000
 GAUTOL  (Gaussian evaluation tolerance)  :  7.0
 SPARSE                                   :  F
 DIPOLE_MOMENT                            :  F
 RELATIVISTIC                             :  F

 VMC input parameters
 ====================
 NEWRUN (start new run)                   :  T
 VMC_METHOD (choice of VMC algorithm)     :  3
 DTVMC (VMC time step)                    :  0.02
 OPT_DTVMC (VMC time-step optimization)   :  1
 VMC_NSTEP (num VMC steps)                :  10000000
 VMC_NCONFIG_WRITE (num configs to write) :  0
 VMC_NBLOCK (num VMC blocks)              :  1
 VMC_EQUIL_NSTEP (num equil steps)        :  5000
 VMC_DECORR_PERIOD (length of inner loop) :  10
 VMC_AVE_PERIOD (hist reduction factor)   :  1
 VMC_SAMPLING                             :  standard
 MAKEMOVIE                                :  F
 FORCES                                   :  F

 Median sigma = 1/|grad ln psi| : 1.59456e-01 bohr

 ==============================
 PERFORMING A |PSI| CALCULATION.
 ==============================

 zeta of the walk: 4.00000e+00   DTVMC: 3.44673e-03

 =========================================================================
 WEIGHTED NODAL DOMAIN AVERAGES

  Number of |psi| steps                   = 10000000

  zeta                          (au^-1) =           4.000000000000
  Effective sample size                   = 10000000
  Potential component                (au) =         -23.728843654974
  Standard error                        +/-           0.000863548725
  e-e interaction                    (au) =           8.366837583474
  e-n interaction                    (au) =         -45.605035119376
  Sum of e-n distances             (bohr) =           2.602133124592

  epsilon (bohr)  inside      E_kin^nda (au)            E^nda (au)

    1.920e-03        366      10.095381 +/- 0.640275     -13.633463
    2.633e-03        676       9.849380 +/- 0.464599     -13.879463
    3.610e-03       1246       9.689252 +/- 0.336106     -14.039592
    4.950e-03       2338       9.610094 +/- 0.243428     -14.118750
    6.788e-03       4337       9.481347 +/- 0.176485     -14.247496
    9.308e-03       8136       9.463890 +/- 0.128213     -14.264954
    1.276e-02      15342       9.420868 +/- 0.093221     -14.307976
    1.750e-02      28998       9.429780 +/- 0.067884     -14.299064
    2.400e-02      55552       9.509342 +/- 0.049542     -14.219502

 Time taken in nodal domain averages : : :    925.9575

 Warning: keywords not read by pycasino: newrun periodic writeout_vmc_hist

 General input parameters
 ========================
 NEU (num up spin electrons)              :  2
 NED (num down spin electrons)            :  2
 RUNTYPE (type of run)                    :  vmc
 PSI_S  (form for [anti]symmetrizing wfn) :  slater
 ATOM_BASIS_TYPE (atom-centred orb basis) :  slater-type
 INTERACTION (interaction type)           :  coulomb
 TESTRUN (read input data,print and stop) :  F
 PERIODIC                                 :  F
 COMPLEX_WF (complex Slater wave fn.)     :  F
 NEIGHPRINT (neighbour analysis)          :  0
 USE_JASTROW (use Jastrow factor)         :  T
 BACKFLOW (use backflow corrections)      :  T
 USE_ORBMODS (use orbitals modifications) :  F
 CUSP_CORRECTION                          :  F
 NON_LOCAL_GRID (NL integration grid)     :  4
 E_OFFSET (energy offset)                 :  0.0000
 GAUTOL  (Gaussian evaluation tolerance)  :  7.0
 SPARSE                                   :  F
 DIPOLE_MOMENT                            :  F
 RELATIVISTIC                             :  F

 VMC input parameters
 ====================
 NEWRUN (start new run)                   :  T
 VMC_METHOD (choice of VMC algorithm)     :  3
 DTVMC (VMC time step)                    :  0.02
 OPT_DTVMC (VMC time-step optimization)   :  1
 VMC_NSTEP (num VMC steps)                :  10000000
 VMC_NCONFIG_WRITE (num configs to write) :  0
 VMC_NBLOCK (num VMC blocks)              :  1
 VMC_EQUIL_NSTEP (num equil steps)        :  5000
 VMC_DECORR_PERIOD (length of inner loop) :  10
 VMC_AVE_PERIOD (hist reduction factor)   :  1
 VMC_SAMPLING                             :  standard
 MAKEMOVIE                                :  F
 FORCES                                   :  F

 Median sigma = 1/|grad ln psi| : 1.57735e-01 bohr

 ==============================
 PERFORMING A |PSI| CALCULATION.
 ==============================

 zeta of the walk: 4.00000e+00   DTVMC: 3.29397e-03

 =========================================================================
 WEIGHTED NODAL DOMAIN AVERAGES

  Number of |psi| steps                   = 10000000

  zeta                          (au^-1) =           4.000000000000
  Effective sample size                   = 10000000
  Potential component                (au) =         -23.729899152855
  Standard error                        +/-           0.000862651135
  e-e interaction                    (au) =           8.359409458365
  e-n interaction                    (au) =         -45.594369277868
  Sum of e-n distances             (bohr) =           2.606095386541

  epsilon (bohr)  inside      E_kin^nda (au)            E^nda (au)

    1.920e-03        332       8.811215 +/- 0.600907     -14.918684
    2.633e-03        628       8.947390 +/- 0.438587     -14.782509
    3.610e-03       1208       9.200497 +/- 0.322562     -14.529402
    4.950e-03       2323       9.322567 +/- 0.237370     -14.407332
    6.788e-03       4364       9.413207 +/- 0.174259     -14.316692
    9.308e-03       8149       9.416808 +/- 0.127486     -14.313091
    1.276e-02      15517       9.478766 +/- 0.093146     -14.251133
    1.750e-02      29481       9.549247 +/- 0.068115     -14.180652
    2.400e-02      56190       9.650673 +/- 0.049846     -14.079226

 Time taken in nodal domain averages : : :    973.7156

 Warning: keywords not read by pycasino: newrun periodic writeout_vmc_hist

 General input parameters
 ========================
 NEU (num up spin electrons)              :  2
 NED (num down spin electrons)            :  2
 RUNTYPE (type of run)                    :  vmc
 PSI_S  (form for [anti]symmetrizing wfn) :  slater
 ATOM_BASIS_TYPE (atom-centred orb basis) :  slater-type
 INTERACTION (interaction type)           :  coulomb
 TESTRUN (read input data,print and stop) :  F
 PERIODIC                                 :  F
 COMPLEX_WF (complex Slater wave fn.)     :  F
 NEIGHPRINT (neighbour analysis)          :  0
 USE_JASTROW (use Jastrow factor)         :  T
 BACKFLOW (use backflow corrections)      :  T
 USE_ORBMODS (use orbitals modifications) :  F
 CUSP_CORRECTION                          :  F
 NON_LOCAL_GRID (NL integration grid)     :  4
 E_OFFSET (energy offset)                 :  0.0000
 GAUTOL  (Gaussian evaluation tolerance)  :  7.0
 SPARSE                                   :  F
 DIPOLE_MOMENT                            :  F
 RELATIVISTIC                             :  F

 VMC input parameters
 ====================
 NEWRUN (start new run)                   :  T
 VMC_METHOD (choice of VMC algorithm)     :  3
 DTVMC (VMC time step)                    :  0.02
 OPT_DTVMC (VMC time-step optimization)   :  1
 VMC_NSTEP (num VMC steps)                :  10000000
 VMC_NCONFIG_WRITE (num configs to write) :  0
 VMC_NBLOCK (num VMC blocks)              :  1
 VMC_EQUIL_NSTEP (num equil steps)        :  5000
 VMC_DECORR_PERIOD (length of inner loop) :  10
 VMC_AVE_PERIOD (hist reduction factor)   :  1
 VMC_SAMPLING                             :  standard
 MAKEMOVIE                                :  F
 FORCES                                   :  F

 Median sigma = 1/|grad ln psi| : 1.61469e-01 bohr

 ==============================
 PERFORMING A |PSI| CALCULATION.
 ==============================

 zeta of the walk: 4.00000e+00   DTVMC: 3.32346e-03

 =========================================================================
 WEIGHTED NODAL DOMAIN AVERAGES

  Number of |psi| steps                   = 10000000

  zeta                          (au^-1) =           4.000000000000
  Effective sample size                   = 10000000
  Potential component                (au) =         -23.744422334060
  Standard error                        +/-           0.000864743152
  e-e interaction                    (au) =           8.348886979846
  e-n interaction                    (au) =         -45.534027368696
  Sum of e-n distances             (bohr) =           2.609919057860

  epsilon (bohr)  inside      E_kin^nda (au)            E^nda (au)

    1.920e-03        371      10.615971 +/- 0.668892     -13.128451
    2.633e-03        680      10.191520 +/- 0.477231     -13.552902
    3.610e-03       1218       9.767723 +/- 0.340836     -13.976700
    4.950e-03       2344       9.607719 +/- 0.244501     -14.136703
    6.788e-03       4398       9.582913 +/- 0.177162     -14.161509
    9.308e-03       8182       9.524177 +/- 0.128725     -14.220246
    1.276e-02      15629       9.524309 +/- 0.093627     -14.220114
    1.750e-02      29459       9.575218 +/- 0.068315     -14.169204
    2.400e-02      55970       9.634004 +/- 0.049881     -14.110419

 Time taken in nodal domain averages : : :    841.0720

 Warning: keywords not read by pycasino: newrun periodic writeout_vmc_hist

 General input parameters
 ========================
 NEU (num up spin electrons)              :  2
 NED (num down spin electrons)            :  2
 RUNTYPE (type of run)                    :  vmc
 PSI_S  (form for [anti]symmetrizing wfn) :  slater
 ATOM_BASIS_TYPE (atom-centred orb basis) :  slater-type
 INTERACTION (interaction type)           :  coulomb
 TESTRUN (read input data,print and stop) :  F
 PERIODIC                                 :  F
 COMPLEX_WF (complex Slater wave fn.)     :  F
 NEIGHPRINT (neighbour analysis)          :  0
 USE_JASTROW (use Jastrow factor)         :  T
 BACKFLOW (use backflow corrections)      :  T
 USE_ORBMODS (use orbitals modifications) :  F
 CUSP_CORRECTION                          :  F
 NON_LOCAL_GRID (NL integration grid)     :  4
 E_OFFSET (energy offset)                 :  0.0000
 GAUTOL  (Gaussian evaluation tolerance)  :  7.0
 SPARSE                                   :  F
 DIPOLE_MOMENT                            :  F
 RELATIVISTIC                             :  F

 VMC input parameters
 ====================
 NEWRUN (start new run)                   :  T
 VMC_METHOD (choice of VMC algorithm)     :  3
 DTVMC (VMC time step)                    :  0.02
 OPT_DTVMC (VMC time-step optimization)   :  1
 VMC_NSTEP (num VMC steps)                :  10000000
 VMC_NCONFIG_WRITE (num configs to write) :  0
 VMC_NBLOCK (num VMC blocks)              :  1
 VMC_EQUIL_NSTEP (num equil steps)        :  5000
 VMC_DECORR_PERIOD (length of inner loop) :  10
 VMC_AVE_PERIOD (hist reduction factor)   :  1
 VMC_SAMPLING                             :  standard
 MAKEMOVIE                                :  F
 FORCES                                   :  F

 Median sigma = 1/|grad ln psi| : 1.57162e-01 bohr

 ==============================
 PERFORMING A |PSI| CALCULATION.
 ==============================

 zeta of the walk: 4.00000e+00   DTVMC: 3.32115e-03

 =========================================================================
 WEIGHTED NODAL DOMAIN AVERAGES

  Number of |psi| steps                   = 10000000

  zeta                          (au^-1) =           4.000000000000
  Effective sample size                   = 10000000
  Potential component                (au) =         -23.736684243831
  Standard error                        +/-           0.000864795064
  e-e interaction                    (au) =           8.357848004423
  e-n interaction                    (au) =         -45.581315984547
  Sum of e-n distances             (bohr) =           2.606443549253

  epsilon (bohr)  inside      E_kin^nda (au)            E^nda (au)

    1.920e-03        326       8.232397 +/- 0.569898     -15.504287
    2.633e-03        638       8.809445 +/- 0.427031     -14.927240
    3.610e-03       1237       9.155535 +/- 0.319259     -14.581149
    4.950e-03       2323       9.325818 +/- 0.236725     -14.410866
    6.788e-03       4323       9.406375 +/- 0.174162     -14.330310
    9.308e-03       8273       9.440719 +/- 0.127443     -14.295966
    1.276e-02      15390       9.492868 +/- 0.093283     -14.243817
    1.750e-02      29184       9.501147 +/- 0.068078     -14.235537
    2.400e-02      55678       9.563601 +/- 0.049699     -14.173083

 Time taken in nodal domain averages : : :    974.2865

 Warning: keywords not read by pycasino: newrun periodic writeout_vmc_hist

 General input parameters
 ========================
 NEU (num up spin electrons)              :  2
 NED (num down spin electrons)            :  2
 RUNTYPE (type of run)                    :  vmc
 PSI_S  (form for [anti]symmetrizing wfn) :  slater
 ATOM_BASIS_TYPE (atom-centred orb basis) :  slater-type
 INTERACTION (interaction type)           :  coulomb
 TESTRUN (read input data,print and stop) :  F
 PERIODIC                                 :  F
 COMPLEX_WF (complex Slater wave fn.)     :  F
 NEIGHPRINT (neighbour analysis)          :  0
 USE_JASTROW (use Jastrow factor)         :  T
 BACKFLOW (use backflow corrections)      :  T
 USE_ORBMODS (use orbitals modifications) :  F
 CUSP_CORRECTION                          :  F
 NON_LOCAL_GRID (NL integration grid)     :  4
 E_OFFSET (energy offset)                 :  0.0000
 GAUTOL  (Gaussian evaluation tolerance)  :  7.0
 SPARSE                                   :  F
 DIPOLE_MOMENT                            :  F
 RELATIVISTIC                             :  F

 VMC input parameters
 ====================
 NEWRUN (start new run)                   :  T
 VMC_METHOD (choice of VMC algorithm)     :  3
 DTVMC (VMC time step)                    :  0.02
 OPT_DTVMC (VMC time-step optimization)   :  1
 VMC_NSTEP (num VMC steps)                :  10000000
 VMC_NCONFIG_WRITE (num configs to write) :  0
 VMC_NBLOCK (num VMC blocks)              :  1
 VMC_EQUIL_NSTEP (num equil steps)        :  5000
 VMC_DECORR_PERIOD (length of inner loop) :  10
 VMC_AVE_PERIOD (hist reduction factor)   :  1
 VMC_SAMPLING                             :  standard
 MAKEMOVIE                                :  F
 FORCES                                   :  F

 Median sigma = 1/|grad ln psi| : 1.59346e-01 bohr

 ==============================
 PERFORMING A |PSI| CALCULATION.
 ==============================

 zeta of the walk: 4.00000e+00   DTVMC: 3.41515e-03

 =========================================================================
 WEIGHTED NODAL DOMAIN AVERAGES

  Number of |psi| steps                   = 10000000

  zeta                          (au^-1) =           4.000000000000
  Effective sample size                   = 10000000
  Potential component                (au) =         -23.731758589160
  Standard error                        +/-           0.000864514652
  e-e interaction                    (au) =           8.365953912402
  e-n interaction                    (au) =         -45.584851878962
  Sum of e-n distances             (bohr) =           2.603894567842

  epsilon (bohr)  inside      E_kin^nda (au)            E^nda (au)

    1.920e-03        348       9.723024 +/- 0.632979     -14.008735
    2.633e-03        631       9.585925 +/- 0.458464     -14.145834
    3.610e-03       1217       9.304355 +/- 0.330271     -14.427404
    4.950e-03       2322       9.357394 +/- 0.239466     -14.374364
    6.788e-03       4370       9.448937 +/- 0.174922     -14.282822
    9.308e-03       8306       9.487679 +/- 0.127861     -14.244080
    1.276e-02      15595       9.572053 +/- 0.093582     -14.159706
    1.750e-02      29592       9.605112 +/- 0.068383     -14.126647
    2.400e-02      56369       9.684477 +/- 0.049974     -14.047282

 Time taken in nodal domain averages : : :    842.6224

 Warning: keywords not read by pycasino: newrun periodic writeout_vmc_hist

 General input parameters
 ========================
 NEU (num up spin electrons)              :  2
 NED (num down spin electrons)            :  2
 RUNTYPE (type of run)                    :  vmc
 PSI_S  (form for [anti]symmetrizing wfn) :  slater
 ATOM_BASIS_TYPE (atom-centred orb basis) :  slater-type
 INTERACTION (interaction type)           :  coulomb
 TESTRUN (read input data,print and stop) :  F
 PERIODIC                                 :  F
 COMPLEX_WF (complex Slater wave fn.)     :  F
 NEIGHPRINT (neighbour analysis)          :  0
 USE_JASTROW (use Jastrow factor)         :  T
 BACKFLOW (use backflow corrections)      :  T
 USE_ORBMODS (use orbitals modifications) :  F
 CUSP_CORRECTION                          :  F
 NON_LOCAL_GRID (NL integration grid)     :  4
 E_OFFSET (energy offset)                 :  0.0000
 GAUTOL  (Gaussian evaluation tolerance)  :  7.0
 SPARSE                                   :  F
 DIPOLE_MOMENT                            :  F
 RELATIVISTIC                             :  F

 VMC input parameters
 ====================
 NEWRUN (start new run)                   :  T
 VMC_METHOD (choice of VMC algorithm)     :  3
 DTVMC (VMC time step)                    :  0.02
 OPT_DTVMC (VMC time-step optimization)   :  1
 VMC_NSTEP (num VMC steps)                :  10000000
 VMC_NCONFIG_WRITE (num configs to write) :  0
 VMC_NBLOCK (num VMC blocks)              :  1
 VMC_EQUIL_NSTEP (num equil steps)        :  5000
 VMC_DECORR_PERIOD (length of inner loop) :  10
 VMC_AVE_PERIOD (hist reduction factor)   :  1
 VMC_SAMPLING                             :  standard
 MAKEMOVIE                                :  F
 FORCES                                   :  F

 Median sigma = 1/|grad ln psi| : 1.58746e-01 bohr

 ==============================
 PERFORMING A |PSI| CALCULATION.
 ==============================

 zeta of the walk: 4.00000e+00   DTVMC: 3.51423e-03

 =========================================================================
 WEIGHTED NODAL DOMAIN AVERAGES

  Number of |psi| steps                   = 10000000

  zeta                          (au^-1) =           4.000000000000
  Effective sample size                   = 10000000
  Potential component                (au) =         -23.737380526168
  Standard error                        +/-           0.000864775786
  e-e interaction                    (au) =           8.354653558666
  e-n interaction                    (au) =         -45.551827232077
  Sum of e-n distances             (bohr) =           2.608222675520

  epsilon (bohr)  inside      E_kin^nda (au)            E^nda (au)

    1.920e-03        354       9.625020 +/- 0.622580     -14.112361
    2.633e-03        701       9.700861 +/- 0.455546     -14.036520
    3.610e-03       1272       9.896848 +/- 0.335544     -13.840533
    4.950e-03       2372       9.816119 +/- 0.245333     -13.921261
    6.788e-03       4442       9.707890 +/- 0.178293     -14.029490
    9.308e-03       8222       9.584848 +/- 0.129353     -14.152532
    1.276e-02      15568       9.550260 +/- 0.093903     -14.187120
    1.750e-02      29585       9.591185 +/- 0.068409     -14.146196
    2.400e-02      56159       9.664495 +/- 0.049951     -14.072886

 Time taken in nodal domain averages : : :    764.1877

 Warning: keywords not read by pycasino: newrun periodic writeout_vmc_hist

 General input parameters
 ========================
 NEU (num up spin electrons)              :  2
 NED (num down spin electrons)            :  2
 RUNTYPE (type of run)                    :  vmc
 PSI_S  (form for [anti]symmetrizing wfn) :  slater
 ATOM_BASIS_TYPE (atom-centred orb basis) :  slater-type
 INTERACTION (interaction type)           :  coulomb
 TESTRUN (read input data,print and stop) :  F
 PERIODIC                                 :  F
 COMPLEX_WF (complex Slater wave fn.)     :  F
 NEIGHPRINT (neighbour analysis)          :  0
 USE_JASTROW (use Jastrow factor)         :  T
 BACKFLOW (use backflow corrections)      :  T
 USE_ORBMODS (use orbitals modifications) :  F
 CUSP_CORRECTION                          :  F
 NON_LOCAL_GRID (NL integration grid)     :  4
 E_OFFSET (energy offset)                 :  0.0000
 GAUTOL  (Gaussian evaluation tolerance)  :  7.0
 SPARSE                                   :  F
 DIPOLE_MOMENT                            :  F
 RELATIVISTIC                             :  F

 VMC input parameters
 ====================
 NEWRUN (start new run)                   :  T
 VMC_METHOD (choice of VMC algorithm)     :  3
 DTVMC (VMC time step)                    :  0.02
 OPT_DTVMC (VMC time-step optimization)   :  1
 VMC_NSTEP (num VMC steps)                :  10000000
 VMC_NCONFIG_WRITE (num configs to write) :  0
 VMC_NBLOCK (num VMC blocks)              :  1
 VMC_EQUIL_NSTEP (num equil steps)        :  5000
 VMC_DECORR_PERIOD (length of inner loop) :  10
 VMC_AVE_PERIOD (hist reduction factor)   :  1
 VMC_SAMPLING                             :  standard
 MAKEMOVIE                                :  F
 FORCES                                   :  F

 Median sigma = 1/|grad ln psi| : 1.60890e-01 bohr

 ==============================
 PERFORMING A |PSI| CALCULATION.
 ==============================

 zeta of the walk: 4.00000e+00   DTVMC: 3.49462e-03

 =========================================================================
 WEIGHTED NODAL DOMAIN AVERAGES

  Number of |psi| steps                   = 10000000

  zeta                          (au^-1) =           4.000000000000
  Effective sample size                   = 10000000
  Potential component                (au) =         -23.744230047369
  Standard error                        +/-           0.000864219247
  e-e interaction                    (au) =           8.347867316632
  e-n interaction                    (au) =         -45.544319389803
  Sum of e-n distances             (bohr) =           2.611220284948

  epsilon (bohr)  inside      E_kin^nda (au)            E^nda (au)

    1.920e-03        362       9.397395 +/- 0.612022     -14.346835
    2.633e-03        670       9.577154 +/- 0.451753     -14.167076
    3.610e-03       1207       9.431523 +/- 0.330329     -14.312707
    4.950e-03       2315       9.417187 +/- 0.240299     -14.327043
    6.788e-03       4406       9.448384 +/- 0.175173     -14.295846
    9.308e-03       8239       9.465580 +/- 0.127885     -14.278650
    1.276e-02      15529       9.511840 +/- 0.093395     -14.232390
    1.750e-02      29296       9.543983 +/- 0.068202     -14.200247
    2.400e-02      55884       9.594729 +/- 0.049790     -14.149501

 Time taken in nodal domain averages : : :    759.4717

 Warning: keywords not read by pycasino: newrun periodic writeout_vmc_hist

 General input parameters
 ========================
 NEU (num up spin electrons)              :  2
 NED (num down spin electrons)            :  2
 RUNTYPE (type of run)                    :  vmc
 PSI_S  (form for [anti]symmetrizing wfn) :  slater
 ATOM_BASIS_TYPE (atom-centred orb basis) :  slater-type
 INTERACTION (interaction type)           :  coulomb
 TESTRUN (read input data,print and stop) :  F
 PERIODIC                                 :  F
 COMPLEX_WF (complex Slater wave fn.)     :  F
 NEIGHPRINT (neighbour analysis)          :  0
 USE_JASTROW (use Jastrow factor)         :  T
 BACKFLOW (use backflow corrections)      :  T
 USE_ORBMODS (use orbitals modifications) :  F
 CUSP_CORRECTION                          :  F
 NON_LOCAL_GRID (NL integration grid)     :  4
 E_OFFSET (energy offset)                 :  0.0000
 GAUTOL  (Gaussian evaluation tolerance)  :  7.0
 SPARSE                                   :  F
 DIPOLE_MOMENT                            :  F
 RELATIVISTIC                             :  F

 VMC input parameters
 ====================
 NEWRUN (start new run)                   :  T
 VMC_METHOD (choice of VMC algorithm)     :  3
 DTVMC (VMC time step)                    :  0.02
 OPT_DTVMC (VMC time-step optimization)   :  1
 VMC_NSTEP (num VMC steps)                :  10000000
 VMC_NCONFIG_WRITE (num configs to write) :  0
 VMC_NBLOCK (num VMC blocks)              :  1
 VMC_EQUIL_NSTEP (num equil steps)        :  5000
 VMC_DECORR_PERIOD (length of inner loop) :  10
 VMC_AVE_PERIOD (hist reduction factor)   :  1
 VMC_SAMPLING                             :  standard
 MAKEMOVIE                                :  F
 FORCES                                   :  F

 Median sigma = 1/|grad ln psi| : 1.59129e-01 bohr

 ==============================
 PERFORMING A |PSI| CALCULATION.
 ==============================

 zeta of the walk: 4.00000e+00   DTVMC: 3.38142e-03

 =========================================================================
 WEIGHTED NODAL DOMAIN AVERAGES

  Number of |psi| steps                   = 10000000

  zeta                          (au^-1) =           4.000000000000
  Effective sample size                   = 10000000
  Potential component                (au) =         -23.735784449209
  Standard error                        +/-           0.000863381437
  e-e interaction                    (au) =           8.357510243174
  e-n interaction                    (au) =         -45.588804199609
  Sum of e-n distances             (bohr) =           2.605220421168

  epsilon (bohr)  inside      E_kin^nda (au)            E^nda (au)

    1.920e-03        310       8.773437 +/- 0.596547     -14.962348
    2.633e-03        591       8.601872 +/- 0.433510     -15.133912
    3.610e-03       1147       8.695684 +/- 0.315443     -15.040101
    4.950e-03       2242       8.921700 +/- 0.231703     -14.814085
    6.788e-03       4296       9.087907 +/- 0.170652     -14.647878
    9.308e-03       8200       9.275762 +/- 0.125720     -14.460023
    1.276e-02      15600       9.445574 +/- 0.092557     -14.290210
    1.750e-02      29505       9.545945 +/- 0.067980     -14.189839
    2.400e-02      56048       9.627715 +/- 0.049788     -14.108070

 Time taken in nodal domain averages : : :    759.4923

 Warning: keywords not read by pycasino: newrun periodic writeout_vmc_hist

 General input parameters
 ========================
 NEU (num up spin electrons)              :  2
 NED (num down spin electrons)            :  2
 RUNTYPE (type of run)                    :  vmc
 PSI_S  (form for [anti]symmetrizing wfn) :  slater
 ATOM_BASIS_TYPE (atom-centred orb basis) :  slater-type
 INTERACTION (interaction type)           :  coulomb
 TESTRUN (read input data,print and stop) :  F
 PERIODIC                                 :  F
 COMPLEX_WF (complex Slater wave fn.)     :  F
 NEIGHPRINT (neighbour analysis)          :  0
 USE_JASTROW (use Jastrow factor)         :  T
 BACKFLOW (use backflow corrections)      :  T
 USE_ORBMODS (use orbitals modifications) :  F
 CUSP_CORRECTION                          :  F
 NON_LOCAL_GRID (NL integration grid)     :  4
 E_OFFSET (energy offset)                 :  0.0000
 GAUTOL  (Gaussian evaluation tolerance)  :  7.0
 SPARSE                                   :  F
 DIPOLE_MOMENT                            :  F
 RELATIVISTIC                             :  F

 VMC input parameters
 ====================
 NEWRUN (start new run)                   :  T
 VMC_METHOD (choice of VMC algorithm)     :  3
 DTVMC (VMC time step)                    :  0.02
 OPT_DTVMC (VMC time-step optimization)   :  1
 VMC_NSTEP (num VMC steps)                :  10000000
 VMC_NCONFIG_WRITE (num configs to write) :  0
 VMC_NBLOCK (num VMC blocks)              :  1
 VMC_EQUIL_NSTEP (num equil steps)        :  5000
 VMC_DECORR_PERIOD (length of inner loop) :  10
 VMC_AVE_PERIOD (hist reduction factor)   :  1
 VMC_SAMPLING                             :  standard
 MAKEMOVIE                                :  F
 FORCES                                   :  F

 Median sigma = 1/|grad ln psi| : 1.59246e-01 bohr

 ==============================
 PERFORMING A |PSI| CALCULATION.
 ==============================

 zeta of the walk: 4.00000e+00   DTVMC: 3.26449e-03

 =========================================================================
 WEIGHTED NODAL DOMAIN AVERAGES

  Number of |psi| steps                   = 10000000

  zeta                          (au^-1) =           4.000000000000
  Effective sample size                   = 10000000
  Potential component                (au) =         -23.746722421899
  Standard error                        +/-           0.000863522317
  e-e interaction                    (au) =           8.342019504010
  e-n interaction                    (au) =         -45.512514223326
  Sum of e-n distances             (bohr) =           2.610703396370

  epsilon (bohr)  inside      E_kin^nda (au)            E^nda (au)

    1.920e-03        347       8.676484 +/- 0.570557     -15.070238
    2.633e-03        674       9.222623 +/- 0.434922     -14.524099
    3.610e-03       1250       9.563042 +/- 0.326627     -14.183680
    4.950e-03       2278       9.489528 +/- 0.240614     -14.257194
    6.788e-03       4237       9.295819 +/- 0.174824     -14.450903
    9.308e-03       8095       9.275564 +/- 0.126890     -14.471159
    1.276e-02      15417       9.356401 +/- 0.092570     -14.390321
    1.750e-02      29226       9.460083 +/- 0.067751     -14.286640
    2.400e-02      55516       9.543506 +/- 0.049587     -14.203217

 Time taken in nodal domain averages : : :    765.8228

 Warning: keywords not read by pycasino: newrun periodic writeout_vmc_hist

 General input parameters
 ========================
 NEU (num up spin electrons)              :  2
 NED (num down spin electrons)            :  2
 RUNTYPE (type of run)                    :  vmc
 PSI_S  (form for [anti]symmetrizing wfn) :  slater
 ATOM_BASIS_TYPE (atom-centred orb basis) :  slater-type
 INTERACTION (interaction type)           :  coulomb
 TESTRUN (read input data,print and stop) :  F
 PERIODIC                                 :  F
 COMPLEX_WF (complex Slater wave fn.)     :  F
 NEIGHPRINT (neighbour analysis)          :  0
 USE_JASTROW (use Jastrow factor)         :  T
 BACKFLOW (use backflow corrections)      :  T
 USE_ORBMODS (use orbitals modifications) :  F
 CUSP_CORRECTION                          :  F
 NON_LOCAL_GRID (NL integration grid)     :  4
 E_OFFSET (energy offset)                 :  0.0000
 GAUTOL  (Gaussian evaluation tolerance)  :  7.0
 SPARSE                                   :  F
 DIPOLE_MOMENT                            :  F
 RELATIVISTIC                             :  F

 VMC input parameters
 ====================
 NEWRUN (start new run)                   :  T
 VMC_METHOD (choice of VMC algorithm)     :  3
 DTVMC (VMC time step)                    :  0.02
 OPT_DTVMC (VMC time-step optimization)   :  1
 VMC_NSTEP (num VMC steps)                :  10000000
 VMC_NCONFIG_WRITE (num configs to write) :  0
 VMC_NBLOCK (num VMC blocks)              :  1
 VMC_EQUIL_NSTEP (num equil steps)        :  5000
 VMC_DECORR_PERIOD (length of inner loop) :  10
 VMC_AVE_PERIOD (hist reduction factor)   :  1
 VMC_SAMPLING                             :  standard
 MAKEMOVIE                                :  F
 FORCES                                   :  F

 Median sigma = 1/|grad ln psi| : 1.58679e-01 bohr

 ==============================
 PERFORMING A |PSI| CALCULATION.
 ==============================

 zeta of the walk: 4.00000e+00   DTVMC: 3.21988e-03

 =========================================================================
 WEIGHTED NODAL DOMAIN AVERAGES

  Number of |psi| steps                   = 10000000

  zeta                          (au^-1) =           4.000000000000
  Effective sample size                   = 10000000
  Potential component                (au) =         -23.735945872281
  Standard error                        +/-           0.000862271075
  e-e interaction                    (au) =           8.359308735806
  e-n interaction                    (au) =         -45.575697108075
  Sum of e-n distances             (bohr) =           2.603799705250

  epsilon (bohr)  inside      E_kin^nda (au)            E^nda (au)

    1.920e-03        344       9.304435 +/- 0.619474     -14.431511
    2.633e-03        653       9.292074 +/- 0.449331     -14.443872
    3.610e-03       1194       9.301172 +/- 0.327620     -14.434774
    4.950e-03       2252       9.199474 +/- 0.238040     -14.536472
    6.788e-03       4247       9.124104 +/- 0.172824     -14.611842
    9.308e-03       8035       9.230485 +/- 0.126112     -14.505460
    1.276e-02      15397       9.309123 +/- 0.092233     -14.426823
    1.750e-02      29428       9.462869 +/- 0.067632     -14.273077
    2.400e-02      55696       9.566522 +/- 0.049597     -14.169424

 Time taken in nodal domain averages : : :    760.4854

 Warning: keywords not read by pycasino: newrun periodic writeout_vmc_hist

 General input parameters
 ========================
 NEU (num up spin electrons)              :  2
 NED (num down spin electrons)            :  2
 RUNTYPE (type of run)                    :  vmc
 PSI_S  (form for [anti]symmetrizing wfn) :  slater
 ATOM_BASIS_TYPE (atom-centred orb basis) :  slater-type
 INTERACTION (interaction type)           :  coulomb
 TESTRUN (read input data,print and stop) :  F
 PERIODIC                                 :  F
 COMPLEX_WF (complex Slater wave fn.)     :  F
 NEIGHPRINT (neighbour analysis)          :  0
 USE_JASTROW (use Jastrow factor)         :  T
 BACKFLOW (use backflow corrections)      :  T
 USE_ORBMODS (use orbitals modifications) :  F
 CUSP_CORRECTION                          :  F
 NON_LOCAL_GRID (NL integration grid)     :  4
 E_OFFSET (energy offset)                 :  0.0000
 GAUTOL  (Gaussian evaluation tolerance)  :  7.0
 SPARSE                                   :  F
 DIPOLE_MOMENT                            :  F
 RELATIVISTIC                             :  F

 VMC input parameters
 ====================
 NEWRUN (start new run)                   :  T
 VMC_METHOD (choice of VMC algorithm)     :  3
 DTVMC (VMC time step)                    :  0.02
 OPT_DTVMC (VMC time-step optimization)   :  1
 VMC_NSTEP (num VMC steps)                :  10000000
 VMC_NCONFIG_WRITE (num configs to write) :  0
 VMC_NBLOCK (num VMC blocks)              :  1
 VMC_EQUIL_NSTEP (num equil steps)        :  5000
 VMC_DECORR_PERIOD (length of inner loop) :  10
 VMC_AVE_PERIOD (hist reduction factor)   :  1
 VMC_SAMPLING                             :  standard
 MAKEMOVIE                                :  F
 FORCES                                   :  F

 Median sigma = 1/|grad ln psi| : 1.58079e-01 bohr

 ==============================
 PERFORMING A |PSI| CALCULATION.
 ==============================

 zeta of the walk: 4.00000e+00   DTVMC: 3.43947e-03

 =========================================================================
 WEIGHTED NODAL DOMAIN AVERAGES

  Number of |psi| steps                   = 10000000

  zeta                          (au^-1) =           4.000000000000
  Effective sample size                   = 10000000
  Potential component                (au) =         -23.739202382514
  Standard error                        +/-           0.000864846281
  e-e interaction                    (au) =           8.352792610158
  e-n interaction                    (au) =         -45.547667574746
  Sum of e-n distances             (bohr) =           2.608914416868

  epsilon (bohr)  inside      E_kin^nda (au)            E^nda (au)

    1.920e-03        324       9.058254 +/- 0.618623     -14.680948
    2.633e-03        621       9.011328 +/- 0.444265     -14.727874
    3.610e-03       1192       9.041421 +/- 0.322614     -14.697781
    4.950e-03       2290       9.158436 +/- 0.235753     -14.580766
    6.788e-03       4352       9.317952 +/- 0.173190     -14.421250
    9.308e-03       8218       9.410296 +/- 0.127084     -14.328907
    1.276e-02      15494       9.454368 +/- 0.093027     -14.284834
    1.750e-02      29245       9.497753 +/- 0.067998     -14.241449
    2.400e-02      55421       9.555903 +/- 0.049680     -14.183300

 Time taken in nodal domain averages : : :    761.4756

 Warning: keywords not read by pycasino: newrun periodic writeout_vmc_hist

 General input parameters
 ========================
 NEU (num up spin electrons)              :  2
 NED (num down spin electrons)            :  2
 RUNTYPE (type of run)                    :  vmc
 PSI_S  (form for [anti]symmetrizing wfn) :  slater
 ATOM_BASIS_TYPE (atom-centred orb basis) :  slater-type
 INTERACTION (interaction type)           :  coulomb
 TESTRUN (read input data,print and stop) :  F
 PERIODIC                                 :  F
 COMPLEX_WF (complex Slater wave fn.)     :  F
 NEIGHPRINT (neighbour analysis)          :  0
 USE_JASTROW (use Jastrow factor)         :  T
 BACKFLOW (use backflow corrections)      :  T
 USE_ORBMODS (use orbitals modifications) :  F
 CUSP_CORRECTION                          :  F
 NON_LOCAL_GRID (NL integration grid)     :  4
 E_OFFSET (energy offset)                 :  0.0000
 GAUTOL  (Gaussian evaluation tolerance)  :  7.0
 SPARSE                                   :  F
 DIPOLE_MOMENT                            :  F
 RELATIVISTIC                             :  F

 VMC input parameters
 ====================
 NEWRUN (start new run)                   :  T
 VMC_METHOD (choice of VMC algorithm)     :  3
 DTVMC (VMC time step)                    :  0.02
 OPT_DTVMC (VMC time-step optimization)   :  1
 VMC_NSTEP (num VMC steps)                :  10000000
 VMC_NCONFIG_WRITE (num configs to write) :  0
 VMC_NBLOCK (num VMC blocks)              :  1
 VMC_EQUIL_NSTEP (num equil steps)        :  5000
 VMC_DECORR_PERIOD (length of inner loop) :  10
 VMC_AVE_PERIOD (hist reduction factor)   :  1
 VMC_SAMPLING                             :  standard
 MAKEMOVIE                                :  F
 FORCES                                   :  F

 Median sigma = 1/|grad ln psi| : 1.59688e-01 bohr

 ==============================
 PERFORMING A |PSI| CALCULATION.
 ==============================

 zeta of the walk: 4.00000e+00   DTVMC: 3.32364e-03

 =========================================================================
 WEIGHTED NODAL DOMAIN AVERAGES

  Number of |psi| steps                   = 10000000

  zeta                          (au^-1) =           4.000000000000
  Effective sample size                   = 10000000
  Potential component                (au) =         -23.740479450863
  Standard error                        +/-           0.000863386746
  e-e interaction                    (au) =           8.356004155366
  e-n interaction                    (au) =         -45.564770018267
  Sum of e-n distances             (bohr) =           2.605416179831

  epsilon (bohr)  inside      E_kin^nda (au)            E^nda (au)

    1.920e-03        344       9.170191 +/- 0.614911     -14.570289
    2.633e-03        647       9.219013 +/- 0.446618     -14.521467
    3.610e-03       1245       9.345949 +/- 0.326744     -14.394531
    4.950e-03       2290       9.390034 +/- 0.239260     -14.350445
    6.788e-03       4309       9.354786 +/- 0.174542     -14.385694
    9.308e-03       8112       9.368689 +/- 0.127311     -14.371790
    1.276e-02      15299       9.353508 +/- 0.092801     -14.386971
    1.750e-02      29256       9.431079 +/- 0.067725     -14.309401
    2.400e-02      55947       9.557760 +/- 0.049573     -14.182719

 Time taken in nodal domain averages : : :    758.4685

 Warning: keywords not read by pycasino: newrun periodic writeout_vmc_hist

 General input parameters
 ========================
 NEU (num up spin electrons)              :  2
 NED (num down spin electrons)            :  2
 RUNTYPE (type of run)                    :  vmc
 PSI_S  (form for [anti]symmetrizing wfn) :  slater
 ATOM_BASIS_TYPE (atom-centred orb basis) :  slater-type
 INTERACTION (interaction type)           :  coulomb
 TESTRUN (read input data,print and stop) :  F
 PERIODIC                                 :  F
 COMPLEX_WF (complex Slater wave fn.)     :  F
 NEIGHPRINT (neighbour analysis)          :  0
 USE_JASTROW (use Jastrow factor)         :  T
 BACKFLOW (use backflow corrections)      :  T
 USE_ORBMODS (use orbitals modifications) :  F
 CUSP_CORRECTION                          :  F
 NON_LOCAL_GRID (NL integration grid)     :  4
 E_OFFSET (energy offset)                 :  0.0000
 GAUTOL  (Gaussian evaluation tolerance)  :  7.0
 SPARSE                                   :  F
 DIPOLE_MOMENT                            :  F
 RELATIVISTIC                             :  F

 VMC input parameters
 ====================
 NEWRUN (start new run)                   :  T
 VMC_METHOD (choice of VMC algorithm)     :  3
 DTVMC (VMC time step)                    :  0.02
 OPT_DTVMC (VMC time-step optimization)   :  1
 VMC_NSTEP (num VMC steps)                :  10000000
 VMC_NCONFIG_WRITE (num configs to write) :  0
 VMC_NBLOCK (num VMC blocks)              :  1
 VMC_EQUIL_NSTEP (num equil steps)        :  5000
 VMC_DECORR_PERIOD (length of inner loop) :  10
 VMC_AVE_PERIOD (hist reduction factor)   :  1
 VMC_SAMPLING                             :  standard
 MAKEMOVIE                                :  F
 FORCES                                   :  F

 Median sigma = 1/|grad ln psi| : 1.58038e-01 bohr

 ==============================
 PERFORMING A |PSI| CALCULATION.
 ==============================

 zeta of the walk: 4.00000e+00   DTVMC: 3.16083e-03

 =========================================================================
 WEIGHTED NODAL DOMAIN AVERAGES

  Number of |psi| steps                   = 10000000

  zeta                          (au^-1) =           4.000000000000
  Effective sample size                   = 10000000
  Potential component                (au) =         -23.741530473710
  Standard error                        +/-           0.000864994302
  e-e interaction                    (au) =           8.355033915542
  e-n interaction                    (au) =         -45.529092291936
  Sum of e-n distances             (bohr) =           2.607925162763

  epsilon (bohr)  inside      E_kin^nda (au)            E^nda (au)

    1.920e-03        357       9.667416 +/- 0.618129     -14.074114
    2.633e-03        643       9.528547 +/- 0.454278     -14.212984
    3.610e-03       1255       9.508803 +/- 0.330703     -14.232728
    4.950e-03       2344       9.568955 +/- 0.241676     -14.172576
    6.788e-03       4361       9.519031 +/- 0.176225     -14.222499
    9.308e-03       8195       9.486838 +/- 0.128263     -14.254692
    1.276e-02      15639       9.517246 +/- 0.093480     -14.224284
    1.750e-02      29573       9.579690 +/- 0.068282     -14.161841
    2.400e-02      55902       9.646151 +/- 0.049902     -14.095380

 Time taken in nodal domain averages : : :    758.8454

 =========================================================================
 NODAL SURFACE DESCRIPTOR, zeta = 4.0000

 run                                                 widest tube          1.9x narrower

 vmc/Backflow                                 9.539218 +/- 0.049571     9.388373 +/- 0.092958
 vmc/Backflow_01                              9.673789 +/- 0.049955     9.513522 +/- 0.093319
 vmc/Backflow_02                              9.568715 +/- 0.049760     9.522872 +/- 0.093636
 vmc/Backflow_03                              9.583851 +/- 0.049774     9.495208 +/- 0.093140
 vmc/Backflow_04                              9.636226 +/- 0.049877     9.527957 +/- 0.093544
 vmc/Backflow_05                              9.707829 +/- 0.050153     9.693957 +/- 0.094628
 vmc/Backflow_06                              9.599921 +/- 0.049802     9.472106 +/- 0.093281
 vmc/Backflow_07                              9.728714 +/- 0.050185     9.712881 +/- 0.094720
 vmc/Backflow_08                              9.509342 +/- 0.049542     9.420868 +/- 0.093221
 vmc/Backflow_09                              9.650673 +/- 0.049846     9.478766 +/- 0.093146
 vmc/Backflow_10                              9.634004 +/- 0.049881     9.524309 +/- 0.093627
 vmc/Backflow_11                              9.563601 +/- 0.049699     9.492868 +/- 0.093283
 vmc/Backflow_12                              9.684477 +/- 0.049974     9.572053 +/- 0.093582
 vmc/Backflow_13                              9.664495 +/- 0.049951     9.550260 +/- 0.093903
 vmc/Backflow_14                              9.594729 +/- 0.049790     9.511840 +/- 0.093395
 vmc/Backflow_15                              9.627715 +/- 0.049788     9.445574 +/- 0.092557
 vmc/Backflow_16                              9.543506 +/- 0.049587     9.356401 +/- 0.092570
 vmc/Backflow_17                              9.566522 +/- 0.049597     9.309123 +/- 0.092233
 vmc/Backflow_18                              9.555903 +/- 0.049680     9.454368 +/- 0.093027
 vmc/Backflow_19                              9.557760 +/- 0.049573     9.353508 +/- 0.092801
 vmc/Backflow_20                              9.646151 +/- 0.049902     9.517246 +/- 0.093480

