
 ------------------------------------------------------------------------------
 ########::'##:::'##::'######:::::'###:::::'######::'####:'##::: ##::'#######::
 ##.... ##:. ##:'##::'##... ##:::'## ##:::'##... ##:. ##:: ###:: ##:'##.... ##:
 ##:::: ##::. ####::: ##:::..:::'##:. ##:: ##:::..::: ##:: ####: ##: ##:::: ##:
 ########::::. ##:::: ##:::::::'##:::. ##:. ######::: ##:: ## ## ##: ##:::: ##:
 ##.....:::::: ##:::: ##::::::: #########::..... ##:: ##:: ##. ####: ##:::: ##:
 ##::::::::::: ##:::: ##::: ##: ##.... ##:'##::: ##:: ##:: ##:. ###: ##:::: ##:
 ##::::::::::: ##::::. ######:: ##:::: ##:. ######::'####: ##::. ##:. #######::
 .::::::::::::..::::::......:::..:::::..:::......:::....::..::::..:::.......:::

                     Python Quantum Monte Carlo Package
                        v 0.4.0 [Vladimir Konkov]

    Main Author : Vladimir Konkov
 ------------------------------------------------------------------------------
 Started 2026/08/02 15:39:31

 Python 3.12.3 (main, Jun 19 2026, 12:46:00) [GCC 13.3.0]
 Numba 0.63.1
 Numpy 2.2.6
 Scipy 1.13.1

 Running in parallel using 4 MPI processes.

 General input parameters
 ========================
 NEU (num up spin electrons)              :  14
 NED (num down spin electrons)            :  14
 RUNTYPE (type of run)                    :  vmc
 PSI_S  (form for [anti]symmetrizing wfn) :  slater
 ATOM_BASIS_TYPE (atom-centred orb basis) :  gaussian
 INTERACTION (interaction type)           :  coulomb
 TESTRUN (read input data,print and stop) :  F
 PERIODIC                                 :  F
 COMPLEX_WF (complex Slater wave fn.)     :  F
 NEIGHPRINT (neighbour analysis)          :  0
 USE_JASTROW (use Jastrow factor)         :  F
 BACKFLOW (use backflow corrections)      :  F
 USE_ORBMODS (use orbitals modifications) :  F
 CUSP_CORRECTION                          :  T
 NON_LOCAL_GRID (NL integration grid)     :  4
 E_OFFSET (energy offset)                 :  0.0000
 GAUTOL  (Gaussian evaluation tolerance)  :  7.0
 SPARSE                                   :  F
 DIPOLE_MOMENT                            :  F
 RELATIVISTIC                             :  F

 VMC input parameters
 ====================
 NEWRUN (start new run)                   :  T
 VMC_METHOD (choice of VMC algorithm)     :  3
 DTVMC (VMC time step)                    :  0.02
 OPT_DTVMC (VMC time-step optimization)   :  T
 VMC_NSTEP (num VMC steps)                :  10000000
 VMC_NCONFIG_WRITE (num configs to write) :  0
 VMC_NBLOCK (num VMC blocks)              :  1
 VMC_EQUIL_NSTEP (num equil steps)        :  5000
 VMC_DECORR_PERIOD (length of inner loop) :  1
 VMC_AVE_PERIOD (hist reduction factor)   :  1
 VMC_SAMPLING                             :  standard
 MAKEMOVIE                                :  F
 FORCES                                   :  F

 Gaussian cusp correction
 ========================
 Activated.

 Verbose print out flagged (turn off with cusp_info : F)

 Spin restricted calculation.

 Orbital 1 at position of ion 1
 Sign of orbital at nucleus                : positive
 Cusp radius (au)                          :   0.079000000000
 Value of uncorrected orbital at nucleus   :   1.571423600553
 Value of s part of orbital at nucleus     :   1.571479849265
 Optimum corrected s orbital at nucleus    :   1.586778755290
 Maximum deviation from ideal local energy :   0.042359299318
 Effective nuclear charge                  :   5.999787309811

 Orbital 2 at position of ion 1
 Sign of orbital at nucleus                : positive
 Cusp radius (au)                          :   0.079500000000
 Value of uncorrected orbital at nucleus   :   1.572089470677
 Value of s part of orbital at nucleus     :   1.571603266080
 Optimum corrected s orbital at nucleus    :   1.586920184000
 Maximum deviation from ideal local energy :   0.116600531644
 Effective nuclear charge                  :   6.001838295089

 Orbital 3 at position of ion 1
 Sign of orbital at nucleus                : negative
 Cusp radius (au)                          :   0.079500000000
 Value of uncorrected orbital at nucleus   :  -1.572089470665
 Value of s part of orbital at nucleus     :  -1.571603266119
 Optimum corrected s orbital at nucleus    :  -1.586920184039
 Maximum deviation from ideal local energy :   0.116600531466
 Effective nuclear charge                  :   6.001838294895

 Orbital 4 at position of ion 1
 Sign of orbital at nucleus                : negative
 Cusp radius (au)                          :   0.079500000000
 Value of uncorrected orbital at nucleus   :  -1.572089470664
 Value of s part of orbital at nucleus     :  -1.571603266119
 Optimum corrected s orbital at nucleus    :  -1.586920184039
 Maximum deviation from ideal local energy :   0.116600531472
 Effective nuclear charge                  :   6.001838294896

 Orbital 5 at position of ion 1
 Sign of orbital at nucleus                : negative
 Cusp radius (au)                          :   0.108500000000
 Value of uncorrected orbital at nucleus   :  -0.317696733821
 Value of s part of orbital at nucleus     :  -0.336397764182
 Optimum corrected s orbital at nucleus    :  -0.339105999740
 Maximum deviation from ideal local energy :   0.027237446083
 Effective nuclear charge                  :   5.669111775501

 Orbital 6 at position of ion 1
 Sign of orbital at nucleus                : positive
 Cusp radius (au)                          :   0.106500000000
 Value of uncorrected orbital at nucleus   :   0.260375066658
 Value of s part of orbital at nucleus     :   0.262524970094
 Optimum corrected s orbital at nucleus    :   0.264819713036
 Maximum deviation from ideal local energy :   0.049676613183
 Effective nuclear charge                  :   5.951289802161

 Orbital 7 at position of ion 1
 Sign of orbital at nucleus                : negative
 Cusp radius (au)                          :   0.106500000000
 Value of uncorrected orbital at nucleus   :  -0.260375066657
 Value of s part of orbital at nucleus     :  -0.262524970114
 Optimum corrected s orbital at nucleus    :  -0.264819713056
 Maximum deviation from ideal local energy :   0.049676613253
 Effective nuclear charge                  :   5.951289801687

 Orbital 8 at position of ion 1
 Sign of orbital at nucleus                : negative
 Cusp radius (au)                          :   0.106500000000
 Value of uncorrected orbital at nucleus   :  -0.260375066656
 Value of s part of orbital at nucleus     :  -0.262524970125
 Optimum corrected s orbital at nucleus    :  -0.264819713067
 Maximum deviation from ideal local energy :   0.049676613290
 Effective nuclear charge                  :   5.951289801412

 Orbital 9 at position of ion 1
 Sign of orbital at nucleus                : positive
 Cusp radius (au)                          :   0.079500000000
 Value of uncorrected orbital at nucleus   :   0.089850391259
 Value of s part of orbital at nucleus     :   0.087328063917
 Optimum corrected s orbital at nucleus    :   0.088220604117
 Maximum deviation from ideal local energy :   0.160921461066
 Effective nuclear charge                  :   6.171546819559

 Orbital 10 at position of ion 1
 Sign of orbital at nucleus                : negative
 Cusp radius (au)                          :   0.065000000000
 Value of uncorrected orbital at nucleus   :  -0.009589040620
 Value of s part of orbital at nucleus     :  -0.006301504871
 Optimum corrected s orbital at nucleus    :  -0.006400455705
 Maximum deviation from ideal local energy :  10.762810204867
 Effective nuclear charge                  :   9.081845325350

 Orbital 11 at position of ion 1
 Sign of orbital at nucleus                : negative
 Cusp radius (au)                          :   0.065000000000
 Value of uncorrected orbital at nucleus   :  -0.009589040620
 Value of s part of orbital at nucleus     :  -0.006301504879
 Optimum corrected s orbital at nucleus    :  -0.006400455714
 Maximum deviation from ideal local energy :  10.762810104356
 Effective nuclear charge                  :   9.081845313267

 Orbital 12 at position of ion 1
 Sign of orbital at nucleus                : positive
 Cusp radius (au)                          :   0.065000000000
 Value of uncorrected orbital at nucleus   :   0.009589040620
 Value of s part of orbital at nucleus     :   0.006301504866
 Optimum corrected s orbital at nucleus    :   0.006400455701
 Maximum deviation from ideal local energy :  10.762810257477
 Effective nuclear charge                  :   9.081845331611

 Orbital 13 at position of ion 1
 Orbital s component effectively zero at this nucleus.

 Orbital 14 at position of ion 1
 Orbital s component effectively zero at this nucleus.

 Orbital 1 at position of ion 2
 Sign of orbital at nucleus                : positive
 Cusp radius (au)                          :   0.079000000000
 Value of uncorrected orbital at nucleus   :   1.571423600553
 Value of s part of orbital at nucleus     :   1.571479849265
 Optimum corrected s orbital at nucleus    :   1.586778755290
 Maximum deviation from ideal local energy :   0.042359299318
 Effective nuclear charge                  :   5.999787309811

 Orbital 2 at position of ion 2
 Sign of orbital at nucleus                : negative
 Cusp radius (au)                          :   0.079500000000
 Value of uncorrected orbital at nucleus   :  -1.572089470677
 Value of s part of orbital at nucleus     :  -1.571603266080
 Optimum corrected s orbital at nucleus    :  -1.586920184000
 Maximum deviation from ideal local energy :   0.116600531645
 Effective nuclear charge                  :   6.001838295089

 Orbital 3 at position of ion 2
 Sign of orbital at nucleus                : negative
 Cusp radius (au)                          :   0.079500000000
 Value of uncorrected orbital at nucleus   :  -1.572089470665
 Value of s part of orbital at nucleus     :  -1.571603266119
 Optimum corrected s orbital at nucleus    :  -1.586920184039
 Maximum deviation from ideal local energy :   0.116600531466
 Effective nuclear charge                  :   6.001838294895

 Orbital 4 at position of ion 2
 Sign of orbital at nucleus                : positive
 Cusp radius (au)                          :   0.079500000000
 Value of uncorrected orbital at nucleus   :   1.572089470664
 Value of s part of orbital at nucleus     :   1.571603266119
 Optimum corrected s orbital at nucleus    :   1.586920184039
 Maximum deviation from ideal local energy :   0.116600531472
 Effective nuclear charge                  :   6.001838294896

 Orbital 5 at position of ion 2
 Sign of orbital at nucleus                : negative
 Cusp radius (au)                          :   0.108500000000
 Value of uncorrected orbital at nucleus   :  -0.317696733821
 Value of s part of orbital at nucleus     :  -0.336397764182
 Optimum corrected s orbital at nucleus    :  -0.339105999740
 Maximum deviation from ideal local energy :   0.027237446083
 Effective nuclear charge                  :   5.669111775501

 Orbital 6 at position of ion 2
 Sign of orbital at nucleus                : negative
 Cusp radius (au)                          :   0.106500000000
 Value of uncorrected orbital at nucleus   :  -0.260375066658
 Value of s part of orbital at nucleus     :  -0.262524970094
 Optimum corrected s orbital at nucleus    :  -0.264819713036
 Maximum deviation from ideal local energy :   0.049676613183
 Effective nuclear charge                  :   5.951289802161

 Orbital 7 at position of ion 2
 Sign of orbital at nucleus                : positive
 Cusp radius (au)                          :   0.106500000000
 Value of uncorrected orbital at nucleus   :   0.260375066657
 Value of s part of orbital at nucleus     :   0.262524970114
 Optimum corrected s orbital at nucleus    :   0.264819713056
 Maximum deviation from ideal local energy :   0.049676613253
 Effective nuclear charge                  :   5.951289801687

 Orbital 8 at position of ion 2
 Sign of orbital at nucleus                : negative
 Cusp radius (au)                          :   0.106500000000
 Value of uncorrected orbital at nucleus   :  -0.260375066656
 Value of s part of orbital at nucleus     :  -0.262524970125
 Optimum corrected s orbital at nucleus    :  -0.264819713067
 Maximum deviation from ideal local energy :   0.049676613291
 Effective nuclear charge                  :   5.951289801412

 Orbital 9 at position of ion 2
 Sign of orbital at nucleus                : positive
 Cusp radius (au)                          :   0.079500000000
 Value of uncorrected orbital at nucleus   :   0.089850391259
 Value of s part of orbital at nucleus     :   0.087328063917
 Optimum corrected s orbital at nucleus    :   0.088220604117
 Maximum deviation from ideal local energy :   0.160921461066
 Effective nuclear charge                  :   6.171546819559

 Orbital 10 at position of ion 2
 Sign of orbital at nucleus                : positive
 Cusp radius (au)                          :   0.065000000000
 Value of uncorrected orbital at nucleus   :   0.009589040620
 Value of s part of orbital at nucleus     :   0.006301504871
 Optimum corrected s orbital at nucleus    :   0.006400455705
 Maximum deviation from ideal local energy :  10.762810204867
 Effective nuclear charge                  :   9.081845325350

 Orbital 11 at position of ion 2
 Sign of orbital at nucleus                : negative
 Cusp radius (au)                          :   0.065000000000
 Value of uncorrected orbital at nucleus   :  -0.009589040620
 Value of s part of orbital at nucleus     :  -0.006301504879
 Optimum corrected s orbital at nucleus    :  -0.006400455714
 Maximum deviation from ideal local energy :  10.762810104353
 Effective nuclear charge                  :   9.081845313267

 Orbital 12 at position of ion 2
 Sign of orbital at nucleus                : negative
 Cusp radius (au)                          :   0.065000000000
 Value of uncorrected orbital at nucleus   :  -0.009589040620
 Value of s part of orbital at nucleus     :  -0.006301504866
 Optimum corrected s orbital at nucleus    :  -0.006400455701
 Maximum deviation from ideal local energy :  10.762810257477
 Effective nuclear charge                  :   9.081845331611

 Orbital 13 at position of ion 2
 Orbital s component effectively zero at this nucleus.

 Orbital 14 at position of ion 2
 Orbital s component effectively zero at this nucleus.

 Orbital 1 at position of ion 3
 Sign of orbital at nucleus                : positive
 Cusp radius (au)                          :   0.079000000000
 Value of uncorrected orbital at nucleus   :   1.571423600553
 Value of s part of orbital at nucleus     :   1.571479849265
 Optimum corrected s orbital at nucleus    :   1.586778755290
 Maximum deviation from ideal local energy :   0.042359299318
 Effective nuclear charge                  :   5.999787309811

 Orbital 2 at position of ion 3
 Sign of orbital at nucleus                : negative
 Cusp radius (au)                          :   0.079500000000
 Value of uncorrected orbital at nucleus   :  -1.572089470677
 Value of s part of orbital at nucleus     :  -1.571603266080
 Optimum corrected s orbital at nucleus    :  -1.586920184000
 Maximum deviation from ideal local energy :   0.116600531644
 Effective nuclear charge                  :   6.001838295089

 Orbital 3 at position of ion 3
 Sign of orbital at nucleus                : positive
 Cusp radius (au)                          :   0.079500000000
 Value of uncorrected orbital at nucleus   :   1.572089470665
 Value of s part of orbital at nucleus     :   1.571603266119
 Optimum corrected s orbital at nucleus    :   1.586920184039
 Maximum deviation from ideal local energy :   0.116600531466
 Effective nuclear charge                  :   6.001838294895

 Orbital 4 at position of ion 3
 Sign of orbital at nucleus                : negative
 Cusp radius (au)                          :   0.079500000000
 Value of uncorrected orbital at nucleus   :  -1.572089470664
 Value of s part of orbital at nucleus     :  -1.571603266119
 Optimum corrected s orbital at nucleus    :  -1.586920184039
 Maximum deviation from ideal local energy :   0.116600531472
 Effective nuclear charge                  :   6.001838294896

 Orbital 5 at position of ion 3
 Sign of orbital at nucleus                : negative
 Cusp radius (au)                          :   0.108500000000
 Value of uncorrected orbital at nucleus   :  -0.317696733821
 Value of s part of orbital at nucleus     :  -0.336397764182
 Optimum corrected s orbital at nucleus    :  -0.339105999740
 Maximum deviation from ideal local energy :   0.027237446083
 Effective nuclear charge                  :   5.669111775501

 Orbital 6 at position of ion 3
 Sign of orbital at nucleus                : negative
 Cusp radius (au)                          :   0.106500000000
 Value of uncorrected orbital at nucleus   :  -0.260375066658
 Value of s part of orbital at nucleus     :  -0.262524970094
 Optimum corrected s orbital at nucleus    :  -0.264819713036
 Maximum deviation from ideal local energy :   0.049676613183
 Effective nuclear charge                  :   5.951289802161

 Orbital 7 at position of ion 3
 Sign of orbital at nucleus                : negative
 Cusp radius (au)                          :   0.106500000000
 Value of uncorrected orbital at nucleus   :  -0.260375066657
 Value of s part of orbital at nucleus     :  -0.262524970114
 Optimum corrected s orbital at nucleus    :  -0.264819713056
 Maximum deviation from ideal local energy :   0.049676613253
 Effective nuclear charge                  :   5.951289801687

 Orbital 8 at position of ion 3
 Sign of orbital at nucleus                : positive
 Cusp radius (au)                          :   0.106500000000
 Value of uncorrected orbital at nucleus   :   0.260375066656
 Value of s part of orbital at nucleus     :   0.262524970125
 Optimum corrected s orbital at nucleus    :   0.264819713067
 Maximum deviation from ideal local energy :   0.049676613290
 Effective nuclear charge                  :   5.951289801412

 Orbital 9 at position of ion 3
 Sign of orbital at nucleus                : positive
 Cusp radius (au)                          :   0.079500000000
 Value of uncorrected orbital at nucleus   :   0.089850391259
 Value of s part of orbital at nucleus     :   0.087328063917
 Optimum corrected s orbital at nucleus    :   0.088220604117
 Maximum deviation from ideal local energy :   0.160921461066
 Effective nuclear charge                  :   6.171546819559

 Orbital 10 at position of ion 3
 Sign of orbital at nucleus                : negative
 Cusp radius (au)                          :   0.065000000000
 Value of uncorrected orbital at nucleus   :  -0.009589040620
 Value of s part of orbital at nucleus     :  -0.006301504871
 Optimum corrected s orbital at nucleus    :  -0.006400455705
 Maximum deviation from ideal local energy :  10.762810204867
 Effective nuclear charge                  :   9.081845325350

 Orbital 11 at position of ion 3
 Sign of orbital at nucleus                : positive
 Cusp radius (au)                          :   0.065000000000
 Value of uncorrected orbital at nucleus   :   0.009589040620
 Value of s part of orbital at nucleus     :   0.006301504879
 Optimum corrected s orbital at nucleus    :   0.006400455714
 Maximum deviation from ideal local energy :  10.762810104354
 Effective nuclear charge                  :   9.081845313267

 Orbital 12 at position of ion 3
 Sign of orbital at nucleus                : negative
 Cusp radius (au)                          :   0.065000000000
 Value of uncorrected orbital at nucleus   :  -0.009589040620
 Value of s part of orbital at nucleus     :  -0.006301504866
 Optimum corrected s orbital at nucleus    :  -0.006400455701
 Maximum deviation from ideal local energy :  10.762810257477
 Effective nuclear charge                  :   9.081845331611

 Orbital 13 at position of ion 3
 Orbital s component effectively zero at this nucleus.

 Orbital 14 at position of ion 3
 Orbital s component effectively zero at this nucleus.

 Orbital 1 at position of ion 4
 Sign of orbital at nucleus                : positive
 Cusp radius (au)                          :   0.079000000000
 Value of uncorrected orbital at nucleus   :   1.571423600553
 Value of s part of orbital at nucleus     :   1.571479849265
 Optimum corrected s orbital at nucleus    :   1.586778755290
 Maximum deviation from ideal local energy :   0.042359299318
 Effective nuclear charge                  :   5.999787309811

 Orbital 2 at position of ion 4
 Sign of orbital at nucleus                : positive
 Cusp radius (au)                          :   0.079500000000
 Value of uncorrected orbital at nucleus   :   1.572089470677
 Value of s part of orbital at nucleus     :   1.571603266080
 Optimum corrected s orbital at nucleus    :   1.586920184000
 Maximum deviation from ideal local energy :   0.116600531644
 Effective nuclear charge                  :   6.001838295089

 Orbital 3 at position of ion 4
 Sign of orbital at nucleus                : positive
 Cusp radius (au)                          :   0.079500000000
 Value of uncorrected orbital at nucleus   :   1.572089470665
 Value of s part of orbital at nucleus     :   1.571603266119
 Optimum corrected s orbital at nucleus    :   1.586920184039
 Maximum deviation from ideal local energy :   0.116600531466
 Effective nuclear charge                  :   6.001838294895

 Orbital 4 at position of ion 4
 Sign of orbital at nucleus                : positive
 Cusp radius (au)                          :   0.079500000000
 Value of uncorrected orbital at nucleus   :   1.572089470664
 Value of s part of orbital at nucleus     :   1.571603266119
 Optimum corrected s orbital at nucleus    :   1.586920184039
 Maximum deviation from ideal local energy :   0.116600531472
 Effective nuclear charge                  :   6.001838294896

 Orbital 5 at position of ion 4
 Sign of orbital at nucleus                : negative
 Cusp radius (au)                          :   0.108500000000
 Value of uncorrected orbital at nucleus   :  -0.317696733821
 Value of s part of orbital at nucleus     :  -0.336397764182
 Optimum corrected s orbital at nucleus    :  -0.339105999740
 Maximum deviation from ideal local energy :   0.027237446083
 Effective nuclear charge                  :   5.669111775501

 Orbital 6 at position of ion 4
 Sign of orbital at nucleus                : positive
 Cusp radius (au)                          :   0.106500000000
 Value of uncorrected orbital at nucleus   :   0.260375066658
 Value of s part of orbital at nucleus     :   0.262524970094
 Optimum corrected s orbital at nucleus    :   0.264819713036
 Maximum deviation from ideal local energy :   0.049676613183
 Effective nuclear charge                  :   5.951289802161

 Orbital 7 at position of ion 4
 Sign of orbital at nucleus                : positive
 Cusp radius (au)                          :   0.106500000000
 Value of uncorrected orbital at nucleus   :   0.260375066657
 Value of s part of orbital at nucleus     :   0.262524970114
 Optimum corrected s orbital at nucleus    :   0.264819713056
 Maximum deviation from ideal local energy :   0.049676613253
 Effective nuclear charge                  :   5.951289801687

 Orbital 8 at position of ion 4
 Sign of orbital at nucleus                : positive
 Cusp radius (au)                          :   0.106500000000
 Value of uncorrected orbital at nucleus   :   0.260375066656
 Value of s part of orbital at nucleus     :   0.262524970125
 Optimum corrected s orbital at nucleus    :   0.264819713067
 Maximum deviation from ideal local energy :   0.049676613291
 Effective nuclear charge                  :   5.951289801412

 Orbital 9 at position of ion 4
 Sign of orbital at nucleus                : positive
 Cusp radius (au)                          :   0.079500000000
 Value of uncorrected orbital at nucleus   :   0.089850391259
 Value of s part of orbital at nucleus     :   0.087328063917
 Optimum corrected s orbital at nucleus    :   0.088220604117
 Maximum deviation from ideal local energy :   0.160921461066
 Effective nuclear charge                  :   6.171546819559

 Orbital 10 at position of ion 4
 Sign of orbital at nucleus                : positive
 Cusp radius (au)                          :   0.065000000000
 Value of uncorrected orbital at nucleus   :   0.009589040620
 Value of s part of orbital at nucleus     :   0.006301504871
 Optimum corrected s orbital at nucleus    :   0.006400455705
 Maximum deviation from ideal local energy :  10.762810204867
 Effective nuclear charge                  :   9.081845325350

 Orbital 11 at position of ion 4
 Sign of orbital at nucleus                : positive
 Cusp radius (au)                          :   0.065000000000
 Value of uncorrected orbital at nucleus   :   0.009589040620
 Value of s part of orbital at nucleus     :   0.006301504879
 Optimum corrected s orbital at nucleus    :   0.006400455714
 Maximum deviation from ideal local energy :  10.762810104353
 Effective nuclear charge                  :   9.081845313267

 Orbital 12 at position of ion 4
 Sign of orbital at nucleus                : positive
 Cusp radius (au)                          :   0.065000000000
 Value of uncorrected orbital at nucleus   :   0.009589040620
 Value of s part of orbital at nucleus     :   0.006301504866
 Optimum corrected s orbital at nucleus    :   0.006400455701
 Maximum deviation from ideal local energy :  10.762810257477
 Effective nuclear charge                  :   9.081845331611

 Orbital 13 at position of ion 4
 Orbital s component effectively zero at this nucleus.

 Orbital 14 at position of ion 4
 Orbital s component effectively zero at this nucleus.

 Orbital 1 at position of ion 5
 Sign of orbital at nucleus                : positive
 Cusp radius (au)                          :   0.790500000000
 Value of uncorrected orbital at nucleus   :   0.000168339104
 Value of s part of orbital at nucleus     :   0.000233493644
 Optimum corrected s orbital at nucleus    :   0.000225577102
 Maximum deviation from ideal local energy :   0.144718600376
 Effective nuclear charge                  :   0.711165098674

 Orbital 2 at position of ion 5
 Sign of orbital at nucleus                : positive
 Cusp radius (au)                          :   0.790500000000
 Value of uncorrected orbital at nucleus   :   0.000180668755
 Value of s part of orbital at nucleus     :   0.000254643712
 Optimum corrected s orbital at nucleus    :   0.000247673543
 Maximum deviation from ideal local energy :   0.176231861271
 Effective nuclear charge                  :   0.701320714639

 Orbital 3 at position of ion 5
 Sign of orbital at nucleus                : negative
 Cusp radius (au)                          :   0.790500000000
 Value of uncorrected orbital at nucleus   :  -0.000180668759
 Value of s part of orbital at nucleus     :  -0.000254643706
 Optimum corrected s orbital at nucleus    :  -0.000247673537
 Maximum deviation from ideal local energy :   0.176231825379
 Effective nuclear charge                  :   0.701320747114

 Orbital 4 at position of ion 5
 Sign of orbital at nucleus                : negative
 Cusp radius (au)                          :   0.790500000000
 Value of uncorrected orbital at nucleus   :  -0.000180668759
 Value of s part of orbital at nucleus     :  -0.000254643706
 Optimum corrected s orbital at nucleus    :  -0.000247673537
 Maximum deviation from ideal local energy :   0.176231825083
 Effective nuclear charge                  :   0.701320747033

 Orbital 5 at position of ion 5
 Sign of orbital at nucleus                : positive
 Cusp radius (au)                          :   0.809500000000
 Value of uncorrected orbital at nucleus   :   0.012747079330
 Value of s part of orbital at nucleus     :   0.009985465397
 Optimum corrected s orbital at nucleus    :   0.010685014426
 Maximum deviation from ideal local energy :   0.023356027775
 Effective nuclear charge                  :   1.258456734093

 Orbital 6 at position of ion 5
 Sign of orbital at nucleus                : negative
 Cusp radius (au)                          :   0.768000000000
 Value of uncorrected orbital at nucleus   :  -0.067072762950
 Value of s part of orbital at nucleus     :  -0.049046833485
 Optimum corrected s orbital at nucleus    :  -0.051607597651
 Maximum deviation from ideal local energy :   0.023928972501
 Effective nuclear charge                  :   1.349288288646

 Orbital 7 at position of ion 5
 Sign of orbital at nucleus                : positive
 Cusp radius (au)                          :   0.768000000000
 Value of uncorrected orbital at nucleus   :   0.067072762950
 Value of s part of orbital at nucleus     :   0.049046833506
 Optimum corrected s orbital at nucleus    :   0.051607597672
 Maximum deviation from ideal local energy :   0.023928972135
 Effective nuclear charge                  :   1.349288288103

 Orbital 8 at position of ion 5
 Sign of orbital at nucleus                : positive
 Cusp radius (au)                          :   0.768000000000
 Value of uncorrected orbital at nucleus   :   0.067072762949
 Value of s part of orbital at nucleus     :   0.049046833508
 Optimum corrected s orbital at nucleus    :   0.051607597675
 Maximum deviation from ideal local energy :   0.023928972089
 Effective nuclear charge                  :   1.349288288037

 Orbital 9 at position of ion 5
 Sign of orbital at nucleus                : negative
 Cusp radius (au)                          :   0.758000000000
 Value of uncorrected orbital at nucleus   :  -0.088603471319
 Value of s part of orbital at nucleus     :  -0.068463857362
 Optimum corrected s orbital at nucleus    :  -0.072017413266
 Maximum deviation from ideal local energy :   0.024030827735
 Effective nuclear charge                  :   1.279649227090

 Orbital 10 at position of ion 5
 Sign of orbital at nucleus                : negative
 Cusp radius (au)                          :   0.787500000000
 Value of uncorrected orbital at nucleus   :  -0.068793135223
 Value of s part of orbital at nucleus     :  -0.056903216308
 Optimum corrected s orbital at nucleus    :  -0.059853916580
 Maximum deviation from ideal local energy :   0.016564858388
 Effective nuclear charge                  :   1.198648970607

 Orbital 11 at position of ion 5
 Sign of orbital at nucleus                : negative
 Cusp radius (au)                          :   0.787500000000
 Value of uncorrected orbital at nucleus   :  -0.068793135224
 Value of s part of orbital at nucleus     :  -0.056903216307
 Optimum corrected s orbital at nucleus    :  -0.059853916580
 Maximum deviation from ideal local energy :   0.016564858326
 Effective nuclear charge                  :   1.198648970623

 Orbital 12 at position of ion 5
 Sign of orbital at nucleus                : positive
 Cusp radius (au)                          :   0.787500000000
 Value of uncorrected orbital at nucleus   :   0.068793135223
 Value of s part of orbital at nucleus     :   0.056903216315
 Optimum corrected s orbital at nucleus    :   0.059853916588
 Maximum deviation from ideal local energy :   0.016564858477
 Effective nuclear charge                  :   1.198648970444

 Orbital 13 at position of ion 5
 Orbital s component effectively zero at this nucleus.

 Orbital 14 at position of ion 5
 Orbital s component effectively zero at this nucleus.

 Orbital 1 at position of ion 6
 Sign of orbital at nucleus                : positive
 Cusp radius (au)                          :   0.790500000000
 Value of uncorrected orbital at nucleus   :   0.000168339104
 Value of s part of orbital at nucleus     :   0.000233493644
 Optimum corrected s orbital at nucleus    :   0.000225577102
 Maximum deviation from ideal local energy :   0.144718600376
 Effective nuclear charge                  :   0.711165098674

 Orbital 2 at position of ion 6
 Sign of orbital at nucleus                : negative
 Cusp radius (au)                          :   0.790500000000
 Value of uncorrected orbital at nucleus   :  -0.000180668755
 Value of s part of orbital at nucleus     :  -0.000254643712
 Optimum corrected s orbital at nucleus    :  -0.000247673543
 Maximum deviation from ideal local energy :   0.176231861271
 Effective nuclear charge                  :   0.701320714639

 Orbital 3 at position of ion 6
 Sign of orbital at nucleus                : negative
 Cusp radius (au)                          :   0.790500000000
 Value of uncorrected orbital at nucleus   :  -0.000180668759
 Value of s part of orbital at nucleus     :  -0.000254643706
 Optimum corrected s orbital at nucleus    :  -0.000247673537
 Maximum deviation from ideal local energy :   0.176231825379
 Effective nuclear charge                  :   0.701320747114

 Orbital 4 at position of ion 6
 Sign of orbital at nucleus                : positive
 Cusp radius (au)                          :   0.790500000000
 Value of uncorrected orbital at nucleus   :   0.000180668759
 Value of s part of orbital at nucleus     :   0.000254643706
 Optimum corrected s orbital at nucleus    :   0.000247673537
 Maximum deviation from ideal local energy :   0.176231825083
 Effective nuclear charge                  :   0.701320747033

 Orbital 5 at position of ion 6
 Sign of orbital at nucleus                : positive
 Cusp radius (au)                          :   0.809500000000
 Value of uncorrected orbital at nucleus   :   0.012747079330
 Value of s part of orbital at nucleus     :   0.009985465397
 Optimum corrected s orbital at nucleus    :   0.010685014426
 Maximum deviation from ideal local energy :   0.023356027775
 Effective nuclear charge                  :   1.258456734093

 Orbital 6 at position of ion 6
 Sign of orbital at nucleus                : positive
 Cusp radius (au)                          :   0.768000000000
 Value of uncorrected orbital at nucleus   :   0.067072762950
 Value of s part of orbital at nucleus     :   0.049046833485
 Optimum corrected s orbital at nucleus    :   0.051607597651
 Maximum deviation from ideal local energy :   0.023928972501
 Effective nuclear charge                  :   1.349288288646

 Orbital 7 at position of ion 6
 Sign of orbital at nucleus                : negative
 Cusp radius (au)                          :   0.768000000000
 Value of uncorrected orbital at nucleus   :  -0.067072762950
 Value of s part of orbital at nucleus     :  -0.049046833506
 Optimum corrected s orbital at nucleus    :  -0.051607597672
 Maximum deviation from ideal local energy :   0.023928972135
 Effective nuclear charge                  :   1.349288288103

 Orbital 8 at position of ion 6
 Sign of orbital at nucleus                : positive
 Cusp radius (au)                          :   0.768000000000
 Value of uncorrected orbital at nucleus   :   0.067072762949
 Value of s part of orbital at nucleus     :   0.049046833508
 Optimum corrected s orbital at nucleus    :   0.051607597675
 Maximum deviation from ideal local energy :   0.023928972089
 Effective nuclear charge                  :   1.349288288037

 Orbital 9 at position of ion 6
 Sign of orbital at nucleus                : negative
 Cusp radius (au)                          :   0.758000000000
 Value of uncorrected orbital at nucleus   :  -0.088603471319
 Value of s part of orbital at nucleus     :  -0.068463857362
 Optimum corrected s orbital at nucleus    :  -0.072017413266
 Maximum deviation from ideal local energy :   0.024030827735
 Effective nuclear charge                  :   1.279649227090

 Orbital 10 at position of ion 6
 Sign of orbital at nucleus                : positive
 Cusp radius (au)                          :   0.787500000000
 Value of uncorrected orbital at nucleus   :   0.068793135223
 Value of s part of orbital at nucleus     :   0.056903216308
 Optimum corrected s orbital at nucleus    :   0.059853916580
 Maximum deviation from ideal local energy :   0.016564858388
 Effective nuclear charge                  :   1.198648970607

 Orbital 11 at position of ion 6
 Sign of orbital at nucleus                : negative
 Cusp radius (au)                          :   0.787500000000
 Value of uncorrected orbital at nucleus   :  -0.068793135224
 Value of s part of orbital at nucleus     :  -0.056903216307
 Optimum corrected s orbital at nucleus    :  -0.059853916580
 Maximum deviation from ideal local energy :   0.016564858326
 Effective nuclear charge                  :   1.198648970623

 Orbital 12 at position of ion 6
 Sign of orbital at nucleus                : negative
 Cusp radius (au)                          :   0.787500000000
 Value of uncorrected orbital at nucleus   :  -0.068793135223
 Value of s part of orbital at nucleus     :  -0.056903216315
 Optimum corrected s orbital at nucleus    :  -0.059853916588
 Maximum deviation from ideal local energy :   0.016564858477
 Effective nuclear charge                  :   1.198648970444

 Orbital 13 at position of ion 6
 Orbital s component effectively zero at this nucleus.

 Orbital 14 at position of ion 6
 Orbital s component effectively zero at this nucleus.

 Orbital 1 at position of ion 7
 Sign of orbital at nucleus                : positive
 Cusp radius (au)                          :   0.790500000000
 Value of uncorrected orbital at nucleus   :   0.000168339104
 Value of s part of orbital at nucleus     :   0.000233493644
 Optimum corrected s orbital at nucleus    :   0.000225577102
 Maximum deviation from ideal local energy :   0.144718600376
 Effective nuclear charge                  :   0.711165098674

 Orbital 2 at position of ion 7
 Sign of orbital at nucleus                : negative
 Cusp radius (au)                          :   0.790500000000
 Value of uncorrected orbital at nucleus   :  -0.000180668755
 Value of s part of orbital at nucleus     :  -0.000254643712
 Optimum corrected s orbital at nucleus    :  -0.000247673543
 Maximum deviation from ideal local energy :   0.176231861271
 Effective nuclear charge                  :   0.701320714639

 Orbital 3 at position of ion 7
 Sign of orbital at nucleus                : positive
 Cusp radius (au)                          :   0.790500000000
 Value of uncorrected orbital at nucleus   :   0.000180668759
 Value of s part of orbital at nucleus     :   0.000254643706
 Optimum corrected s orbital at nucleus    :   0.000247673537
 Maximum deviation from ideal local energy :   0.176231825379
 Effective nuclear charge                  :   0.701320747114

 Orbital 4 at position of ion 7
 Sign of orbital at nucleus                : negative
 Cusp radius (au)                          :   0.790500000000
 Value of uncorrected orbital at nucleus   :  -0.000180668759
 Value of s part of orbital at nucleus     :  -0.000254643706
 Optimum corrected s orbital at nucleus    :  -0.000247673537
 Maximum deviation from ideal local energy :   0.176231825083
 Effective nuclear charge                  :   0.701320747033

 Orbital 5 at position of ion 7
 Sign of orbital at nucleus                : positive
 Cusp radius (au)                          :   0.809500000000
 Value of uncorrected orbital at nucleus   :   0.012747079330
 Value of s part of orbital at nucleus     :   0.009985465397
 Optimum corrected s orbital at nucleus    :   0.010685014426
 Maximum deviation from ideal local energy :   0.023356027775
 Effective nuclear charge                  :   1.258456734093

 Orbital 6 at position of ion 7
 Sign of orbital at nucleus                : positive
 Cusp radius (au)                          :   0.768000000000
 Value of uncorrected orbital at nucleus   :   0.067072762950
 Value of s part of orbital at nucleus     :   0.049046833485
 Optimum corrected s orbital at nucleus    :   0.051607597651
 Maximum deviation from ideal local energy :   0.023928972501
 Effective nuclear charge                  :   1.349288288646

 Orbital 7 at position of ion 7
 Sign of orbital at nucleus                : positive
 Cusp radius (au)                          :   0.768000000000
 Value of uncorrected orbital at nucleus   :   0.067072762950
 Value of s part of orbital at nucleus     :   0.049046833506
 Optimum corrected s orbital at nucleus    :   0.051607597672
 Maximum deviation from ideal local energy :   0.023928972135
 Effective nuclear charge                  :   1.349288288103

 Orbital 8 at position of ion 7
 Sign of orbital at nucleus                : negative
 Cusp radius (au)                          :   0.768000000000
 Value of uncorrected orbital at nucleus   :  -0.067072762949
 Value of s part of orbital at nucleus     :  -0.049046833508
 Optimum corrected s orbital at nucleus    :  -0.051607597675
 Maximum deviation from ideal local energy :   0.023928972089
 Effective nuclear charge                  :   1.349288288037

 Orbital 9 at position of ion 7
 Sign of orbital at nucleus                : negative
 Cusp radius (au)                          :   0.758000000000
 Value of uncorrected orbital at nucleus   :  -0.088603471319
 Value of s part of orbital at nucleus     :  -0.068463857362
 Optimum corrected s orbital at nucleus    :  -0.072017413266
 Maximum deviation from ideal local energy :   0.024030827735
 Effective nuclear charge                  :   1.279649227090

 Orbital 10 at position of ion 7
 Sign of orbital at nucleus                : negative
 Cusp radius (au)                          :   0.787500000000
 Value of uncorrected orbital at nucleus   :  -0.068793135223
 Value of s part of orbital at nucleus     :  -0.056903216308
 Optimum corrected s orbital at nucleus    :  -0.059853916580
 Maximum deviation from ideal local energy :   0.016564858388
 Effective nuclear charge                  :   1.198648970607

 Orbital 11 at position of ion 7
 Sign of orbital at nucleus                : positive
 Cusp radius (au)                          :   0.787500000000
 Value of uncorrected orbital at nucleus   :   0.068793135224
 Value of s part of orbital at nucleus     :   0.056903216307
 Optimum corrected s orbital at nucleus    :   0.059853916580
 Maximum deviation from ideal local energy :   0.016564858326
 Effective nuclear charge                  :   1.198648970623

 Orbital 12 at position of ion 7
 Sign of orbital at nucleus                : negative
 Cusp radius (au)                          :   0.787500000000
 Value of uncorrected orbital at nucleus   :  -0.068793135223
 Value of s part of orbital at nucleus     :  -0.056903216315
 Optimum corrected s orbital at nucleus    :  -0.059853916588
 Maximum deviation from ideal local energy :   0.016564858477
 Effective nuclear charge                  :   1.198648970444

 Orbital 13 at position of ion 7
 Orbital s component effectively zero at this nucleus.

 Orbital 14 at position of ion 7
 Orbital s component effectively zero at this nucleus.

 Orbital 1 at position of ion 8
 Sign of orbital at nucleus                : positive
 Cusp radius (au)                          :   0.790500000000
 Value of uncorrected orbital at nucleus   :   0.000168339104
 Value of s part of orbital at nucleus     :   0.000233493644
 Optimum corrected s orbital at nucleus    :   0.000225577102
 Maximum deviation from ideal local energy :   0.144718600376
 Effective nuclear charge                  :   0.711165098674

 Orbital 2 at position of ion 8
 Sign of orbital at nucleus                : positive
 Cusp radius (au)                          :   0.790500000000
 Value of uncorrected orbital at nucleus   :   0.000180668755
 Value of s part of orbital at nucleus     :   0.000254643712
 Optimum corrected s orbital at nucleus    :   0.000247673543
 Maximum deviation from ideal local energy :   0.176231861271
 Effective nuclear charge                  :   0.701320714639

 Orbital 3 at position of ion 8
 Sign of orbital at nucleus                : positive
 Cusp radius (au)                          :   0.790500000000
 Value of uncorrected orbital at nucleus   :   0.000180668759
 Value of s part of orbital at nucleus     :   0.000254643706
 Optimum corrected s orbital at nucleus    :   0.000247673537
 Maximum deviation from ideal local energy :   0.176231825379
 Effective nuclear charge                  :   0.701320747114

 Orbital 4 at position of ion 8
 Sign of orbital at nucleus                : positive
 Cusp radius (au)                          :   0.790500000000
 Value of uncorrected orbital at nucleus   :   0.000180668759
 Value of s part of orbital at nucleus     :   0.000254643706
 Optimum corrected s orbital at nucleus    :   0.000247673537
 Maximum deviation from ideal local energy :   0.176231825083
 Effective nuclear charge                  :   0.701320747033

 Orbital 5 at position of ion 8
 Sign of orbital at nucleus                : positive
 Cusp radius (au)                          :   0.809500000000
 Value of uncorrected orbital at nucleus   :   0.012747079330
 Value of s part of orbital at nucleus     :   0.009985465397
 Optimum corrected s orbital at nucleus    :   0.010685014426
 Maximum deviation from ideal local energy :   0.023356027775
 Effective nuclear charge                  :   1.258456734093

 Orbital 6 at position of ion 8
 Sign of orbital at nucleus                : negative
 Cusp radius (au)                          :   0.768000000000
 Value of uncorrected orbital at nucleus   :  -0.067072762950
 Value of s part of orbital at nucleus     :  -0.049046833485
 Optimum corrected s orbital at nucleus    :  -0.051607597651
 Maximum deviation from ideal local energy :   0.023928972501
 Effective nuclear charge                  :   1.349288288646

 Orbital 7 at position of ion 8
 Sign of orbital at nucleus                : negative
 Cusp radius (au)                          :   0.768000000000
 Value of uncorrected orbital at nucleus   :  -0.067072762950
 Value of s part of orbital at nucleus     :  -0.049046833506
 Optimum corrected s orbital at nucleus    :  -0.051607597672
 Maximum deviation from ideal local energy :   0.023928972135
 Effective nuclear charge                  :   1.349288288103

 Orbital 8 at position of ion 8
 Sign of orbital at nucleus                : negative
 Cusp radius (au)                          :   0.768000000000
 Value of uncorrected orbital at nucleus   :  -0.067072762949
 Value of s part of orbital at nucleus     :  -0.049046833508
 Optimum corrected s orbital at nucleus    :  -0.051607597675
 Maximum deviation from ideal local energy :   0.023928972089
 Effective nuclear charge                  :   1.349288288037

 Orbital 9 at position of ion 8
 Sign of orbital at nucleus                : negative
 Cusp radius (au)                          :   0.758000000000
 Value of uncorrected orbital at nucleus   :  -0.088603471319
 Value of s part of orbital at nucleus     :  -0.068463857362
 Optimum corrected s orbital at nucleus    :  -0.072017413266
 Maximum deviation from ideal local energy :   0.024030827735
 Effective nuclear charge                  :   1.279649227090

 Orbital 10 at position of ion 8
 Sign of orbital at nucleus                : positive
 Cusp radius (au)                          :   0.787500000000
 Value of uncorrected orbital at nucleus   :   0.068793135223
 Value of s part of orbital at nucleus     :   0.056903216308
 Optimum corrected s orbital at nucleus    :   0.059853916580
 Maximum deviation from ideal local energy :   0.016564858388
 Effective nuclear charge                  :   1.198648970607

 Orbital 11 at position of ion 8
 Sign of orbital at nucleus                : positive
 Cusp radius (au)                          :   0.787500000000
 Value of uncorrected orbital at nucleus   :   0.068793135224
 Value of s part of orbital at nucleus     :   0.056903216307
 Optimum corrected s orbital at nucleus    :   0.059853916580
 Maximum deviation from ideal local energy :   0.016564858326
 Effective nuclear charge                  :   1.198648970623

 Orbital 12 at position of ion 8
 Sign of orbital at nucleus                : positive
 Cusp radius (au)                          :   0.787500000000
 Value of uncorrected orbital at nucleus   :   0.068793135223
 Value of s part of orbital at nucleus     :   0.056903216315
 Optimum corrected s orbital at nucleus    :   0.059853916588
 Maximum deviation from ideal local energy :   0.016564858477
 Effective nuclear charge                  :   1.198648970444

 Orbital 13 at position of ion 8
 Orbital s component effectively zero at this nucleus.

 Orbital 14 at position of ion 8
 Orbital s component effectively zero at this nucleus.

 Maximum deviation from ideal (averaged over orbitals) :   1.410835944459.

 ====================================
 PERFORMING A SINGLE VMC CALCULATION.
 ====================================


 BEGIN VMC CALCULATION
 =====================

 Running VMC equilibration (5000 moves).
 Performing time-step optimization.
 Optimized step size: 0.06966
 DTVMC: 0.00162

 Starting VMC.

 =========================================================================
 In block : 1
  Number of VMC steps           = 10000000

  Block average energies (au)

  Total energy                       (au) =        -153.674355480364
  Standard error                        +/-           0.001834904624

  Constant energy contributions      (au) =         106.332980224357

  Variance of local energy           (au) =          33.668746419530
  Standard error                        +/-           0.000000000000

 Time taken in block    : : :       2557.1600

 =========================================================================
 FINAL RESULT:

  VMC energy (au)    Standard error      Correction for serial correlation

 -153.674355480364 +/- 0.001834904624      No correction
 -153.674355480364 +/- 0.007326139673      Correlation time method
 -153.674355480364 +/- 0.016532299004      On-the-fly reblocking method

 Sample variance of E_L (au^2/sim.cell) : 33.668746419530


 =========================================================================

 Total PyCasino real time : : :    2572.8277
