
 ------------------------------------------------------------------------------
 ########::'##:::'##::'######:::::'###:::::'######::'####:'##::: ##::'#######::
 ##.... ##:. ##:'##::'##... ##:::'## ##:::'##... ##:. ##:: ###:: ##:'##.... ##:
 ##:::: ##::. ####::: ##:::..:::'##:. ##:: ##:::..::: ##:: ####: ##: ##:::: ##:
 ########::::. ##:::: ##:::::::'##:::. ##:. ######::: ##:: ## ## ##: ##:::: ##:
 ##.....:::::: ##:::: ##::::::: #########::..... ##:: ##:: ##. ####: ##:::: ##:
 ##::::::::::: ##:::: ##::: ##: ##.... ##:'##::: ##:: ##:: ##:. ###: ##:::: ##:
 ##::::::::::: ##::::. ######:: ##:::: ##:. ######::'####: ##::. ##:. #######::
 .::::::::::::..::::::......:::..:::::..:::......:::....::..::::..:::.......:::

                     Python Quantum Monte Carlo Package
                        v 0.4.0 [Vladimir Konkov]

    Main Author : Vladimir Konkov
 ------------------------------------------------------------------------------
 Started 2026/08/18 07:06:46

 Python 3.12.3 (main, Jun 19 2026, 12:46:00) [GCC 13.3.0]
 Numba 0.63.1
 Numpy 2.2.6
 Scipy 1.13.1

 Running in parallel using 4 MPI processes.

 General input parameters
 ========================
 NEU (num up spin electrons)              :  12
 NED (num down spin electrons)            :  12
 RUNTYPE (type of run)                    :  vmc
 PSI_S  (form for [anti]symmetrizing wfn) :  slater
 ATOM_BASIS_TYPE (atom-centred orb basis) :  slater-type
 INTERACTION (interaction type)           :  coulomb
 TESTRUN (read input data,print and stop) :  F
 PERIODIC                                 :  F
 COMPLEX_WF (complex Slater wave fn.)     :  F
 NEIGHPRINT (neighbour analysis)          :  0
 USE_JASTROW (use Jastrow factor)         :  F
 BACKFLOW (use backflow corrections)      :  F
 USE_ORBMODS (use orbitals modifications) :  F
 CUSP_CORRECTION                          :  F
 NON_LOCAL_GRID (NL integration grid)     :  4
 E_OFFSET (energy offset)                 :  0.0000
 GAUTOL  (Gaussian evaluation tolerance)  :  7.0
 SPARSE                                   :  F
 DIPOLE_MOMENT                            :  F
 RELATIVISTIC                             :  F

 VMC input parameters
 ====================
 NEWRUN (start new run)                   :  T
 VMC_METHOD (choice of VMC algorithm)     :  4
 DTVMC (VMC time step)                    :  0.02
 OPT_DTVMC (VMC time-step optimization)   :  T
 VMC_NSTEP (num VMC steps)                :  100000000
 VMC_NCONFIG_WRITE (num configs to write) :  0
 VMC_NBLOCK (num VMC blocks)              :  10
 VMC_EQUIL_NSTEP (num equil steps)        :  5000
 VMC_DECORR_PERIOD (length of inner loop) :  4
 VMC_AVE_PERIOD (hist reduction factor)   :  1
 VMC_SAMPLING                             :  standard
 MAKEMOVIE                                :  F
 FORCES                                   :  F

 ====================================
 PERFORMING A SINGLE VMC CALCULATION.
 ====================================


 BEGIN VMC CALCULATION
 =====================

 Running VMC equilibration (5000 moves).
 Performing time-step optimization.
 DTVMC: 1.13447e+00

 Starting VMC.

 =========================================================================
 In block : 1

 Acceptance ratio         (%)  =  49.9696
 Correlation time     (steps)  = 1.5586E+00 +- 2.2646E-03
 Efficiency      (au^-2 s^-1)  = 8.4680E+01
 Number of VMC steps           = 10000000

  Block average energies (au)

  Total energy                       (au) =        -224.361700828841
  Standard error                        +/-           0.002233688342

  Constant energy contributions      (au) =          69.027000022559

  Variance of local energy           (au) =          49.893631115512
  Standard error                        +/-           0.000000000000

 Time taken in block    : : :       1518.5952

 =========================================================================
 In block : 2

 Acceptance ratio         (%)  =  49.9723
 Correlation time     (steps)  = 1.5160E+00 +- 2.1984E-03
 Efficiency      (au^-2 s^-1)  = 9.6232E+01
 Number of VMC steps           = 10000000

  Block average energies (au)

  Total energy                       (au) =        -224.365878840143
  Standard error                        +/-           0.002224156843

  Constant energy contributions      (au) =          69.027000022559

  Variance of local energy           (au) =          49.468731667359
  Standard error                        +/-           0.000000000000

 Time taken in block    : : :       1385.6518

 =========================================================================
 In block : 3

 Acceptance ratio         (%)  =  49.9681
 Correlation time     (steps)  = 1.4822E+00 +- 2.0461E-03
 Efficiency      (au^-2 s^-1)  = 1.0276E+02
 Number of VMC steps           = 10000000

  Block average energies (au)

  Total energy                       (au) =        -224.363764100411
  Standard error                        +/-           0.002265252655

  Constant energy contributions      (au) =          69.027000022559

  Variance of local energy           (au) =          51.313690797790
  Standard error                        +/-           0.000000000000

 Time taken in block    : : :       1279.4808

 =========================================================================
 In block : 4

 Acceptance ratio         (%)  =  49.9717
 Correlation time     (steps)  = 1.5121E+00 +- 2.1932E-03
 Efficiency      (au^-2 s^-1)  = 1.0455E+02
 Number of VMC steps           = 10000000

  Block average energies (au)

  Total energy                       (au) =        -224.362583339880
  Standard error                        +/-           0.002223109571

  Constant energy contributions      (au) =          69.027000022559

  Variance of local energy           (au) =          49.422156710403
  Standard error                        +/-           0.000000000000

 Time taken in block    : : :       1279.9209

 =========================================================================
 In block : 5

 Acceptance ratio         (%)  =  49.9694
 Correlation time     (steps)  = 1.5175E+00 +- 2.1488E-03
 Efficiency      (au^-2 s^-1)  = 1.0288E+02
 Number of VMC steps           = 10000000

  Block average energies (au)

  Total energy                       (au) =        -224.361865260074
  Standard error                        +/-           0.002238064584

  Constant energy contributions      (au) =          69.027000022559

  Variance of local energy           (au) =          50.089325807399
  Standard error                        +/-           0.000000000000

 Time taken in block    : : :       1278.7760

 =========================================================================
 In block : 6

 Acceptance ratio         (%)  =  49.9676
 Correlation time     (steps)  = 1.5195E+00 +- 2.2036E-03
 Efficiency      (au^-2 s^-1)  = 1.0322E+02
 Number of VMC steps           = 10000000

  Block average energies (au)

  Total energy                       (au) =        -224.359754749837
  Standard error                        +/-           0.002229197866

  Constant energy contributions      (au) =          69.027000022559

  Variance of local energy           (au) =          49.693226288931
  Standard error                        +/-           0.000000000000

 Time taken in block    : : :       1283.0627

 =========================================================================
 In block : 7

 Acceptance ratio         (%)  =  49.9716
 Correlation time     (steps)  = 1.4981E+00 +- 2.0698E-03
 Efficiency      (au^-2 s^-1)  = 8.9162E+01
 Number of VMC steps           = 10000000

  Block average energies (au)

  Total energy                       (au) =        -224.360624614486
  Standard error                        +/-           0.002267426039

  Constant energy contributions      (au) =          69.027000022559

  Variance of local energy           (au) =          51.412203261840
  Standard error                        +/-           0.000000000000

 Time taken in block    : : :       1456.1608

 =========================================================================
 In block : 8

 Acceptance ratio         (%)  =  49.9691
 Correlation time     (steps)  = 1.5181E+00 +- 2.2014E-03
 Efficiency      (au^-2 s^-1)  = 8.9883E+01
 Number of VMC steps           = 10000000

  Block average energies (au)

  Total energy                       (au) =        -224.360645203803
  Standard error                        +/-           0.002243890670

  Constant energy contributions      (au) =          69.027000022559

  Variance of local energy           (au) =          50.350448367979
  Standard error                        +/-           0.000000000000

 Time taken in block    : : :       1455.5280

 =========================================================================
 In block : 9

 Acceptance ratio         (%)  =  49.9684
 Correlation time     (steps)  = 1.5140E+00 +- 2.1949E-03
 Efficiency      (au^-2 s^-1)  = 8.8135E+01
 Number of VMC steps           = 10000000

  Block average energies (au)

  Total energy                       (au) =        -224.357948709444
  Standard error                        +/-           0.002230746560

  Constant energy contributions      (au) =          69.027000022559

  Variance of local energy           (au) =          49.762297176472
  Standard error                        +/-           0.000000000000

 Time taken in block    : : :       1506.0308

 =========================================================================
 In block : 10

 Acceptance ratio         (%)  =  49.9685
 Correlation time     (steps)  = 1.5089E+00 +- 2.1361E-03
 Efficiency      (au^-2 s^-1)  = 8.8604E+01
 Number of VMC steps           = 10000000

  Block average energies (au)

  Total energy                       (au) =        -224.365517522748
  Standard error                        +/-           0.002215228738

  Constant energy contributions      (au) =          69.027000022559

  Variance of local energy           (au) =          49.072378688885
  Standard error                        +/-           0.000000000000

 Time taken in block    : : :       1524.2832

 =========================================================================
 FINAL RESULT:

  VMC energy (au)    Standard error      Correction for serial correlation

 -224.362028316967 +/- 0.000707444804      No correction
 -224.362028316967 +/- 0.000870613615      Correlation time method
 -224.362028316967 +/- 0.000876483714      On-the-fly reblocking method

 Sample variance of E_L (au^2/sim.cell) : 50.047814603400


 =========================================================================

 Total PyCasino real time : : :    13972.9545
