
 ------------------------------------------------------------------------------
 ########::'##:::'##::'######:::::'###:::::'######::'####:'##::: ##::'#######::
 ##.... ##:. ##:'##::'##... ##:::'## ##:::'##... ##:. ##:: ###:: ##:'##.... ##:
 ##:::: ##::. ####::: ##:::..:::'##:. ##:: ##:::..::: ##:: ####: ##: ##:::: ##:
 ########::::. ##:::: ##:::::::'##:::. ##:. ######::: ##:: ## ## ##: ##:::: ##:
 ##.....:::::: ##:::: ##::::::: #########::..... ##:: ##:: ##. ####: ##:::: ##:
 ##::::::::::: ##:::: ##::: ##: ##.... ##:'##::: ##:: ##:: ##:. ###: ##:::: ##:
 ##::::::::::: ##::::. ######:: ##:::: ##:. ######::'####: ##::. ##:. #######::
 .::::::::::::..::::::......:::..:::::..:::......:::....::..::::..:::.......:::

                     Python Quantum Monte Carlo Package
                        v 0.4.0 [Vladimir Konkov]

    Main Author : Vladimir Konkov
 ------------------------------------------------------------------------------
 Started 2026/08/12 07:08:31

 Python 3.12.3 (main, Jun 19 2026, 12:46:00) [GCC 13.3.0]
 Numba 0.63.1
 Numpy 2.2.6
 Scipy 1.13.1

 Running in parallel using 4 MPI processes.

 General input parameters
 ========================
 NEU (num up spin electrons)              :  9
 NED (num down spin electrons)            :  9
 RUNTYPE (type of run)                    :  vmc_opt
 PSI_S  (form for [anti]symmetrizing wfn) :  slater
 ATOM_BASIS_TYPE (atom-centred orb basis) :  slater-type
 INTERACTION (interaction type)           :  coulomb
 TESTRUN (read input data,print and stop) :  F
 PERIODIC                                 :  F
 COMPLEX_WF (complex Slater wave fn.)     :  F
 NEIGHPRINT (neighbour analysis)          :  0
 USE_JASTROW (use Jastrow factor)         :  T
 BACKFLOW (use backflow corrections)      :  F
 USE_ORBMODS (use orbitals modifications) :  F
 CUSP_CORRECTION                          :  F
 NON_LOCAL_GRID (NL integration grid)     :  4
 E_OFFSET (energy offset)                 :  0.0000
 GAUTOL  (Gaussian evaluation tolerance)  :  7.0
 SPARSE                                   :  F
 DIPOLE_MOMENT                            :  F
 RELATIVISTIC                             :  F

 VMC/optimization input parameters
 ====================
 NEWRUN (start new run)                   :  T
 VMC_METHOD (choice of VMC algorithm)     :  3
 DTVMC (VMC time step)                    :  0.02
 OPT_DTVMC (VMC time-step optimization)   :  T
 VMC_NSTEP (num VMC steps)                :  1000000
 VMC_NCONFIG_WRITE (num configs to write) :  1000000
 VMC_NBLOCK (num VMC blocks)              :  1
 VMC_EQUIL_NSTEP (num equil steps)        :  5000
 VMC_DECORR_PERIOD (length of inner loop) :  10
 VMC_AVE_PERIOD (hist reduction factor)   :  1
 VMC_SAMPLING                             :  standard
 OPT_CYCLES (num optimization cycles)     :  4
 POSTFIT_VMC (perform post-fit VMC calc)  :  T
 POSTFIT_KEEP_CFG (keep post-fit VMC cfgs):  F
 OPT_NOCTF_CYCLES (fixed cutoff cycles)   :  0
 OPT_INFO (information level)             :  2
 OPT_JASTROW (opt Jastrow factor)         :  T
 OPT_DET_COEFF (opt det coeffs)           :  F
 OPT_ORBITALS (opt orbitals)              :  F
 OPT_BACKFLOW (opt backflow params)       :  F
 OPT_FIXNL (fix nonlocal energy)          :  F
 OPT_MAXITER (max num iterations)         :  10
 OPT_MAXEVAL (max num evaluations)        :  200
 VM_SMOOTH_LIMITS (smooth limiting)       :  F
 VM_REWEIGHT (reweighting)                :  F
 VM_FILTER (filter outlying configs)      :  T
 VM_USE_E_GUESS (use guess energy)        :  F
 EMIN_XI_VALUE (xi parameter)             :  1.0
 VM_FILTER_THRES (filter threshold)       :  4.0
 MAKEMOVIE                                :  F
 FORCES                                   :  F

 BEGIN VMC CALCULATION
 =====================

 Running VMC equilibration (5000 moves).
 Performing time-step optimization.
 Optimized step size: 0.03790
 DTVMC: 0.00048

 Starting VMC.

 =========================================================================
 In block : 1
  Number of VMC steps           = 1000000

  Block average energies (au)

  Total energy                       (au) =        -526.810059940024
  Standard error                        +/-           0.011386068808

  Constant energy contributions      (au) =           0.000000000000

  Variance of local energy           (au) =         129.642433256653
  Standard error                        +/-           0.000000000000

 Time taken in block    : : :       196.7309

 =========================================================================
 FINAL RESULT:

  VMC energy (au)    Standard error      Correction for serial correlation

 -526.810059940024 +/- 0.011386068808      No correction
 -526.810059940024 +/- 0.028354328473      Correlation time method
 -526.810059940024 +/- 0.024980253779      On-the-fly reblocking method

 Sample variance of E_L (au^2/sim.cell) : 129.642433256653


 ==========================================
 PERFORMING OPTIMIZATION CALCULATION No. 1.
 ==========================================


 Optimization start
 ==================
   Iteration     Total nfev        Cost      Cost reduction    Step norm     Optimality
       0              1         3.1813e+02                                    1.01e+07
       1              2         2.3592e+02      8.22e+01       9.12e-04       6.54e+06
       2              3         1.3958e+02      9.63e+01       1.61e-03       5.72e+06
       3              4         7.7683e+01      6.19e+01       2.36e-03       8.95e+05
       4              5         4.5410e+01      3.23e+01       3.69e-03       7.36e+05
       5              6         2.6599e+01      1.88e+01       7.83e-03       9.89e+04
       6              7         1.7656e+01      8.94e+00       1.70e-02       1.04e+05
       7              8         1.3847e+01      3.81e+00       2.63e-02       4.73e+04
       8              9         1.1672e+01      2.18e+00       3.42e-02       2.28e+04
       9             10         1.0578e+01      1.09e+00       7.55e-02       1.13e+04
      10             11         9.8697e+00      7.09e-01       6.08e-02       3.78e+03
      11             12         9.6463e+00      2.23e-01       2.21e-02       2.00e+03
      12             13         9.6462e+00      1.62e-05       6.20e-04       4.51e+01
`ftol` termination condition is satisfied.
Function evaluations 13, initial cost 3.1813e+02, final cost 9.6462e+00, first-order optimality 4.51e+01.
 Norm of Jacobian at the solution: 1.29841e+00

 BEGIN VMC CALCULATION
 =====================

 Running VMC equilibration (5000 moves).
 Performing time-step optimization.
 Optimized step size: 0.03774
 DTVMC: 0.00047

 Starting VMC.

 =========================================================================
 In block : 1
  Number of VMC steps           = 1000000

  Block average energies (au)

  Total energy                       (au) =        -527.395500876356
  Standard error                        +/-           0.003077820663

  Constant energy contributions      (au) =           0.000000000000

  Variance of local energy           (au) =           9.472970557626
  Standard error                        +/-           0.000000000000

 Time taken in block    : : :       178.8837

 =========================================================================
 FINAL RESULT:

  VMC energy (au)    Standard error      Correction for serial correlation

 -527.395500876356 +/- 0.003077820663      No correction
 -527.395500876356 +/- 0.008988138721      Correlation time method
 -527.395500876356 +/- 0.008841710528      On-the-fly reblocking method

 Sample variance of E_L (au^2/sim.cell) : 9.472970557626


 ==========================================
 PERFORMING OPTIMIZATION CALCULATION No. 2.
 ==========================================


 Optimization start
 ==================
 E_0 -527.38529336 minimal allowed energy -539.65086226 serial correlation factor 2.81
 Trust radius max|delta p| < 0.2 reached at level shift 1.00e-08
   Level shift          E_lin        max|dp| max|dlog(psi)|         E_corr       Penalty         Target
           inf                                               -527.38529336    0.02588538  -527.35940798
      1.00e-08  -527.41485518     7.5084e-02     7.3846e+01  -527.41244975    0.02881929  -527.38363046
      1.00e-07  -527.41368122     1.3348e-01     4.3009e+01  -527.39967624    0.02923436  -527.37044188
      1.00e-06  -527.41115715     2.5935e-01     1.1492e+01  -527.34509809    0.03000051  -527.31509758
      1.00e-05  -527.40936246     3.2059e-01     2.6472e+00  -527.37201582    0.02913002  -527.34288580
 Optimization end
 ================
 Norm of scaled energy gradient at the starting point: 8.45830e-01
 Level shift 1.00e-08, target -527.35940798 -> -527.38363046, gain 0.02422248.
 Scaled delta p over 79 of 79 parameters: norm 1.2469e+02, rms 1.4028e+01, max 7.3846e+01

 BEGIN VMC CALCULATION
 =====================

 Running VMC equilibration (5000 moves).
 Performing time-step optimization.
 Optimized step size: 0.03758
 DTVMC: 0.00047

 Starting VMC.

 =========================================================================
 In block : 1
  Number of VMC steps           = 1000000

  Block average energies (au)

  Total energy                       (au) =        -527.420194926534
  Standard error                        +/-           0.003400605133

  Constant energy contributions      (au) =           0.000000000000

  Variance of local energy           (au) =          11.564103707910
  Standard error                        +/-           0.000000000000

 Time taken in block    : : :       167.1918

 =========================================================================
 FINAL RESULT:

  VMC energy (au)    Standard error      Correction for serial correlation

 -527.420194926534 +/- 0.003400605133      No correction
 -527.420194926534 +/- 0.008370007164      Correlation time method
 -527.420194926534 +/- 0.007228064027      On-the-fly reblocking method

 Sample variance of E_L (au^2/sim.cell) : 11.564103707910


 ==========================================
 PERFORMING OPTIMIZATION CALCULATION No. 3.
 ==========================================


 Optimization start
 ==================
 E_0 -527.42552106 minimal allowed energy -540.94712090 serial correlation factor 2.23
 Trust radius max|delta p| < 0.2 reached at level shift 9.17e-08
   Level shift          E_lin        max|dp| max|dlog(psi)|         E_corr       Penalty         Target
           inf                                               -527.42552106    0.02256521  -527.40295585
      9.17e-08  -527.42802830     2.0000e-01     3.0750e+00  -527.42375086    0.02300313  -527.40074773
      9.17e-07  -527.42796863     1.8787e-01     1.5895e+00  -527.42457543    0.02295799  -527.40161744
      9.17e-06  -527.42783636     1.7874e-01     6.9120e-01  -527.42511437    0.02291511  -527.40219926
      9.17e-05  -527.42769269     1.6486e-01     3.7500e-01  -527.42576915    0.02288008  -527.40288907
 Optimization end
 ================
 Norm of scaled energy gradient at the starting point: 7.19616e-01
 No candidate lowered the target function -527.40295585, the parameters are left unchanged.

 BEGIN VMC CALCULATION
 =====================

 Running VMC equilibration (5000 moves).
 Performing time-step optimization.
 Optimized step size: 0.03896
 DTVMC: 0.00051

 Starting VMC.

 =========================================================================
 In block : 1
  Number of VMC steps           = 1000000

  Block average energies (au)

  Total energy                       (au) =        -527.418899381783
  Standard error                        +/-           0.003398032260

  Constant energy contributions      (au) =           0.000000000000

  Variance of local energy           (au) =          11.546611693354
  Standard error                        +/-           0.000000000000

 Time taken in block    : : :       167.8000

 =========================================================================
 FINAL RESULT:

  VMC energy (au)    Standard error      Correction for serial correlation

 -527.418899381783 +/- 0.003398032260      No correction
 -527.418899381783 +/- 0.008186279898      Correlation time method
 -527.418899381783 +/- 0.006987008750      On-the-fly reblocking method

 Sample variance of E_L (au^2/sim.cell) : 11.546611693354


 ==========================================
 PERFORMING OPTIMIZATION CALCULATION No. 4.
 ==========================================


 Optimization start
 ==================
 E_0 -527.42025413 minimal allowed energy -541.04899586 serial correlation factor 2.13
 Trust radius max|delta p| < 0.2 reached at level shift 1.00e-08
   Level shift          E_lin        max|dp| max|dlog(psi)|         E_corr       Penalty         Target
           inf                                               -527.42025413    0.02179109  -527.39846304
      1.00e-08  -527.42050870     1.9004e-01     6.2576e+00  -527.40914247    0.02233247  -527.38681000
      1.00e-07  -527.42051338     1.7648e-01     3.7347e+00  -527.41102160    0.02228295  -527.38873865
      1.00e-06  -527.42053638     1.6104e-01     9.4596e-01  -527.41254118    0.02224068  -527.39030050
      1.00e-05  -527.42062008     1.5171e-01     5.3949e-01  -527.41404652    0.02217659  -527.39186993
 Optimization end
 ================
 Norm of scaled energy gradient at the starting point: 2.31201e-01
 No candidate lowered the target function -527.39846304, the parameters are left unchanged.

 BEGIN VMC CALCULATION
 =====================

 Running VMC equilibration (5000 moves).
 Performing time-step optimization.
 Optimized step size: 0.03719
 DTVMC: 0.00046

 Starting VMC.

 =========================================================================
 In block : 1
  Number of VMC steps           = 1000000

  Block average energies (au)

  Total energy                       (au) =        -527.398356622536
  Standard error                        +/-           0.003372979339

  Constant energy contributions      (au) =           0.000000000000

  Variance of local energy           (au) =          11.376978247689
  Standard error                        +/-           0.000000000000

 Time taken in block    : : :       192.5983

 =========================================================================
 FINAL RESULT:

  VMC energy (au)    Standard error      Correction for serial correlation

 -527.398356622536 +/- 0.003372979339      No correction
 -527.398356622536 +/- 0.008262382091      Correlation time method
 -527.398356622536 +/- 0.007186517081      On-the-fly reblocking method

 Sample variance of E_L (au^2/sim.cell) : 11.376978247689


 =========================================================================

 Total PyCasino real time : : :    5802.0313
