
 ------------------------------------------------------------------------------
 ########::'##:::'##::'######:::::'###:::::'######::'####:'##::: ##::'#######::
 ##.... ##:. ##:'##::'##... ##:::'## ##:::'##... ##:. ##:: ###:: ##:'##.... ##:
 ##:::: ##::. ####::: ##:::..:::'##:. ##:: ##:::..::: ##:: ####: ##: ##:::: ##:
 ########::::. ##:::: ##:::::::'##:::. ##:. ######::: ##:: ## ## ##: ##:::: ##:
 ##.....:::::: ##:::: ##::::::: #########::..... ##:: ##:: ##. ####: ##:::: ##:
 ##::::::::::: ##:::: ##::: ##: ##.... ##:'##::: ##:: ##:: ##:. ###: ##:::: ##:
 ##::::::::::: ##::::. ######:: ##:::: ##:. ######::'####: ##::. ##:. #######::
 .::::::::::::..::::::......:::..:::::..:::......:::....::..::::..:::.......:::

                     Python Quantum Monte Carlo Package
                        v 0.4.0 [Vladimir Konkov]

    Main Author : Vladimir Konkov
 ------------------------------------------------------------------------------
 Started 2026/08/12 15:32:56

 Python 3.12.3 (main, Jun 19 2026, 12:46:00) [GCC 13.3.0]
 Numba 0.63.1
 Numpy 2.2.6
 Scipy 1.13.1

 Running in parallel using 4 MPI processes.

 General input parameters
 ========================
 NEU (num up spin electrons)              :  12
 NED (num down spin electrons)            :  12
 RUNTYPE (type of run)                    :  vmc_opt
 PSI_S  (form for [anti]symmetrizing wfn) :  slater
 ATOM_BASIS_TYPE (atom-centred orb basis) :  slater-type
 INTERACTION (interaction type)           :  coulomb
 TESTRUN (read input data,print and stop) :  F
 PERIODIC                                 :  F
 COMPLEX_WF (complex Slater wave fn.)     :  F
 NEIGHPRINT (neighbour analysis)          :  0
 USE_JASTROW (use Jastrow factor)         :  T
 BACKFLOW (use backflow corrections)      :  F
 USE_ORBMODS (use orbitals modifications) :  F
 CUSP_CORRECTION                          :  F
 NON_LOCAL_GRID (NL integration grid)     :  4
 E_OFFSET (energy offset)                 :  0.0000
 GAUTOL  (Gaussian evaluation tolerance)  :  7.0
 SPARSE                                   :  F
 DIPOLE_MOMENT                            :  F
 RELATIVISTIC                             :  F

 VMC/optimization input parameters
 ====================
 NEWRUN (start new run)                   :  T
 VMC_METHOD (choice of VMC algorithm)     :  3
 DTVMC (VMC time step)                    :  0.02
 OPT_DTVMC (VMC time-step optimization)   :  T
 VMC_NSTEP (num VMC steps)                :  1000000
 VMC_NCONFIG_WRITE (num configs to write) :  1000000
 VMC_NBLOCK (num VMC blocks)              :  1
 VMC_EQUIL_NSTEP (num equil steps)        :  5000
 VMC_DECORR_PERIOD (length of inner loop) :  10
 VMC_AVE_PERIOD (hist reduction factor)   :  1
 VMC_SAMPLING                             :  standard
 OPT_CYCLES (num optimization cycles)     :  4
 POSTFIT_VMC (perform post-fit VMC calc)  :  T
 POSTFIT_KEEP_CFG (keep post-fit VMC cfgs):  F
 OPT_NOCTF_CYCLES (fixed cutoff cycles)   :  0
 OPT_INFO (information level)             :  2
 OPT_JASTROW (opt Jastrow factor)         :  T
 OPT_DET_COEFF (opt det coeffs)           :  F
 OPT_ORBITALS (opt orbitals)              :  F
 OPT_BACKFLOW (opt backflow params)       :  F
 OPT_FIXNL (fix nonlocal energy)          :  F
 OPT_MAXITER (max num iterations)         :  10
 OPT_MAXEVAL (max num evaluations)        :  200
 VM_SMOOTH_LIMITS (smooth limiting)       :  F
 VM_REWEIGHT (reweighting)                :  F
 VM_FILTER (filter outlying configs)      :  T
 VM_USE_E_GUESS (use guess energy)        :  F
 EMIN_XI_VALUE (xi parameter)             :  1.0
 VM_FILTER_THRES (filter threshold)       :  4.0
 MAKEMOVIE                                :  F
 FORCES                                   :  F

 BEGIN VMC CALCULATION
 =====================

 Running VMC equilibration (5000 moves).
 Performing time-step optimization.
 Optimized step size: 0.05857
 DTVMC: 0.00114

 Starting VMC.

 =========================================================================
 In block : 1
  Number of VMC steps           = 1000000

  Block average energies (au)

  Total energy                       (au) =        -224.357271511778
  Standard error                        +/-           0.007073278180

  Constant energy contributions      (au) =          69.027000022559

  Variance of local energy           (au) =          50.031214184325
  Standard error                        +/-           0.000000000000

 Time taken in block    : : :       481.3355

 =========================================================================
 FINAL RESULT:

  VMC energy (au)    Standard error      Correction for serial correlation

 -224.357271511778 +/- 0.007073278180      No correction
 -224.357271511778 +/- 0.021402993307      Correlation time method
 -224.357271511778 +/- 0.021715922651      On-the-fly reblocking method

 Sample variance of E_L (au^2/sim.cell) : 50.031214184325


 ==========================================
 PERFORMING OPTIMIZATION CALCULATION No. 1.
 ==========================================


 Optimization start
 ==================
   Iteration     Total nfev        Cost      Cost reduction    Step norm     Optimality
       0              1         8.9486e+01                                    3.32e+07
       1              2         4.0197e+01      4.93e+01       7.44e-04       1.66e+07
       2              3         1.4676e+01      2.55e+01       1.35e-03       1.47e+06
       3              4         8.5617e+00      6.11e+00       1.58e-03       1.80e+05
       4              5         5.1819e+00      3.38e+00       6.40e-03       7.16e+04
       5              6         3.6265e+00      1.56e+00       1.64e-02       8.10e+04
       6              7         3.0108e+00      6.16e-01       1.35e-02       4.82e+04
       7              8         2.6793e+00      3.32e-01       1.58e-02       3.40e+04
       8              9         2.4324e+00      2.47e-01       1.66e-02       1.54e+04
       9             10         2.2642e+00      1.68e-01       2.86e-02       6.37e+03
      10             11         2.2123e+00      5.19e-02       3.15e-02       1.03e+04
      11             12         2.2119e+00      3.42e-04       8.13e-04       5.54e+03
`ftol` termination condition is satisfied.
Function evaluations 12, initial cost 8.9486e+01, final cost 2.2119e+00, first-order optimality 5.54e+03.
 Norm of Jacobian at the solution: 1.01858e+00

 BEGIN VMC CALCULATION
 =====================

 Running VMC equilibration (5000 moves).
 Performing time-step optimization.
 Optimized step size: 0.05737
 DTVMC: 0.00110

 Starting VMC.

 =========================================================================
 In block : 1
  Number of VMC steps           = 1000000

  Block average energies (au)

  Total energy                       (au) =        -225.195333170877
  Standard error                        +/-           0.001405472869

  Constant energy contributions      (au) =          69.027000022559

  Variance of local energy           (au) =           1.975352010792
  Standard error                        +/-           0.000000000000

 Time taken in block    : : :       488.4167

 =========================================================================
 FINAL RESULT:

  VMC energy (au)    Standard error      Correction for serial correlation

 -225.195333170877 +/- 0.001405472869      No correction
 -225.195333170877 +/- 0.005601637844      Correlation time method
 -225.195333170877 +/- 0.007666308413      On-the-fly reblocking method

 Sample variance of E_L (au^2/sim.cell) : 1.975352010792


 ==========================================
 PERFORMING OPTIMIZATION CALCULATION No. 2.
 ==========================================


 Optimization start
 ==================
 E_0 -225.18257183 minimal allowed energy -230.82597134 serial correlation factor 5.83
 Trust radius max|delta p| < 0.2 reached at level shift 6.50e-05
   Level shift          E_lin        max|dp| max|dlog(psi)|         E_corr       Penalty         Target
           inf                                               -225.18257183    0.02469448  -225.15787735
      6.50e-05  -225.23029288     2.0000e-01     1.3704e+00  -225.21329257    0.02980016  -225.18349241
      6.50e-04  -225.22672579     3.1950e-02     1.1095e+00  -225.22963536    0.02800331  -225.20163205
      6.50e-03  -225.21814569     9.0596e-02     4.6377e-01  -225.22296679    0.02747095  -225.19549584
      6.50e-02  -225.20853687     4.8791e-02     1.6334e-01  -225.21013278    0.02629642  -225.18383636
 Optimization end
 ================
 Norm of scaled energy gradient at the starting point: 9.66754e-01
 Level shift 6.50e-04, target -225.15787735 -> -225.20163205, gain 0.04375470.
 Scaled delta p over 141 of 141 parameters: norm 1.7947e+00, rms 1.5114e-01, max 1.1095e+00

 BEGIN VMC CALCULATION
 =====================

 Running VMC equilibration (5000 moves).
 Performing time-step optimization.
 Optimized step size: 0.05641
 DTVMC: 0.00106

 Starting VMC.

 =========================================================================
 In block : 1
  Number of VMC steps           = 1000000

  Block average energies (au)

  Total energy                       (au) =        -225.222803581228
  Standard error                        +/-           0.001571380473

  Constant energy contributions      (au) =          69.027000022559

  Variance of local energy           (au) =           2.469234120894
  Standard error                        +/-           0.000000000000

 Time taken in block    : : :       456.9027

 =========================================================================
 FINAL RESULT:

  VMC energy (au)    Standard error      Correction for serial correlation

 -225.222803581228 +/- 0.001571380473      No correction
 -225.222803581228 +/- 0.005567229314      Correlation time method
 -225.222803581228 +/- 0.007187444688      On-the-fly reblocking method

 Sample variance of E_L (au^2/sim.cell) : 2.469234120894


 ==========================================
 PERFORMING OPTIMIZATION CALCULATION No. 3.
 ==========================================


 Optimization start
 ==================
 E_0 -225.22441996 minimal allowed energy -231.50689541 serial correlation factor 4.37
 Trust radius max|delta p| < 0.2 reached at level shift 1.04e-07
   Level shift          E_lin        max|dp| max|dlog(psi)|         E_corr       Penalty         Target
           inf                                               -225.22441996    0.02060039  -225.20381957
      1.04e-07  -225.22985779     2.0000e-01     2.6217e+01  -225.21961581    0.02218087  -225.19743494
      1.04e-06  -225.23009974     1.0732e-01     6.0850e+00  -225.22613114    0.02149954  -225.20463159
      1.04e-05  -225.23004014     5.1894e-02     2.7702e+00  -225.22778318    0.02116232  -225.20662087
      1.04e-04  -225.22934338     4.7614e-02     7.5975e-01  -225.22738872    0.02095785  -225.20643087
 Optimization end
 ================
 Norm of scaled energy gradient at the starting point: 7.54923e-01
 Level shift 1.04e-05, target -225.20381957 -> -225.20662087, gain 0.00280130.
 Scaled delta p over 141 of 141 parameters: norm 7.1851e+00, rms 6.0510e-01, max 2.7702e+00

 BEGIN VMC CALCULATION
 =====================

 Running VMC equilibration (5000 moves).
 Performing time-step optimization.
 Optimized step size: 0.05714
 DTVMC: 0.00109

 Starting VMC.

 =========================================================================
 In block : 1
  Number of VMC steps           = 1000000

  Block average energies (au)

  Total energy                       (au) =        -225.198364787648
  Standard error                        +/-           0.001618624415

  Constant energy contributions      (au) =          69.027000022559

  Variance of local energy           (au) =           2.619942378327
  Standard error                        +/-           0.000000000000

 Time taken in block    : : :       510.6212

 =========================================================================
 FINAL RESULT:

  VMC energy (au)    Standard error      Correction for serial correlation

 -225.198364787648 +/- 0.001618624415      No correction
 -225.198364787648 +/- 0.005628407474      Correlation time method
 -225.198364787648 +/- 0.006762243618      On-the-fly reblocking method

 Sample variance of E_L (au^2/sim.cell) : 2.619942378327


 ==========================================
 PERFORMING OPTIMIZATION CALCULATION No. 4.
 ==========================================


 Optimization start
 ==================
 E_0 -225.22589857 minimal allowed energy -231.68616812 serial correlation factor 4.14
 Trust radius max|delta p| < 0.2 reached at level shift 1.00e-08
   Level shift          E_lin        max|dp| max|dlog(psi)|         E_corr       Penalty         Target
           inf                                               -225.22589857    0.02004554  -225.20585303
      1.00e-08  -225.23536246     1.8394e-01     4.6230e+01  -225.23145292    0.02151524  -225.20993768
      1.00e-07  -225.23470106     1.4302e-01     3.0495e+01  -225.23126039    0.02109713  -225.21016326
      1.00e-06  -225.23333837     2.2780e-02     6.4038e+00  -225.22936121    0.02054859  -225.20881262
      1.00e-05  -225.23275440     3.3944e-02     1.1043e+00  -225.22864082    0.02037260  -225.20826822
 Optimization end
 ================
 Norm of scaled energy gradient at the starting point: 4.69234e-01
 Level shift 1.00e-07, target -225.20585303 -> -225.21016326, gain 0.00431023.
 Scaled delta p over 141 of 141 parameters: norm 7.3919e+01, rms 6.2251e+00, max 3.0495e+01

 BEGIN VMC CALCULATION
 =====================

 Running VMC equilibration (5000 moves).
 Performing time-step optimization.
 Optimized step size: 0.05695
 DTVMC: 0.00108

 Starting VMC.

 =========================================================================
 In block : 1
  Number of VMC steps           = 1000000

  Block average energies (au)

  Total energy                       (au) =        -225.230903269046
  Standard error                        +/-           0.001694360913

  Constant energy contributions      (au) =          69.027000022559

  Variance of local energy           (au) =           2.870856031097
  Standard error                        +/-           0.000000000000

 Time taken in block    : : :       463.4023

 =========================================================================
 FINAL RESULT:

  VMC energy (au)    Standard error      Correction for serial correlation

 -225.230903269046 +/- 0.001694360913      No correction
 -225.230903269046 +/- 0.005693329379      Correlation time method
 -225.230903269046 +/- 0.006408228007      On-the-fly reblocking method

 Sample variance of E_L (au^2/sim.cell) : 2.870856031097


 =========================================================================

 Total PyCasino real time : : :    16381.1438
