
 ------------------------------------------------------------------------------
 ########::'##:::'##::'######:::::'###:::::'######::'####:'##::: ##::'#######::
 ##.... ##:. ##:'##::'##... ##:::'## ##:::'##... ##:. ##:: ###:: ##:'##.... ##:
 ##:::: ##::. ####::: ##:::..:::'##:. ##:: ##:::..::: ##:: ####: ##: ##:::: ##:
 ########::::. ##:::: ##:::::::'##:::. ##:. ######::: ##:: ## ## ##: ##:::: ##:
 ##.....:::::: ##:::: ##::::::: #########::..... ##:: ##:: ##. ####: ##:::: ##:
 ##::::::::::: ##:::: ##::: ##: ##.... ##:'##::: ##:: ##:: ##:. ###: ##:::: ##:
 ##::::::::::: ##::::. ######:: ##:::: ##:. ######::'####: ##::. ##:. #######::
 .::::::::::::..::::::......:::..:::::..:::......:::....::..::::..:::.......:::

                     Python Quantum Monte Carlo Package
                        v 0.4.0 [Vladimir Konkov]

    Main Author : Vladimir Konkov
 ------------------------------------------------------------------------------
 Started 2026/09/25 23:23:26

 Python 3.12.3 (main, Aug 31 2026, 10:18:26) [GCC 13.3.0]
 Numba 0.67.0
 Numpy 2.2.6
 Scipy 1.13.1

 Running in parallel using 4 MPI processes.

 Warning: keywords not read by pycasino: newrun periodic writeout_vmc_hist

 General input parameters
 ========================
 NEU (num up spin electrons)              :  12
 NED (num down spin electrons)            :  12
 RUNTYPE (type of run)                    :  vmc_opt
 PSI_S  (form for [anti]symmetrizing wfn) :  slater
 ATOM_BASIS_TYPE (atom-centred orb basis) :  slater-type
 INTERACTION (interaction type)           :  coulomb
 TESTRUN (read input data,print and stop) :  F
 PERIODIC                                 :  F
 COMPLEX_WF (complex Slater wave fn.)     :  F
 NEIGHPRINT (neighbour analysis)          :  0
 USE_JASTROW (use Jastrow factor)         :  T
 BACKFLOW (use backflow corrections)      :  F
 USE_ORBMODS (use orbitals modifications) :  F
 CUSP_CORRECTION                          :  F
 NON_LOCAL_GRID (NL integration grid)     :  4
 E_OFFSET (energy offset)                 :  0.0000
 GAUTOL  (Gaussian evaluation tolerance)  :  7.0
 SPARSE                                   :  F
 DIPOLE_MOMENT                            :  F
 RELATIVISTIC                             :  F

 VMC/optimization input parameters
 ====================
 NEWRUN (start new run)                   :  T
 VMC_METHOD (choice of VMC algorithm)     :  3
 DTVMC (VMC time step)                    :  0.02
 OPT_DTVMC (VMC time-step optimization)   :  1
 VMC_NSTEP (num VMC steps)                :  100000
 VMC_NCONFIG_WRITE (num configs to write) :  100000
 VMC_NBLOCK (num VMC blocks)              :  1
 VMC_EQUIL_NSTEP (num equil steps)        :  5000
 VMC_DECORR_PERIOD (length of inner loop) :  10
 VMC_AVE_PERIOD (hist reduction factor)   :  1
 VMC_SAMPLING                             :  standard
 OPT_CYCLES (num optimization cycles)     :  4
 POSTFIT_VMC (perform post-fit VMC calc)  :  T
 POSTFIT_KEEP_CFG (keep post-fit VMC cfgs):  F
 OPT_NOCTF_CYCLES (fixed cutoff cycles)   :  0
 OPT_INFO (information level)             :  2
 OPT_JASTROW (opt Jastrow factor)         :  T
 OPT_DET_COEFF (opt det coeffs)           :  F
 OPT_ORBITALS (opt orbitals)              :  F
 OPT_BACKFLOW (opt backflow params)       :  F
 OPT_FIXNL (fix nonlocal energy)          :  F
 OPT_MAXITER (max num iterations)         :  10
 OPT_MAXEVAL (max num evaluations)        :  200
 VM_SMOOTH_LIMITS (smooth limiting)       :  F
 VM_REWEIGHT (reweighting)                :  F
 VM_FILTER (filter outlying configs)      :  F
 VM_USE_E_GUESS (use guess energy)        :  F
 EMIN_XI_VALUE (xi parameter)             :  1.0
 MAKEMOVIE                                :  F
 FORCES                                   :  F

 BEGIN VMC CALCULATION
 =====================

 Running VMC equilibration (5000 moves).
 Performing time-step optimization.
 DTVMC: 3.19685e-04

 Starting VMC.

 =========================================================================
 In block : 1

 Acceptance ratio         (%)  =  70.1508
 Diffusion constant  (Bohr^2)  =
 Correlation time     (steps)  = 9.0734E+01 +- 1.0083E+01
 Efficiency      (au^-2 s^-1)  = 6.5330E-01
 No. of VMC steps per process  = 25000

  Block average energies (au)

  Total energy                       (au) =        -221.627265666924
  Standard error                        +/-           0.017674622523

  Kinetic energy KEI (used in Total) (au) =
  Standard error                        +/-

  Kinetic energy TI                  (au) =
  Standard error                        +/-

  Kinetic energy FISQ                (au) =
  Standard error                        +/-

  Potential energy                   (au) =
  Standard error                        +/-

  e-e interaction                    (au) =
  Standard error                        +/-

  e-n interaction                    (au) =
  Standard error                        +/-

  Constant energy contributions      (au) =          69.027000022559

  Variance of local energy           (au) =          31.238915740054
  Standard error                        +/-

  Maximum distance from origin       (au) =


 Time taken in block    : : :       54.0029 s


 =========================================================================
 FINAL RESULT:

  VMC energy (au)    Standard error      Correction for serial correlation

 -221.627265666924 +/- 0.017674622523      No correction
 -221.627265666924 +/- 0.168358754805      Correlation time method
 -221.627265666924 +/- 0.171110116896      On-the-fly reblocking method

 Sample variance of E_L (au^2/sim.cell) : 31.238915740054


 ==========================================
 PERFORMING OPTIMIZATION CALCULATION No. 1.
 ==========================================


 Optimization start
 ==================
   Iteration     Total nfev        Cost      Cost reduction    Step norm     Optimality
       0              1         3.0470e+01                                    1.46e+07
       1              2         3.7174e+00      2.68e+01       1.32e+00       4.94e+06
       2              3         2.6916e+00      1.03e+00       2.83e-01       1.00e+06
       3              4         2.6511e+00      4.05e-02       1.85e-01       5.10e+05
       4              5         2.6442e+00      6.96e-03       1.54e-01       4.45e+05
`ftol` termination condition is satisfied.
Function evaluations 5, initial cost 3.0470e+01, final cost 2.6442e+00, first-order optimality 4.45e+05.
 Norm of Jacobian at the solution: 3.17289e-10

 BEGIN VMC CALCULATION
 =====================

 Running VMC equilibration (5000 moves).
 Performing time-step optimization.
 DTVMC: 3.43888e-04

 Starting VMC.

 =========================================================================
 In block : 1

 Acceptance ratio         (%)  =  69.9291
 Diffusion constant  (Bohr^2)  =
 Correlation time     (steps)  = 5.2019E+01 +- 4.1629E+00
 Efficiency      (au^-2 s^-1)  = 1.5194E+01
 No. of VMC steps per process  = 25000

  Block average energies (au)

  Total energy                       (au) =        -225.134040986518
  Standard error                        +/-           0.004975245215

  Kinetic energy KEI (used in Total) (au) =
  Standard error                        +/-

  Kinetic energy TI                  (au) =
  Standard error                        +/-

  Kinetic energy FISQ                (au) =
  Standard error                        +/-

  Potential energy                   (au) =
  Standard error                        +/-

  e-e interaction                    (au) =
  Standard error                        +/-

  e-n interaction                    (au) =
  Standard error                        +/-

  Constant energy contributions      (au) =          69.027000022559

  Variance of local energy           (au) =           2.475281741972
  Standard error                        +/-

  Maximum distance from origin       (au) =


 Time taken in block    : : :       51.1159 s


 =========================================================================
 FINAL RESULT:

  VMC energy (au)    Standard error      Correction for serial correlation

 -225.134040986518 +/- 0.004975245215      No correction
 -225.134040986518 +/- 0.035883477406      Correlation time method
 -225.134040986518 +/- 0.043323991833      On-the-fly reblocking method

 Sample variance of E_L (au^2/sim.cell) : 2.475281741972


 ==========================================
 PERFORMING OPTIMIZATION CALCULATION No. 2.
 ==========================================


 Optimization start
 ==================
 E_0 -225.14056388 minimal allowed energy -231.39932299 serial correlation factor 7.91
 Trust radius max|delta p| < 0.2 reached at level shift 1.36e-01
   Level shift          E_lin        max|dp| max|dlog(psi)|         E_corr       Penalty         Target
           inf                                               -225.14056388    0.11739011  -225.02317377
      1.36e-01  -225.19153710     1.9999e-01     1.8591e-01  -225.19925647    0.12223943  -225.07701703
      1.36e+00  -225.16638325     3.4593e-02     3.2157e-02  -225.16847249    0.12090869  -225.04756380
      1.36e+01  -225.15248652     6.2523e-03     5.8120e-03  -225.15276253    0.11821930  -225.03454322
      1.36e+02  -225.14318537     1.0031e-03     7.6261e-04  -225.14310127    0.11725395  -225.02584732
 Best level shift is the smallest scanned one, the trust radius may be too large
 Optimization end
 ================
 Norm of scaled energy gradient at the starting point: 1.59580e+00
 Level shift 1.36e-01, target -225.02317377 -> -225.07701703, gain 0.05384326.
 Scaled delta p over 112 of 112 parameters: norm 3.7871e-01, rms 3.5784e-02, max 1.8591e-01

 BEGIN VMC CALCULATION
 =====================

 Running VMC equilibration (5000 moves).
 Performing time-step optimization.
 DTVMC: 3.46038e-04

 Starting VMC.

 =========================================================================
 In block : 1

 Acceptance ratio         (%)  =  69.8314
 Diffusion constant  (Bohr^2)  =
 Correlation time     (steps)  = 2.9427E+01 +- 1.9079E+00
 Efficiency      (au^-2 s^-1)  = 2.4361E+01
 No. of VMC steps per process  = 25000

  Block average energies (au)

  Total energy                       (au) =        -225.243508142988
  Standard error                        +/-           0.005056810037

  Kinetic energy KEI (used in Total) (au) =
  Standard error                        +/-

  Kinetic energy TI                  (au) =
  Standard error                        +/-

  Kinetic energy FISQ                (au) =
  Standard error                        +/-

  Potential energy                   (au) =
  Standard error                        +/-

  e-e interaction                    (au) =
  Standard error                        +/-

  e-n interaction                    (au) =
  Standard error                        +/-

  Constant energy contributions      (au) =          69.027000022559

  Variance of local energy           (au) =           2.557107203815
  Standard error                        +/-

  Maximum distance from origin       (au) =


 Time taken in block    : : :       54.5515 s


 =========================================================================
 FINAL RESULT:

  VMC energy (au)    Standard error      Correction for serial correlation

 -225.243508142988 +/- 0.005056810037      No correction
 -225.243508142988 +/- 0.027431401890      Correlation time method
 -225.243508142988 +/- 0.029165632182      On-the-fly reblocking method

 Sample variance of E_L (au^2/sim.cell) : 2.557107203815


 ==========================================
 PERFORMING OPTIMIZATION CALCULATION No. 3.
 ==========================================


 Optimization start
 ==================
 E_0 -225.18024442 minimal allowed energy -231.79467946 serial correlation factor 7.20
 Trust radius max|delta p| < 0.2 reached at level shift 8.87e-02
   Level shift          E_lin        max|dp| max|dlog(psi)|         E_corr       Penalty         Target
           inf                                               -225.18024442    0.11298941  -225.06725500
      8.87e-02  -225.19206258     1.9979e-01     1.7083e-01  -225.19602292    0.11748894  -225.07853398
      8.87e-01  -225.18951523     5.1173e-02     4.3757e-02  -225.19518617    0.11441512  -225.08077105
      8.87e+00  -225.18475811     9.4451e-03     8.0764e-03  -225.18745902    0.11391011  -225.07354891
      8.87e+01  -225.18122763     1.3369e-03     1.1432e-03  -225.18231773    0.11324084  -225.06907688
 Optimization end
 ================
 Norm of scaled energy gradient at the starting point: 1.40949e+00
 Level shift 8.87e-01, target -225.06725500 -> -225.08077105, gain 0.01351605.
 Scaled delta p over 112 of 112 parameters: norm 8.0557e-02, rms 7.6119e-03, max 4.3757e-02

 BEGIN VMC CALCULATION
 =====================

 Running VMC equilibration (5000 moves).
 Performing time-step optimization.
 DTVMC: 3.32070e-04

 Starting VMC.

 =========================================================================
 In block : 1

 Acceptance ratio         (%)  =  70.5671
 Diffusion constant  (Bohr^2)  =
 Correlation time     (steps)  = 3.2152E+01 +- 2.0006E+00
 Efficiency      (au^-2 s^-1)  = 2.7441E+01
 No. of VMC steps per process  = 25000

  Block average energies (au)

  Total energy                       (au) =        -225.205468994747
  Standard error                        +/-           0.005108678375

  Kinetic energy KEI (used in Total) (au) =
  Standard error                        +/-

  Kinetic energy TI                  (au) =
  Standard error                        +/-

  Kinetic energy FISQ                (au) =
  Standard error                        +/-

  Potential energy                   (au) =
  Standard error                        +/-

  e-e interaction                    (au) =
  Standard error                        +/-

  e-n interaction                    (au) =
  Standard error                        +/-

  Constant energy contributions      (au) =          69.027000022559

  Variance of local energy           (au) =           2.609833374947
  Standard error                        +/-

  Maximum distance from origin       (au) =


 Time taken in block    : : :       43.4296 s


 =========================================================================
 FINAL RESULT:

  VMC energy (au)    Standard error      Correction for serial correlation

 -225.205468994747 +/- 0.005108678375      No correction
 -225.205468994747 +/- 0.028967450709      Correlation time method
 -225.205468994747 +/- 0.031364063331      On-the-fly reblocking method

 Sample variance of E_L (au^2/sim.cell) : 2.609833374947


 ==========================================
 PERFORMING OPTIMIZATION CALCULATION No. 4.
 ==========================================


 Optimization start
 ==================
 E_0 -225.28618400 minimal allowed energy -231.81446748 serial correlation factor 7.26
 Trust radius max|delta p| < 0.2 reached at level shift 5.07e-02
   Level shift          E_lin        max|dp| max|dlog(psi)|         E_corr       Penalty         Target
           inf                                               -225.28618400    0.11243113  -225.17375287
      5.07e-02  -225.32664234     2.0000e-01     1.3493e-01  -225.31737149    0.11655721  -225.20081428
      5.07e-01  -225.32539689     5.7981e-02     3.9118e-02  -225.31794049    0.11416539  -225.20377510
      5.07e+00  -225.31455747     1.8242e-02     1.2307e-02  -225.31027295    0.11234234  -225.19793061
      5.07e+01  -225.29470968     4.0659e-03     2.7431e-03  -225.29449973    0.11179103  -225.18270870
 Optimization end
 ================
 Norm of scaled energy gradient at the starting point: 1.80324e+00
 Level shift 5.07e-01, target -225.17375287 -> -225.20377510, gain 0.03002223.
 Scaled delta p over 112 of 112 parameters: norm 9.7238e-02, rms 9.1881e-03, max 3.9118e-02

 BEGIN VMC CALCULATION
 =====================

 Running VMC equilibration (5000 moves).
 Performing time-step optimization.
 DTVMC: 3.38116e-04

 Starting VMC.

 =========================================================================
 In block : 1

 Acceptance ratio         (%)  =  70.1022
 Diffusion constant  (Bohr^2)  =
 Correlation time     (steps)  = 3.8485E+01 +- 2.7955E+00
 Efficiency      (au^-2 s^-1)  = 2.1284E+01
 No. of VMC steps per process  = 25000

  Block average energies (au)

  Total energy                       (au) =        -225.203385136835
  Standard error                        +/-           0.005231399205

  Kinetic energy KEI (used in Total) (au) =
  Standard error                        +/-

  Kinetic energy TI                  (au) =
  Standard error                        +/-

  Kinetic energy FISQ                (au) =
  Standard error                        +/-

  Potential energy                   (au) =
  Standard error                        +/-

  e-e interaction                    (au) =
  Standard error                        +/-

  e-n interaction                    (au) =
  Standard error                        +/-

  Constant energy contributions      (au) =          69.027000022559

  Variance of local energy           (au) =           2.736726396521
  Standard error                        +/-

  Maximum distance from origin       (au) =


 Time taken in block    : : :       44.6096 s


 =========================================================================
 FINAL RESULT:

  VMC energy (au)    Standard error      Correction for serial correlation

 -225.203385136835 +/- 0.005231399205      No correction
 -225.203385136835 +/- 0.032453836204      Correlation time method
 -225.203385136835 +/- 0.037722201835      On-the-fly reblocking method

 Sample variance of E_L (au^2/sim.cell) : 2.736726396521


 =========================================================================

 Total PyCasino real time : : :    1222.0951
