
 ------------------------------------------------------------------------------
 ########::'##:::'##::'######:::::'###:::::'######::'####:'##::: ##::'#######::
 ##.... ##:. ##:'##::'##... ##:::'## ##:::'##... ##:. ##:: ###:: ##:'##.... ##:
 ##:::: ##::. ####::: ##:::..:::'##:. ##:: ##:::..::: ##:: ####: ##: ##:::: ##:
 ########::::. ##:::: ##:::::::'##:::. ##:. ######::: ##:: ## ## ##: ##:::: ##:
 ##.....:::::: ##:::: ##::::::: #########::..... ##:: ##:: ##. ####: ##:::: ##:
 ##::::::::::: ##:::: ##::: ##: ##.... ##:'##::: ##:: ##:: ##:. ###: ##:::: ##:
 ##::::::::::: ##::::. ######:: ##:::: ##:. ######::'####: ##::. ##:. #######::
 .::::::::::::..::::::......:::..:::::..:::......:::....::..::::..:::.......:::

                     Python Quantum Monte Carlo Package
                        v 0.4.0 [Vladimir Konkov]

    Main Author : Vladimir Konkov
 ------------------------------------------------------------------------------
 Started 2026/09/25 20:53:55

 Python 3.12.3 (main, Aug 31 2026, 10:18:26) [GCC 13.3.0]
 Numba 0.67.0
 Numpy 2.2.6
 Scipy 1.13.1

 Running in parallel using 4 MPI processes.

 Warning: keywords not read by pycasino: newrun periodic

 General input parameters
 ========================
 NEU (num up spin electrons)              :  1
 NED (num down spin electrons)            :  1
 RUNTYPE (type of run)                    :  vmc_opt
 PSI_S  (form for [anti]symmetrizing wfn) :  slater
 ATOM_BASIS_TYPE (atom-centred orb basis) :  slater-type
 INTERACTION (interaction type)           :  coulomb
 TESTRUN (read input data,print and stop) :  F
 PERIODIC                                 :  F
 COMPLEX_WF (complex Slater wave fn.)     :  F
 NEIGHPRINT (neighbour analysis)          :  0
 USE_JASTROW (use Jastrow factor)         :  T
 BACKFLOW (use backflow corrections)      :  F
 USE_ORBMODS (use orbitals modifications) :  F
 CUSP_CORRECTION                          :  F
 NON_LOCAL_GRID (NL integration grid)     :  4
 E_OFFSET (energy offset)                 :  0.0000
 GAUTOL  (Gaussian evaluation tolerance)  :  7.0
 SPARSE                                   :  F
 DIPOLE_MOMENT                            :  F
 RELATIVISTIC                             :  F

 VMC/optimization input parameters
 ====================
 NEWRUN (start new run)                   :  T
 VMC_METHOD (choice of VMC algorithm)     :  3
 DTVMC (VMC time step)                    :  0.02
 OPT_DTVMC (VMC time-step optimization)   :  1
 VMC_NSTEP (num VMC steps)                :  1000000
 VMC_NCONFIG_WRITE (num configs to write) :  1000000
 VMC_NBLOCK (num VMC blocks)              :  1
 VMC_EQUIL_NSTEP (num equil steps)        :  5000
 VMC_DECORR_PERIOD (length of inner loop) :  10
 VMC_AVE_PERIOD (hist reduction factor)   :  1
 VMC_SAMPLING                             :  standard
 OPT_CYCLES (num optimization cycles)     :  4
 POSTFIT_VMC (perform post-fit VMC calc)  :  T
 POSTFIT_KEEP_CFG (keep post-fit VMC cfgs):  F
 OPT_NOCTF_CYCLES (fixed cutoff cycles)   :  0
 OPT_INFO (information level)             :  2
 OPT_JASTROW (opt Jastrow factor)         :  T
 OPT_DET_COEFF (opt det coeffs)           :  F
 OPT_ORBITALS (opt orbitals)              :  F
 OPT_BACKFLOW (opt backflow params)       :  F
 OPT_FIXNL (fix nonlocal energy)          :  F
 OPT_MAXITER (max num iterations)         :  10
 OPT_MAXEVAL (max num evaluations)        :  200
 VM_SMOOTH_LIMITS (smooth limiting)       :  F
 VM_REWEIGHT (reweighting)                :  F
 VM_FILTER (filter outlying configs)      :  F
 VM_USE_E_GUESS (use guess energy)        :  F
 EMIN_XI_VALUE (xi parameter)             :  1.0
 MAKEMOVIE                                :  F
 FORCES                                   :  F

 BEGIN VMC CALCULATION
 =====================

 Running VMC equilibration (5000 moves).
 Performing time-step optimization.
 DTVMC: 2.09084e-02

 Starting VMC.

 =========================================================================
 In block : 1

 Acceptance ratio         (%)  =  69.9031
 Diffusion constant  (Bohr^2)  =
 Correlation time     (steps)  = 6.1268E+00 +- 5.3074E-02
 Efficiency      (au^-2 s^-1)  = 4.2587E+04
 No. of VMC steps per process  = 250000

  Block average energies (au)

  Total energy                       (au) =          -2.815321733590
  Standard error                        +/-           0.000484027128

  Kinetic energy KEI (used in Total) (au) =
  Standard error                        +/-

  Kinetic energy TI                  (au) =
  Standard error                        +/-

  Kinetic energy FISQ                (au) =
  Standard error                        +/-

  Potential energy                   (au) =
  Standard error                        +/-

  e-e interaction                    (au) =
  Standard error                        +/-

  e-n interaction                    (au) =
  Standard error                        +/-

  Variance of local energy           (au) =           0.234282026636
  Standard error                        +/-

  Maximum distance from origin       (au) =


 Time taken in block    : : :       16.3590 s


 =========================================================================
 FINAL RESULT:

  VMC energy (au)    Standard error      Correction for serial correlation

 -2.815321733590 +/- 0.000484027128      No correction
 -2.815321733590 +/- 0.001198079425      Correlation time method
 -2.815321733590 +/- 0.001195306001      On-the-fly reblocking method

 Sample variance of E_L (au^2/sim.cell) : 0.234282026636


 ==========================================
 PERFORMING OPTIMIZATION CALCULATION No. 1.
 ==========================================


 Optimization start
 ==================
   Iteration     Total nfev        Cost      Cost reduction    Step norm     Optimality
       0              1         2.3435e-01                                    1.37e+05
       1              2         1.3347e-03      2.33e-01       3.99e-01       7.68e+03
       2              3         5.8694e-04      7.48e-04       2.55e-01       1.96e+03
       3              4         5.8694e-04      0.00e+00       0.00e+00       1.96e+03
`ftol` termination condition is satisfied.
Function evaluations 4, initial cost 2.3435e-01, final cost 5.8694e-04, first-order optimality 1.96e+03.
 Norm of Jacobian at the solution: 5.21769e-12

 BEGIN VMC CALCULATION
 =====================

 Running VMC equilibration (5000 moves).
 Performing time-step optimization.
 DTVMC: 2.94046e-02

 Starting VMC.

 =========================================================================
 In block : 1

 Acceptance ratio         (%)  =  69.1406
 Diffusion constant  (Bohr^2)  =
 Correlation time     (steps)  = 4.1920E+00 +- 3.0321E-02
 Efficiency      (au^-2 s^-1)  = 2.3701E+07
 No. of VMC steps per process  = 250000

  Block average energies (au)

  Total energy                       (au) =          -2.903531340840
  Standard error                        +/-           0.000024750142

  Kinetic energy KEI (used in Total) (au) =
  Standard error                        +/-

  Kinetic energy TI                  (au) =
  Standard error                        +/-

  Kinetic energy FISQ                (au) =
  Standard error                        +/-

  Potential energy                   (au) =
  Standard error                        +/-

  e-e interaction                    (au) =
  Standard error                        +/-

  e-n interaction                    (au) =
  Standard error                        +/-

  Variance of local energy           (au) =           0.000612568935
  Standard error                        +/-

  Maximum distance from origin       (au) =


 Time taken in block    : : :       16.4310 s


 =========================================================================
 FINAL RESULT:

  VMC energy (au)    Standard error      Correction for serial correlation

 -2.903531340840 +/- 0.000024750142      No correction
 -2.903531340840 +/- 0.000050674139      Correlation time method
 -2.903531340840 +/- 0.000050185158      On-the-fly reblocking method

 Sample variance of E_L (au^2/sim.cell) : 0.000612568935


 ==========================================
 PERFORMING OPTIMIZATION CALCULATION No. 2.
 ==========================================


 Optimization start
 ==================
 E_0 -2.90360202 minimal allowed energy -3.00201376 serial correlation factor 2.00
 Trust radius max|delta p| < 0.2 reached at level shift 8.47e-04
   Level shift          E_lin        max|dp| max|dlog(psi)|         E_corr       Penalty         Target
           inf                                                 -2.90360202    0.00014766    -2.90345437
      8.47e-04    -2.90371864     2.0000e-01     5.3018e-02    -2.90370021    0.00011860    -2.90358161
      8.47e-03    -2.90371223     7.7650e-02     8.8136e-03    -2.90371716    0.00010677    -2.90361039
      8.47e-02    -2.90370413     2.5383e-02     2.7549e-03    -2.90370918    0.00010624    -2.90360293
      8.47e-01    -2.90369628     3.0816e-03     1.4136e-03    -2.90370494    0.00010516    -2.90359978
 Optimization end
 ================
 Norm of scaled energy gradient at the starting point: 1.02232e-01
 Level shift 8.47e-03, target -2.90345437 -> -2.90361039, gain 0.00015603.
 Scaled delta p over 30 of 30 parameters: norm 1.9775e-02, rms 3.6105e-03, max 8.8136e-03

 BEGIN VMC CALCULATION
 =====================

 Running VMC equilibration (5000 moves).
 Performing time-step optimization.
 DTVMC: 2.64076e-02

 Starting VMC.

 =========================================================================
 In block : 1

 Acceptance ratio         (%)  =  70.4541
 Diffusion constant  (Bohr^2)  =
 Correlation time     (steps)  = 1.7580E+00 +- 8.5041E-03
 Efficiency      (au^-2 s^-1)  = 1.1617E+08
 No. of VMC steps per process  = 250000

  Block average energies (au)

  Total energy                       (au) =          -2.903676482981
  Standard error                        +/-           0.000017658183

  Kinetic energy KEI (used in Total) (au) =
  Standard error                        +/-

  Kinetic energy TI                  (au) =
  Standard error                        +/-

  Kinetic energy FISQ                (au) =
  Standard error                        +/-

  Potential energy                   (au) =
  Standard error                        +/-

  e-e interaction                    (au) =
  Standard error                        +/-

  e-n interaction                    (au) =
  Standard error                        +/-

  Variance of local energy           (au) =           0.000311811115
  Standard error                        +/-

  Maximum distance from origin       (au) =


 Time taken in block    : : :       15.7031 s


 =========================================================================
 FINAL RESULT:

  VMC energy (au)    Standard error      Correction for serial correlation

 -2.903676482981 +/- 0.000017658183      No correction
 -2.903676482981 +/- 0.000023413151      Correlation time method
 -2.903676482981 +/- 0.000023541537      On-the-fly reblocking method

 Sample variance of E_L (au^2/sim.cell) : 0.000311811115


 ==========================================
 PERFORMING OPTIMIZATION CALCULATION No. 3.
 ==========================================


 Optimization start
 ==================
 E_0 -2.90367306 minimal allowed energy -2.97328591 serial correlation factor 1.29
 Trust radius max|delta p| < 0.2 reached at level shift 6.93e-04
   Level shift          E_lin        max|dp| max|dlog(psi)|         E_corr       Penalty         Target
           inf                                                 -2.90367306    0.00006758    -2.90360548
      6.93e-04    -2.90368097     2.0000e-01     5.2313e-02    -2.90364849    0.00007444    -2.90357405
      6.93e-03    -2.90367644     4.2864e-02     1.1009e-02    -2.90367906    0.00006664    -2.90361242
      6.93e-02    -2.90367341     7.4451e-03     1.3963e-03    -2.90367374    0.00006754    -2.90360620
      6.93e-01    -2.90367325     1.0762e-03     1.7687e-04    -2.90367330    0.00006762    -2.90360569
 Optimization end
 ================
 Norm of scaled energy gradient at the starting point: 3.08498e-02
 Level shift 6.93e-03, target -2.90360548 -> -2.90361242, gain 0.00000694.
 Scaled delta p over 30 of 30 parameters: norm 1.6238e-02, rms 2.9647e-03, max 1.1009e-02

 BEGIN VMC CALCULATION
 =====================

 Running VMC equilibration (5000 moves).
 Performing time-step optimization.
 DTVMC: 2.70196e-02

 Starting VMC.

 =========================================================================
 In block : 1

 Acceptance ratio         (%)  =  70.1755
 Diffusion constant  (Bohr^2)  =
 Correlation time     (steps)  = 1.6375E+00 +- 7.5787E-03
 Efficiency      (au^-2 s^-1)  = 1.2188E+08
 No. of VMC steps per process  = 250000

  Block average energies (au)

  Total energy                       (au) =          -2.903683593375
  Standard error                        +/-           0.000017569003

  Kinetic energy KEI (used in Total) (au) =
  Standard error                        +/-

  Kinetic energy TI                  (au) =
  Standard error                        +/-

  Kinetic energy FISQ                (au) =
  Standard error                        +/-

  Potential energy                   (au) =
  Standard error                        +/-

  e-e interaction                    (au) =
  Standard error                        +/-

  e-n interaction                    (au) =
  Standard error                        +/-

  Variance of local energy           (au) =           0.000308669565
  Standard error                        +/-

  Maximum distance from origin       (au) =


 Time taken in block    : : :       16.2329 s


 =========================================================================
 FINAL RESULT:

  VMC energy (au)    Standard error      Correction for serial correlation

 -2.903683593375 +/- 0.000017569003      No correction
 -2.903683593375 +/- 0.000022482479      Correlation time method
 -2.903683593375 +/- 0.000023533451      On-the-fly reblocking method

 Sample variance of E_L (au^2/sim.cell) : 0.000308669565


 ==========================================
 PERFORMING OPTIMIZATION CALCULATION No. 4.
 ==========================================


 Optimization start
 ==================
 E_0 -2.90369466 minimal allowed energy -2.97422408 serial correlation factor 1.44
 Trust radius max|delta p| < 0.2 reached at level shift 7.65e-04
   Level shift          E_lin        max|dp| max|dlog(psi)|         E_corr       Penalty         Target
           inf                                                 -2.90369466    0.00007607    -2.90361859
      7.65e-04    -2.90371727     2.0000e-01     5.1516e-02    -2.90365239    0.00008367    -2.90356872
      7.65e-03    -2.90370118     4.2522e-02     1.0444e-02    -2.90370196    0.00007651    -2.90362545
      7.65e-02    -2.90369642     6.9405e-03     1.2818e-03    -2.90369668    0.00007665    -2.90362003
      7.65e-01    -2.90369611     8.8712e-04     1.6069e-04    -2.90369616    0.00007622    -2.90361994
 Optimization end
 ================
 Norm of scaled energy gradient at the starting point: 2.63047e-02
 Level shift 7.65e-03, target -2.90361859 -> -2.90362545, gain 0.00000686.
 Scaled delta p over 30 of 30 parameters: norm 1.4738e-02, rms 2.6908e-03, max 1.0444e-02

 BEGIN VMC CALCULATION
 =====================

 Running VMC equilibration (5000 moves).
 Performing time-step optimization.
 DTVMC: 2.76062e-02

 Starting VMC.

 =========================================================================
 In block : 1

 Acceptance ratio         (%)  =  69.8559
 Diffusion constant  (Bohr^2)  =
 Correlation time     (steps)  = 1.4980E+00 +- 6.7809E-03
 Efficiency      (au^-2 s^-1)  = 1.2636E+08
 No. of VMC steps per process  = 250000

  Block average energies (au)

  Total energy                       (au) =          -2.903701323527
  Standard error                        +/-           0.000017572117

  Kinetic energy KEI (used in Total) (au) =
  Standard error                        +/-

  Kinetic energy TI                  (au) =
  Standard error                        +/-

  Kinetic energy FISQ                (au) =
  Standard error                        +/-

  Potential energy                   (au) =
  Standard error                        +/-

  e-e interaction                    (au) =
  Standard error                        +/-

  e-n interaction                    (au) =
  Standard error                        +/-

  Variance of local energy           (au) =           0.000308779000
  Standard error                        +/-

  Maximum distance from origin       (au) =


 Time taken in block    : : :       17.1089 s


 =========================================================================
 FINAL RESULT:

  VMC energy (au)    Standard error      Correction for serial correlation

 -2.903701323527 +/- 0.000017572117      No correction
 -2.903701323527 +/- 0.000021507246      Correlation time method
 -2.903701323527 +/- 0.000022276793      On-the-fly reblocking method

 Sample variance of E_L (au^2/sim.cell) : 0.000308779000


 =========================================================================

 Total PyCasino real time : : :    339.3779
