
 ------------------------------------------------------------------------------
 ########::'##:::'##::'######:::::'###:::::'######::'####:'##::: ##::'#######::
 ##.... ##:. ##:'##::'##... ##:::'## ##:::'##... ##:. ##:: ###:: ##:'##.... ##:
 ##:::: ##::. ####::: ##:::..:::'##:. ##:: ##:::..::: ##:: ####: ##: ##:::: ##:
 ########::::. ##:::: ##:::::::'##:::. ##:. ######::: ##:: ## ## ##: ##:::: ##:
 ##.....:::::: ##:::: ##::::::: #########::..... ##:: ##:: ##. ####: ##:::: ##:
 ##::::::::::: ##:::: ##::: ##: ##.... ##:'##::: ##:: ##:: ##:. ###: ##:::: ##:
 ##::::::::::: ##::::. ######:: ##:::: ##:. ######::'####: ##::. ##:. #######::
 .::::::::::::..::::::......:::..:::::..:::......:::....::..::::..:::.......:::

                     Python Quantum Monte Carlo Package
                        v 0.4.0 [Vladimir Konkov]

    Main Author : Vladimir Konkov
 ------------------------------------------------------------------------------
 Started 2026/08/17 19:01:28

 Python 3.12.3 (main, Jun 19 2026, 12:46:00) [GCC 13.3.0]
 Numba 0.63.1
 Numpy 2.2.6
 Scipy 1.13.1

 Running in parallel using 4 MPI processes.

 General input parameters
 ========================
 NEU (num up spin electrons)              :  2
 NED (num down spin electrons)            :  2
 RUNTYPE (type of run)                    :  vmc
 PSI_S  (form for [anti]symmetrizing wfn) :  slater
 ATOM_BASIS_TYPE (atom-centred orb basis) :  slater-type
 INTERACTION (interaction type)           :  coulomb
 TESTRUN (read input data,print and stop) :  F
 PERIODIC                                 :  F
 COMPLEX_WF (complex Slater wave fn.)     :  F
 NEIGHPRINT (neighbour analysis)          :  0
 USE_JASTROW (use Jastrow factor)         :  F
 BACKFLOW (use backflow corrections)      :  F
 USE_ORBMODS (use orbitals modifications) :  F
 CUSP_CORRECTION                          :  F
 NON_LOCAL_GRID (NL integration grid)     :  4
 E_OFFSET (energy offset)                 :  0.0000
 GAUTOL  (Gaussian evaluation tolerance)  :  7.0
 SPARSE                                   :  F
 DIPOLE_MOMENT                            :  F
 RELATIVISTIC                             :  F

 VMC input parameters
 ====================
 NEWRUN (start new run)                   :  T
 VMC_METHOD (choice of VMC algorithm)     :  4
 DTVMC (VMC time step)                    :  0.02
 OPT_DTVMC (VMC time-step optimization)   :  T
 VMC_NSTEP (num VMC steps)                :  100000000
 VMC_NCONFIG_WRITE (num configs to write) :  0
 VMC_NBLOCK (num VMC blocks)              :  10
 VMC_EQUIL_NSTEP (num equil steps)        :  5000
 VMC_DECORR_PERIOD (length of inner loop) :  4
 VMC_AVE_PERIOD (hist reduction factor)   :  1
 VMC_SAMPLING                             :  standard
 MAKEMOVIE                                :  F
 FORCES                                   :  F

 ====================================
 PERFORMING A SINGLE VMC CALCULATION.
 ====================================


 BEGIN VMC CALCULATION
 =====================

 Running VMC equilibration (5000 moves).
 Performing time-step optimization.
 DTVMC: 1.02971e+00

 Starting VMC.

 =========================================================================
 In block : 1

 Acceptance ratio         (%)  =  50.2362
 Correlation time     (steps)  = 1.4702E+00 +- 2.0298E-03
 Efficiency      (au^-2 s^-1)  = 1.9014E+04
 Number of VMC steps           = 10000000

  Block average energies (au)

  Total energy                       (au) =         -14.572165180441
  Standard error                        +/-           0.000545207972

  Constant energy contributions      (au) =           0.000000000000

  Variance of local energy           (au) =           2.972517033711
  Standard error                        +/-           0.000000000000

 Time taken in block    : : :       120.3414

 =========================================================================
 In block : 2

 Acceptance ratio         (%)  =  50.2298
 Correlation time     (steps)  = 1.4590E+00 +- 1.9575E-03
 Efficiency      (au^-2 s^-1)  = 2.0059E+04
 Number of VMC steps           = 10000000

  Block average energies (au)

  Total energy                       (au) =         -14.573197732265
  Standard error                        +/-           0.000539039369

  Constant energy contributions      (au) =           0.000000000000

  Variance of local energy           (au) =           2.905634128103
  Standard error                        +/-           0.000000000000

 Time taken in block    : : :       117.5956

 =========================================================================
 In block : 3

 Acceptance ratio         (%)  =  50.2345
 Correlation time     (steps)  = 1.4735E+00 +- 2.0363E-03
 Efficiency      (au^-2 s^-1)  = 1.9289E+04
 Number of VMC steps           = 10000000

  Block average energies (au)

  Total energy                       (au) =         -14.573031559144
  Standard error                        +/-           0.000537484719

  Constant energy contributions      (au) =           0.000000000000

  Variance of local energy           (au) =           2.888897943577
  Standard error                        +/-           0.000000000000

 Time taken in block    : : :       121.7919

 =========================================================================
 In block : 4

 Acceptance ratio         (%)  =  50.2302
 Correlation time     (steps)  = 1.4371E+00 +- 1.9284E-03
 Efficiency      (au^-2 s^-1)  = 1.8206E+04
 Number of VMC steps           = 10000000

  Block average energies (au)

  Total energy                       (au) =         -14.572569681134
  Standard error                        +/-           0.000542600856

  Constant energy contributions      (au) =           0.000000000000

  Variance of local energy           (au) =           2.944156595627
  Standard error                        +/-           0.000000000000

 Time taken in block    : : :       129.8179

 =========================================================================
 In block : 5

 Acceptance ratio         (%)  =  50.2386
 Correlation time     (steps)  = 1.4351E+00 +- 1.9254E-03
 Efficiency      (au^-2 s^-1)  = 1.9607E+04
 Number of VMC steps           = 10000000

  Block average energies (au)

  Total energy                       (au) =         -14.572949011981
  Standard error                        +/-           0.000540504182

  Constant energy contributions      (au) =           0.000000000000

  Variance of local energy           (au) =           2.921447420132
  Standard error                        +/-           0.000000000000

 Time taken in block    : : :       121.6480

 =========================================================================
 In block : 6

 Acceptance ratio         (%)  =  50.2315
 Correlation time     (steps)  = 1.4479E+00 +- 1.9426E-03
 Efficiency      (au^-2 s^-1)  = 1.9614E+04
 Number of VMC steps           = 10000000

  Block average energies (au)

  Total energy                       (au) =         -14.572793787840
  Standard error                        +/-           0.000539680406

  Constant energy contributions      (au) =           0.000000000000

  Variance of local energy           (au) =           2.912549115786
  Standard error                        +/-           0.000000000000

 Time taken in block    : : :       120.8977

 =========================================================================
 In block : 7

 Acceptance ratio         (%)  =  50.2283
 Correlation time     (steps)  = 1.4330E+00 +- 1.9226E-03
 Efficiency      (au^-2 s^-1)  = 2.0272E+04
 Number of VMC steps           = 10000000

  Block average energies (au)

  Total energy                       (au) =         -14.571392435014
  Standard error                        +/-           0.000550174159

  Constant energy contributions      (au) =           0.000000000000

  Variance of local energy           (au) =           3.026915749106
  Standard error                        +/-           0.000000000000

 Time taken in block    : : :       113.7261

 =========================================================================
 In block : 8

 Acceptance ratio         (%)  =  50.2335
 Correlation time     (steps)  = 1.4441E+00 +- 1.9375E-03
 Efficiency      (au^-2 s^-1)  = 1.9671E+04
 Number of VMC steps           = 10000000

  Block average energies (au)

  Total energy                       (au) =         -14.574181039992
  Standard error                        +/-           0.000540757787

  Constant energy contributions      (au) =           0.000000000000

  Variance of local energy           (au) =           2.924189545270
  Standard error                        +/-           0.000000000000

 Time taken in block    : : :       120.3888

 =========================================================================
 In block : 9

 Acceptance ratio         (%)  =  50.2233
 Correlation time     (steps)  = 1.4522E+00 +- 1.9484E-03
 Efficiency      (au^-2 s^-1)  = 2.1001E+04
 Number of VMC steps           = 10000000

  Block average energies (au)

  Total energy                       (au) =         -14.573602060837
  Standard error                        +/-           0.000539310863

  Constant energy contributions      (au) =           0.000000000000

  Variance of local energy           (au) =           2.908561779917
  Standard error                        +/-           0.000000000000

 Time taken in block    : : :       112.7339

 =========================================================================
 In block : 10

 Acceptance ratio         (%)  =  50.2261
 Correlation time     (steps)  = 1.4766E+00 +- 2.0453E-03
 Efficiency      (au^-2 s^-1)  = 1.8069E+04
 Number of VMC steps           = 10000000

  Block average energies (au)

  Total energy                       (au) =         -14.571571889065
  Standard error                        +/-           0.000555816500

  Constant energy contributions      (au) =           0.000000000000

  Variance of local energy           (au) =           3.089319510957
  Standard error                        +/-           0.000000000000

 Time taken in block    : : :       121.3218

 =========================================================================
 FINAL RESULT:

  VMC energy (au)    Standard error      Correction for serial correlation

 -14.572745437771 +/- 0.000171738743      No correction
 -14.572745437771 +/- 0.000207005967      Correlation time method
 -14.572745437771 +/- 0.000207440320      On-the-fly reblocking method

 Sample variance of E_L (au^2/sim.cell) : 2.949419552258


 =========================================================================

 Total PyCasino real time : : :    1200.7247
