
 ------------------------------------------------------------------------------
 ########::'##:::'##::'######:::::'###:::::'######::'####:'##::: ##::'#######::
 ##.... ##:. ##:'##::'##... ##:::'## ##:::'##... ##:. ##:: ###:: ##:'##.... ##:
 ##:::: ##::. ####::: ##:::..:::'##:. ##:: ##:::..::: ##:: ####: ##: ##:::: ##:
 ########::::. ##:::: ##:::::::'##:::. ##:. ######::: ##:: ## ## ##: ##:::: ##:
 ##.....:::::: ##:::: ##::::::: #########::..... ##:: ##:: ##. ####: ##:::: ##:
 ##::::::::::: ##:::: ##::: ##: ##.... ##:'##::: ##:: ##:: ##:. ###: ##:::: ##:
 ##::::::::::: ##::::. ######:: ##:::: ##:. ######::'####: ##::. ##:. #######::
 .::::::::::::..::::::......:::..:::::..:::......:::....::..::::..:::.......:::

                     Python Quantum Monte Carlo Package
                        v 0.4.0 [Vladimir Konkov]

    Main Author : Vladimir Konkov
 ------------------------------------------------------------------------------
 Started 2026/08/21 18:43:01

 Python 3.12.3 (main, Jun 19 2026, 12:46:00) [GCC 13.3.0]
 Numba 0.63.1
 Numpy 2.2.6
 Scipy 1.13.1

 Running in parallel using 4 MPI processes.

 Warning: keywords not read by pycasino: newrun periodic writeout_vmc_hist

 General input parameters
 ========================
 NEU (num up spin electrons)              :  5
 NED (num down spin electrons)            :  2
 RUNTYPE (type of run)                    :  vmc
 PSI_S  (form for [anti]symmetrizing wfn) :  slater
 ATOM_BASIS_TYPE (atom-centred orb basis) :  slater-type
 INTERACTION (interaction type)           :  coulomb
 TESTRUN (read input data,print and stop) :  F
 PERIODIC                                 :  F
 COMPLEX_WF (complex Slater wave fn.)     :  F
 NEIGHPRINT (neighbour analysis)          :  0
 USE_JASTROW (use Jastrow factor)         :  F
 BACKFLOW (use backflow corrections)      :  F
 USE_ORBMODS (use orbitals modifications) :  F
 CUSP_CORRECTION                          :  F
 NON_LOCAL_GRID (NL integration grid)     :  4
 E_OFFSET (energy offset)                 :  0.0000
 GAUTOL  (Gaussian evaluation tolerance)  :  7.0
 SPARSE                                   :  F
 DIPOLE_MOMENT                            :  F
 RELATIVISTIC                             :  F

 VMC input parameters
 ====================
 NEWRUN (start new run)                   :  T
 VMC_METHOD (choice of VMC algorithm)     :  3
 DTVMC (VMC time step)                    :  0.02
 OPT_DTVMC (VMC time-step optimization)   :  1
 VMC_NSTEP (num VMC steps)                :  100000000
 VMC_NCONFIG_WRITE (num configs to write) :  0
 VMC_NBLOCK (num VMC blocks)              :  10
 VMC_EQUIL_NSTEP (num equil steps)        :  5000
 VMC_DECORR_PERIOD (length of inner loop) :  3
 VMC_AVE_PERIOD (hist reduction factor)   :  1
 VMC_SAMPLING                             :  standard
 MAKEMOVIE                                :  F
 FORCES                                   :  F

 ====================================
 PERFORMING A SINGLE VMC CALCULATION.
 ====================================


 BEGIN VMC CALCULATION
 =====================

 Running VMC equilibration (5000 moves).
 Performing time-step optimization.
 DTVMC: 1.50300e-03

 Starting VMC.

 =========================================================================
 In block : 1

 Acceptance ratio         (%)  =  69.7180
 Correlation time     (steps)  = 5.9585E+00 +- 1.6005E-02
 Efficiency      (au^-2 s^-1)  = 1.6542E+03
 Number of VMC steps           = 10000000

  Block average energies (au)

  Total energy                       (au) =         -54.398873377483
  Standard error                        +/-           0.001044701006

  Constant energy contributions      (au) =           0.000000000000

  Variance of local energy           (au) =          10.914000829974
  Standard error                        +/-           0.000000000000

 Time taken in block    : : :       92.9618

 =========================================================================
 In block : 2

 Acceptance ratio         (%)  =  69.7411
 Correlation time     (steps)  = 5.8572E+00 +- 1.5760E-02
 Efficiency      (au^-2 s^-1)  = 1.6415E+03
 Number of VMC steps           = 10000000

  Block average energies (au)

  Total energy                       (au) =         -54.402591051591
  Standard error                        +/-           0.001054482196

  Constant energy contributions      (au) =           0.000000000000

  Variance of local energy           (au) =          11.119325894719
  Standard error                        +/-           0.000000000000

 Time taken in block    : : :       93.5398

 =========================================================================
 In block : 3

 Acceptance ratio         (%)  =  69.7247
 Correlation time     (steps)  = 5.8168E+00 +- 1.5511E-02
 Efficiency      (au^-2 s^-1)  = 1.6539E+03
 Number of VMC steps           = 10000000

  Block average energies (au)

  Total energy                       (au) =         -54.397913517906
  Standard error                        +/-           0.001053661631

  Constant energy contributions      (au) =           0.000000000000

  Variance of local energy           (au) =          11.102027222288
  Standard error                        +/-           0.000000000000

 Time taken in block    : : :       93.6287

 =========================================================================
 In block : 4

 Acceptance ratio         (%)  =  69.7368
 Correlation time     (steps)  = 5.8641E+00 +- 1.5747E-02
 Efficiency      (au^-2 s^-1)  = 1.6341E+03
 Number of VMC steps           = 10000000

  Block average energies (au)

  Total energy                       (au) =         -54.398314003989
  Standard error                        +/-           0.001055793537

  Constant energy contributions      (au) =           0.000000000000

  Variance of local energy           (au) =          11.146998807745
  Standard error                        +/-           0.000000000000

 Time taken in block    : : :       93.6199

 =========================================================================
 In block : 5

 Acceptance ratio         (%)  =  69.7401
 Correlation time     (steps)  = 5.5976E+00 +- 1.4752E-02
 Efficiency      (au^-2 s^-1)  = 1.6705E+03
 Number of VMC steps           = 10000000

  Block average energies (au)

  Total energy                       (au) =         -54.411058737422
  Standard error                        +/-           0.001069767684

  Constant energy contributions      (au) =           0.000000000000

  Variance of local energy           (au) =          11.444027835537
  Standard error                        +/-           0.000000000000

 Time taken in block    : : :       93.4458

 =========================================================================
 In block : 6

 Acceptance ratio         (%)  =  69.7303
 Correlation time     (steps)  = 5.8597E+00 +- 1.5739E-02
 Efficiency      (au^-2 s^-1)  = 1.6408E+03
 Number of VMC steps           = 10000000

  Block average energies (au)

  Total energy                       (au) =         -54.399803513199
  Standard error                        +/-           0.001054912293

  Constant energy contributions      (au) =           0.000000000000

  Variance of local energy           (au) =          11.128398354519
  Standard error                        +/-           0.000000000000

 Time taken in block    : : :       93.4610

 =========================================================================
 In block : 7

 Acceptance ratio         (%)  =  69.7517
 Correlation time     (steps)  = 5.9331E+00 +- 1.6040E-02
 Efficiency      (au^-2 s^-1)  = 1.6492E+03
 Number of VMC steps           = 10000000

  Block average energies (au)

  Total energy                       (au) =         -54.412206647501
  Standard error                        +/-           0.001045464083

  Constant energy contributions      (au) =           0.000000000000

  Variance of local energy           (au) =          10.929950385136
  Standard error                        +/-           0.000000000000

 Time taken in block    : : :       93.5029

 =========================================================================
 In block : 8

 Acceptance ratio         (%)  =  69.7400
 Correlation time     (steps)  = 5.9434E+00 +- 1.5963E-02
 Efficiency      (au^-2 s^-1)  = 1.6517E+03
 Number of VMC steps           = 10000000

  Block average energies (au)

  Total energy                       (au) =         -54.406290227559
  Standard error                        +/-           0.001042682842

  Constant energy contributions      (au) =           0.000000000000

  Variance of local energy           (au) =          10.871874009737
  Standard error                        +/-           0.000000000000

 Time taken in block    : : :       93.6998

 =========================================================================
 In block : 9

 Acceptance ratio         (%)  =  69.7643
 Correlation time     (steps)  = 5.6821E+00 +- 1.5070E-02
 Efficiency      (au^-2 s^-1)  = 1.6559E+03
 Number of VMC steps           = 10000000

  Block average energies (au)

  Total energy                       (au) =         -54.402690403724
  Standard error                        +/-           0.001066888133

  Constant energy contributions      (au) =           0.000000000000

  Variance of local energy           (au) =          11.382501742926
  Standard error                        +/-           0.000000000000

 Time taken in block    : : :       93.3719

 =========================================================================
 In block : 10

 Acceptance ratio         (%)  =  69.7732
 Correlation time     (steps)  = 5.8708E+00 +- 1.5770E-02
 Efficiency      (au^-2 s^-1)  = 1.6586E+03
 Number of VMC steps           = 10000000

  Block average energies (au)

  Total energy                       (au) =         -54.406217194289
  Standard error                        +/-           0.001049462217

  Constant energy contributions      (au) =           0.000000000000

  Variance of local energy           (au) =          11.013708344877
  Standard error                        +/-           0.000000000000

 Time taken in block    : : :       93.2458

 =========================================================================
 FINAL RESULT:

  VMC energy (au)    Standard error      Correction for serial correlation

 -54.403595867466 +/- 0.000333246241      No correction
 -54.403595867466 +/- 0.000805211079      Correlation time method
 -54.403595867466 +/- 0.001144147651      On-the-fly reblocking method

 Sample variance of E_L (au^2/sim.cell) : 11.105305609892


 =========================================================================

 Total PyCasino real time : : :    934.7886
