
 ------------------------------------------------------------------------------
 ########::'##:::'##::'######:::::'###:::::'######::'####:'##::: ##::'#######::
 ##.... ##:. ##:'##::'##... ##:::'## ##:::'##... ##:. ##:: ###:: ##:'##.... ##:
 ##:::: ##::. ####::: ##:::..:::'##:. ##:: ##:::..::: ##:: ####: ##: ##:::: ##:
 ########::::. ##:::: ##:::::::'##:::. ##:. ######::: ##:: ## ## ##: ##:::: ##:
 ##.....:::::: ##:::: ##::::::: #########::..... ##:: ##:: ##. ####: ##:::: ##:
 ##::::::::::: ##:::: ##::: ##: ##.... ##:'##::: ##:: ##:: ##:. ###: ##:::: ##:
 ##::::::::::: ##::::. ######:: ##:::: ##:. ######::'####: ##::. ##:. #######::
 .::::::::::::..::::::......:::..:::::..:::......:::....::..::::..:::.......:::

                     Python Quantum Monte Carlo Package
                        v 0.4.0 [Vladimir Konkov]

    Main Author : Vladimir Konkov
 ------------------------------------------------------------------------------
 Started 2026/08/09 21:48:56

 Python 3.12.3 (main, Jun 19 2026, 12:46:00) [GCC 13.3.0]
 Numba 0.63.1
 Numpy 2.2.6
 Scipy 1.13.1

 Running in parallel using 4 MPI processes.

 General input parameters
 ========================
 NEU (num up spin electrons)              :  5
 NED (num down spin electrons)            :  5
 RUNTYPE (type of run)                    :  vmc_opt
 PSI_S  (form for [anti]symmetrizing wfn) :  slater
 ATOM_BASIS_TYPE (atom-centred orb basis) :  slater-type
 INTERACTION (interaction type)           :  coulomb
 TESTRUN (read input data,print and stop) :  F
 PERIODIC                                 :  F
 COMPLEX_WF (complex Slater wave fn.)     :  F
 NEIGHPRINT (neighbour analysis)          :  0
 USE_JASTROW (use Jastrow factor)         :  T
 BACKFLOW (use backflow corrections)      :  T
 USE_ORBMODS (use orbitals modifications) :  F
 CUSP_CORRECTION                          :  F
 NON_LOCAL_GRID (NL integration grid)     :  4
 E_OFFSET (energy offset)                 :  0.0000
 GAUTOL  (Gaussian evaluation tolerance)  :  7.0
 SPARSE                                   :  F
 DIPOLE_MOMENT                            :  F
 RELATIVISTIC                             :  F

 VMC/optimization input parameters
 ====================
 NEWRUN (start new run)                   :  T
 VMC_METHOD (choice of VMC algorithm)     :  3
 DTVMC (VMC time step)                    :  0.02
 OPT_DTVMC (VMC time-step optimization)   :  T
 VMC_NSTEP (num VMC steps)                :  100000
 VMC_NCONFIG_WRITE (num configs to write) :  100000
 VMC_NBLOCK (num VMC blocks)              :  1
 VMC_EQUIL_NSTEP (num equil steps)        :  5000
 VMC_DECORR_PERIOD (length of inner loop) :  10
 VMC_AVE_PERIOD (hist reduction factor)   :  1
 VMC_SAMPLING                             :  standard
 OPT_CYCLES (num optimization cycles)     :  2
 POSTFIT_VMC (perform post-fit VMC calc)  :  T
 POSTFIT_KEEP_CFG (keep post-fit VMC cfgs):  F
 OPT_NOCTF_CYCLES (fixed cutoff cycles)   :  0
 OPT_INFO (information level)             :  2
 OPT_JASTROW (opt Jastrow factor)         :  T
 OPT_DET_COEFF (opt det coeffs)           :  F
 OPT_ORBITALS (opt orbitals)              :  F
 OPT_BACKFLOW (opt backflow params)       :  T
 OPT_FIXNL (fix nonlocal energy)          :  T
 OPT_MAXITER (max num iterations)         :  10
 OPT_MAXEVAL (max num evaluations)        :  200
 VM_SMOOTH_LIMITS (smooth limiting)       :  F
 VM_REWEIGHT (reweighting)                :  F
 VM_FILTER (filter outlying configs)      :  T
 VM_USE_E_GUESS (use guess energy)        :  F
 EMIN_XI_VALUE (xi parameter)             :  1.0
 VM_FILTER_THRES (filter threshold)       :  4.0
 MAKEMOVIE                                :  F
 FORCES                                   :  F

 BEGIN VMC CALCULATION
 =====================

 Running VMC equilibration (5000 moves).
 Performing time-step optimization.
 Optimized step size: 0.07532
 DTVMC: 0.00189

 Starting VMC.

 =========================================================================
 In block : 1
  Number of VMC steps           = 100000

  Block average energies (au)

  Total energy                       (au) =        -128.506890556479
  Standard error                        +/-           0.019747581929

  Constant energy contributions      (au) =           0.000000000000

  Variance of local energy           (au) =          38.996309237993
  Standard error                        +/-           0.000000000000

 Time taken in block    : : :       25.8400

 =========================================================================
 FINAL RESULT:

  VMC energy (au)    Standard error      Correction for serial correlation

 -128.506890556479 +/- 0.019747581929      No correction
 -128.506890556479 +/- 0.043385148271      Correlation time method
 -128.506890556479 +/- 0.033030482681      On-the-fly reblocking method

 Sample variance of E_L (au^2/sim.cell) : 38.996309237993


 ==========================================
 PERFORMING OPTIMIZATION CALCULATION No. 1.
 ==========================================


 Optimization start
 ==================
   Iteration     Total nfev        Cost      Cost reduction    Step norm     Optimality
       0              1         1.6430e+01                                    6.49e+04
       1              2         6.3386e+00      1.01e+01       5.17e-02       2.25e+04
       2              3         3.3366e+00      3.00e+00       7.54e-02       2.80e+03
       3              4         1.7971e+00      1.54e+00       1.29e-01       1.03e+03
       4              5         1.0100e+00      7.87e-01       2.27e-01       1.79e+02
       5              6         6.7221e-01      3.38e-01       6.28e-01       8.63e+01
       6              7         5.1394e-01      1.58e-01       1.08e+00       1.06e+02
       7              8         4.4059e-01      7.34e-02       1.68e+00       3.23e+01
       8              9         4.0510e-01      3.55e-02       3.23e+00       2.78e+01
       9             10         3.9179e-01      1.33e-02       5.25e+00       8.58e+01
      10             11         3.9104e-01      7.52e-04       1.27e+00       8.20e+01
`ftol` termination condition is satisfied.
Function evaluations 11, initial cost 1.6430e+01, final cost 3.9104e-01, first-order optimality 8.20e+01.
 Norm of Jacobian at the solution: 2.16109e-01

 BEGIN VMC CALCULATION
 =====================

 Running VMC equilibration (5000 moves).
 Performing time-step optimization.
 Optimized step size: 0.07605
 DTVMC: 0.00193

 Starting VMC.

 =========================================================================
 In block : 1
  Number of VMC steps           = 100000

  Block average energies (au)

  Total energy                       (au) =        -128.920229356238
  Standard error                        +/-           0.001951233229

  Constant energy contributions      (au) =           0.000000000000

  Variance of local energy           (au) =           0.380727303977
  Standard error                        +/-           0.000000000000

 Time taken in block    : : :       26.7416

 =========================================================================
 FINAL RESULT:

  VMC energy (au)    Standard error      Correction for serial correlation

 -128.920229356238 +/- 0.001951233229      No correction
 -128.920229356238 +/- 0.004783879488      Correlation time method
 -128.920229356238 +/- 0.004020911196      On-the-fly reblocking method

 Sample variance of E_L (au^2/sim.cell) : 0.380727303977


 ==========================================
 PERFORMING OPTIMIZATION CALCULATION No. 2.
 ==========================================


 Optimization start
 ==================
   Iteration     Total nfev        Cost      Cost reduction    Step norm     Optimality
       0              1         3.0851e-01                                    1.84e+02
       1              2         3.0851e-01      0.00e+00       0.00e+00       1.84e+02
`ftol` termination condition is satisfied.
Function evaluations 2, initial cost 3.0851e-01, final cost 3.0851e-01, first-order optimality 1.84e+02.
 Norm of Jacobian at the solution: 3.34075e+00

 BEGIN VMC CALCULATION
 =====================

 Running VMC equilibration (5000 moves).
 Performing time-step optimization.
 Optimized step size: 0.07641
 DTVMC: 0.00195

 Starting VMC.

 =========================================================================
 In block : 1
  Number of VMC steps           = 100000

  Block average energies (au)

  Total energy                       (au) =        -128.922713292804
  Standard error                        +/-           0.001938745316

  Constant energy contributions      (au) =           0.000000000000

  Variance of local energy           (au) =           0.375869581129
  Standard error                        +/-           0.000000000000

 Time taken in block    : : :       24.8568

 =========================================================================
 FINAL RESULT:

  VMC energy (au)    Standard error      Correction for serial correlation

 -128.922713292804 +/- 0.001938745316      No correction
 -128.922713292804 +/- 0.004622957595      Correlation time method
 -128.922713292804 +/- 0.003820559810      On-the-fly reblocking method

 Sample variance of E_L (au^2/sim.cell) : 0.375869581129


 =========================================================================

 Total PyCasino real time : : :    2168.8142
