
 ------------------------------------------------------------------------------
 ########::'##:::'##::'######:::::'###:::::'######::'####:'##::: ##::'#######::
 ##.... ##:. ##:'##::'##... ##:::'## ##:::'##... ##:. ##:: ###:: ##:'##.... ##:
 ##:::: ##::. ####::: ##:::..:::'##:. ##:: ##:::..::: ##:: ####: ##: ##:::: ##:
 ########::::. ##:::: ##:::::::'##:::. ##:. ######::: ##:: ## ## ##: ##:::: ##:
 ##.....:::::: ##:::: ##::::::: #########::..... ##:: ##:: ##. ####: ##:::: ##:
 ##::::::::::: ##:::: ##::: ##: ##.... ##:'##::: ##:: ##:: ##:. ###: ##:::: ##:
 ##::::::::::: ##::::. ######:: ##:::: ##:. ######::'####: ##::. ##:. #######::
 .::::::::::::..::::::......:::..:::::..:::......:::....::..::::..:::.......:::

                     Python Quantum Monte Carlo Package
                        v 0.4.0 [Vladimir Konkov]

    Main Author : Vladimir Konkov
 ------------------------------------------------------------------------------
 Started 2026/08/15 12:06:25

 Python 3.12.3 (main, Jun 19 2026, 12:46:00) [GCC 13.3.0]
 Numba 0.63.1
 Numpy 2.2.6
 Scipy 1.13.1

 Running in parallel using 4 MPI processes.

 General input parameters
 ========================
 NEU (num up spin electrons)              :  5
 NED (num down spin electrons)            :  2
 RUNTYPE (type of run)                    :  vmc
 PSI_S  (form for [anti]symmetrizing wfn) :  slater
 ATOM_BASIS_TYPE (atom-centred orb basis) :  slater-type
 INTERACTION (interaction type)           :  coulomb
 TESTRUN (read input data,print and stop) :  F
 PERIODIC                                 :  F
 COMPLEX_WF (complex Slater wave fn.)     :  F
 NEIGHPRINT (neighbour analysis)          :  0
 USE_JASTROW (use Jastrow factor)         :  F
 BACKFLOW (use backflow corrections)      :  F
 USE_ORBMODS (use orbitals modifications) :  F
 CUSP_CORRECTION                          :  F
 NON_LOCAL_GRID (NL integration grid)     :  4
 E_OFFSET (energy offset)                 :  0.0000
 GAUTOL  (Gaussian evaluation tolerance)  :  7.0
 SPARSE                                   :  F
 DIPOLE_MOMENT                            :  F
 RELATIVISTIC                             :  F

 VMC input parameters
 ====================
 NEWRUN (start new run)                   :  T
 VMC_METHOD (choice of VMC algorithm)     :  3
 DTVMC (VMC time step)                    :  0.02
 OPT_DTVMC (VMC time-step optimization)   :  T
 VMC_NSTEP (num VMC steps)                :  100000000
 VMC_NCONFIG_WRITE (num configs to write) :  0
 VMC_NBLOCK (num VMC blocks)              :  10
 VMC_EQUIL_NSTEP (num equil steps)        :  5000
 VMC_DECORR_PERIOD (length of inner loop) :  10
 VMC_AVE_PERIOD (hist reduction factor)   :  1
 VMC_SAMPLING                             :  standard
 MAKEMOVIE                                :  F
 FORCES                                   :  F

 ====================================
 PERFORMING A SINGLE VMC CALCULATION.
 ====================================


 BEGIN VMC CALCULATION
 =====================

 Running VMC equilibration (5000 moves).
 Performing time-step optimization.
 DTVMC: 5.09634e-03

 Starting VMC.

 =========================================================================
 In block : 1
  Number of VMC steps           = 10000000

  Block average energies (au)

  Total energy                       (au) =         -54.406023886365
  Standard error                        +/-           0.001044797796

  Constant energy contributions      (au) =           0.000000000000

  Variance of local energy           (au) =          10.916023248612
  Standard error                        +/-           0.000000000000

 Time taken in block    : : :       205.9607

 =========================================================================
 In block : 2
  Number of VMC steps           = 10000000

  Block average energies (au)

  Total energy                       (au) =         -54.407064594808
  Standard error                        +/-           0.001062030872

  Constant energy contributions      (au) =           0.000000000000

  Variance of local energy           (au) =          11.279094593648
  Standard error                        +/-           0.000000000000

 Time taken in block    : : :       197.5789

 =========================================================================
 In block : 3
  Number of VMC steps           = 10000000

  Block average energies (au)

  Total energy                       (au) =         -54.404849142025
  Standard error                        +/-           0.001050528814

  Constant energy contributions      (au) =           0.000000000000

  Variance of local energy           (au) =          11.036106783093
  Standard error                        +/-           0.000000000000

 Time taken in block    : : :       196.9843

 =========================================================================
 In block : 4
  Number of VMC steps           = 10000000

  Block average energies (au)

  Total energy                       (au) =         -54.406112551206
  Standard error                        +/-           0.001063693515

  Constant energy contributions      (au) =           0.000000000000

  Variance of local energy           (au) =          11.314437805595
  Standard error                        +/-           0.000000000000

 Time taken in block    : : :       196.6584

 =========================================================================
 In block : 5
  Number of VMC steps           = 10000000

  Block average energies (au)

  Total energy                       (au) =         -54.405702819280
  Standard error                        +/-           0.001059813935

  Constant energy contributions      (au) =           0.000000000000

  Variance of local energy           (au) =          11.232054642541
  Standard error                        +/-           0.000000000000

 Time taken in block    : : :       196.1147

 =========================================================================
 In block : 6
  Number of VMC steps           = 10000000

  Block average energies (au)

  Total energy                       (au) =         -54.403986103422
  Standard error                        +/-           0.001046907367

  Constant energy contributions      (au) =           0.000000000000

  Variance of local energy           (au) =          10.960149252817
  Standard error                        +/-           0.000000000000

 Time taken in block    : : :       195.6743

 =========================================================================
 In block : 7
  Number of VMC steps           = 10000000

  Block average energies (au)

  Total energy                       (au) =         -54.402476354078
  Standard error                        +/-           0.001054319427

  Constant energy contributions      (au) =           0.000000000000

  Variance of local energy           (au) =          11.115893428508
  Standard error                        +/-           0.000000000000

 Time taken in block    : : :       195.4292

 =========================================================================
 In block : 8
  Number of VMC steps           = 10000000

  Block average energies (au)

  Total energy                       (au) =         -54.404689443096
  Standard error                        +/-           0.001049562650

  Constant energy contributions      (au) =           0.000000000000

  Variance of local energy           (au) =          11.015816463557
  Standard error                        +/-           0.000000000000

 Time taken in block    : : :       195.4339

 =========================================================================
 In block : 9
  Number of VMC steps           = 10000000

  Block average energies (au)

  Total energy                       (au) =         -54.404099817348
  Standard error                        +/-           0.001052941574

  Constant energy contributions      (au) =           0.000000000000

  Variance of local energy           (au) =          11.086858467410
  Standard error                        +/-           0.000000000000

 Time taken in block    : : :       195.2138

 =========================================================================
 In block : 10
  Number of VMC steps           = 10000000

  Block average energies (au)

  Total energy                       (au) =         -54.407165808264
  Standard error                        +/-           0.001040066594

  Constant energy contributions      (au) =           0.000000000000

  Variance of local energy           (au) =          10.817384121817
  Standard error                        +/-           0.000000000000

 Time taken in block    : : :       195.0420

 =========================================================================
 FINAL RESULT:

  VMC energy (au)    Standard error      Correction for serial correlation

 -54.405217051989 +/- 0.000332827041      No correction
 -54.405217051989 +/- 0.000598687592      Correlation time method
 -54.405217051989 +/- 0.000495796208      On-the-fly reblocking method

 Sample variance of E_L (au^2/sim.cell) : 11.077383839614


 =========================================================================

 Total PyCasino real time : : :    2039.6844
