
 ------------------------------------------------------------------------------
 ########::'##:::'##::'######:::::'###:::::'######::'####:'##::: ##::'#######::
 ##.... ##:. ##:'##::'##... ##:::'## ##:::'##... ##:. ##:: ###:: ##:'##.... ##:
 ##:::: ##::. ####::: ##:::..:::'##:. ##:: ##:::..::: ##:: ####: ##: ##:::: ##:
 ########::::. ##:::: ##:::::::'##:::. ##:. ######::: ##:: ## ## ##: ##:::: ##:
 ##.....:::::: ##:::: ##::::::: #########::..... ##:: ##:: ##. ####: ##:::: ##:
 ##::::::::::: ##:::: ##::: ##: ##.... ##:'##::: ##:: ##:: ##:. ###: ##:::: ##:
 ##::::::::::: ##::::. ######:: ##:::: ##:. ######::'####: ##::. ##:. #######::
 .::::::::::::..::::::......:::..:::::..:::......:::....::..::::..:::.......:::

                     Python Quantum Monte Carlo Package
                        v 0.4.0 [Vladimir Konkov]

    Main Author : Vladimir Konkov
 ------------------------------------------------------------------------------
 Started 2026/08/08 22:25:20

 Python 3.12.3 (main, Jun 19 2026, 12:46:00) [GCC 13.3.0]
 Numba 0.63.1
 Numpy 2.2.6
 Scipy 1.13.1

 Running in parallel using 4 MPI processes.

 General input parameters
 ========================
 NEU (num up spin electrons)              :  9
 NED (num down spin electrons)            :  9
 RUNTYPE (type of run)                    :  vmc_opt
 PSI_S  (form for [anti]symmetrizing wfn) :  slater
 ATOM_BASIS_TYPE (atom-centred orb basis) :  slater-type
 INTERACTION (interaction type)           :  coulomb
 TESTRUN (read input data,print and stop) :  F
 PERIODIC                                 :  F
 COMPLEX_WF (complex Slater wave fn.)     :  F
 NEIGHPRINT (neighbour analysis)          :  0
 USE_JASTROW (use Jastrow factor)         :  T
 BACKFLOW (use backflow corrections)      :  F
 USE_ORBMODS (use orbitals modifications) :  F
 CUSP_CORRECTION                          :  F
 NON_LOCAL_GRID (NL integration grid)     :  4
 E_OFFSET (energy offset)                 :  0.0000
 GAUTOL  (Gaussian evaluation tolerance)  :  7.0
 SPARSE                                   :  F
 DIPOLE_MOMENT                            :  F
 RELATIVISTIC                             :  F

 VMC/optimization input parameters
 ====================
 NEWRUN (start new run)                   :  T
 VMC_METHOD (choice of VMC algorithm)     :  3
 DTVMC (VMC time step)                    :  0.02
 OPT_DTVMC (VMC time-step optimization)   :  T
 VMC_NSTEP (num VMC steps)                :  1000000
 VMC_NCONFIG_WRITE (num configs to write) :  1000000
 VMC_NBLOCK (num VMC blocks)              :  1
 VMC_EQUIL_NSTEP (num equil steps)        :  5000
 VMC_DECORR_PERIOD (length of inner loop) :  10
 VMC_AVE_PERIOD (hist reduction factor)   :  1
 VMC_SAMPLING                             :  standard
 OPT_CYCLES (num optimization cycles)     :  2
 POSTFIT_VMC (perform post-fit VMC calc)  :  T
 POSTFIT_KEEP_CFG (keep post-fit VMC cfgs):  F
 OPT_NOCTF_CYCLES (fixed cutoff cycles)   :  0
 OPT_INFO (information level)             :  2
 OPT_JASTROW (opt Jastrow factor)         :  T
 OPT_DET_COEFF (opt det coeffs)           :  F
 OPT_ORBITALS (opt orbitals)              :  F
 OPT_BACKFLOW (opt backflow params)       :  F
 OPT_FIXNL (fix nonlocal energy)          :  T
 OPT_MAXITER (max num iterations)         :  10
 OPT_MAXEVAL (max num evaluations)        :  200
 VM_SMOOTH_LIMITS (smooth limiting)       :  F
 VM_REWEIGHT (reweighting)                :  F
 VM_FILTER (filter outlying configs)      :  T
 VM_USE_E_GUESS (use guess energy)        :  F
 EMIN_XI_VALUE (xi parameter)             :  1.0
 VM_FILTER_THRES (filter threshold)       :  4.0
 MAKEMOVIE                                :  F
 FORCES                                   :  F

 BEGIN VMC CALCULATION
 =====================

 Running VMC equilibration (5000 moves).
 Performing time-step optimization.
 Optimized step size: 0.03822
 DTVMC: 0.00049

 Starting VMC.

 =========================================================================
 In block : 1
  Number of VMC steps           = 1000000

  Block average energies (au)

  Total energy                       (au) =        -526.822993990237
  Standard error                        +/-           0.011262852492

  Constant energy contributions      (au) =           0.000000000000

  Variance of local energy           (au) =         126.851719406428
  Standard error                        +/-           0.000000000000

 Time taken in block    : : :       181.5111

 =========================================================================
 FINAL RESULT:

  VMC energy (au)    Standard error      Correction for serial correlation

 -526.822993990237 +/- 0.011262852492      No correction
 -526.822993990237 +/- 0.028020767255      Correlation time method
 -526.822993990237 +/- 0.024238301387      On-the-fly reblocking method

 Sample variance of E_L (au^2/sim.cell) : 126.851719406428


 ==========================================
 PERFORMING OPTIMIZATION CALCULATION No. 1.
 ==========================================


 Optimization start
 ==================
   Iteration     Total nfev        Cost      Cost reduction    Step norm     Optimality
       0              1         1.5829e+02                                    2.60e+05
       1              2         1.1130e+02      4.70e+01       2.01e-03       2.42e+05
       2              3         6.7806e+01      4.35e+01       3.76e-03       7.40e+04
       3              4         4.2706e+01      2.51e+01       8.40e-03       3.17e+04
       4              5         2.5492e+01      1.72e+01       1.79e-02       7.72e+03
       5              6         1.6185e+01      9.31e+00       3.80e-02       2.68e+03
       6              7         1.2025e+01      4.16e+00       6.25e-02       1.34e+03
       7              8         1.0266e+01      1.76e+00       8.63e-02       4.71e+02
       8              9         9.2208e+00      1.05e+00       1.05e-01       2.24e+02
       9             10         8.6602e+00      5.61e-01       3.05e-01       2.11e+02
      10             11         8.4784e+00      1.82e-01       1.76e-01       4.72e+01
      11             12         8.4784e+00      4.08e-06       6.89e-04       1.42e+00
`ftol` termination condition is satisfied.
Function evaluations 12, initial cost 1.5829e+02, final cost 8.4784e+00, first-order optimality 1.42e+00.
 Norm of Jacobian at the solution: 1.30966e-01

 BEGIN VMC CALCULATION
 =====================

 Running VMC equilibration (5000 moves).
 Performing time-step optimization.
 Optimized step size: 0.03734
 DTVMC: 0.00046

 Starting VMC.

 =========================================================================
 In block : 1
  Number of VMC steps           = 1000000

  Block average energies (au)

  Total energy                       (au) =        -527.389002881158
  Standard error                        +/-           0.002888714047

  Constant energy contributions      (au) =           0.000000000000

  Variance of local energy           (au) =           8.344660501152
  Standard error                        +/-           0.000000000000

 Time taken in block    : : :       185.0313

 =========================================================================
 FINAL RESULT:

  VMC energy (au)    Standard error      Correction for serial correlation

 -527.389002881158 +/- 0.002888714047      No correction
 -527.389002881158 +/- 0.008544836855      Correlation time method
 -527.389002881158 +/- 0.008756894226      On-the-fly reblocking method

 Sample variance of E_L (au^2/sim.cell) : 8.344660501152


 ==========================================
 PERFORMING OPTIMIZATION CALCULATION No. 2.
 ==========================================


 Optimization start
 ==================
   Iteration     Total nfev        Cost      Cost reduction    Step norm     Optimality
       0              1         7.1697e+00                                    1.39e+03
       1              4         7.1339e+00      3.58e-02       7.88e-02       3.82e+03
       2              5         7.1046e+00      2.93e-02       7.30e-02       9.10e+02
       3              6         7.0695e+00      3.51e-02       6.60e-02       8.51e+02
       4              7         7.0338e+00      3.57e-02       1.42e-01       1.23e+03
       5             11         7.0261e+00      7.69e-03       4.57e-02       1.81e+02
`ftol` termination condition is satisfied.
Function evaluations 11, initial cost 7.1697e+00, final cost 7.0261e+00, first-order optimality 1.81e+02.
 Norm of Jacobian at the solution: 8.93926e-01

 BEGIN VMC CALCULATION
 =====================

 Running VMC equilibration (5000 moves).
 Performing time-step optimization.
 Optimized step size: 0.03837
 DTVMC: 0.00049

 Starting VMC.

 =========================================================================
 In block : 1
  Number of VMC steps           = 1000000

  Block average energies (au)

  Total energy                       (au) =        -527.370317061036
  Standard error                        +/-           0.002844568992

  Constant energy contributions      (au) =           0.000000000000

  Variance of local energy           (au) =           8.091564657673
  Standard error                        +/-           0.000000000000

 Time taken in block    : : :       182.4619

 =========================================================================
 FINAL RESULT:

  VMC energy (au)    Standard error      Correction for serial correlation

 -527.370317061036 +/- 0.002844568992      No correction
 -527.370317061036 +/- 0.008427158658      Correlation time method
 -527.370317061036 +/- 0.008834542524      On-the-fly reblocking method

 Sample variance of E_L (au^2/sim.cell) : 8.091564657673


 =========================================================================

 Total PyCasino real time : : :    5065.9440
