
 ------------------------------------------------------------------------------
 ########::'##:::'##::'######:::::'###:::::'######::'####:'##::: ##::'#######::
 ##.... ##:. ##:'##::'##... ##:::'## ##:::'##... ##:. ##:: ###:: ##:'##.... ##:
 ##:::: ##::. ####::: ##:::..:::'##:. ##:: ##:::..::: ##:: ####: ##: ##:::: ##:
 ########::::. ##:::: ##:::::::'##:::. ##:. ######::: ##:: ## ## ##: ##:::: ##:
 ##.....:::::: ##:::: ##::::::: #########::..... ##:: ##:: ##. ####: ##:::: ##:
 ##::::::::::: ##:::: ##::: ##: ##.... ##:'##::: ##:: ##:: ##:. ###: ##:::: ##:
 ##::::::::::: ##::::. ######:: ##:::: ##:. ######::'####: ##::. ##:. #######::
 .::::::::::::..::::::......:::..:::::..:::......:::....::..::::..:::.......:::

                     Python Quantum Monte Carlo Package
                        v 0.4.0 [Vladimir Konkov]

    Main Author : Vladimir Konkov
 ------------------------------------------------------------------------------
 Started 2026/08/08 19:05:23

 Python 3.12.3 (main, Jun 19 2026, 12:46:00) [GCC 13.3.0]
 Numba 0.63.1
 Numpy 2.2.6
 Scipy 1.13.1

 Running in parallel using 4 MPI processes.

 General input parameters
 ========================
 NEU (num up spin electrons)              :  1
 NED (num down spin electrons)            :  1
 RUNTYPE (type of run)                    :  vmc_opt
 PSI_S  (form for [anti]symmetrizing wfn) :  slater
 ATOM_BASIS_TYPE (atom-centred orb basis) :  slater-type
 INTERACTION (interaction type)           :  coulomb
 TESTRUN (read input data,print and stop) :  F
 PERIODIC                                 :  F
 COMPLEX_WF (complex Slater wave fn.)     :  F
 NEIGHPRINT (neighbour analysis)          :  0
 USE_JASTROW (use Jastrow factor)         :  T
 BACKFLOW (use backflow corrections)      :  F
 USE_ORBMODS (use orbitals modifications) :  F
 CUSP_CORRECTION                          :  F
 NON_LOCAL_GRID (NL integration grid)     :  4
 E_OFFSET (energy offset)                 :  0.0000
 GAUTOL  (Gaussian evaluation tolerance)  :  7.0
 SPARSE                                   :  F
 DIPOLE_MOMENT                            :  F
 RELATIVISTIC                             :  F

 VMC/optimization input parameters
 ====================
 NEWRUN (start new run)                   :  T
 VMC_METHOD (choice of VMC algorithm)     :  3
 DTVMC (VMC time step)                    :  0.02
 OPT_DTVMC (VMC time-step optimization)   :  T
 VMC_NSTEP (num VMC steps)                :  1000000
 VMC_NCONFIG_WRITE (num configs to write) :  1000000
 VMC_NBLOCK (num VMC blocks)              :  1
 VMC_EQUIL_NSTEP (num equil steps)        :  5000
 VMC_DECORR_PERIOD (length of inner loop) :  10
 VMC_AVE_PERIOD (hist reduction factor)   :  1
 VMC_SAMPLING                             :  standard
 OPT_CYCLES (num optimization cycles)     :  2
 POSTFIT_VMC (perform post-fit VMC calc)  :  T
 POSTFIT_KEEP_CFG (keep post-fit VMC cfgs):  F
 OPT_NOCTF_CYCLES (fixed cutoff cycles)   :  0
 OPT_INFO (information level)             :  2
 OPT_JASTROW (opt Jastrow factor)         :  T
 OPT_DET_COEFF (opt det coeffs)           :  F
 OPT_ORBITALS (opt orbitals)              :  F
 OPT_BACKFLOW (opt backflow params)       :  F
 OPT_FIXNL (fix nonlocal energy)          :  T
 OPT_MAXITER (max num iterations)         :  10
 OPT_MAXEVAL (max num evaluations)        :  200
 VM_SMOOTH_LIMITS (smooth limiting)       :  F
 VM_REWEIGHT (reweighting)                :  F
 VM_FILTER (filter outlying configs)      :  F
 VM_USE_E_GUESS (use guess energy)        :  F
 EMIN_XI_VALUE (xi parameter)             :  1.0
 MAKEMOVIE                                :  F
 FORCES                                   :  F

 BEGIN VMC CALCULATION
 =====================

 Running VMC equilibration (5000 moves).
 Performing time-step optimization.
 Optimized step size: 0.52085
 DTVMC: 0.09043

 Starting VMC.

 =========================================================================
 In block : 1
  Number of VMC steps           = 1000000

  Block average energies (au)

  Total energy                       (au) =          -2.863460823469
  Standard error                        +/-           0.000726452921

  Constant energy contributions      (au) =           0.000000000000

  Variance of local energy           (au) =           0.527733318318
  Standard error                        +/-           0.000000000000

 Time taken in block    : : :       18.8874

 =========================================================================
 FINAL RESULT:

  VMC energy (au)    Standard error      Correction for serial correlation

 -2.863460823469 +/- 0.000726452921      No correction
 -2.863460823469 +/- 0.000916726907      Correlation time method
 -2.863460823469 +/- 0.000834819173      On-the-fly reblocking method

 Sample variance of E_L (au^2/sim.cell) : 0.527733318318


 ==========================================
 PERFORMING OPTIMIZATION CALCULATION No. 1.
 ==========================================


 Optimization start
 ==================
   Iteration     Total nfev        Cost      Cost reduction    Step norm     Optimality
       0              1         7.2764e-02                                    9.77e+04
       1              2         5.7499e-02      1.53e-02       3.38e-03       7.02e+04
       2              3         8.3993e-03      4.91e-02       7.91e-04       1.24e+04
       3              4         1.4622e-03      6.94e-03       2.86e-04       2.19e+03
       4              5         5.0679e-04      9.55e-04       3.44e-03       4.83e+01
       5              6         2.2804e-04      2.79e-04       8.31e-03       7.36e+01
       6              7         1.8439e-04      4.37e-05       8.00e-04       7.47e+00
       7              8         1.8439e-04      1.27e-09       1.40e-05       3.21e-02
`ftol` termination condition is satisfied.
Function evaluations 8, initial cost 7.2764e-02, final cost 1.8439e-04, first-order optimality 3.21e-02.
 Norm of Jacobian at the solution: 4.51403e-02

 BEGIN VMC CALCULATION
 =====================

 Running VMC equilibration (5000 moves).
 Performing time-step optimization.
 Optimized step size: 0.49420
 DTVMC: 0.08141

 Starting VMC.

 =========================================================================
 In block : 1
  Number of VMC steps           = 1000000

  Block average energies (au)

  Total energy                       (au) =          -2.903717283238
  Standard error                        +/-           0.000009868754

  Constant energy contributions      (au) =           0.000000000000

  Variance of local energy           (au) =           0.000097392213
  Standard error                        +/-           0.000000000000

 Time taken in block    : : :       20.8430

 =========================================================================
 FINAL RESULT:

  VMC energy (au)    Standard error      Correction for serial correlation

 -2.903717283238 +/- 0.000009868754      No correction
 -2.903717283238 +/- 0.000011584720      Correlation time method
 -2.903717283238 +/- 0.000010767655      On-the-fly reblocking method

 Sample variance of E_L (au^2/sim.cell) : 0.000097392213


 ==========================================
 PERFORMING OPTIMIZATION CALCULATION No. 2.
 ==========================================


 Optimization start
 ==================
   Iteration     Total nfev        Cost      Cost reduction    Step norm     Optimality
       0              1         6.2993e-05                                    8.96e+01
       1              4         5.5214e-05      7.78e-06       2.22e-01       6.54e+02
       2              5         5.0347e-05      4.87e-06       9.83e-02       9.64e+01
       3              6         4.9622e-05      7.25e-07       6.48e-02       7.46e+01
       4              7         4.8708e-05      9.15e-07       3.13e-02       4.51e+01
       5              8         4.8209e-05      4.99e-07       3.08e-02       4.08e+01
       6              9         4.7888e-05      3.21e-07       6.25e-02       1.21e+02
       7             11         4.7771e-05      1.17e-07       3.17e-02       1.90e+01
       8             13         4.7756e-05      1.52e-08       2.49e-02       7.76e+00
`ftol` termination condition is satisfied.
Function evaluations 13, initial cost 6.2993e-05, final cost 4.7756e-05, first-order optimality 7.76e+00.
 Norm of Jacobian at the solution: 5.22114e+00

 BEGIN VMC CALCULATION
 =====================

 Running VMC equilibration (5000 moves).
 Performing time-step optimization.
 Optimized step size: 0.50668
 DTVMC: 0.08558

 Starting VMC.

 =========================================================================
 In block : 1
  Number of VMC steps           = 1000000

  Block average energies (au)

  Total energy                       (au) =          -2.903721909268
  Standard error                        +/-           0.000010797871

  Constant energy contributions      (au) =           0.000000000000

  Variance of local energy           (au) =           0.000116593908
  Standard error                        +/-           0.000000000000

 Time taken in block    : : :       18.5092

 =========================================================================
 FINAL RESULT:

  VMC energy (au)    Standard error      Correction for serial correlation

 -2.903721909268 +/- 0.000010797871      No correction
 -2.903721909268 +/- 0.000013709862      Correlation time method
 -2.903721909268 +/- 0.000012323036      On-the-fly reblocking method

 Sample variance of E_L (au^2/sim.cell) : 0.000116593908


 =========================================================================

 Total PyCasino real time : : :    514.8102
