
 ------------------------------------------------------------------------------
 ########::'##:::'##::'######:::::'###:::::'######::'####:'##::: ##::'#######::
 ##.... ##:. ##:'##::'##... ##:::'## ##:::'##... ##:. ##:: ###:: ##:'##.... ##:
 ##:::: ##::. ####::: ##:::..:::'##:. ##:: ##:::..::: ##:: ####: ##: ##:::: ##:
 ########::::. ##:::: ##:::::::'##:::. ##:. ######::: ##:: ## ## ##: ##:::: ##:
 ##.....:::::: ##:::: ##::::::: #########::..... ##:: ##:: ##. ####: ##:::: ##:
 ##::::::::::: ##:::: ##::: ##: ##.... ##:'##::: ##:: ##:: ##:. ###: ##:::: ##:
 ##::::::::::: ##::::. ######:: ##:::: ##:. ######::'####: ##::. ##:. #######::
 .::::::::::::..::::::......:::..:::::..:::......:::....::..::::..:::.......:::

                     Python Quantum Monte Carlo Package
                        v 0.4.0 [Vladimir Konkov]

    Main Author : Vladimir Konkov
 ------------------------------------------------------------------------------
 Started 2026/07/26 20:57:36

 Python 3.12.3 (main, Jun 19 2026, 12:46:00) [GCC 13.3.0]
 Numba 0.63.1
 Numpy 2.2.6
 Scipy 1.13.1

 Running in parallel using 4 MPI processes.

 General input parameters
 ========================
 NEU (num up spin electrons)              :  1
 NED (num down spin electrons)            :  1
 RUNTYPE (type of run)                    :  vmc_opt
 PSI_S  (form for [anti]symmetrizing wfn) :  slater
 ATOM_BASIS_TYPE (atom-centred orb basis) :  slater-type
 INTERACTION (interaction type)           :  coulomb
 TESTRUN (read input data,print and stop) :  F
 PERIODIC                                 :  F
 COMPLEX_WF (complex Slater wave fn.)     :  F
 NEIGHPRINT (neighbour analysis)          :  0
 USE_JASTROW (use Jastrow factor)         :  T
 BACKFLOW (use backflow corrections)      :  T
 USE_ORBMODS (use orbitals modifications) :  F
 CUSP_CORRECTION                          :  F
 NON_LOCAL_GRID (NL integration grid)     :  4
 E_OFFSET (energy offset)                 :  0.0000
 GAUTOL  (Gaussian evaluation tolerance)  :  7.0
 SPARSE                                   :  F
 DIPOLE_MOMENT                            :  F
 RELATIVISTIC                             :  F

 VMC/optimization input parameters
 ====================
 NEWRUN (start new run)                   :  T
 VMC_METHOD (choice of VMC algorithm)     :  3
 DTVMC (VMC time step)                    :  0.02
 OPT_DTVMC (VMC time-step optimization)   :  T
 VMC_NSTEP (num VMC steps)                :  100000
 VMC_NCONFIG_WRITE (num configs to write) :  100000
 VMC_NBLOCK (num VMC blocks)              :  1
 VMC_EQUIL_NSTEP (num equil steps)        :  5000
 VMC_DECORR_PERIOD (length of inner loop) :  10
 VMC_AVE_PERIOD (hist reduction factor)   :  1
 VMC_SAMPLING                             :  standard
 OPT_CYCLES (num optimization cycles)     :  4
 POSTFIT_VMC (perform post-fit VMC calc)  :  T
 POSTFIT_KEEP_CFG (keep post-fit VMC cfgs):  F
 OPT_NOCTF_CYCLES (fixed cutoff cycles)   :  0
 OPT_INFO (information level)             :  2
 OPT_JASTROW (opt Jastrow factor)         :  T
 OPT_DET_COEFF (opt det coeffs)           :  F
 OPT_ORBITALS (opt orbitals)              :  F
 OPT_BACKFLOW (opt backflow params)       :  T
 OPT_FIXNL (fix nonlocal energy)          :  F
 OPT_MAXITER (max num iterations)         :  10
 OPT_MAXEVAL (max num evaluations)        :  200
 VM_SMOOTH_LIMITS (smooth limiting)       :  F
 VM_REWEIGHT (reweighting)                :  F
 VM_FILTER (filter outlying configs)      :  F
 VM_USE_E_GUESS (use guess energy)        :  F
 EMIN_XI_VALUE (xi parameter)             :  1.0
 MAKEMOVIE                                :  F
 FORCES                                   :  F

 BEGIN VMC CALCULATION
 =====================

 Running VMC equilibration (5000 moves).
 Performing time-step optimization.
 Optimized step size: 0.51199
 DTVMC: 0.08738

 Starting VMC.

 =========================================================================
 In block : 1
  Number of VMC steps           = 100000

  Block average energies (au)

  Total energy                       (au) =          -2.857579294180
  Standard error                        +/-           0.002235819250

  Constant energy contributions      (au) =           0.000000000000

  Variance of local energy           (au) =           0.499883772925
  Standard error                        +/-           0.000000000000

 Time taken in block    : : :       4.2565

 =========================================================================
 FINAL RESULT:

  VMC energy (au)    Standard error      Correction for serial correlation

 -2.857579294180 +/- 0.002235819250      No correction
 -2.857579294180 +/- 0.002806480233      Correlation time method
 -2.857579294180 +/- 0.002521497888      On-the-fly reblocking method

 Sample variance of E_L (au^2/sim.cell) : 0.499883772925


 ==========================================
 PERFORMING OPTIMIZATION CALCULATION No. 1.
 ==========================================


 Optimization start
 ==================
   Iteration     Total nfev        Cost      Cost reduction    Step norm     Optimality
       0              1         1.0908e-01                                    1.83e+04
       1              2         9.7955e-04      1.08e-01       1.25e-01       9.73e+02
       2              3         8.6112e-05      8.93e-04       3.18e-01       9.05e+01
       3              6         7.0158e-05      1.60e-05       4.83e-02       7.07e+01
       4              7         6.1890e-05      8.27e-06       9.52e-02       2.74e+01
       5              8         5.9959e-05      1.93e-06       1.93e-01       1.13e+02
       6              9         5.2008e-05      7.95e-06       5.30e-02       8.20e-01
       7             10         5.0298e-05      1.71e-06       9.23e-02       1.77e+00
       8             11         4.8148e-05      2.15e-06       1.48e-01       5.78e+00
       9             12         4.5931e-05      2.22e-06       2.71e-01       1.56e+01
      10             15         4.5415e-05      5.15e-07       4.76e-02       4.65e+00
      11             16         4.5050e-05      3.65e-07       1.04e-01       1.20e+01
      12             17         4.4138e-05      9.12e-07       1.11e-01       1.46e+01
      13             18         4.3435e-05      7.03e-07       2.29e-01       2.95e+01
      14             19         4.0952e-05      2.48e-06       2.34e-01       1.15e+01
      15             20         3.9311e-05      1.64e-06       4.53e-01       1.25e+01
      16             22         3.8078e-05      1.23e-06       2.00e-01       6.56e+00
      17             23         3.7174e-05      9.04e-07       3.33e-01       5.13e+00
      18             24         3.6691e-05      4.83e-07       5.22e-01       1.02e+01
      19             25         3.5072e-05      1.62e-06       4.84e-01       2.78e+00
      20             27         3.4642e-05      4.30e-07       2.44e-01       6.74e+00
      21             29         3.4489e-05      1.53e-07       1.30e-01       3.32e+00
`ftol` termination condition is satisfied.
Function evaluations 29, initial cost 1.0908e-01, final cost 3.4489e-05, first-order optimality 3.32e+00.
 Norm of Jacobian at the solution: 1.83735e-13

 BEGIN VMC CALCULATION
 =====================

 Running VMC equilibration (5000 moves).
 Performing time-step optimization.
 Optimized step size: 0.49585
 DTVMC: 0.08196

 Starting VMC.

 =========================================================================
 In block : 1
  Number of VMC steps           = 100000

  Block average energies (au)

  Total energy                       (au) =          -2.903707519786
  Standard error                        +/-           0.000014540116

  Constant energy contributions      (au) =           0.000000000000

  Variance of local energy           (au) =           0.000021141285
  Standard error                        +/-           0.000000000000

 Time taken in block    : : :       3.4216

 =========================================================================
 FINAL RESULT:

  VMC energy (au)    Standard error      Correction for serial correlation

 -2.903707519786 +/- 0.000014540116      No correction
 -2.903707519786 +/- 0.000018238606      Correlation time method
 -2.903707519786 +/- 0.000016444660      On-the-fly reblocking method

 Sample variance of E_L (au^2/sim.cell) : 0.000021141285


 ==========================================
 PERFORMING OPTIMIZATION CALCULATION No. 2.
 ==========================================


 Optimization start
 ==================
 E_0 -2.90369591 minimal allowed energy -2.92214638
 Trust radius Q < 0.01 reached at level shift 1.00e-08
 level shift        inf  E_corr -2.90369591  penalty 0.00004376  target -2.90365215
 level shift 1.00e-08  E_lin -2.90369802  Q 7.2531e-07  max |delta p| 9.1941e-01
                       E_corr -2.33457256  penalty 0.07311426  target -2.26145830
 level shift 1.00e-07  E_lin -2.90369794  Q 7.0017e-07  max |delta p| 6.4127e-01
                       E_corr -2.88507201  penalty 0.00247225  target -2.88259976
 level shift 1.00e-06  E_lin -2.90369784  Q 6.8894e-07  max |delta p| 3.4789e-01
                       E_corr -2.90349732  penalty 0.00029939  target -2.90319794
 Chosen level shift inf, target -2.90365215
 delta p / p
[ 0.  0.  0. -0.  0. -0.  0. -0.  0.  0. -0. -0.  0.  0. -0.  0.  0. -0.
  0. -0. -0.  0.  0. -0.  0.  0.  0. -0.  0.  0. -0.  0.  0. -0. -0.  0.
  0. -0.  0.  0. -0. -0.  0. -0. -0.  0. -0.  0. -0. -0.  0. -0. -0.  0.
 -0.  0.  0. -0. -0.  0. -0. -0. -0.  0. -0.  0.  0. -0.  0.  0.  0. -0.
  0. -0.  0.  0. -0.  0.  0. -0. -0.  0. -0. -0. -0. -0.  0.  0. -0.  0.
  0. -0. -0.  0. -0. -0. -0.  0.  0.  0. -0. -0.  0.  0.  0. -0. -0. -0.
 -0. -0. -0. -0. -0. -0.  0.  0.  0.  0. -0.  0.  0. -0.  0.  0. -0. -0.]

 BEGIN VMC CALCULATION
 =====================

 Running VMC equilibration (5000 moves).
 Performing time-step optimization.
 Optimized step size: 0.50856
 DTVMC: 0.08621

 Starting VMC.

 =========================================================================
 In block : 1
  Number of VMC steps           = 100000

  Block average energies (au)

  Total energy                       (au) =          -2.903720187806
  Standard error                        +/-           0.000015343075

  Constant energy contributions      (au) =           0.000000000000

  Variance of local energy           (au) =           0.000023540759
  Standard error                        +/-           0.000000000000

 Time taken in block    : : :       3.3653

 =========================================================================
 FINAL RESULT:

  VMC energy (au)    Standard error      Correction for serial correlation

 -2.903720187806 +/- 0.000015343075      No correction
 -2.903720187806 +/- 0.000020218527      Correlation time method
 -2.903720187806 +/- 0.000018178205      On-the-fly reblocking method

 Sample variance of E_L (au^2/sim.cell) : 0.000023540759


 ==========================================
 PERFORMING OPTIMIZATION CALCULATION No. 3.
 ==========================================


 Optimization start
 ==================
 E_0 -2.90371448 minimal allowed energy -2.92239533
 Trust radius Q < 0.01 reached at level shift 1.00e-08
 level shift        inf  E_corr -2.90371448  penalty 0.00004431  target -2.90367018
 level shift 1.00e-08  E_lin -2.90371650  Q 8.4503e-07  max |delta p| 7.3765e-01
                       E_corr -2.72311678  penalty 0.00893832  target -2.71417846
 level shift 1.00e-07  E_lin -2.90371637  Q 7.5950e-07  max |delta p| 2.9864e-01
                       E_corr -2.89910054  penalty 0.00110274  target -2.89799781
 level shift 1.00e-06  E_lin -2.90371625  Q 7.0070e-07  max |delta p| 2.6307e-01
                       E_corr -2.90366152  penalty 0.00014969  target -2.90351183
 Chosen level shift inf, target -2.90367018
 delta p / p
[ 0.  0.  0. -0.  0. -0.  0. -0.  0.  0. -0. -0.  0.  0. -0.  0.  0. -0.
  0. -0. -0.  0.  0. -0.  0.  0.  0. -0.  0.  0. -0.  0.  0. -0. -0.  0.
  0. -0.  0.  0. -0. -0.  0. -0. -0.  0. -0.  0. -0. -0.  0. -0. -0.  0.
 -0.  0.  0. -0. -0.  0. -0. -0. -0.  0. -0.  0.  0. -0.  0.  0.  0. -0.
  0. -0.  0.  0. -0.  0.  0. -0. -0.  0. -0. -0. -0. -0.  0.  0. -0.  0.
  0. -0. -0.  0. -0. -0. -0.  0.  0.  0. -0. -0.  0.  0.  0. -0. -0. -0.
 -0. -0. -0. -0. -0. -0.  0.  0.  0.  0. -0.  0.  0. -0.  0.  0. -0. -0.]

 BEGIN VMC CALCULATION
 =====================

 Running VMC equilibration (5000 moves).
 Performing time-step optimization.
 Optimized step size: 0.50866
 DTVMC: 0.08625

 Starting VMC.

 =========================================================================
 In block : 1
  Number of VMC steps           = 100000

  Block average energies (au)

  Total energy                       (au) =          -2.903724519561
  Standard error                        +/-           0.000015374207

  Constant energy contributions      (au) =           0.000000000000

  Variance of local energy           (au) =           0.000023636387
  Standard error                        +/-           0.000000000000

 Time taken in block    : : :       3.4114

 =========================================================================
 FINAL RESULT:

  VMC energy (au)    Standard error      Correction for serial correlation

 -2.903724519561 +/- 0.000015374207      No correction
 -2.903724519561 +/- 0.000020962313      Correlation time method
 -2.903724519561 +/- 0.000018321770      On-the-fly reblocking method

 Sample variance of E_L (au^2/sim.cell) : 0.000023636387


 ==========================================
 PERFORMING OPTIMIZATION CALCULATION No. 4.
 ==========================================


 Optimization start
 ==================
 E_0 -2.90372787 minimal allowed energy -2.92196635
 Trust radius Q < 0.01 reached at level shift 1.00e-08
 level shift        inf  E_corr -2.90372787  penalty 0.00004326  target -2.90368462
 level shift 1.00e-08  E_lin -2.90372963  Q 6.6877e-07  max |delta p| 8.9224e-01
                       E_corr -2.28934584  penalty 0.06859931  target -2.22074653
 level shift 1.00e-07  E_lin -2.90372950  Q 5.9780e-07  max |delta p| 2.4502e-01
                       E_corr -2.88227582  penalty 0.00262600  target -2.87964982
 level shift 1.00e-06  E_lin -2.90372934  Q 5.3875e-07  max |delta p| 1.4990e-01
                       E_corr -2.90350277  penalty 0.00030218  target -2.90320059
 Chosen level shift inf, target -2.90368462
 delta p / p
[ 0.  0.  0. -0.  0. -0.  0. -0.  0.  0. -0. -0.  0.  0. -0.  0.  0. -0.
  0. -0. -0.  0.  0. -0.  0.  0.  0. -0.  0.  0. -0.  0.  0. -0. -0.  0.
  0. -0.  0.  0. -0. -0.  0. -0. -0.  0. -0.  0. -0. -0.  0. -0. -0.  0.
 -0.  0.  0. -0. -0.  0. -0. -0. -0.  0. -0.  0.  0. -0.  0.  0.  0. -0.
  0. -0.  0.  0. -0.  0.  0. -0. -0.  0. -0. -0. -0. -0.  0.  0. -0.  0.
  0. -0. -0.  0. -0. -0. -0.  0.  0.  0. -0. -0.  0.  0.  0. -0. -0. -0.
 -0. -0. -0. -0. -0. -0.  0.  0.  0.  0. -0.  0.  0. -0.  0.  0. -0. -0.]

 BEGIN VMC CALCULATION
 =====================

 Running VMC equilibration (5000 moves).
 Performing time-step optimization.
 Optimized step size: 0.50634
 DTVMC: 0.08546

 Starting VMC.

 =========================================================================
 In block : 1
  Number of VMC steps           = 100000

  Block average energies (au)

  Total energy                       (au) =          -2.903723939672
  Standard error                        +/-           0.000014662768

  Constant energy contributions      (au) =           0.000000000000

  Variance of local energy           (au) =           0.000021499462
  Standard error                        +/-           0.000000000000

 Time taken in block    : : :       3.3871

 =========================================================================
 FINAL RESULT:

  VMC energy (au)    Standard error      Correction for serial correlation

 -2.903723939672 +/- 0.000014662768      No correction
 -2.903723939672 +/- 0.000017823695      Correlation time method
 -2.903723939672 +/- 0.000016321392      On-the-fly reblocking method

 Sample variance of E_L (au^2/sim.cell) : 0.000021499462


 =========================================================================

 Total PyCasino real time : : :    324.1342
