
 ------------------------------------------------------------------------------
 ########::'##:::'##::'######:::::'###:::::'######::'####:'##::: ##::'#######::
 ##.... ##:. ##:'##::'##... ##:::'## ##:::'##... ##:. ##:: ###:: ##:'##.... ##:
 ##:::: ##::. ####::: ##:::..:::'##:. ##:: ##:::..::: ##:: ####: ##: ##:::: ##:
 ########::::. ##:::: ##:::::::'##:::. ##:. ######::: ##:: ## ## ##: ##:::: ##:
 ##.....:::::: ##:::: ##::::::: #########::..... ##:: ##:: ##. ####: ##:::: ##:
 ##::::::::::: ##:::: ##::: ##: ##.... ##:'##::: ##:: ##:: ##:. ###: ##:::: ##:
 ##::::::::::: ##::::. ######:: ##:::: ##:. ######::'####: ##::. ##:. #######::
 .::::::::::::..::::::......:::..:::::..:::......:::....::..::::..:::.......:::

                     Python Quantum Monte Carlo Package
                        v 0.4.0 [Vladimir Konkov]

    Main Author : Vladimir Konkov
 ------------------------------------------------------------------------------
 Started 2026/08/18 11:01:27

 Python 3.12.3 (main, Jun 19 2026, 12:46:00) [GCC 13.3.0]
 Numba 0.63.1
 Numpy 2.2.6
 Scipy 1.13.1

 Running in parallel using 4 MPI processes.

 General input parameters
 ========================
 NEU (num up spin electrons)              :  18
 NED (num down spin electrons)            :  18
 RUNTYPE (type of run)                    :  vmc
 PSI_S  (form for [anti]symmetrizing wfn) :  slater
 ATOM_BASIS_TYPE (atom-centred orb basis) :  slater-type
 INTERACTION (interaction type)           :  coulomb
 TESTRUN (read input data,print and stop) :  F
 PERIODIC                                 :  F
 COMPLEX_WF (complex Slater wave fn.)     :  F
 NEIGHPRINT (neighbour analysis)          :  0
 USE_JASTROW (use Jastrow factor)         :  F
 BACKFLOW (use backflow corrections)      :  F
 USE_ORBMODS (use orbitals modifications) :  F
 CUSP_CORRECTION                          :  F
 NON_LOCAL_GRID (NL integration grid)     :  4
 E_OFFSET (energy offset)                 :  0.0000
 GAUTOL  (Gaussian evaluation tolerance)  :  7.0
 SPARSE                                   :  F
 DIPOLE_MOMENT                            :  F
 RELATIVISTIC                             :  F

 VMC input parameters
 ====================
 NEWRUN (start new run)                   :  T
 VMC_METHOD (choice of VMC algorithm)     :  4
 DTVMC (VMC time step)                    :  0.02
 OPT_DTVMC (VMC time-step optimization)   :  T
 VMC_NSTEP (num VMC steps)                :  100000000
 VMC_NCONFIG_WRITE (num configs to write) :  0
 VMC_NBLOCK (num VMC blocks)              :  10
 VMC_EQUIL_NSTEP (num equil steps)        :  5000
 VMC_DECORR_PERIOD (length of inner loop) :  4
 VMC_AVE_PERIOD (hist reduction factor)   :  1
 VMC_SAMPLING                             :  standard
 MAKEMOVIE                                :  F
 FORCES                                   :  F

 ====================================
 PERFORMING A SINGLE VMC CALCULATION.
 ====================================


 BEGIN VMC CALCULATION
 =====================

 Running VMC equilibration (5000 moves).
 Performing time-step optimization.
 DTVMC: 1.99220e+00

 Starting VMC.

 =========================================================================
 In block : 1

 Acceptance ratio         (%)  =  50.0668
 Correlation time     (steps)  = 1.5743E+00 +- 2.3352E-03
 Efficiency      (au^-2 s^-1)  = 4.6059E+00
 Number of VMC steps           = 10000000

  Block average energies (au)

  Total energy                       (au) =       -2752.052545446896
  Standard error                        +/-           0.008597386331

  Constant energy contributions      (au) =           0.000000000000

  Variance of local energy           (au) =         739.150443252176
  Standard error                        +/-           0.000000000000

 Time taken in block    : : :       1865.8379

 =========================================================================
 In block : 2

 Acceptance ratio         (%)  =  50.0707
 Correlation time     (steps)  = 1.5852E+00 +- 2.3518E-03
 Efficiency      (au^-2 s^-1)  = 5.1634E+00
 Number of VMC steps           = 10000000

  Block average energies (au)

  Total energy                       (au) =       -2752.045353447828
  Standard error                        +/-           0.008560812344

  Constant energy contributions      (au) =           0.000000000000

  Variance of local energy           (au) =         732.875006582588
  Standard error                        +/-           0.000000000000

 Time taken in block    : : :       1667.0469

 =========================================================================
 In block : 3

 Acceptance ratio         (%)  =  50.0680
 Correlation time     (steps)  = 1.5646E+00 +- 2.3209E-03
 Efficiency      (au^-2 s^-1)  = 5.1977E+00
 Number of VMC steps           = 10000000

  Block average energies (au)

  Total energy                       (au) =       -2752.061809482206
  Standard error                        +/-           0.008534533468

  Constant energy contributions      (au) =           0.000000000000

  Variance of local energy           (au) =         728.382542378269
  Standard error                        +/-           0.000000000000

 Time taken in block    : : :       1688.1508

 =========================================================================
 In block : 4

 Acceptance ratio         (%)  =  50.0693
 Correlation time     (steps)  = 1.5917E+00 +- 2.3611E-03
 Efficiency      (au^-2 s^-1)  = 4.8894E+00
 Number of VMC steps           = 10000000

  Block average energies (au)

  Total energy                       (au) =       -2752.048492813960
  Standard error                        +/-           0.008582543583

  Constant energy contributions      (au) =           0.000000000000

  Variance of local energy           (au) =         736.600469811819
  Standard error                        +/-           0.000000000000

 Time taken in block    : : :       1744.4589

 =========================================================================
 In block : 5

 Acceptance ratio         (%)  =  50.0661
 Correlation time     (steps)  = 1.5772E+00 +- 2.3401E-03
 Efficiency      (au^-2 s^-1)  = 4.5852E+00
 Number of VMC steps           = 10000000

  Block average energies (au)

  Total energy                       (au) =       -2752.067136862925
  Standard error                        +/-           0.008618339140

  Constant energy contributions      (au) =           0.000000000000

  Variance of local energy           (au) =         742.757621113211
  Standard error                        +/-           0.000000000000

 Time taken in block    : : :       1861.6879

 =========================================================================
 In block : 6

 Acceptance ratio         (%)  =  50.0677
 Correlation time     (steps)  = 1.5941E+00 +- 2.3651E-03
 Efficiency      (au^-2 s^-1)  = 4.8043E+00
 Number of VMC steps           = 10000000

  Block average energies (au)

  Total energy                       (au) =       -2752.072136864369
  Standard error                        +/-           0.008604218679

  Constant energy contributions      (au) =           0.000000000000

  Variance of local energy           (au) =         740.325716789812
  Standard error                        +/-           0.000000000000

 Time taken in block    : : :       1763.7605

 =========================================================================
 In block : 7

 Acceptance ratio         (%)  =  50.0711
 Correlation time     (steps)  = 1.5684E+00 +- 2.3266E-03
 Efficiency      (au^-2 s^-1)  = 4.9582E+00
 Number of VMC steps           = 10000000

  Block average energies (au)

  Total energy                       (au) =       -2752.061088883123
  Standard error                        +/-           0.008599003211

  Constant energy contributions      (au) =           0.000000000000

  Variance of local energy           (au) =         739.428488296457
  Standard error                        +/-           0.000000000000

 Time taken in block    : : :       1739.0920

 =========================================================================
 In block : 8

 Acceptance ratio         (%)  =  50.0681
 Correlation time     (steps)  = 1.5764E+00 +- 2.3393E-03
 Efficiency      (au^-2 s^-1)  = 4.4776E+00
 Number of VMC steps           = 10000000

  Block average energies (au)

  Total energy                       (au) =       -2752.065117739540
  Standard error                        +/-           0.008713325129

  Constant energy contributions      (au) =           0.000000000000

  Variance of local energy           (au) =         759.220272196457
  Standard error                        +/-           0.000000000000

 Time taken in block    : : :       1866.0410

 =========================================================================
 In block : 9

 Acceptance ratio         (%)  =  50.0669
 Correlation time     (steps)  = 1.5754E+00 +- 2.3367E-03
 Efficiency      (au^-2 s^-1)  = 4.6354E+00
 Number of VMC steps           = 10000000

  Block average energies (au)

  Total energy                       (au) =       -2752.061490907266
  Standard error                        +/-           0.008565882567

  Constant energy contributions      (au) =           0.000000000000

  Variance of local energy           (au) =         733.743368063122
  Standard error                        +/-           0.000000000000

 Time taken in block    : : :       1866.3500

 =========================================================================
 In block : 10

 Acceptance ratio         (%)  =  50.0670
 Correlation time     (steps)  = 1.6459E+00 +- 2.5222E-03
 Efficiency      (au^-2 s^-1)  = 4.6314E+00
 Number of VMC steps           = 10000000

  Block average energies (au)

  Total energy                       (au) =       -2752.056214135985
  Standard error                        +/-           0.008606623479

  Constant energy contributions      (au) =           0.000000000000

  Variance of local energy           (au) =         740.739602966234
  Standard error                        +/-           0.000000000000

 Time taken in block    : : :       1771.0626

 =========================================================================
 FINAL RESULT:

  VMC energy (au)    Standard error      Correction for serial correlation

 -2752.059138658409 +/- 0.002719048408      No correction
 -2752.059138658409 +/- 0.003423530249      Correlation time method
 -2752.059138658409 +/- 0.003446395659      On-the-fly reblocking method

 Sample variance of E_L (au^2/sim.cell) : 739.322417200543


 =========================================================================

 Total PyCasino real time : : :    17839.1568
