
 ------------------------------------------------------------------------------
 ########::'##:::'##::'######:::::'###:::::'######::'####:'##::: ##::'#######::
 ##.... ##:. ##:'##::'##... ##:::'## ##:::'##... ##:. ##:: ###:: ##:'##.... ##:
 ##:::: ##::. ####::: ##:::..:::'##:. ##:: ##:::..::: ##:: ####: ##: ##:::: ##:
 ########::::. ##:::: ##:::::::'##:::. ##:. ######::: ##:: ## ## ##: ##:::: ##:
 ##.....:::::: ##:::: ##::::::: #########::..... ##:: ##:: ##. ####: ##:::: ##:
 ##::::::::::: ##:::: ##::: ##: ##.... ##:'##::: ##:: ##:: ##:. ###: ##:::: ##:
 ##::::::::::: ##::::. ######:: ##:::: ##:. ######::'####: ##::. ##:. #######::
 .::::::::::::..::::::......:::..:::::..:::......:::....::..::::..:::.......:::

                     Python Quantum Monte Carlo Package
                        v 0.4.0 [Vladimir Konkov]

    Main Author : Vladimir Konkov
 ------------------------------------------------------------------------------
 Started 2026/09/27 17:41:40

 Python 3.12.3 (main, Aug 31 2026, 10:18:26) [GCC 13.3.0]
 Numba 0.67.0
 Numpy 2.2.6
 Scipy 1.13.1

 Sequential run: not using MPI.

 Using 8 OpenMP threads on default threading layer.

 Warning: keywords not read by pycasino: newrun periodic

 General input parameters
 ========================
 NEU (num up spin electrons)              :  1
 NED (num down spin electrons)            :  1
 RUNTYPE (type of run)                    :  vmc_opt
 PSI_S  (form for [anti]symmetrizing wfn) :  slater
 ATOM_BASIS_TYPE (atom-centred orb basis) :  slater-type
 INTERACTION (interaction type)           :  coulomb
 TESTRUN (read input data,print and stop) :  F
 PERIODIC                                 :  F
 COMPLEX_WF (complex Slater wave fn.)     :  F
 NEIGHPRINT (neighbour analysis)          :  0
 USE_JASTROW (use Jastrow factor)         :  T
 BACKFLOW (use backflow corrections)      :  F
 USE_ORBMODS (use orbitals modifications) :  F
 CUSP_CORRECTION                          :  F
 NON_LOCAL_GRID (NL integration grid)     :  4
 E_OFFSET (energy offset)                 :  0.0000
 GAUTOL  (Gaussian evaluation tolerance)  :  7.0
 SPARSE                                   :  F
 DIPOLE_MOMENT                            :  F
 RELATIVISTIC                             :  F

 VMC/optimization input parameters
 ====================
 NEWRUN (start new run)                   :  T
 VMC_METHOD (choice of VMC algorithm)     :  3
 DTVMC (VMC time step)                    :  0.02
 OPT_DTVMC (VMC time-step optimization)   :  1
 VMC_NSTEP (num VMC steps)                :  1000000
 VMC_NCONFIG_WRITE (num configs to write) :  1000000
 VMC_NBLOCK (num VMC blocks)              :  1
 VMC_EQUIL_NSTEP (num equil steps)        :  5000
 VMC_DECORR_PERIOD (length of inner loop) :  10
 VMC_AVE_PERIOD (hist reduction factor)   :  1
 VMC_SAMPLING                             :  standard
 OPT_CYCLES (num optimization cycles)     :  4
 POSTFIT_VMC (perform post-fit VMC calc)  :  T
 POSTFIT_KEEP_CFG (keep post-fit VMC cfgs):  F
 OPT_NOCTF_CYCLES (fixed cutoff cycles)   :  0
 OPT_INFO (information level)             :  2
 OPT_JASTROW (opt Jastrow factor)         :  T
 OPT_DET_COEFF (opt det coeffs)           :  F
 OPT_ORBITALS (opt orbitals)              :  F
 OPT_BACKFLOW (opt backflow params)       :  F
 OPT_FIXNL (fix nonlocal energy)          :  F
 OPT_MAXITER (max num iterations)         :  10
 OPT_MAXEVAL (max num evaluations)        :  200
 VM_SMOOTH_LIMITS (smooth limiting)       :  F
 VM_REWEIGHT (reweighting)                :  F
 VM_FILTER (filter outlying configs)      :  F
 VM_USE_E_GUESS (use guess energy)        :  F
 EMIN_XI_VALUE (xi parameter)             :  1.0
 MAKEMOVIE                                :  F
 FORCES                                   :  F

 BEGIN VMC CALCULATION
 =====================

 Running VMC equilibration (5000 moves).
 Performing time-step optimization.
 DTVMC: 2.15319e-02

 Starting VMC.

 =========================================================================
 In block : 1

 Acceptance ratio         (%)  =  70.0138
 Diffusion constant  (Bohr^2)  =
 Correlation time     (steps)  = 6.8264E+00 +- 6.1816E-02
 Efficiency      (au^-2 s^-1)  = 2.8307E+03
 No. of VMC steps per process  = 1000000

  Block average energies (au)

  Total energy                       (au) =          -2.842300666740
  Standard error                        +/-           0.000374735063

  Kinetic energy KEI (used in Total) (au) =
  Standard error                        +/-

  Kinetic energy TI                  (au) =
  Standard error                        +/-

  Kinetic energy FISQ                (au) =
  Standard error                        +/-

  Potential energy                   (au) =
  Standard error                        +/-

  e-e interaction                    (au) =
  Standard error                        +/-

  e-n interaction                    (au) =
  Standard error                        +/-

  Variance of local energy           (au) =           0.140426227264
  Standard error                        +/-

  Maximum distance from origin       (au) =


 Time taken in block    : : :      368.5223 s


 =========================================================================
 FINAL RESULT:

  VMC energy (au)    Standard error      Correction for serial correlation

 -2.842300666740 +/- 0.000374735063      No correction
 -2.842300666740 +/- 0.000979083788      Correlation time method
 -2.842300666740 +/- 0.000972741683      On-the-fly reblocking method

 Sample variance of E_L (au^2/sim.cell) : 0.140426227264


 ==========================================
 PERFORMING OPTIMIZATION CALCULATION No. 1.
 ==========================================


 Optimization start
 ==================
   Iteration     Total nfev        Cost      Cost reduction    Step norm     Optimality
       0              1         1.4059e-01                                    1.13e+01
       1              2         8.6814e-03      1.32e-01       4.95e-01       2.44e+00
       2              3         8.6814e-03      0.00e+00       0.00e+00       2.44e+00
`ftol` termination condition is satisfied.
Function evaluations 3, initial cost 1.4059e-01, final cost 8.6814e-03, first-order optimality 2.44e+00.
 Norm of Jacobian at the solution: 1.38952e-15

 BEGIN VMC CALCULATION
 =====================

 Running VMC equilibration (5000 moves).
 Performing time-step optimization.
 DTVMC: 2.40916e-02

 Starting VMC.

 =========================================================================
 In block : 1

 Acceptance ratio         (%)  =  71.1192
 Diffusion constant  (Bohr^2)  =
 Correlation time     (steps)  = 4.2297E+00 +- 3.1082E-02
 Efficiency      (au^-2 s^-1)  = 5.0507E+05
 No. of VMC steps per process  = 1000000

  Block average energies (au)

  Total energy                       (au) =          -2.901405665321
  Standard error                        +/-           0.000088776380

  Kinetic energy KEI (used in Total) (au) =
  Standard error                        +/-

  Kinetic energy TI                  (au) =
  Standard error                        +/-

  Kinetic energy FISQ                (au) =
  Standard error                        +/-

  Potential energy                   (au) =
  Standard error                        +/-

  e-e interaction                    (au) =
  Standard error                        +/-

  e-n interaction                    (au) =
  Standard error                        +/-

  Variance of local energy           (au) =           0.007881237697
  Standard error                        +/-

  Maximum distance from origin       (au) =


 Time taken in block    : : :       59.3943 s


 =========================================================================
 FINAL RESULT:

  VMC energy (au)    Standard error      Correction for serial correlation

 -2.901405665321 +/- 0.000088776380      No correction
 -2.901405665321 +/- 0.000182579049      Correlation time method
 -2.901405665321 +/- 0.000185689370      On-the-fly reblocking method

 Sample variance of E_L (au^2/sim.cell) : 0.007881237697


 ==========================================
 PERFORMING OPTIMIZATION CALCULATION No. 2.
 ==========================================


 Optimization start
 ==================
 E_0 -2.90167703 minimal allowed energy -3.25649757 serial correlation factor 2.09
 Trust radius max|delta p| < 0.2 reached at level shift 5.89e-03
   Level shift          E_lin        max|dp| max|dlog(psi)|         E_corr       Penalty         Target
           inf                                                 -2.90167703    0.00055518    -2.90112185
      5.89e-03    -2.90367709     2.0000e-01     3.5578e-02    -2.90364616    0.00026618    -2.90337998
      5.89e-02    -2.90359066     1.4289e-01     2.5418e-02    -2.90364297    0.00026794    -2.90337502
      5.89e-01    -2.90323869     8.1815e-02     1.4554e-02    -2.90348988    0.00030963    -2.90318025
      5.89e+00    -2.90244087     4.0710e-02     4.7731e-03    -2.90282678    0.00042063    -2.90240614
 Best level shift is the smallest scanned one, the trust radius may be too large
 Optimization end
 ================
 Norm of scaled energy gradient at the starting point: 2.12567e-01
 Level shift 5.89e-03, target -2.90112185 -> -2.90337998, gain 0.00225813.
 Scaled delta p over 30 of 30 parameters: norm 4.9578e-02, rms 9.0516e-03, max 3.5578e-02

 BEGIN VMC CALCULATION
 =====================

 Running VMC equilibration (5000 moves).
 Performing time-step optimization.
 DTVMC: 2.75303e-02

 Starting VMC.

 =========================================================================
 In block : 1

 Acceptance ratio         (%)  =  69.8217
 Diffusion constant  (Bohr^2)  =
 Correlation time     (steps)  = 1.5467E+00 +- 7.2545E-03
 Efficiency      (au^-2 s^-1)  = 5.9891E+06
 No. of VMC steps per process  = 1000000

  Block average energies (au)

  Total energy                       (au) =          -2.903597505898
  Standard error                        +/-           0.000042586420

  Kinetic energy KEI (used in Total) (au) =
  Standard error                        +/-

  Kinetic energy TI                  (au) =
  Standard error                        +/-

  Kinetic energy FISQ                (au) =
  Standard error                        +/-

  Potential energy                   (au) =
  Standard error                        +/-

  e-e interaction                    (au) =
  Standard error                        +/-

  e-n interaction                    (au) =
  Standard error                        +/-

  Variance of local energy           (au) =           0.001813601378
  Standard error                        +/-

  Maximum distance from origin       (au) =


 Time taken in block    : : :       59.5250 s


 =========================================================================
 FINAL RESULT:

  VMC energy (au)    Standard error      Correction for serial correlation

 -2.903597505898 +/- 0.000042586420      No correction
 -2.903597505898 +/- 0.000052962728      Correlation time method
 -2.903597505898 +/- 0.000054486776      On-the-fly reblocking method

 Sample variance of E_L (au^2/sim.cell) : 0.001813601378


 ==========================================
 PERFORMING OPTIMIZATION CALCULATION No. 3.
 ==========================================


 Optimization start
 ==================
 E_0 -2.90362246 minimal allowed energy -3.07296520 serial correlation factor 1.30
 Trust radius max|delta p| < 0.2 reached at level shift 6.66e-04
   Level shift          E_lin        max|dp| max|dlog(psi)|         E_corr       Penalty         Target
           inf                                                 -2.90362246    0.00016465    -2.90345781
      6.66e-04    -2.90368219     2.0000e-01     4.3934e-02    -2.90346908    0.00016296    -2.90330611
      6.66e-03    -2.90367706     8.3655e-02     9.0994e-03    -2.90367775    0.00015551    -2.90352224
      6.66e-02    -2.90366904     4.3716e-02     4.7551e-03    -2.90367552    0.00015700    -2.90351852
      6.66e-01    -2.90364046     1.7906e-02     1.9885e-03    -2.90365438    0.00015820    -2.90349618
 Optimization end
 ================
 Norm of scaled energy gradient at the starting point: 2.04564e-02
 Level shift 6.66e-03, target -2.90345781 -> -2.90352224, gain 0.00006443.
 Scaled delta p over 30 of 30 parameters: norm 1.9942e-02, rms 3.6408e-03, max 9.0994e-03

 BEGIN VMC CALCULATION
 =====================

 Running VMC equilibration (5000 moves).
 Performing time-step optimization.
 DTVMC: 2.51530e-02

 Starting VMC.

 =========================================================================
 In block : 1

 Acceptance ratio         (%)  =  71.1064
 Diffusion constant  (Bohr^2)  =
 Correlation time     (steps)  = 1.1568E+00 +- 4.3285E-03
 Efficiency      (au^-2 s^-1)  = 9.1794E+06
 No. of VMC steps per process  = 1000000

  Block average energies (au)

  Total energy                       (au) =          -2.903645586762
  Standard error                        +/-           0.000040288376

  Kinetic energy KEI (used in Total) (au) =
  Standard error                        +/-

  Kinetic energy TI                  (au) =
  Standard error                        +/-

  Kinetic energy FISQ                (au) =
  Standard error                        +/-

  Potential energy                   (au) =
  Standard error                        +/-

  e-e interaction                    (au) =
  Standard error                        +/-

  e-n interaction                    (au) =
  Standard error                        +/-

  Variance of local energy           (au) =           0.001623151603
  Standard error                        +/-

  Maximum distance from origin       (au) =


 Time taken in block    : : :       58.0172 s


 =========================================================================
 FINAL RESULT:

  VMC energy (au)    Standard error      Correction for serial correlation

 -2.903645586762 +/- 0.000040288376      No correction
 -2.903645586762 +/- 0.000043332542      Correlation time method
 -2.903645586762 +/- 0.000043420132      On-the-fly reblocking method

 Sample variance of E_L (au^2/sim.cell) : 0.001623151603


 ==========================================
 PERFORMING OPTIMIZATION CALCULATION No. 4.
 ==========================================


 Optimization start
 ==================
 E_0 -2.90361251 minimal allowed energy -3.06371601 serial correlation factor 1.11
 Trust radius max|delta p| < 0.2 reached at level shift 4.07e-04
   Level shift          E_lin        max|dp| max|dlog(psi)|         E_corr       Penalty         Target
           inf                                                 -2.90361251    0.00013306    -2.90347946
      4.07e-04    -2.90362328     2.0000e-01     5.2861e-02    -2.90362778    0.00012574    -2.90350204
      4.07e-03    -2.90361889     3.2244e-02     7.8395e-03    -2.90362105    0.00013121    -2.90348985
      4.07e-02    -2.90361598     7.2643e-03     1.2677e-03    -2.90361619    0.00013296    -2.90348323
      4.07e-01    -2.90361447     1.5620e-03     3.0931e-04    -2.90361457    0.00013304    -2.90348153
 Best level shift is the smallest scanned one, the trust radius may be too large
 Optimization end
 ================
 Norm of scaled energy gradient at the starting point: 2.76574e-02
 Level shift 4.07e-04, target -2.90347946 -> -2.90350204, gain 0.00002259.
 Scaled delta p over 30 of 30 parameters: norm 1.1761e-01, rms 2.1472e-02, max 5.2861e-02

 BEGIN VMC CALCULATION
 =====================

 Running VMC equilibration (5000 moves).
 Performing time-step optimization.
 DTVMC: 2.59523e-02

 Starting VMC.

 =========================================================================
 In block : 1

 Acceptance ratio         (%)  =  70.7828
 Diffusion constant  (Bohr^2)  =
 Correlation time     (steps)  = 1.3192E+00 +- 5.5971E-03
 Efficiency      (au^-2 s^-1)  = 9.6086E+06
 No. of VMC steps per process  = 1000000

  Block average energies (au)

  Total energy                       (au) =          -2.903661469077
  Standard error                        +/-           0.000037874366

  Kinetic energy KEI (used in Total) (au) =
  Standard error                        +/-

  Kinetic energy TI                  (au) =
  Standard error                        +/-

  Kinetic energy FISQ                (au) =
  Standard error                        +/-

  Potential energy                   (au) =
  Standard error                        +/-

  e-e interaction                    (au) =
  Standard error                        +/-

  e-n interaction                    (au) =
  Standard error                        +/-

  Variance of local energy           (au) =           0.001434466149
  Standard error                        +/-

  Maximum distance from origin       (au) =


 Time taken in block    : : :       54.9953 s


 =========================================================================
 FINAL RESULT:

  VMC energy (au)    Standard error      Correction for serial correlation

 -2.903661469077 +/- 0.000037874366      No correction
 -2.903661469077 +/- 0.000043501818      Correlation time method
 -2.903661469077 +/- 0.000045536269      On-the-fly reblocking method

 Sample variance of E_L (au^2/sim.cell) : 0.001434466149


 =========================================================================

 Total PyCasino real time : : :    2431.0585
