
 ------------------------------------------------------------------------------
 ########::'##:::'##::'######:::::'###:::::'######::'####:'##::: ##::'#######::
 ##.... ##:. ##:'##::'##... ##:::'## ##:::'##... ##:. ##:: ###:: ##:'##.... ##:
 ##:::: ##::. ####::: ##:::..:::'##:. ##:: ##:::..::: ##:: ####: ##: ##:::: ##:
 ########::::. ##:::: ##:::::::'##:::. ##:. ######::: ##:: ## ## ##: ##:::: ##:
 ##.....:::::: ##:::: ##::::::: #########::..... ##:: ##:: ##. ####: ##:::: ##:
 ##::::::::::: ##:::: ##::: ##: ##.... ##:'##::: ##:: ##:: ##:. ###: ##:::: ##:
 ##::::::::::: ##::::. ######:: ##:::: ##:. ######::'####: ##::. ##:. #######::
 .::::::::::::..::::::......:::..:::::..:::......:::....::..::::..:::.......:::

                     Python Quantum Monte Carlo Package
                        v 0.4.0 [Vladimir Konkov]

    Main Author : Vladimir Konkov
 ------------------------------------------------------------------------------
 Started 2026/09/13 12:02:50

 Python 3.12.3 (main, Aug 31 2026, 10:18:26) [GCC 13.3.0]
 Numba 0.67.0
 Numpy 2.2.6
 Scipy 1.13.1

 Running in parallel using 4 MPI processes.

 Warning: keywords not read by pycasino: periodic

 General input parameters
 ========================
 NEU (num up spin electrons)              :  2
 NED (num down spin electrons)            :  2
 RUNTYPE (type of run)                    :  vmc
 PSI_S  (form for [anti]symmetrizing wfn) :  slater
 ATOM_BASIS_TYPE (atom-centred orb basis) :  gaussian
 INTERACTION (interaction type)           :  coulomb
 TESTRUN (read input data,print and stop) :  F
 PERIODIC                                 :  F
 COMPLEX_WF (complex Slater wave fn.)     :  F
 NEIGHPRINT (neighbour analysis)          :  0
 USE_JASTROW (use Jastrow factor)         :  F
 BACKFLOW (use backflow corrections)      :  T
 USE_ORBMODS (use orbitals modifications) :  F
 CUSP_CORRECTION                          :  T
 NON_LOCAL_GRID (NL integration grid)     :  4
 E_OFFSET (energy offset)                 :  0.0000
 GAUTOL  (Gaussian evaluation tolerance)  :  7.0
 SPARSE                                   :  F
 DIPOLE_MOMENT                            :  F
 RELATIVISTIC                             :  F

 VMC input parameters
 ====================
 NEWRUN (start new run)                   :  T
 VMC_METHOD (choice of VMC algorithm)     :  3
 DTVMC (VMC time step)                    :  0.02
 OPT_DTVMC (VMC time-step optimization)   :  1
 VMC_NSTEP (num VMC steps)                :  10000000
 VMC_NCONFIG_WRITE (num configs to write) :  None
 VMC_NBLOCK (num VMC blocks)              :  10
 VMC_EQUIL_NSTEP (num equil steps)        :  5000
 VMC_DECORR_PERIOD (length of inner loop) :  10
 VMC_AVE_PERIOD (hist reduction factor)   :  1
 VMC_SAMPLING                             :  standard
 MAKEMOVIE                                :  F
 FORCES                                   :  F

 Gaussian cusp correction
 ========================
 Activated.

 Median sigma = 1/|grad ln psi| : 1.60322e-01 bohr

 ==============================
 PERFORMING A |PSI| CALCULATION.
 ==============================

 zeta of the walk: 4.00000e+00   DTVMC: 3.70212e-03

 =========================================================================
 WEIGHTED NODAL DOMAIN AVERAGES

  Number of |psi| steps                   = 10000000

  zeta                          (au^-1) =           4.000000000000
  Effective sample size                   = 10000000
  Potential component                (au) =         -22.891994643356
  Standard error                        +/-           0.000718067630
  e-e interaction                    (au) =           8.035407585964
  e-n interaction                    (au) =         -44.132583687411
  Sum of e-n distances             (bohr) =           2.711276075650

  epsilon (bohr)  inside      E_kin^nda (au)            E^nda (au)

    1.920e-03        274       7.430413 +/- 0.559052     -15.461581
    2.633e-03        500       7.404756 +/- 0.402786     -15.487239
    3.610e-03       1001       7.433669 +/- 0.292108     -15.458326
    4.950e-03       1975       7.665469 +/- 0.214581     -15.226526
    6.788e-03       3807       7.959771 +/- 0.158866     -14.932223
    9.308e-03       7252       8.176284 +/- 0.117678     -14.715711
    1.276e-02      13433       8.254878 +/- 0.086707     -14.637116
    1.750e-02      25514       8.288042 +/- 0.063479     -14.603952
    2.400e-02      48459       8.336327 +/- 0.046398     -14.555667

 Time taken in nodal domain averages : : :    841.8072

 Warning: keywords not read by pycasino: periodic

 General input parameters
 ========================
 NEU (num up spin electrons)              :  2
 NED (num down spin electrons)            :  2
 RUNTYPE (type of run)                    :  vmc
 PSI_S  (form for [anti]symmetrizing wfn) :  slater
 ATOM_BASIS_TYPE (atom-centred orb basis) :  gaussian
 INTERACTION (interaction type)           :  coulomb
 TESTRUN (read input data,print and stop) :  F
 PERIODIC                                 :  F
 COMPLEX_WF (complex Slater wave fn.)     :  F
 NEIGHPRINT (neighbour analysis)          :  0
 USE_JASTROW (use Jastrow factor)         :  F
 BACKFLOW (use backflow corrections)      :  T
 USE_ORBMODS (use orbitals modifications) :  F
 CUSP_CORRECTION                          :  T
 NON_LOCAL_GRID (NL integration grid)     :  4
 E_OFFSET (energy offset)                 :  0.0000
 GAUTOL  (Gaussian evaluation tolerance)  :  7.0
 SPARSE                                   :  F
 DIPOLE_MOMENT                            :  F
 RELATIVISTIC                             :  F

 VMC input parameters
 ====================
 NEWRUN (start new run)                   :  T
 VMC_METHOD (choice of VMC algorithm)     :  3
 DTVMC (VMC time step)                    :  0.02
 OPT_DTVMC (VMC time-step optimization)   :  1
 VMC_NSTEP (num VMC steps)                :  10000000
 VMC_NCONFIG_WRITE (num configs to write) :  None
 VMC_NBLOCK (num VMC blocks)              :  10
 VMC_EQUIL_NSTEP (num equil steps)        :  5000
 VMC_DECORR_PERIOD (length of inner loop) :  10
 VMC_AVE_PERIOD (hist reduction factor)   :  1
 VMC_SAMPLING                             :  standard
 MAKEMOVIE                                :  F
 FORCES                                   :  F

 Gaussian cusp correction
 ========================
 Activated.

 Median sigma = 1/|grad ln psi| : 1.61548e-01 bohr

 ==============================
 PERFORMING A |PSI| CALCULATION.
 ==============================

 zeta of the walk: 4.00000e+00   DTVMC: 3.78167e-03

 =========================================================================
 WEIGHTED NODAL DOMAIN AVERAGES

  Number of |psi| steps                   = 10000000

  zeta                          (au^-1) =           4.000000000000
  Effective sample size                   = 10000000
  Potential component                (au) =         -22.939846166208
  Standard error                        +/-           0.000719501644
  e-e interaction                    (au) =           7.983992676399
  e-n interaction                    (au) =         -43.916816831867
  Sum of e-n distances             (bohr) =           2.726724910507

  epsilon (bohr)  inside      E_kin^nda (au)            E^nda (au)

    1.920e-03        348       9.807581 +/- 0.641781     -13.132265
    2.633e-03        619       9.371840 +/- 0.458278     -13.568006
    3.610e-03       1062       8.767192 +/- 0.325596     -14.172654
    4.950e-03       1983       8.414606 +/- 0.231111     -14.525240
    6.788e-03       3646       8.145788 +/- 0.165149     -14.794058
    9.308e-03       6928       8.041413 +/- 0.118796     -14.898433
    1.276e-02      13225       8.059459 +/- 0.086192     -14.880387
    1.750e-02      25059       8.116968 +/- 0.062886     -14.822878
    2.400e-02      47732       8.200564 +/- 0.045980     -14.739282

 Time taken in nodal domain averages : : :    962.8183

 Warning: keywords not read by pycasino: periodic

 General input parameters
 ========================
 NEU (num up spin electrons)              :  2
 NED (num down spin electrons)            :  2
 RUNTYPE (type of run)                    :  vmc
 PSI_S  (form for [anti]symmetrizing wfn) :  slater
 ATOM_BASIS_TYPE (atom-centred orb basis) :  gaussian
 INTERACTION (interaction type)           :  coulomb
 TESTRUN (read input data,print and stop) :  F
 PERIODIC                                 :  F
 COMPLEX_WF (complex Slater wave fn.)     :  F
 NEIGHPRINT (neighbour analysis)          :  0
 USE_JASTROW (use Jastrow factor)         :  F
 BACKFLOW (use backflow corrections)      :  T
 USE_ORBMODS (use orbitals modifications) :  F
 CUSP_CORRECTION                          :  T
 NON_LOCAL_GRID (NL integration grid)     :  4
 E_OFFSET (energy offset)                 :  0.0000
 GAUTOL  (Gaussian evaluation tolerance)  :  7.0
 SPARSE                                   :  F
 DIPOLE_MOMENT                            :  F
 RELATIVISTIC                             :  F

 VMC input parameters
 ====================
 NEWRUN (start new run)                   :  T
 VMC_METHOD (choice of VMC algorithm)     :  3
 DTVMC (VMC time step)                    :  0.02
 OPT_DTVMC (VMC time-step optimization)   :  1
 VMC_NSTEP (num VMC steps)                :  10000000
 VMC_NCONFIG_WRITE (num configs to write) :  None
 VMC_NBLOCK (num VMC blocks)              :  10
 VMC_EQUIL_NSTEP (num equil steps)        :  5000
 VMC_DECORR_PERIOD (length of inner loop) :  10
 VMC_AVE_PERIOD (hist reduction factor)   :  1
 VMC_SAMPLING                             :  standard
 MAKEMOVIE                                :  F
 FORCES                                   :  F

 Gaussian cusp correction
 ========================
 Activated.

 Median sigma = 1/|grad ln psi| : 1.61279e-01 bohr

 ==============================
 PERFORMING A |PSI| CALCULATION.
 ==============================

 zeta of the walk: 4.00000e+00   DTVMC: 3.54088e-03

 =========================================================================
 WEIGHTED NODAL DOMAIN AVERAGES

  Number of |psi| steps                   = 10000000

  zeta                          (au^-1) =           4.000000000000
  Effective sample size                   = 10000000
  Potential component                (au) =         -22.961357103183
  Standard error                        +/-           0.000722884275
  e-e interaction                    (au) =           7.956903921629
  e-n interaction                    (au) =         -43.791508652467
  Sum of e-n distances             (bohr) =           2.736717606942

  epsilon (bohr)  inside      E_kin^nda (au)            E^nda (au)

    1.920e-03        300       7.835473 +/- 0.565417     -15.125885
    2.633e-03        537       7.793422 +/- 0.412004     -15.167935
    3.610e-03       1036       7.922831 +/- 0.300869     -15.038526
    4.950e-03       1944       7.920666 +/- 0.219910     -15.040691
    6.788e-03       3719       7.961438 +/- 0.160602     -14.999919
    9.308e-03       7087       8.049930 +/- 0.117594     -14.911427
    1.276e-02      13248       8.110378 +/- 0.086145     -14.850979
    1.750e-02      24809       8.120847 +/- 0.062950     -14.840510
    2.400e-02      47330       8.141878 +/- 0.045913     -14.819479

 Time taken in nodal domain averages : : :    961.4990

 Warning: keywords not read by pycasino: periodic

 General input parameters
 ========================
 NEU (num up spin electrons)              :  2
 NED (num down spin electrons)            :  2
 RUNTYPE (type of run)                    :  vmc
 PSI_S  (form for [anti]symmetrizing wfn) :  slater
 ATOM_BASIS_TYPE (atom-centred orb basis) :  gaussian
 INTERACTION (interaction type)           :  coulomb
 TESTRUN (read input data,print and stop) :  F
 PERIODIC                                 :  F
 COMPLEX_WF (complex Slater wave fn.)     :  F
 NEIGHPRINT (neighbour analysis)          :  0
 USE_JASTROW (use Jastrow factor)         :  F
 BACKFLOW (use backflow corrections)      :  T
 USE_ORBMODS (use orbitals modifications) :  F
 CUSP_CORRECTION                          :  T
 NON_LOCAL_GRID (NL integration grid)     :  4
 E_OFFSET (energy offset)                 :  0.0000
 GAUTOL  (Gaussian evaluation tolerance)  :  7.0
 SPARSE                                   :  F
 DIPOLE_MOMENT                            :  F
 RELATIVISTIC                             :  F

 VMC input parameters
 ====================
 NEWRUN (start new run)                   :  T
 VMC_METHOD (choice of VMC algorithm)     :  3
 DTVMC (VMC time step)                    :  0.02
 OPT_DTVMC (VMC time-step optimization)   :  1
 VMC_NSTEP (num VMC steps)                :  10000000
 VMC_NCONFIG_WRITE (num configs to write) :  None
 VMC_NBLOCK (num VMC blocks)              :  10
 VMC_EQUIL_NSTEP (num equil steps)        :  5000
 VMC_DECORR_PERIOD (length of inner loop) :  10
 VMC_AVE_PERIOD (hist reduction factor)   :  1
 VMC_SAMPLING                             :  standard
 MAKEMOVIE                                :  F
 FORCES                                   :  F

 Gaussian cusp correction
 ========================
 Activated.

 Median sigma = 1/|grad ln psi| : 1.63030e-01 bohr

 ==============================
 PERFORMING A |PSI| CALCULATION.
 ==============================

 zeta of the walk: 4.00000e+00   DTVMC: 3.56361e-03

 =========================================================================
 WEIGHTED NODAL DOMAIN AVERAGES

  Number of |psi| steps                   = 10000000

  zeta                          (au^-1) =           4.000000000000
  Effective sample size                   = 10000000
  Potential component                (au) =         -22.930512262737
  Standard error                        +/-           0.000726899869
  e-e interaction                    (au) =           7.966250962598
  e-n interaction                    (au) =         -43.838247576785
  Sum of e-n distances             (bohr) =           2.728852426147

  epsilon (bohr)  inside      E_kin^nda (au)            E^nda (au)

    1.920e-03        305       8.852101 +/- 0.605680     -14.078411
    2.633e-03        582       8.503551 +/- 0.434609     -14.426961
    3.610e-03       1081       8.481008 +/- 0.313793     -14.449504
    4.950e-03       2035       8.353772 +/- 0.227173     -14.576741
    6.788e-03       3784       8.272393 +/- 0.164779     -14.658119
    9.308e-03       6981       8.175210 +/- 0.119503     -14.755302
    1.276e-02      13388       8.162071 +/- 0.086747     -14.768441
    1.750e-02      24785       8.144581 +/- 0.063179     -14.785931
    2.400e-02      47184       8.145413 +/- 0.045987     -14.785099

 Time taken in nodal domain averages : : :    967.9270

 Warning: keywords not read by pycasino: periodic

 General input parameters
 ========================
 NEU (num up spin electrons)              :  2
 NED (num down spin electrons)            :  2
 RUNTYPE (type of run)                    :  vmc
 PSI_S  (form for [anti]symmetrizing wfn) :  slater
 ATOM_BASIS_TYPE (atom-centred orb basis) :  gaussian
 INTERACTION (interaction type)           :  coulomb
 TESTRUN (read input data,print and stop) :  F
 PERIODIC                                 :  F
 COMPLEX_WF (complex Slater wave fn.)     :  F
 NEIGHPRINT (neighbour analysis)          :  0
 USE_JASTROW (use Jastrow factor)         :  F
 BACKFLOW (use backflow corrections)      :  T
 USE_ORBMODS (use orbitals modifications) :  F
 CUSP_CORRECTION                          :  T
 NON_LOCAL_GRID (NL integration grid)     :  4
 E_OFFSET (energy offset)                 :  0.0000
 GAUTOL  (Gaussian evaluation tolerance)  :  7.0
 SPARSE                                   :  F
 DIPOLE_MOMENT                            :  F
 RELATIVISTIC                             :  F

 VMC input parameters
 ====================
 NEWRUN (start new run)                   :  T
 VMC_METHOD (choice of VMC algorithm)     :  3
 DTVMC (VMC time step)                    :  0.02
 OPT_DTVMC (VMC time-step optimization)   :  1
 VMC_NSTEP (num VMC steps)                :  10000000
 VMC_NCONFIG_WRITE (num configs to write) :  None
 VMC_NBLOCK (num VMC blocks)              :  10
 VMC_EQUIL_NSTEP (num equil steps)        :  5000
 VMC_DECORR_PERIOD (length of inner loop) :  10
 VMC_AVE_PERIOD (hist reduction factor)   :  1
 VMC_SAMPLING                             :  standard
 MAKEMOVIE                                :  F
 FORCES                                   :  F

 Gaussian cusp correction
 ========================
 Activated.

 Median sigma = 1/|grad ln psi| : 1.63338e-01 bohr

 ==============================
 PERFORMING A |PSI| CALCULATION.
 ==============================

 zeta of the walk: 4.00000e+00   DTVMC: 3.57162e-03

 =========================================================================
 WEIGHTED NODAL DOMAIN AVERAGES

  Number of |psi| steps                   = 10000000

  zeta                          (au^-1) =           4.000000000000
  Effective sample size                   = 10000000
  Potential component                (au) =         -22.872834497918
  Standard error                        +/-           0.000736895155
  e-e interaction                    (au) =           7.992866712611
  e-n interaction                    (au) =         -43.816292233404
  Sum of e-n distances             (bohr) =           2.710023364607

  epsilon (bohr)  inside      E_kin^nda (au)            E^nda (au)

    1.920e-03        294       8.209501 +/- 0.594764     -14.663334
    2.633e-03        546       8.020658 +/- 0.422739     -14.852177
    3.610e-03       1032       8.003967 +/- 0.304754     -14.868867
    4.950e-03       1979       7.941168 +/- 0.220977     -14.931667
    6.788e-03       3697       8.029514 +/- 0.161282     -14.843320
    9.308e-03       6998       8.039229 +/- 0.117820     -14.833605
    1.276e-02      12986       8.020283 +/- 0.085957     -14.852551
    1.750e-02      24448       7.989454 +/- 0.062569     -14.883381
    2.400e-02      46637       8.025247 +/- 0.045594     -14.847588

 Time taken in nodal domain averages : : :    961.1563

 Warning: keywords not read by pycasino: periodic

 General input parameters
 ========================
 NEU (num up spin electrons)              :  2
 NED (num down spin electrons)            :  2
 RUNTYPE (type of run)                    :  vmc
 PSI_S  (form for [anti]symmetrizing wfn) :  slater
 ATOM_BASIS_TYPE (atom-centred orb basis) :  gaussian
 INTERACTION (interaction type)           :  coulomb
 TESTRUN (read input data,print and stop) :  F
 PERIODIC                                 :  F
 COMPLEX_WF (complex Slater wave fn.)     :  F
 NEIGHPRINT (neighbour analysis)          :  0
 USE_JASTROW (use Jastrow factor)         :  F
 BACKFLOW (use backflow corrections)      :  T
 USE_ORBMODS (use orbitals modifications) :  F
 CUSP_CORRECTION                          :  T
 NON_LOCAL_GRID (NL integration grid)     :  4
 E_OFFSET (energy offset)                 :  0.0000
 GAUTOL  (Gaussian evaluation tolerance)  :  7.0
 SPARSE                                   :  F
 DIPOLE_MOMENT                            :  F
 RELATIVISTIC                             :  F

 VMC input parameters
 ====================
 NEWRUN (start new run)                   :  T
 VMC_METHOD (choice of VMC algorithm)     :  3
 DTVMC (VMC time step)                    :  0.02
 OPT_DTVMC (VMC time-step optimization)   :  1
 VMC_NSTEP (num VMC steps)                :  10000000
 VMC_NCONFIG_WRITE (num configs to write) :  None
 VMC_NBLOCK (num VMC blocks)              :  10
 VMC_EQUIL_NSTEP (num equil steps)        :  5000
 VMC_DECORR_PERIOD (length of inner loop) :  10
 VMC_AVE_PERIOD (hist reduction factor)   :  1
 VMC_SAMPLING                             :  standard
 MAKEMOVIE                                :  F
 FORCES                                   :  F

 Gaussian cusp correction
 ========================
 Activated.

 Median sigma = 1/|grad ln psi| : 1.63309e-01 bohr

 ==============================
 PERFORMING A |PSI| CALCULATION.
 ==============================

 zeta of the walk: 4.00000e+00   DTVMC: 3.62524e-03

 =========================================================================
 WEIGHTED NODAL DOMAIN AVERAGES

  Number of |psi| steps                   = 10000000

  zeta                          (au^-1) =           4.000000000000
  Effective sample size                   = 10000000
  Potential component                (au) =         -22.838117619002
  Standard error                        +/-           0.000741262220
  e-e interaction                    (au) =           8.015017476854
  e-n interaction                    (au) =         -43.828200560955
  Sum of e-n distances             (bohr) =           2.698364148159

  epsilon (bohr)  inside      E_kin^nda (au)            E^nda (au)

    1.920e-03        300       8.003565 +/- 0.552889     -14.834553
    2.633e-03        557       8.143199 +/- 0.414464     -14.694919
    3.610e-03       1041       8.006146 +/- 0.303699     -14.831972
    4.950e-03       1918       7.957460 +/- 0.221131     -14.880657
    6.788e-03       3649       7.896637 +/- 0.160652     -14.941481
    9.308e-03       6856       7.917186 +/- 0.117054     -14.920931
    1.276e-02      12914       7.924389 +/- 0.085353     -14.913729
    1.750e-02      24586       7.939012 +/- 0.062238     -14.899106
    2.400e-02      46722       8.024293 +/- 0.045492     -14.813825

 Time taken in nodal domain averages : : :    962.5795

 Warning: keywords not read by pycasino: periodic

 General input parameters
 ========================
 NEU (num up spin electrons)              :  2
 NED (num down spin electrons)            :  2
 RUNTYPE (type of run)                    :  vmc
 PSI_S  (form for [anti]symmetrizing wfn) :  slater
 ATOM_BASIS_TYPE (atom-centred orb basis) :  gaussian
 INTERACTION (interaction type)           :  coulomb
 TESTRUN (read input data,print and stop) :  F
 PERIODIC                                 :  F
 COMPLEX_WF (complex Slater wave fn.)     :  F
 NEIGHPRINT (neighbour analysis)          :  0
 USE_JASTROW (use Jastrow factor)         :  F
 BACKFLOW (use backflow corrections)      :  T
 USE_ORBMODS (use orbitals modifications) :  F
 CUSP_CORRECTION                          :  T
 NON_LOCAL_GRID (NL integration grid)     :  4
 E_OFFSET (energy offset)                 :  0.0000
 GAUTOL  (Gaussian evaluation tolerance)  :  7.0
 SPARSE                                   :  F
 DIPOLE_MOMENT                            :  F
 RELATIVISTIC                             :  F

 VMC input parameters
 ====================
 NEWRUN (start new run)                   :  T
 VMC_METHOD (choice of VMC algorithm)     :  3
 DTVMC (VMC time step)                    :  0.02
 OPT_DTVMC (VMC time-step optimization)   :  1
 VMC_NSTEP (num VMC steps)                :  10000000
 VMC_NCONFIG_WRITE (num configs to write) :  None
 VMC_NBLOCK (num VMC blocks)              :  10
 VMC_EQUIL_NSTEP (num equil steps)        :  5000
 VMC_DECORR_PERIOD (length of inner loop) :  10
 VMC_AVE_PERIOD (hist reduction factor)   :  1
 VMC_SAMPLING                             :  standard
 MAKEMOVIE                                :  F
 FORCES                                   :  F

 Gaussian cusp correction
 ========================
 Activated.

 Median sigma = 1/|grad ln psi| : 1.61872e-01 bohr

 ==============================
 PERFORMING A |PSI| CALCULATION.
 ==============================

 zeta of the walk: 4.00000e+00   DTVMC: 3.69747e-03

 =========================================================================
 WEIGHTED NODAL DOMAIN AVERAGES

  Number of |psi| steps                   = 10000000

  zeta                          (au^-1) =           4.000000000000
  Effective sample size                   = 10000000
  Potential component                (au) =         -22.729642426553
  Standard error                        +/-           0.000746066732
  e-e interaction                    (au) =           8.105488930356
  e-n interaction                    (au) =         -44.188691708235
  Sum of e-n distances             (bohr) =           2.662143283697

  epsilon (bohr)  inside      E_kin^nda (au)            E^nda (au)

    1.920e-03        305       8.017194 +/- 0.559578     -14.712448
    2.633e-03        571       8.120765 +/- 0.415197     -14.608877
    3.610e-03       1047       8.085018 +/- 0.304875     -14.644624
    4.950e-03       2047       8.140976 +/- 0.222496     -14.588666
    6.788e-03       3797       8.250575 +/- 0.163286     -14.479067
    9.308e-03       7107       8.189717 +/- 0.119150     -14.539925
    1.276e-02      13219       8.177379 +/- 0.086812     -14.552263
    1.750e-02      24883       8.128018 +/- 0.063150     -14.601624
    2.400e-02      47193       8.147055 +/- 0.045975     -14.582587

 Time taken in nodal domain averages : : :    967.7461

 Warning: keywords not read by pycasino: periodic

 General input parameters
 ========================
 NEU (num up spin electrons)              :  2
 NED (num down spin electrons)            :  2
 RUNTYPE (type of run)                    :  vmc
 PSI_S  (form for [anti]symmetrizing wfn) :  slater
 ATOM_BASIS_TYPE (atom-centred orb basis) :  gaussian
 INTERACTION (interaction type)           :  coulomb
 TESTRUN (read input data,print and stop) :  F
 PERIODIC                                 :  F
 COMPLEX_WF (complex Slater wave fn.)     :  F
 NEIGHPRINT (neighbour analysis)          :  0
 USE_JASTROW (use Jastrow factor)         :  F
 BACKFLOW (use backflow corrections)      :  T
 USE_ORBMODS (use orbitals modifications) :  F
 CUSP_CORRECTION                          :  T
 NON_LOCAL_GRID (NL integration grid)     :  4
 E_OFFSET (energy offset)                 :  0.0000
 GAUTOL  (Gaussian evaluation tolerance)  :  7.0
 SPARSE                                   :  F
 DIPOLE_MOMENT                            :  F
 RELATIVISTIC                             :  F

 VMC input parameters
 ====================
 NEWRUN (start new run)                   :  T
 VMC_METHOD (choice of VMC algorithm)     :  3
 DTVMC (VMC time step)                    :  0.02
 OPT_DTVMC (VMC time-step optimization)   :  1
 VMC_NSTEP (num VMC steps)                :  10000000
 VMC_NCONFIG_WRITE (num configs to write) :  None
 VMC_NBLOCK (num VMC blocks)              :  10
 VMC_EQUIL_NSTEP (num equil steps)        :  5000
 VMC_DECORR_PERIOD (length of inner loop) :  10
 VMC_AVE_PERIOD (hist reduction factor)   :  1
 VMC_SAMPLING                             :  standard
 MAKEMOVIE                                :  F
 FORCES                                   :  F

 Gaussian cusp correction
 ========================
 Activated.

 Median sigma = 1/|grad ln psi| : 1.59540e-01 bohr

 ==============================
 PERFORMING A |PSI| CALCULATION.
 ==============================

 zeta of the walk: 4.00000e+00   DTVMC: 3.52181e-03

 =========================================================================
 WEIGHTED NODAL DOMAIN AVERAGES

  Number of |psi| steps                   = 10000000

  zeta                          (au^-1) =           4.000000000000
  Effective sample size                   = 10000000
  Potential component                (au) =         -22.575347906967
  Standard error                        +/-           0.000754541305
  e-e interaction                    (au) =           8.232397445533
  e-n interaction                    (au) =         -44.590432140961
  Sum of e-n distances             (bohr) =           2.610423794179

  epsilon (bohr)  inside      E_kin^nda (au)            E^nda (au)

    1.920e-03        312       8.708861 +/- 0.603047     -13.866487
    2.633e-03        574       8.473240 +/- 0.433005     -14.102108
    3.610e-03       1044       8.223419 +/- 0.311246     -14.351929
    4.950e-03       1949       8.063879 +/- 0.224028     -14.511469
    6.788e-03       3697       7.990848 +/- 0.162022     -14.584500
    9.308e-03       7139       8.081766 +/- 0.117974     -14.493582
    1.276e-02      13564       8.200352 +/- 0.086435     -14.374996
    1.750e-02      25650       8.304263 +/- 0.063416     -14.271085
    2.400e-02      48475       8.346297 +/- 0.046418     -14.229051

 Time taken in nodal domain averages : : :    983.9787

 Warning: keywords not read by pycasino: periodic

 General input parameters
 ========================
 NEU (num up spin electrons)              :  2
 NED (num down spin electrons)            :  2
 RUNTYPE (type of run)                    :  vmc
 PSI_S  (form for [anti]symmetrizing wfn) :  slater
 ATOM_BASIS_TYPE (atom-centred orb basis) :  gaussian
 INTERACTION (interaction type)           :  coulomb
 TESTRUN (read input data,print and stop) :  F
 PERIODIC                                 :  F
 COMPLEX_WF (complex Slater wave fn.)     :  F
 NEIGHPRINT (neighbour analysis)          :  0
 USE_JASTROW (use Jastrow factor)         :  F
 BACKFLOW (use backflow corrections)      :  T
 USE_ORBMODS (use orbitals modifications) :  F
 CUSP_CORRECTION                          :  T
 NON_LOCAL_GRID (NL integration grid)     :  4
 E_OFFSET (energy offset)                 :  0.0000
 GAUTOL  (Gaussian evaluation tolerance)  :  7.0
 SPARSE                                   :  F
 DIPOLE_MOMENT                            :  F
 RELATIVISTIC                             :  F

 VMC input parameters
 ====================
 NEWRUN (start new run)                   :  T
 VMC_METHOD (choice of VMC algorithm)     :  3
 DTVMC (VMC time step)                    :  0.02
 OPT_DTVMC (VMC time-step optimization)   :  1
 VMC_NSTEP (num VMC steps)                :  10000000
 VMC_NCONFIG_WRITE (num configs to write) :  None
 VMC_NBLOCK (num VMC blocks)              :  10
 VMC_EQUIL_NSTEP (num equil steps)        :  5000
 VMC_DECORR_PERIOD (length of inner loop) :  10
 VMC_AVE_PERIOD (hist reduction factor)   :  1
 VMC_SAMPLING                             :  standard
 MAKEMOVIE                                :  F
 FORCES                                   :  F

 Gaussian cusp correction
 ========================
 Activated.

 Median sigma = 1/|grad ln psi| : 1.58140e-01 bohr

 ==============================
 PERFORMING A |PSI| CALCULATION.
 ==============================

 zeta of the walk: 4.00000e+00   DTVMC: 3.33241e-03

 =========================================================================
 WEIGHTED NODAL DOMAIN AVERAGES

  Number of |psi| steps                   = 10000000

  zeta                          (au^-1) =           4.000000000000
  Effective sample size                   = 10000000
  Potential component                (au) =         -22.409245397621
  Standard error                        +/-           0.000760577282
  e-e interaction                    (au) =           8.377208958477
  e-n interaction                    (au) =         -45.082223022101
  Sum of e-n distances             (bohr) =           2.557578752751

  epsilon (bohr)  inside      E_kin^nda (au)            E^nda (au)

    1.920e-03        336       9.323581 +/- 0.628176     -13.085664
    2.633e-03        621       9.173013 +/- 0.450175     -13.236232
    3.610e-03       1105       8.883710 +/- 0.323740     -13.525535
    4.950e-03       2009       8.528176 +/- 0.231891     -13.881070
    6.788e-03       3822       8.366894 +/- 0.166457     -14.042351
    9.308e-03       7149       8.300839 +/- 0.120428     -14.108407
    1.276e-02      13634       8.307905 +/- 0.087483     -14.101340
    1.750e-02      25633       8.346492 +/- 0.063815     -14.062753
    2.400e-02      48704       8.389345 +/- 0.046576     -14.019901

 Time taken in nodal domain averages : : :    972.3826

 =========================================================================
 NODAL SURFACE DESCRIPTOR, zeta = 4.0000

 run                                                 widest tube          1.9x narrower

 0.00                                         8.336327 +/- 0.046398     8.254878 +/- 0.086707
 0.01                                         8.200564 +/- 0.045980     8.059459 +/- 0.086192
 0.02                                         8.141878 +/- 0.045913     8.110378 +/- 0.086145
 0.05                                         8.145413 +/- 0.045987     8.162071 +/- 0.086747
 0.10                                         8.025247 +/- 0.045594     8.020283 +/- 0.085957
 0.12                                         8.024293 +/- 0.045492     7.924389 +/- 0.085353
 0.15                                         8.147055 +/- 0.045975     8.177379 +/- 0.086812
 0.20                                         8.346297 +/- 0.046418     8.200352 +/- 0.086435
 0.25                                         8.389345 +/- 0.046576     8.307905 +/- 0.087483

