
 ------------------------------------------------------------------------------
 ########::'##:::'##::'######:::::'###:::::'######::'####:'##::: ##::'#######::
 ##.... ##:. ##:'##::'##... ##:::'## ##:::'##... ##:. ##:: ###:: ##:'##.... ##:
 ##:::: ##::. ####::: ##:::..:::'##:. ##:: ##:::..::: ##:: ####: ##: ##:::: ##:
 ########::::. ##:::: ##:::::::'##:::. ##:. ######::: ##:: ## ## ##: ##:::: ##:
 ##.....:::::: ##:::: ##::::::: #########::..... ##:: ##:: ##. ####: ##:::: ##:
 ##::::::::::: ##:::: ##::: ##: ##.... ##:'##::: ##:: ##:: ##:. ###: ##:::: ##:
 ##::::::::::: ##::::. ######:: ##:::: ##:. ######::'####: ##::. ##:. #######::
 .::::::::::::..::::::......:::..:::::..:::......:::....::..::::..:::.......:::

                     Python Quantum Monte Carlo Package
                        v 0.4.0 [Vladimir Konkov]

    Main Author : Vladimir Konkov
 ------------------------------------------------------------------------------
 Started 2026/07/25 22:12:40

 Python 3.12.3 (main, Jun 19 2026, 12:46:00) [GCC 13.3.0]
 Numba 0.63.1
 Numpy 2.2.6
 Scipy 1.13.1

 Running in parallel using 4 MPI processes.

 General input parameters
 ========================
 NEU (num up spin electrons)              :  2
 NED (num down spin electrons)            :  2
 RUNTYPE (type of run)                    :  vmc_opt
 PSI_S  (form for [anti]symmetrizing wfn) :  slater
 ATOM_BASIS_TYPE (atom-centred orb basis) :  slater-type
 INTERACTION (interaction type)           :  coulomb
 TESTRUN (read input data,print and stop) :  F
 PERIODIC                                 :  F
 COMPLEX_WF (complex Slater wave fn.)     :  F
 NEIGHPRINT (neighbour analysis)          :  0
 USE_JASTROW (use Jastrow factor)         :  T
 BACKFLOW (use backflow corrections)      :  T
 USE_ORBMODS (use orbitals modifications) :  F
 CUSP_CORRECTION                          :  F
 NON_LOCAL_GRID (NL integration grid)     :  4
 E_OFFSET (energy offset)                 :  0.0000
 GAUTOL  (Gaussian evaluation tolerance)  :  7.0
 SPARSE                                   :  F
 DIPOLE_MOMENT                            :  F
 RELATIVISTIC                             :  F

 VMC/optimization input parameters
 ====================
 NEWRUN (start new run)                   :  T
 VMC_METHOD (choice of VMC algorithm)     :  3
 DTVMC (VMC time step)                    :  0.02
 OPT_DTVMC (VMC time-step optimization)   :  T
 VMC_NSTEP (num VMC steps)                :  100000
 VMC_NCONFIG_WRITE (num configs to write) :  100000
 VMC_NBLOCK (num VMC blocks)              :  1
 VMC_EQUIL_NSTEP (num equil steps)        :  5000
 VMC_DECORR_PERIOD (length of inner loop) :  10
 VMC_AVE_PERIOD (hist reduction factor)   :  1
 VMC_SAMPLING                             :  standard
 OPT_CYCLES (num optimization cycles)     :  2
 POSTFIT_VMC (perform post-fit VMC calc)  :  T
 POSTFIT_KEEP_CFG (keep post-fit VMC cfgs):  F
 OPT_NOCTF_CYCLES (fixed cutoff cycles)   :  0
 OPT_INFO (information level)             :  2
 OPT_JASTROW (opt Jastrow factor)         :  T
 OPT_DET_COEFF (opt det coeffs)           :  F
 OPT_ORBITALS (opt orbitals)              :  F
 OPT_BACKFLOW (opt backflow params)       :  T
 OPT_FIXNL (fix nonlocal energy)          :  T
 OPT_MAXITER (max num iterations)         :  10
 OPT_MAXEVAL (max num evaluations)        :  200
 VM_SMOOTH_LIMITS (smooth limiting)       :  F
 VM_REWEIGHT (reweighting)                :  F
 VM_FILTER (filter outlying configs)      :  F
 VM_USE_E_GUESS (use guess energy)        :  F
 EMIN_XI_VALUE (xi parameter)             :  1.0
 MAKEMOVIE                                :  F
 FORCES                                   :  F

 BEGIN VMC CALCULATION
 =====================

 Running VMC equilibration (5000 moves).
 Performing time-step optimization.
 Optimized step size: 0.22417
 DTVMC: 0.01675

 Starting VMC.

 =========================================================================
 In block : 1
  Number of VMC steps           = 100000

  Block average energies (au)

  Total energy                       (au) =         -14.565569365373
  Standard error                        +/-           0.006391458874

  Constant energy contributions      (au) =           0.000000000000

  Variance of local energy           (au) =           4.085033803326
  Standard error                        +/-           0.000000000000

 Time taken in block    : : :       7.1134

 =========================================================================
 FINAL RESULT:

  VMC energy (au)    Standard error      Correction for serial correlation

 -14.565569365373 +/- 0.006391458874      No correction
 -14.565569365373 +/- 0.008506275738      Correlation time method
 -14.565569365373 +/- 0.007177903068      On-the-fly reblocking method

 Sample variance of E_L (au^2/sim.cell) : 4.085033803326


 ==========================================
 PERFORMING OPTIMIZATION CALCULATION No. 1.
 ==========================================


 Optimization start
 ==================
   Iteration     Total nfev        Cost      Cost reduction    Step norm     Optimality
       0              1         7.6334e-01                                    1.24e+05
       1              2         6.7120e-02      6.96e-01       7.88e-02       2.51e+03
       2              3         2.3010e-02      4.41e-02       1.44e-01       3.32e+02
       3              4         1.6771e-02      6.24e-03       2.77e-01       3.02e+02
       4              5         1.4700e-02      2.07e-03       5.57e-01       1.29e+03
       5              6         1.4020e-02      6.80e-04       7.21e-01       4.66e+01
       6              7         1.3848e-02      1.72e-04       1.51e+00       1.58e+03
       7              8         1.3725e-02      1.23e-04       1.26e+00       1.44e+02
       8              9         1.3719e-02      6.11e-06       1.65e+00       2.17e+01
`ftol` termination condition is satisfied.
Function evaluations 9, initial cost 7.6334e-01, final cost 1.3719e-02, first-order optimality 2.17e+01.
Norm of Jacobian at the solution: 4.90487e-13

 BEGIN VMC CALCULATION
 =====================

 Running VMC equilibration (5000 moves).
 Performing time-step optimization.
 Optimized step size: 0.22294
 DTVMC: 0.01657

 Starting VMC.

 =========================================================================
 In block : 1
  Number of VMC steps           = 100000

  Block average energies (au)

  Total energy                       (au) =         -14.643456334828
  Standard error                        +/-           0.000359770093

  Constant energy contributions      (au) =           0.000000000000

  Variance of local energy           (au) =           0.012943322573
  Standard error                        +/-           0.000000000000

 Time taken in block    : : :       7.5518

 =========================================================================
 FINAL RESULT:

  VMC energy (au)    Standard error      Correction for serial correlation

 -14.643456334828 +/- 0.000359770093      No correction
 -14.643456334828 +/- 0.001443205473      Correlation time method
 -14.643456334828 +/- 0.001931645521      On-the-fly reblocking method

 Sample variance of E_L (au^2/sim.cell) : 0.012943322573


 ==========================================
 PERFORMING OPTIMIZATION CALCULATION No. 2.
 ==========================================


 Optimization start
 ==================
   Iteration     Total nfev        Cost      Cost reduction    Step norm     Optimality
       0              1         1.3762e-02                                    6.54e+02
       1              5         1.2842e-02      9.20e-04       1.79e-01       6.15e+02
       2              7         1.2728e-02      1.14e-04       1.19e-01       2.05e+02
       3              8         1.2706e-02      2.18e-05       2.09e-01       1.12e+03
`ftol` termination condition is satisfied.
Function evaluations 8, initial cost 1.3762e-02, final cost 1.2706e-02, first-order optimality 1.12e+03.
Norm of Jacobian at the solution: 4.02188e-13

 BEGIN VMC CALCULATION
 =====================

 Running VMC equilibration (5000 moves).
 Performing time-step optimization.
 Optimized step size: 0.22779
 DTVMC: 0.01730

 Starting VMC.

 =========================================================================
 In block : 1
  Number of VMC steps           = 100000

  Block average energies (au)

  Total energy                       (au) =         -14.646497305713
  Standard error                        +/-           0.000351380895

  Constant energy contributions      (au) =           0.000000000000

  Variance of local energy           (au) =           0.012346729861
  Standard error                        +/-           0.000000000000

 Time taken in block    : : :       6.7372

 =========================================================================
 FINAL RESULT:

  VMC energy (au)    Standard error      Correction for serial correlation

 -14.646497305713 +/- 0.000351380895      No correction
 -14.646497305713 +/- 0.001426831033      Correlation time method
 -14.646497305713 +/- 0.001772182783      On-the-fly reblocking method

 Sample variance of E_L (au^2/sim.cell) : 0.012346729861


 =========================================================================

 Total PyCasino real time : : :    989.0373
