
 ------------------------------------------------------------------------------
 ########::'##:::'##::'######:::::'###:::::'######::'####:'##::: ##::'#######::
 ##.... ##:. ##:'##::'##... ##:::'## ##:::'##... ##:. ##:: ###:: ##:'##.... ##:
 ##:::: ##::. ####::: ##:::..:::'##:. ##:: ##:::..::: ##:: ####: ##: ##:::: ##:
 ########::::. ##:::: ##:::::::'##:::. ##:. ######::: ##:: ## ## ##: ##:::: ##:
 ##.....:::::: ##:::: ##::::::: #########::..... ##:: ##:: ##. ####: ##:::: ##:
 ##::::::::::: ##:::: ##::: ##: ##.... ##:'##::: ##:: ##:: ##:. ###: ##:::: ##:
 ##::::::::::: ##::::. ######:: ##:::: ##:. ######::'####: ##::. ##:. #######::
 .::::::::::::..::::::......:::..:::::..:::......:::....::..::::..:::.......:::

                     Python Quantum Monte Carlo Package
                        v 0.4.0 [Vladimir Konkov]

    Main Author : Vladimir Konkov
 ------------------------------------------------------------------------------
 Started 2026/08/02 18:03:06

 Python 3.12.3 (main, Jun 19 2026, 12:46:00) [GCC 13.3.0]
 Numba 0.63.1
 Numpy 2.2.6
 Scipy 1.13.1

 Running in parallel using 4 MPI processes.

 General input parameters
 ========================
 NEU (num up spin electrons)              :  5
 NED (num down spin electrons)            :  5
 RUNTYPE (type of run)                    :  vmc
 PSI_S  (form for [anti]symmetrizing wfn) :  slater
 ATOM_BASIS_TYPE (atom-centred orb basis) :  gaussian
 INTERACTION (interaction type)           :  coulomb
 TESTRUN (read input data,print and stop) :  F
 PERIODIC                                 :  F
 COMPLEX_WF (complex Slater wave fn.)     :  F
 NEIGHPRINT (neighbour analysis)          :  0
 USE_JASTROW (use Jastrow factor)         :  F
 BACKFLOW (use backflow corrections)      :  F
 USE_ORBMODS (use orbitals modifications) :  F
 CUSP_CORRECTION                          :  T
 NON_LOCAL_GRID (NL integration grid)     :  4
 E_OFFSET (energy offset)                 :  0.0000
 GAUTOL  (Gaussian evaluation tolerance)  :  7.0
 SPARSE                                   :  F
 DIPOLE_MOMENT                            :  F
 RELATIVISTIC                             :  F

 VMC input parameters
 ====================
 NEWRUN (start new run)                   :  T
 VMC_METHOD (choice of VMC algorithm)     :  3
 DTVMC (VMC time step)                    :  0.02
 OPT_DTVMC (VMC time-step optimization)   :  T
 VMC_NSTEP (num VMC steps)                :  10000000
 VMC_NCONFIG_WRITE (num configs to write) :  0
 VMC_NBLOCK (num VMC blocks)              :  1
 VMC_EQUIL_NSTEP (num equil steps)        :  5000
 VMC_DECORR_PERIOD (length of inner loop) :  1
 VMC_AVE_PERIOD (hist reduction factor)   :  1
 VMC_SAMPLING                             :  standard
 MAKEMOVIE                                :  F
 FORCES                                   :  F

 Gaussian cusp correction
 ========================
 Activated.

 Verbose print out flagged (turn off with cusp_info : F)

 Spin restricted calculation.

 Orbital 1 at position of ion 1
 Sign of orbital at nucleus                : negative
 Cusp radius (au)                          :   0.989000000000
 Value of uncorrected orbital at nucleus   :  -0.000478361855
 Value of s part of orbital at nucleus     :  -0.000643683268
 Optimum corrected s orbital at nucleus    :  -0.000709134354
 Maximum deviation from ideal local energy :   0.145171765895
 Effective nuclear charge                  :   0.766868700640

 Orbital 2 at position of ion 1
 Sign of orbital at nucleus                : negative
 Cusp radius (au)                          :   0.762500000000
 Value of uncorrected orbital at nucleus   :  -0.128283806139
 Value of s part of orbital at nucleus     :  -0.093067049812
 Optimum corrected s orbital at nucleus    :  -0.098262928037
 Maximum deviation from ideal local energy :   0.010518617883
 Effective nuclear charge                  :   1.358393109491

 Orbital 3 at position of ion 1
 Sign of orbital at nucleus                : positive
 Cusp radius (au)                          :   0.828000000000
 Value of uncorrected orbital at nucleus   :   0.152425691410
 Value of s part of orbital at nucleus     :   0.127165332304
 Optimum corrected s orbital at nucleus    :   0.133875212590
 Maximum deviation from ideal local energy :   0.014588364416
 Effective nuclear charge                  :   1.188685856152

 Orbital 4 at position of ion 1
 Sign of orbital at nucleus                : negative
 Cusp radius (au)                          :   0.828000000000
 Value of uncorrected orbital at nucleus   :  -0.152425691409
 Value of s part of orbital at nucleus     :  -0.127165332304
 Optimum corrected s orbital at nucleus    :  -0.133875212590
 Maximum deviation from ideal local energy :   0.014588364417
 Effective nuclear charge                  :   1.188685856151

 Orbital 5 at position of ion 1
 Sign of orbital at nucleus                : negative
 Cusp radius (au)                          :   0.828000000000
 Value of uncorrected orbital at nucleus   :  -0.152425691410
 Value of s part of orbital at nucleus     :  -0.127165332304
 Optimum corrected s orbital at nucleus    :  -0.133875212590
 Maximum deviation from ideal local energy :   0.014588364416
 Effective nuclear charge                  :   1.188685856154

 Orbital 1 at position of ion 2
 Sign of orbital at nucleus                : negative
 Cusp radius (au)                          :   0.079000000000
 Value of uncorrected orbital at nucleus   :  -4.789193887058
 Value of s part of orbital at nucleus     :  -4.788368263746
 Optimum corrected s orbital at nucleus    :  -4.835004267254
 Maximum deviation from ideal local energy :   0.041499615154
 Effective nuclear charge                  :   6.001024557498

 Orbital 2 at position of ion 2
 Sign of orbital at nucleus                : positive
 Cusp radius (au)                          :   0.107000000000
 Value of uncorrected orbital at nucleus   :   0.861168543108
 Value of s part of orbital at nucleus     :   0.888271398851
 Optimum corrected s orbital at nucleus    :   0.895878457833
 Maximum deviation from ideal local energy :   0.056893880385
 Effective nuclear charge                  :   5.818483039704

 Orbital 3 at position of ion 2
 Orbital s component effectively zero at this nucleus.

 Orbital 4 at position of ion 2
 Orbital s component effectively zero at this nucleus.

 Orbital 5 at position of ion 2
 Orbital s component effectively zero at this nucleus.

 Orbital 1 at position of ion 3
 Sign of orbital at nucleus                : negative
 Cusp radius (au)                          :   0.989000000000
 Value of uncorrected orbital at nucleus   :  -0.000478361855
 Value of s part of orbital at nucleus     :  -0.000643683268
 Optimum corrected s orbital at nucleus    :  -0.000709134354
 Maximum deviation from ideal local energy :   0.145171765895
 Effective nuclear charge                  :   0.766868700640

 Orbital 2 at position of ion 3
 Sign of orbital at nucleus                : negative
 Cusp radius (au)                          :   0.762500000000
 Value of uncorrected orbital at nucleus   :  -0.128283806139
 Value of s part of orbital at nucleus     :  -0.093067049812
 Optimum corrected s orbital at nucleus    :  -0.098262928037
 Maximum deviation from ideal local energy :   0.010518617883
 Effective nuclear charge                  :   1.358393109491

 Orbital 3 at position of ion 3
 Sign of orbital at nucleus                : negative
 Cusp radius (au)                          :   0.828000000000
 Value of uncorrected orbital at nucleus   :  -0.152425691410
 Value of s part of orbital at nucleus     :  -0.127165332304
 Optimum corrected s orbital at nucleus    :  -0.133875212590
 Maximum deviation from ideal local energy :   0.014588364416
 Effective nuclear charge                  :   1.188685856152

 Orbital 4 at position of ion 3
 Sign of orbital at nucleus                : negative
 Cusp radius (au)                          :   0.828000000000
 Value of uncorrected orbital at nucleus   :  -0.152425691409
 Value of s part of orbital at nucleus     :  -0.127165332304
 Optimum corrected s orbital at nucleus    :  -0.133875212590
 Maximum deviation from ideal local energy :   0.014588364417
 Effective nuclear charge                  :   1.188685856151

 Orbital 5 at position of ion 3
 Sign of orbital at nucleus                : positive
 Cusp radius (au)                          :   0.828000000000
 Value of uncorrected orbital at nucleus   :   0.152425691410
 Value of s part of orbital at nucleus     :   0.127165332304
 Optimum corrected s orbital at nucleus    :   0.133875212590
 Maximum deviation from ideal local energy :   0.014588364416
 Effective nuclear charge                  :   1.188685856154

 Orbital 1 at position of ion 4
 Sign of orbital at nucleus                : negative
 Cusp radius (au)                          :   0.989000000000
 Value of uncorrected orbital at nucleus   :  -0.000478361855
 Value of s part of orbital at nucleus     :  -0.000643683268
 Optimum corrected s orbital at nucleus    :  -0.000709134354
 Maximum deviation from ideal local energy :   0.145171765895
 Effective nuclear charge                  :   0.766868700640

 Orbital 2 at position of ion 4
 Sign of orbital at nucleus                : negative
 Cusp radius (au)                          :   0.762500000000
 Value of uncorrected orbital at nucleus   :  -0.128283806139
 Value of s part of orbital at nucleus     :  -0.093067049812
 Optimum corrected s orbital at nucleus    :  -0.098262928037
 Maximum deviation from ideal local energy :   0.010518617883
 Effective nuclear charge                  :   1.358393109491

 Orbital 3 at position of ion 4
 Sign of orbital at nucleus                : positive
 Cusp radius (au)                          :   0.828000000000
 Value of uncorrected orbital at nucleus   :   0.152425691410
 Value of s part of orbital at nucleus     :   0.127165332304
 Optimum corrected s orbital at nucleus    :   0.133875212590
 Maximum deviation from ideal local energy :   0.014588364416
 Effective nuclear charge                  :   1.188685856152

 Orbital 4 at position of ion 4
 Sign of orbital at nucleus                : positive
 Cusp radius (au)                          :   0.828000000000
 Value of uncorrected orbital at nucleus   :   0.152425691409
 Value of s part of orbital at nucleus     :   0.127165332304
 Optimum corrected s orbital at nucleus    :   0.133875212590
 Maximum deviation from ideal local energy :   0.014588364417
 Effective nuclear charge                  :   1.188685856151

 Orbital 5 at position of ion 4
 Sign of orbital at nucleus                : positive
 Cusp radius (au)                          :   0.828000000000
 Value of uncorrected orbital at nucleus   :   0.152425691410
 Value of s part of orbital at nucleus     :   0.127165332304
 Optimum corrected s orbital at nucleus    :   0.133875212590
 Maximum deviation from ideal local energy :   0.014588364416
 Effective nuclear charge                  :   1.188685856154

 Orbital 1 at position of ion 5
 Sign of orbital at nucleus                : negative
 Cusp radius (au)                          :   0.989000000000
 Value of uncorrected orbital at nucleus   :  -0.000478361855
 Value of s part of orbital at nucleus     :  -0.000643683268
 Optimum corrected s orbital at nucleus    :  -0.000709134354
 Maximum deviation from ideal local energy :   0.145171765895
 Effective nuclear charge                  :   0.766868700640

 Orbital 2 at position of ion 5
 Sign of orbital at nucleus                : negative
 Cusp radius (au)                          :   0.762500000000
 Value of uncorrected orbital at nucleus   :  -0.128283806139
 Value of s part of orbital at nucleus     :  -0.093067049812
 Optimum corrected s orbital at nucleus    :  -0.098262928037
 Maximum deviation from ideal local energy :   0.010518617883
 Effective nuclear charge                  :   1.358393109491

 Orbital 3 at position of ion 5
 Sign of orbital at nucleus                : negative
 Cusp radius (au)                          :   0.828000000000
 Value of uncorrected orbital at nucleus   :  -0.152425691410
 Value of s part of orbital at nucleus     :  -0.127165332304
 Optimum corrected s orbital at nucleus    :  -0.133875212590
 Maximum deviation from ideal local energy :   0.014588364416
 Effective nuclear charge                  :   1.188685856152

 Orbital 4 at position of ion 5
 Sign of orbital at nucleus                : positive
 Cusp radius (au)                          :   0.828000000000
 Value of uncorrected orbital at nucleus   :   0.152425691409
 Value of s part of orbital at nucleus     :   0.127165332304
 Optimum corrected s orbital at nucleus    :   0.133875212590
 Maximum deviation from ideal local energy :   0.014588364417
 Effective nuclear charge                  :   1.188685856151

 Orbital 5 at position of ion 5
 Sign of orbital at nucleus                : negative
 Cusp radius (au)                          :   0.828000000000
 Value of uncorrected orbital at nucleus   :  -0.152425691410
 Value of s part of orbital at nucleus     :  -0.127165332304
 Optimum corrected s orbital at nucleus    :  -0.133875212590
 Maximum deviation from ideal local energy :   0.014588364416
 Effective nuclear charge                  :   1.188685856154

 Maximum deviation from ideal (averaged over orbitals) :   0.040737063802.

 ====================================
 PERFORMING A SINGLE VMC CALCULATION.
 ====================================


 BEGIN VMC CALCULATION
 =====================

 Running VMC equilibration (5000 moves).
 Performing time-step optimization.
 Optimized step size: 0.13788
 DTVMC: 0.00634

 Starting VMC.

 =========================================================================
 In block : 1
  Number of VMC steps           = 10000000

  Block average energies (au)

  Total energy                       (au) =         -40.214692026989
  Standard error                        +/-           0.000930205081

  Constant energy contributions      (au) =          13.461323849021

  Variance of local energy           (au) =           8.652814066223
  Standard error                        +/-           0.000000000000

 Time taken in block    : : :       334.0781

 =========================================================================
 FINAL RESULT:

  VMC energy (au)    Standard error      Correction for serial correlation

 -40.214692026989 +/- 0.000930205081      No correction
 -40.214692026989 +/- 0.003302497450      Correlation time method
 -40.214692026989 +/- 0.005026481425      On-the-fly reblocking method

 Sample variance of E_L (au^2/sim.cell) : 8.652814066223


 =========================================================================

 Total PyCasino real time : : :    348.0975
