
 ------------------------------------------------------------------------------
 ########::'##:::'##::'######:::::'###:::::'######::'####:'##::: ##::'#######::
 ##.... ##:. ##:'##::'##... ##:::'## ##:::'##... ##:. ##:: ###:: ##:'##.... ##:
 ##:::: ##::. ####::: ##:::..:::'##:. ##:: ##:::..::: ##:: ####: ##: ##:::: ##:
 ########::::. ##:::: ##:::::::'##:::. ##:. ######::: ##:: ## ## ##: ##:::: ##:
 ##.....:::::: ##:::: ##::::::: #########::..... ##:: ##:: ##. ####: ##:::: ##:
 ##::::::::::: ##:::: ##::: ##: ##.... ##:'##::: ##:: ##:: ##:. ###: ##:::: ##:
 ##::::::::::: ##::::. ######:: ##:::: ##:. ######::'####: ##::. ##:. #######::
 .::::::::::::..::::::......:::..:::::..:::......:::....::..::::..:::.......:::

                     Python Quantum Monte Carlo Package
                        v 0.4.0 [Vladimir Konkov]

    Main Author : Vladimir Konkov
 ------------------------------------------------------------------------------
 Started 2026/08/15 16:37:51

 Python 3.12.3 (main, Jun 19 2026, 12:46:00) [GCC 13.3.0]
 Numba 0.63.1
 Numpy 2.2.6
 Scipy 1.13.1

 Running in parallel using 4 MPI processes.

 General input parameters
 ========================
 NEU (num up spin electrons)              :  12
 NED (num down spin electrons)            :  12
 RUNTYPE (type of run)                    :  vmc
 PSI_S  (form for [anti]symmetrizing wfn) :  slater
 ATOM_BASIS_TYPE (atom-centred orb basis) :  slater-type
 INTERACTION (interaction type)           :  coulomb
 TESTRUN (read input data,print and stop) :  F
 PERIODIC                                 :  F
 COMPLEX_WF (complex Slater wave fn.)     :  F
 NEIGHPRINT (neighbour analysis)          :  0
 USE_JASTROW (use Jastrow factor)         :  F
 BACKFLOW (use backflow corrections)      :  F
 USE_ORBMODS (use orbitals modifications) :  F
 CUSP_CORRECTION                          :  F
 NON_LOCAL_GRID (NL integration grid)     :  4
 E_OFFSET (energy offset)                 :  0.0000
 GAUTOL  (Gaussian evaluation tolerance)  :  7.0
 SPARSE                                   :  F
 DIPOLE_MOMENT                            :  F
 RELATIVISTIC                             :  F

 VMC input parameters
 ====================
 NEWRUN (start new run)                   :  T
 VMC_METHOD (choice of VMC algorithm)     :  3
 DTVMC (VMC time step)                    :  0.02
 OPT_DTVMC (VMC time-step optimization)   :  T
 VMC_NSTEP (num VMC steps)                :  100000000
 VMC_NCONFIG_WRITE (num configs to write) :  0
 VMC_NBLOCK (num VMC blocks)              :  10
 VMC_EQUIL_NSTEP (num equil steps)        :  5000
 VMC_DECORR_PERIOD (length of inner loop) :  10
 VMC_AVE_PERIOD (hist reduction factor)   :  1
 VMC_SAMPLING                             :  standard
 MAKEMOVIE                                :  F
 FORCES                                   :  F

 ====================================
 PERFORMING A SINGLE VMC CALCULATION.
 ====================================


 BEGIN VMC CALCULATION
 =====================

 Running VMC equilibration (5000 moves).
 Performing time-step optimization.
 DTVMC: 1.07224e-03

 Starting VMC.

 =========================================================================
 In block : 1
  Number of VMC steps           = 10000000

  Block average energies (au)

  Total energy                       (au) =        -224.357730929588
  Standard error                        +/-           0.002224598721

  Constant energy contributions      (au) =          69.027000022559

  Variance of local energy           (au) =          49.488389739768
  Standard error                        +/-           0.000000000000

 Time taken in block    : : :       1451.6687

 =========================================================================
 In block : 2
  Number of VMC steps           = 10000000

  Block average energies (au)

  Total energy                       (au) =        -224.372674282412
  Standard error                        +/-           0.002215798055

  Constant energy contributions      (au) =          69.027000022559

  Variance of local energy           (au) =          49.097605294975
  Standard error                        +/-           0.000000000000

 Time taken in block    : : :       1440.5030

 =========================================================================
 In block : 3
  Number of VMC steps           = 10000000

  Block average energies (au)

  Total energy                       (au) =        -224.353493404547
  Standard error                        +/-           0.002251965183

  Constant energy contributions      (au) =          69.027000022559

  Variance of local energy           (au) =          50.713466783828
  Standard error                        +/-           0.000000000000

 Time taken in block    : : :       1433.3278

 =========================================================================
 In block : 4
  Number of VMC steps           = 10000000

  Block average energies (au)

  Total energy                       (au) =        -224.359712313447
  Standard error                        +/-           0.002221105802

  Constant energy contributions      (au) =          69.027000022559

  Variance of local energy           (au) =          49.333104894875
  Standard error                        +/-           0.000000000000

 Time taken in block    : : :       1433.5571

 =========================================================================
 In block : 5
  Number of VMC steps           = 10000000

  Block average energies (au)

  Total energy                       (au) =        -224.360861104961
  Standard error                        +/-           0.002230405342

  Constant energy contributions      (au) =          69.027000022559

  Variance of local energy           (au) =          49.747074908476
  Standard error                        +/-           0.000000000000

 Time taken in block    : : :       1433.9881

 =========================================================================
 In block : 6
  Number of VMC steps           = 10000000

  Block average energies (au)

  Total energy                       (au) =        -224.360444841172
  Standard error                        +/-           0.002240004311

  Constant energy contributions      (au) =          69.027000022559

  Variance of local energy           (au) =          50.176188121205
  Standard error                        +/-           0.000000000000

 Time taken in block    : : :       1432.0019

 =========================================================================
 In block : 7
  Number of VMC steps           = 10000000

  Block average energies (au)

  Total energy                       (au) =        -224.360887289074
  Standard error                        +/-           0.002220952134

  Constant energy contributions      (au) =          69.027000022559

  Variance of local energy           (au) =          49.326278881459
  Standard error                        +/-           0.000000000000

 Time taken in block    : : :       1429.6170

 =========================================================================
 In block : 8
  Number of VMC steps           = 10000000

  Block average energies (au)

  Total energy                       (au) =        -224.359000460844
  Standard error                        +/-           0.002228538763

  Constant energy contributions      (au) =          69.027000022559

  Variance of local energy           (au) =          49.663845228348
  Standard error                        +/-           0.000000000000

 Time taken in block    : : :       1429.4257

 =========================================================================
 In block : 9
  Number of VMC steps           = 10000000

  Block average energies (au)

  Total energy                       (au) =        -224.361775687495
  Standard error                        +/-           0.002225981098

  Constant energy contributions      (au) =          69.027000022559

  Variance of local energy           (au) =          49.549913514146
  Standard error                        +/-           0.000000000000

 Time taken in block    : : :       1442.9346

 =========================================================================
 In block : 10
  Number of VMC steps           = 10000000

  Block average energies (au)

  Total energy                       (au) =        -224.368901182858
  Standard error                        +/-           0.002260196116

  Constant energy contributions      (au) =          69.027000022559

  Variance of local energy           (au) =          51.084859731980
  Standard error                        +/-           0.000000000000

 Time taken in block    : : :       1491.8907

 =========================================================================
 FINAL RESULT:

  VMC energy (au)    Standard error      Correction for serial correlation

 -224.361548149640 +/- 0.000705819383      No correction
 -224.361548149640 +/- 0.002212453086      Correlation time method
 -224.361548149640 +/- 0.002259245093      On-the-fly reblocking method

 Sample variance of E_L (au^2/sim.cell) : 49.818099644592


 =========================================================================

 Total PyCasino real time : : :    14494.8180
