
 ------------------------------------------------------------------------------
 ########::'##:::'##::'######:::::'###:::::'######::'####:'##::: ##::'#######::
 ##.... ##:. ##:'##::'##... ##:::'## ##:::'##... ##:. ##:: ###:: ##:'##.... ##:
 ##:::: ##::. ####::: ##:::..:::'##:. ##:: ##:::..::: ##:: ####: ##: ##:::: ##:
 ########::::. ##:::: ##:::::::'##:::. ##:. ######::: ##:: ## ## ##: ##:::: ##:
 ##.....:::::: ##:::: ##::::::: #########::..... ##:: ##:: ##. ####: ##:::: ##:
 ##::::::::::: ##:::: ##::: ##: ##.... ##:'##::: ##:: ##:: ##:. ###: ##:::: ##:
 ##::::::::::: ##::::. ######:: ##:::: ##:. ######::'####: ##::. ##:. #######::
 .::::::::::::..::::::......:::..:::::..:::......:::....::..::::..:::.......:::

                     Python Quantum Monte Carlo Package
                        v 0.4.0 [Vladimir Konkov]

    Main Author : Vladimir Konkov
 ------------------------------------------------------------------------------
 Started 2026/08/11 21:56:49

 Python 3.12.3 (main, Jun 19 2026, 12:46:00) [GCC 13.3.0]
 Numba 0.63.1
 Numpy 2.2.6
 Scipy 1.13.1

 Running in parallel using 4 MPI processes.

 General input parameters
 ========================
 NEU (num up spin electrons)              :  2
 NED (num down spin electrons)            :  2
 RUNTYPE (type of run)                    :  vmc_opt
 PSI_S  (form for [anti]symmetrizing wfn) :  slater
 ATOM_BASIS_TYPE (atom-centred orb basis) :  slater-type
 INTERACTION (interaction type)           :  coulomb
 TESTRUN (read input data,print and stop) :  F
 PERIODIC                                 :  F
 COMPLEX_WF (complex Slater wave fn.)     :  F
 NEIGHPRINT (neighbour analysis)          :  0
 USE_JASTROW (use Jastrow factor)         :  T
 BACKFLOW (use backflow corrections)      :  F
 USE_ORBMODS (use orbitals modifications) :  F
 CUSP_CORRECTION                          :  F
 NON_LOCAL_GRID (NL integration grid)     :  4
 E_OFFSET (energy offset)                 :  0.0000
 GAUTOL  (Gaussian evaluation tolerance)  :  7.0
 SPARSE                                   :  F
 DIPOLE_MOMENT                            :  F
 RELATIVISTIC                             :  F

 VMC/optimization input parameters
 ====================
 NEWRUN (start new run)                   :  T
 VMC_METHOD (choice of VMC algorithm)     :  3
 DTVMC (VMC time step)                    :  0.02
 OPT_DTVMC (VMC time-step optimization)   :  T
 VMC_NSTEP (num VMC steps)                :  1000000
 VMC_NCONFIG_WRITE (num configs to write) :  1000000
 VMC_NBLOCK (num VMC blocks)              :  1
 VMC_EQUIL_NSTEP (num equil steps)        :  5000
 VMC_DECORR_PERIOD (length of inner loop) :  10
 VMC_AVE_PERIOD (hist reduction factor)   :  1
 VMC_SAMPLING                             :  standard
 OPT_CYCLES (num optimization cycles)     :  4
 POSTFIT_VMC (perform post-fit VMC calc)  :  T
 POSTFIT_KEEP_CFG (keep post-fit VMC cfgs):  F
 OPT_NOCTF_CYCLES (fixed cutoff cycles)   :  0
 OPT_INFO (information level)             :  2
 OPT_JASTROW (opt Jastrow factor)         :  T
 OPT_DET_COEFF (opt det coeffs)           :  F
 OPT_ORBITALS (opt orbitals)              :  F
 OPT_BACKFLOW (opt backflow params)       :  F
 OPT_FIXNL (fix nonlocal energy)          :  F
 OPT_MAXITER (max num iterations)         :  10
 OPT_MAXEVAL (max num evaluations)        :  200
 VM_SMOOTH_LIMITS (smooth limiting)       :  F
 VM_REWEIGHT (reweighting)                :  F
 VM_FILTER (filter outlying configs)      :  T
 VM_USE_E_GUESS (use guess energy)        :  F
 EMIN_XI_VALUE (xi parameter)             :  1.0
 VM_FILTER_THRES (filter threshold)       :  4.0
 MAKEMOVIE                                :  F
 FORCES                                   :  F

 BEGIN VMC CALCULATION
 =====================

 Running VMC equilibration (5000 moves).
 Performing time-step optimization.
 Optimized step size: 0.23258
 DTVMC: 0.01803

 Starting VMC.

 =========================================================================
 In block : 1
  Number of VMC steps           = 1000000

  Block average energies (au)

  Total energy                       (au) =         -14.573848274532
  Standard error                        +/-           0.001688174120

  Constant energy contributions      (au) =           0.000000000000

  Variance of local energy           (au) =           2.849929010707
  Standard error                        +/-           0.000000000000

 Time taken in block    : : :       26.1493

 =========================================================================
 FINAL RESULT:

  VMC energy (au)    Standard error      Correction for serial correlation

 -14.573848274532 +/- 0.001688174120      No correction
 -14.573848274532 +/- 0.002528849889      Correlation time method
 -14.573848274532 +/- 0.002145371406      On-the-fly reblocking method

 Sample variance of E_L (au^2/sim.cell) : 2.849929010707


 ==========================================
 PERFORMING OPTIMIZATION CALCULATION No. 1.
 ==========================================


 Optimization start
 ==================
   Iteration     Total nfev        Cost      Cost reduction    Step norm     Optimality
       0              1         8.5701e-01                                    5.52e+07
       1              2         1.7298e-01      6.84e-01       5.51e-04       1.88e+07
       2              3         7.8676e-02      9.43e-02       1.78e-03       1.38e+06
       3              4         4.8539e-02      3.01e-02       1.42e-03       6.18e+05
       4              5         3.4042e-02      1.45e-02       1.85e-03       1.68e+05
       5              6         2.9254e-02      4.79e-03       1.77e-03       2.82e+04
       6              7         2.7646e-02      1.61e-03       1.46e-03       2.28e+04
       7              8         2.7646e-02      3.53e-07       6.56e-05       4.87e+02
`ftol` termination condition is satisfied.
Function evaluations 8, initial cost 8.5701e-01, final cost 2.7646e-02, first-order optimality 4.87e+02.
 Norm of Jacobian at the solution: 1.36570e+02

 BEGIN VMC CALCULATION
 =====================

 Running VMC equilibration (5000 moves).
 Performing time-step optimization.
 Optimized step size: 0.22693
 DTVMC: 0.01717

 Starting VMC.

 =========================================================================
 In block : 1
  Number of VMC steps           = 1000000

  Block average energies (au)

  Total energy                       (au) =         -14.645433478456
  Standard error                        +/-           0.000160019171

  Constant energy contributions      (au) =           0.000000000000

  Variance of local energy           (au) =           0.025606109459
  Standard error                        +/-           0.000000000000

 Time taken in block    : : :       32.4161

 =========================================================================
 FINAL RESULT:

  VMC energy (au)    Standard error      Correction for serial correlation

 -14.645433478456 +/- 0.000160019171      No correction
 -14.645433478456 +/- 0.000555446750      Correlation time method
 -14.645433478456 +/- 0.000570555079      On-the-fly reblocking method

 Sample variance of E_L (au^2/sim.cell) : 0.025606109459


 ==========================================
 PERFORMING OPTIMIZATION CALCULATION No. 2.
 ==========================================


 Optimization start
 ==================
 E_0 -14.64418161 minimal allowed energy -15.27876572 serial correlation factor 3.69
 Trust radius max|delta p| < 0.2 reached at level shift 1.17e-03
   Level shift          E_lin        max|dp| max|dlog(psi)|         E_corr       Penalty         Target
           inf                                                -14.64418161    0.00175817   -14.64242344
      1.17e-03   -14.65040606     2.0000e-01     1.2431e-01   -14.65032075    0.00221566   -14.64810509
      1.17e-02   -14.64988949     1.5165e-01     6.9283e-02   -14.64996805    0.00212238   -14.64784568
      1.17e-01   -14.64889825     5.5565e-02     2.8104e-02   -14.64924648    0.00200394   -14.64724255
      1.17e+00   -14.64737889     1.1549e-02     8.4293e-03   -14.64804217    0.00198052   -14.64606164
 Best level shift is the smallest scanned one, the trust radius may be too large
 Optimization end
 ================
 Norm of scaled energy gradient at the starting point: 3.35417e-01
 Level shift 1.17e-03, target -14.64242344 -> -14.64810509, gain 0.00568165.
 Scaled delta p over 79 of 79 parameters: norm 3.4405e-01, rms 3.8709e-02, max 1.2431e-01

 BEGIN VMC CALCULATION
 =====================

 Running VMC equilibration (5000 moves).
 Performing time-step optimization.
 Optimized step size: 0.23073
 DTVMC: 0.01774

 Starting VMC.

 =========================================================================
 In block : 1
  Number of VMC steps           = 1000000

  Block average energies (au)

  Total energy                       (au) =         -14.649983128375
  Standard error                        +/-           0.000198668498

  Constant energy contributions      (au) =           0.000000000000

  Variance of local energy           (au) =           0.039469132808
  Standard error                        +/-           0.000000000000

 Time taken in block    : : :       31.5533

 =========================================================================
 FINAL RESULT:

  VMC energy (au)    Standard error      Correction for serial correlation

 -14.649983128375 +/- 0.000198668498      No correction
 -14.649983128375 +/- 0.000502380649      Correlation time method
 -14.649983128375 +/- 0.000429661658      On-the-fly reblocking method

 Sample variance of E_L (au^2/sim.cell) : 0.039469132808


 ==========================================
 PERFORMING OPTIMIZATION CALCULATION No. 3.
 ==========================================


 Optimization start
 ==================
 E_0 -14.64989826 minimal allowed energy -15.44952540 serial correlation factor 2.20
 Trust radius max|delta p| < 0.2 reached at level shift 9.41e-04
   Level shift          E_lin        max|dp| max|dlog(psi)|         E_corr       Penalty         Target
           inf                                                -14.64989826    0.00131860   -14.64857966
      9.41e-04   -14.65021904     2.0000e-01     7.7622e-02   -14.65028538    0.00135996   -14.64892542
      9.41e-03   -14.65011532     6.1892e-02     1.5070e-02   -14.65014396    0.00137150   -14.64877247
      9.41e-02   -14.65006171     2.6589e-02     4.8828e-03   -14.65008534    0.00135121   -14.64873413
      9.41e-01   -14.64997403     8.3896e-03     1.5403e-03   -14.64999817    0.00132773   -14.64867044
 Best level shift is the smallest scanned one, the trust radius may be too large
 Optimization end
 ================
 Norm of scaled energy gradient at the starting point: 8.45332e-02
 Level shift 9.41e-04, target -14.64857966 -> -14.64892542, gain 0.00034576.
 Scaled delta p over 79 of 79 parameters: norm 2.1957e-01, rms 2.4704e-02, max 7.7622e-02

 BEGIN VMC CALCULATION
 =====================

 Running VMC equilibration (5000 moves).
 Performing time-step optimization.
 Optimized step size: 0.22665
 DTVMC: 0.01712

 Starting VMC.

 =========================================================================
 In block : 1
  Number of VMC steps           = 1000000

  Block average energies (au)

  Total energy                       (au) =         -14.650783526459
  Standard error                        +/-           0.000206017956

  Constant energy contributions      (au) =           0.000000000000

  Variance of local energy           (au) =           0.042443355572
  Standard error                        +/-           0.000000000000

 Time taken in block    : : :       30.1530

 =========================================================================
 FINAL RESULT:

  VMC energy (au)    Standard error      Correction for serial correlation

 -14.650783526459 +/- 0.000206017956      No correction
 -14.650783526459 +/- 0.000499694422      Correlation time method
 -14.650783526459 +/- 0.000424122139      On-the-fly reblocking method

 Sample variance of E_L (au^2/sim.cell) : 0.042443355572


 ==========================================
 PERFORMING OPTIMIZATION CALCULATION No. 4.
 ==========================================


 Optimization start
 ==================
 E_0 -14.64983199 minimal allowed energy -15.47033059 serial correlation factor 2.07
 Trust radius max|delta p| < 0.2 reached at level shift 7.32e-04
   Level shift          E_lin        max|dp| max|dlog(psi)|         E_corr       Penalty         Target
           inf                                                -14.64983199    0.00127494   -14.64855704
      7.32e-04   -14.64987220     2.0000e-01     6.1962e-02   -14.64987654    0.00126732   -14.64860922
      7.32e-03   -14.64985355     4.9578e-02     8.5298e-03   -14.64986169    0.00127601   -14.64858568
      7.32e-02   -14.64984818     1.1797e-02     1.7666e-03   -14.64985022    0.00127778   -14.64857244
      7.32e-01   -14.64984811     2.3498e-03     3.6004e-04   -14.64984929    0.00127658   -14.64857271
 Best level shift is the smallest scanned one, the trust radius may be too large
 Optimization end
 ================
 Norm of scaled energy gradient at the starting point: 7.55848e-02
 Level shift 7.32e-04, target -14.64855704 -> -14.64860922, gain 0.00005218.
 Scaled delta p over 79 of 79 parameters: norm 1.6691e-01, rms 1.8779e-02, max 6.1962e-02

 BEGIN VMC CALCULATION
 =====================

 Running VMC equilibration (5000 moves).
 Performing time-step optimization.
 Optimized step size: 0.22476
 DTVMC: 0.01684

 Starting VMC.

 =========================================================================
 In block : 1
  Number of VMC steps           = 1000000

  Block average energies (au)

  Total energy                       (au) =         -14.650414498376
  Standard error                        +/-           0.000203823005

  Constant energy contributions      (au) =           0.000000000000

  Variance of local energy           (au) =           0.041543775789
  Standard error                        +/-           0.000000000000

 Time taken in block    : : :       25.9773

 =========================================================================
 FINAL RESULT:

  VMC energy (au)    Standard error      Correction for serial correlation

 -14.650414498376 +/- 0.000203823005      No correction
 -14.650414498376 +/- 0.000494593889      Correlation time method
 -14.650414498376 +/- 0.000421653612      On-the-fly reblocking method

 Sample variance of E_L (au^2/sim.cell) : 0.041543775789


 =========================================================================

 Total PyCasino real time : : :    888.7951
