
 ------------------------------------------------------------------------------
 ########::'##:::'##::'######:::::'###:::::'######::'####:'##::: ##::'#######::
 ##.... ##:. ##:'##::'##... ##:::'## ##:::'##... ##:. ##:: ###:: ##:'##.... ##:
 ##:::: ##::. ####::: ##:::..:::'##:. ##:: ##:::..::: ##:: ####: ##: ##:::: ##:
 ########::::. ##:::: ##:::::::'##:::. ##:. ######::: ##:: ## ## ##: ##:::: ##:
 ##.....:::::: ##:::: ##::::::: #########::..... ##:: ##:: ##. ####: ##:::: ##:
 ##::::::::::: ##:::: ##::: ##: ##.... ##:'##::: ##:: ##:: ##:. ###: ##:::: ##:
 ##::::::::::: ##::::. ######:: ##:::: ##:. ######::'####: ##::. ##:. #######::
 .::::::::::::..::::::......:::..:::::..:::......:::....::..::::..:::.......:::

                     Python Quantum Monte Carlo Package
                        v 0.4.0 [Vladimir Konkov]

    Main Author : Vladimir Konkov
 ------------------------------------------------------------------------------
 Started 2026/08/08 19:29:44

 Python 3.12.3 (main, Jun 19 2026, 12:46:00) [GCC 13.3.0]
 Numba 0.63.1
 Numpy 2.2.6
 Scipy 1.13.1

 Running in parallel using 4 MPI processes.

 General input parameters
 ========================
 NEU (num up spin electrons)              :  5
 NED (num down spin electrons)            :  2
 RUNTYPE (type of run)                    :  vmc_opt
 PSI_S  (form for [anti]symmetrizing wfn) :  slater
 ATOM_BASIS_TYPE (atom-centred orb basis) :  slater-type
 INTERACTION (interaction type)           :  coulomb
 TESTRUN (read input data,print and stop) :  F
 PERIODIC                                 :  F
 COMPLEX_WF (complex Slater wave fn.)     :  F
 NEIGHPRINT (neighbour analysis)          :  0
 USE_JASTROW (use Jastrow factor)         :  T
 BACKFLOW (use backflow corrections)      :  F
 USE_ORBMODS (use orbitals modifications) :  F
 CUSP_CORRECTION                          :  F
 NON_LOCAL_GRID (NL integration grid)     :  4
 E_OFFSET (energy offset)                 :  0.0000
 GAUTOL  (Gaussian evaluation tolerance)  :  7.0
 SPARSE                                   :  F
 DIPOLE_MOMENT                            :  F
 RELATIVISTIC                             :  F

 VMC/optimization input parameters
 ====================
 NEWRUN (start new run)                   :  T
 VMC_METHOD (choice of VMC algorithm)     :  3
 DTVMC (VMC time step)                    :  0.02
 OPT_DTVMC (VMC time-step optimization)   :  T
 VMC_NSTEP (num VMC steps)                :  1000000
 VMC_NCONFIG_WRITE (num configs to write) :  1000000
 VMC_NBLOCK (num VMC blocks)              :  1
 VMC_EQUIL_NSTEP (num equil steps)        :  5000
 VMC_DECORR_PERIOD (length of inner loop) :  10
 VMC_AVE_PERIOD (hist reduction factor)   :  1
 VMC_SAMPLING                             :  standard
 OPT_CYCLES (num optimization cycles)     :  2
 POSTFIT_VMC (perform post-fit VMC calc)  :  T
 POSTFIT_KEEP_CFG (keep post-fit VMC cfgs):  F
 OPT_NOCTF_CYCLES (fixed cutoff cycles)   :  0
 OPT_INFO (information level)             :  2
 OPT_JASTROW (opt Jastrow factor)         :  T
 OPT_DET_COEFF (opt det coeffs)           :  F
 OPT_ORBITALS (opt orbitals)              :  F
 OPT_BACKFLOW (opt backflow params)       :  F
 OPT_FIXNL (fix nonlocal energy)          :  T
 OPT_MAXITER (max num iterations)         :  10
 OPT_MAXEVAL (max num evaluations)        :  200
 VM_SMOOTH_LIMITS (smooth limiting)       :  F
 VM_REWEIGHT (reweighting)                :  F
 VM_FILTER (filter outlying configs)      :  F
 VM_USE_E_GUESS (use guess energy)        :  F
 EMIN_XI_VALUE (xi parameter)             :  1.0
 MAKEMOVIE                                :  F
 FORCES                                   :  F

 BEGIN VMC CALCULATION
 =====================

 Running VMC equilibration (5000 moves).
 Performing time-step optimization.
 Optimized step size: 0.11928
 DTVMC: 0.00474

 Starting VMC.

 =========================================================================
 In block : 1
  Number of VMC steps           = 1000000

  Block average energies (au)

  Total energy                       (au) =         -54.398143965013
  Standard error                        +/-           0.003360592129

  Constant energy contributions      (au) =           0.000000000000

  Variance of local energy           (au) =          11.293568161265
  Standard error                        +/-           0.000000000000

 Time taken in block    : : :       52.6935

 =========================================================================
 FINAL RESULT:

  VMC energy (au)    Standard error      Correction for serial correlation

 -54.398143965013 +/- 0.003360592129      No correction
 -54.398143965013 +/- 0.006086137472      Correlation time method
 -54.398143965013 +/- 0.004990725391      On-the-fly reblocking method

 Sample variance of E_L (au^2/sim.cell) : 11.293568161265


 ==========================================
 PERFORMING OPTIMIZATION CALCULATION No. 1.
 ==========================================


 Optimization start
 ==================
   Iteration     Total nfev        Cost      Cost reduction    Step norm     Optimality
       0              1         4.4162e+00                                    4.37e+05
       1              2         1.4364e+00      2.98e+00       2.26e-03       2.46e+04
       2              3         7.6763e-01      6.69e-01       3.59e-03       5.50e+03
       3              4         4.9874e-01      2.69e-01       1.11e-02       2.03e+03
       4              5         3.8581e-01      1.13e-01       1.60e-02       8.26e+02
       5              6         3.2030e-01      6.55e-02       2.74e-02       2.67e+02
       6              7         2.8265e-01      3.77e-02       2.92e-02       2.07e+02
       7              8         2.6857e-01      1.41e-02       3.55e-02       4.12e+01
       8              9         2.6809e-01      4.78e-04       4.91e-03       8.32e+00
`ftol` termination condition is satisfied.
Function evaluations 9, initial cost 4.4162e+00, final cost 2.6809e-01, first-order optimality 8.32e+00.
 Norm of Jacobian at the solution: 1.25071e+00

 BEGIN VMC CALCULATION
 =====================

 Running VMC equilibration (5000 moves).
 Performing time-step optimization.
 Optimized step size: 0.11844
 DTVMC: 0.00468

 Starting VMC.

 =========================================================================
 In block : 1
  Number of VMC steps           = 1000000

  Block average energies (au)

  Total energy                       (au) =         -54.560288936875
  Standard error                        +/-           0.000502780491

  Constant energy contributions      (au) =           0.000000000000

  Variance of local energy           (au) =           0.252787969323
  Standard error                        +/-           0.000000000000

 Time taken in block    : : :       50.8465

 =========================================================================
 FINAL RESULT:

  VMC energy (au)    Standard error      Correction for serial correlation

 -54.560288936875 +/- 0.000502780491      No correction
 -54.560288936875 +/- 0.001384363271      Correlation time method
 -54.560288936875 +/- 0.001211920326      On-the-fly reblocking method

 Sample variance of E_L (au^2/sim.cell) : 0.252787969323


 ==========================================
 PERFORMING OPTIMIZATION CALCULATION No. 2.
 ==========================================


 Optimization start
 ==================
   Iteration     Total nfev        Cost      Cost reduction    Step norm     Optimality
       0              1         2.1040e-01                                    1.66e+03
       1              4         2.0868e-01      1.73e-03       1.28e-01       2.50e+03
       2              5         2.0783e-01      8.47e-04       1.07e-01       1.54e+03
       3              6         2.0723e-01      5.97e-04       1.31e-01       1.63e+03
       4              7         2.0562e-01      1.61e-03       9.86e-02       6.09e+02
       5              8         2.0553e-01      8.92e-05       1.78e-01       1.20e+03
       6             10         2.0403e-01      1.51e-03       9.03e-02       1.36e+03
       7             11         2.0376e-01      2.73e-04       5.87e-02       5.58e+02
`ftol` termination condition is satisfied.
Function evaluations 11, initial cost 2.1040e-01, final cost 2.0376e-01, first-order optimality 5.58e+02.
 Norm of Jacobian at the solution: 4.59658e+00

 BEGIN VMC CALCULATION
 =====================

 Running VMC equilibration (5000 moves).
 Performing time-step optimization.
 Optimized step size: 0.11868
 DTVMC: 0.00470

 Starting VMC.

 =========================================================================
 In block : 1
  Number of VMC steps           = 1000000

  Block average energies (au)

  Total energy                       (au) =         -54.561128527598
  Standard error                        +/-           0.000505697606

  Constant energy contributions      (au) =           0.000000000000

  Variance of local energy           (au) =           0.255729813169
  Standard error                        +/-           0.000000000000

 Time taken in block    : : :       51.2593

 =========================================================================
 FINAL RESULT:

  VMC energy (au)    Standard error      Correction for serial correlation

 -54.561128527598 +/- 0.000505697606      No correction
 -54.561128527598 +/- 0.001398733119      Correlation time method
 -54.561128527598 +/- 0.001251795749      On-the-fly reblocking method

 Sample variance of E_L (au^2/sim.cell) : 0.255729813169


 =========================================================================

 Total PyCasino real time : : :    1816.3207
