
 ------------------------------------------------------------------------------
 ########::'##:::'##::'######:::::'###:::::'######::'####:'##::: ##::'#######::
 ##.... ##:. ##:'##::'##... ##:::'## ##:::'##... ##:. ##:: ###:: ##:'##.... ##:
 ##:::: ##::. ####::: ##:::..:::'##:. ##:: ##:::..::: ##:: ####: ##: ##:::: ##:
 ########::::. ##:::: ##:::::::'##:::. ##:. ######::: ##:: ## ## ##: ##:::: ##:
 ##.....:::::: ##:::: ##::::::: #########::..... ##:: ##:: ##. ####: ##:::: ##:
 ##::::::::::: ##:::: ##::: ##: ##.... ##:'##::: ##:: ##:: ##:. ###: ##:::: ##:
 ##::::::::::: ##::::. ######:: ##:::: ##:. ######::'####: ##::. ##:. #######::
 .::::::::::::..::::::......:::..:::::..:::......:::....::..::::..:::.......:::

                     Python Quantum Monte Carlo Package
                        v 0.4.0 [Vladimir Konkov]

    Main Author : Vladimir Konkov
 ------------------------------------------------------------------------------
 Started 2026/09/12 13:55:47

 Python 3.12.3 (main, Aug 31 2026, 10:18:26) [GCC 13.3.0]
 Numba 0.67.0
 Numpy 2.2.6
 Scipy 1.13.1

 Running in parallel using 4 MPI processes.

 Warning: keywords not read by pycasino: newrun periodic writeout_vmc_hist

 General input parameters
 ========================
 NEU (num up spin electrons)              :  2
 NED (num down spin electrons)            :  2
 RUNTYPE (type of run)                    :  vmc
 PSI_S  (form for [anti]symmetrizing wfn) :  slater
 ATOM_BASIS_TYPE (atom-centred orb basis) :  slater-type
 INTERACTION (interaction type)           :  coulomb
 TESTRUN (read input data,print and stop) :  F
 PERIODIC                                 :  F
 COMPLEX_WF (complex Slater wave fn.)     :  F
 NEIGHPRINT (neighbour analysis)          :  0
 USE_JASTROW (use Jastrow factor)         :  T
 BACKFLOW (use backflow corrections)      :  T
 USE_ORBMODS (use orbitals modifications) :  F
 CUSP_CORRECTION                          :  F
 NON_LOCAL_GRID (NL integration grid)     :  4
 E_OFFSET (energy offset)                 :  0.0000
 GAUTOL  (Gaussian evaluation tolerance)  :  7.0
 SPARSE                                   :  F
 DIPOLE_MOMENT                            :  F
 RELATIVISTIC                             :  F

 VMC input parameters
 ====================
 NEWRUN (start new run)                   :  T
 VMC_METHOD (choice of VMC algorithm)     :  3
 DTVMC (VMC time step)                    :  0.02
 OPT_DTVMC (VMC time-step optimization)   :  1
 VMC_NSTEP (num VMC steps)                :  10000000
 VMC_NCONFIG_WRITE (num configs to write) :  0
 VMC_NBLOCK (num VMC blocks)              :  10
 VMC_EQUIL_NSTEP (num equil steps)        :  5000
 VMC_DECORR_PERIOD (length of inner loop) :  10
 VMC_AVE_PERIOD (hist reduction factor)   :  1
 VMC_SAMPLING                             :  standard
 MAKEMOVIE                                :  F
 FORCES                                   :  F

 Median sigma = 1/|grad ln psi| : 1.85185e-01 bohr

 ==============================
 PERFORMING A |PSI| CALCULATION.
 ==============================

 zeta of the walk: 1.00000e+00   DTVMC: 1.10998e-02

 zeta of the walk: 4.00000e+00   DTVMC: 3.41102e-03

 =========================================================================
 WEIGHTED NODAL DOMAIN AVERAGES

  Number of |psi| steps                   = 10000000

  zeta                          (au^-1) =           1.000000000000
  Effective sample size                   = 10000000
  Potential component                (au) =         -15.446495284113
  Standard error                        +/-           0.003348477181
  e-e interaction                    (au) =           3.665804265587
  e-n interaction                    (au) =         -24.999042309659
  Sum of e-n distances             (bohr) =           7.194936081740

  epsilon (bohr)  inside      E_kin^nda (au)            E^nda (au)

    1.920e-03         63       1.643792 +/- 0.255953     -13.802703
    2.633e-03        110       1.676433 +/- 0.189462     -13.770062
    3.610e-03        204       1.635812 +/- 0.137971     -13.810684
    4.950e-03        424       1.671035 +/- 0.100574     -13.775460
    6.788e-03        736       1.667384 +/- 0.073774     -13.779111
    9.308e-03       1349       1.611093 +/- 0.053330     -13.835402
    1.276e-02       2483       1.564587 +/- 0.038370     -13.881908
    1.750e-02       4693       1.542109 +/- 0.027658     -13.904387
    2.400e-02       8881       1.535435 +/- 0.020045     -13.911060

  zeta                          (au^-1) =           4.000000000000
  Effective sample size                   = 10000000
  Potential component                (au) =         -23.734346815503
  Standard error                        +/-           0.000864224424
  e-e interaction                    (au) =           8.358311985590
  e-n interaction                    (au) =         -45.578418257321
  Sum of e-n distances             (bohr) =           2.606769099961

  epsilon (bohr)  inside      E_kin^nda (au)            E^nda (au)

    1.920e-03        340       9.340884 +/- 0.619863     -14.393462
    2.633e-03        646       9.289159 +/- 0.449794     -14.445187
    3.610e-03       1234       9.387034 +/- 0.328087     -14.347313
    4.950e-03       2302       9.395719 +/- 0.239652     -14.338628
    6.788e-03       4325       9.413667 +/- 0.174932     -14.320680
    9.308e-03       8213       9.407272 +/- 0.127559     -14.327074
    1.276e-02      15557       9.462067 +/- 0.093132     -14.272279
    1.750e-02      29353       9.517847 +/- 0.068068     -14.216500
    2.400e-02      55897       9.597235 +/- 0.049747     -14.137112

 Time taken in nodal domain averages : : :    1528.7203

 Warning: keywords not read by pycasino: newrun periodic writeout_vmc_hist

 General input parameters
 ========================
 NEU (num up spin electrons)              :  2
 NED (num down spin electrons)            :  2
 RUNTYPE (type of run)                    :  vmc
 PSI_S  (form for [anti]symmetrizing wfn) :  slater
 ATOM_BASIS_TYPE (atom-centred orb basis) :  slater-type
 INTERACTION (interaction type)           :  coulomb
 TESTRUN (read input data,print and stop) :  F
 PERIODIC                                 :  F
 COMPLEX_WF (complex Slater wave fn.)     :  F
 NEIGHPRINT (neighbour analysis)          :  0
 USE_JASTROW (use Jastrow factor)         :  T
 BACKFLOW (use backflow corrections)      :  T
 USE_ORBMODS (use orbitals modifications) :  F
 CUSP_CORRECTION                          :  F
 NON_LOCAL_GRID (NL integration grid)     :  4
 E_OFFSET (energy offset)                 :  0.0000
 GAUTOL  (Gaussian evaluation tolerance)  :  7.0
 SPARSE                                   :  F
 DIPOLE_MOMENT                            :  F
 RELATIVISTIC                             :  F

 VMC input parameters
 ====================
 NEWRUN (start new run)                   :  T
 VMC_METHOD (choice of VMC algorithm)     :  3
 DTVMC (VMC time step)                    :  0.02
 OPT_DTVMC (VMC time-step optimization)   :  1
 VMC_NSTEP (num VMC steps)                :  10000000
 VMC_NCONFIG_WRITE (num configs to write) :  0
 VMC_NBLOCK (num VMC blocks)              :  1
 VMC_EQUIL_NSTEP (num equil steps)        :  5000
 VMC_DECORR_PERIOD (length of inner loop) :  10
 VMC_AVE_PERIOD (hist reduction factor)   :  1
 VMC_SAMPLING                             :  standard
 MAKEMOVIE                                :  F
 FORCES                                   :  F

 Median sigma = 1/|grad ln psi| : 1.77581e-01 bohr

 ==============================
 PERFORMING A |PSI| CALCULATION.
 ==============================

 zeta of the walk: 1.00000e+00   DTVMC: 9.77353e-03

 zeta of the walk: 4.00000e+00   DTVMC: 3.60468e-03

 =========================================================================
 WEIGHTED NODAL DOMAIN AVERAGES

  Number of |psi| steps                   = 10000000

  zeta                          (au^-1) =           1.000000000000
  Effective sample size                   = 10000000
  Potential component                (au) =         -15.532466311498
  Standard error                        +/-           0.003259317920
  e-e interaction                    (au) =           3.664313662150
  e-n interaction                    (au) =         -25.145596432796
  Sum of e-n distances             (bohr) =           7.372737325668

  epsilon (bohr)  inside      E_kin^nda (au)            E^nda (au)

    1.920e-03         50       1.474720 +/- 0.247397     -14.057747
    2.633e-03        109       1.472746 +/- 0.178424     -14.059720
    3.610e-03        208       1.527125 +/- 0.131440     -14.005341
    4.950e-03        376       1.526825 +/- 0.096523     -14.005642
    6.788e-03        711       1.523641 +/- 0.070406     -14.008826
    9.308e-03       1314       1.513084 +/- 0.051286     -14.019382
    1.276e-02       2480       1.511764 +/- 0.037326     -14.020703
    1.750e-02       4706       1.529095 +/- 0.027283     -14.003371
    2.400e-02       8970       1.540196 +/- 0.019960     -13.992271

  zeta                          (au^-1) =           4.000000000000
  Effective sample size                   = 10000000
  Potential component                (au) =         -23.723998071878
  Standard error                        +/-           0.000863613154
  e-e interaction                    (au) =           8.376570202347
  e-n interaction                    (au) =         -45.642174864360
  Sum of e-n distances             (bohr) =           2.598795703584

  epsilon (bohr)  inside      E_kin^nda (au)            E^nda (au)

    1.920e-03        361       9.158994 +/- 0.600959     -14.565004
    2.633e-03        699       9.612908 +/- 0.448570     -14.111091
    3.610e-03       1266       9.772091 +/- 0.332587     -13.951907
    4.950e-03       2332       9.744895 +/- 0.243975     -13.979103
    6.788e-03       4408       9.588384 +/- 0.177294     -14.135614
    9.308e-03       8269       9.565293 +/- 0.128881     -14.158705
    1.276e-02      15512       9.549745 +/- 0.093806     -14.174253
    1.750e-02      29461       9.562486 +/- 0.068332     -14.161512
    2.400e-02      55886       9.608991 +/- 0.049847     -14.115007

 Time taken in nodal domain averages : : :    1728.2503

 =========================================================================
 NODAL SURFACE DESCRIPTOR, zeta = 1.0000

 run                                                 widest tube          1.9x narrower

 vmc/Backflow                                 1.535435 +/- 0.020045     1.564587 +/- 0.038370
 vmc/Backflow_02                              1.540196 +/- 0.019960     1.511764 +/- 0.037326

 =========================================================================
 NODAL SURFACE DESCRIPTOR, zeta = 4.0000

 run                                                 widest tube          1.9x narrower

 vmc/Backflow                                 9.597235 +/- 0.049747     9.462067 +/- 0.093132
 vmc/Backflow_02                              9.608991 +/- 0.049847     9.549745 +/- 0.093806

