
 ------------------------------------------------------------------------------
 ########::'##:::'##::'######:::::'###:::::'######::'####:'##::: ##::'#######::
 ##.... ##:. ##:'##::'##... ##:::'## ##:::'##... ##:. ##:: ###:: ##:'##.... ##:
 ##:::: ##::. ####::: ##:::..:::'##:. ##:: ##:::..::: ##:: ####: ##: ##:::: ##:
 ########::::. ##:::: ##:::::::'##:::. ##:. ######::: ##:: ## ## ##: ##:::: ##:
 ##.....:::::: ##:::: ##::::::: #########::..... ##:: ##:: ##. ####: ##:::: ##:
 ##::::::::::: ##:::: ##::: ##: ##.... ##:'##::: ##:: ##:: ##:. ###: ##:::: ##:
 ##::::::::::: ##::::. ######:: ##:::: ##:. ######::'####: ##::. ##:. #######::
 .::::::::::::..::::::......:::..:::::..:::......:::....::..::::..:::.......:::

                     Python Quantum Monte Carlo Package
                        v 0.4.0 [Vladimir Konkov]

    Main Author : Vladimir Konkov
 ------------------------------------------------------------------------------
 Started 2026/08/02 19:41:10

 Python 3.12.3 (main, Jun 19 2026, 12:46:00) [GCC 13.3.0]
 Numba 0.63.1
 Numpy 2.2.6
 Scipy 1.13.1

 Running in parallel using 4 MPI processes.

 General input parameters
 ========================
 NEU (num up spin electrons)              :  5
 NED (num down spin electrons)            :  5
 RUNTYPE (type of run)                    :  vmc
 PSI_S  (form for [anti]symmetrizing wfn) :  slater
 ATOM_BASIS_TYPE (atom-centred orb basis) :  gaussian
 INTERACTION (interaction type)           :  coulomb
 TESTRUN (read input data,print and stop) :  F
 PERIODIC                                 :  F
 COMPLEX_WF (complex Slater wave fn.)     :  F
 NEIGHPRINT (neighbour analysis)          :  0
 USE_JASTROW (use Jastrow factor)         :  F
 BACKFLOW (use backflow corrections)      :  F
 USE_ORBMODS (use orbitals modifications) :  F
 CUSP_CORRECTION                          :  T
 NON_LOCAL_GRID (NL integration grid)     :  4
 E_OFFSET (energy offset)                 :  0.0000
 GAUTOL  (Gaussian evaluation tolerance)  :  7.0
 SPARSE                                   :  F
 DIPOLE_MOMENT                            :  F
 RELATIVISTIC                             :  F

 VMC input parameters
 ====================
 NEWRUN (start new run)                   :  T
 VMC_METHOD (choice of VMC algorithm)     :  3
 DTVMC (VMC time step)                    :  0.02
 OPT_DTVMC (VMC time-step optimization)   :  T
 VMC_NSTEP (num VMC steps)                :  10000000
 VMC_NCONFIG_WRITE (num configs to write) :  0
 VMC_NBLOCK (num VMC blocks)              :  1
 VMC_EQUIL_NSTEP (num equil steps)        :  5000
 VMC_DECORR_PERIOD (length of inner loop) :  1
 VMC_AVE_PERIOD (hist reduction factor)   :  1
 VMC_SAMPLING                             :  standard
 MAKEMOVIE                                :  F
 FORCES                                   :  F

 Gaussian cusp correction
 ========================
 Activated.

 Verbose print out flagged (turn off with cusp_info : F)

 Spin restricted calculation.

 Orbital 1 at position of ion 1
 Sign of orbital at nucleus                : positive
 Cusp radius (au)                          :   0.058000000000
 Value of uncorrected orbital at nucleus   :   7.472239320029
 Value of s part of orbital at nucleus     :   7.471840625640
 Optimum corrected s orbital at nucleus    :   7.544612134938
 Maximum deviation from ideal local energy :   0.289727809590
 Effective nuclear charge                  :   8.000422759322

 Orbital 2 at position of ion 1
 Sign of orbital at nucleus                : negative
 Cusp radius (au)                          :   0.077500000000
 Value of uncorrected orbital at nucleus   :  -1.522613793788
 Value of s part of orbital at nucleus     :  -1.538406268191
 Optimum corrected s orbital at nucleus    :  -1.552686133536
 Maximum deviation from ideal local energy :   0.267018392582
 Effective nuclear charge                  :   7.918631465500

 Orbital 3 at position of ion 1
 Orbital s component effectively zero at this nucleus.

 Orbital 4 at position of ion 1
 Sign of orbital at nucleus                : positive
 Cusp radius (au)                          :   0.059000000000
 Value of uncorrected orbital at nucleus   :   0.500361418780
 Value of s part of orbital at nucleus     :   0.481653736153
 Optimum corrected s orbital at nucleus    :   0.486801857649
 Maximum deviation from ideal local energy :   0.082840882064
 Effective nuclear charge                  :   8.307438146883

 Orbital 5 at position of ion 1
 Orbital s component effectively zero at this nucleus.

 Orbital 1 at position of ion 2
 Sign of orbital at nucleus                : positive
 Cusp radius (au)                          :   0.929500000000
 Value of uncorrected orbital at nucleus   :   0.000165002620
 Value of s part of orbital at nucleus     :   0.000450649911
 Optimum corrected s orbital at nucleus    :   0.000568145649
 Maximum deviation from ideal local energy :   0.029838713854
 Effective nuclear charge                  :   0.497228761625

 Orbital 2 at position of ion 2
 Sign of orbital at nucleus                : positive
 Cusp radius (au)                          :   0.777000000000
 Value of uncorrected orbital at nucleus   :   0.140638365867
 Value of s part of orbital at nucleus     :   0.094238124989
 Optimum corrected s orbital at nucleus    :   0.100396482932
 Maximum deviation from ideal local energy :   0.033942601725
 Effective nuclear charge                  :   1.462169983671

 Orbital 3 at position of ion 2
 Sign of orbital at nucleus                : positive
 Cusp radius (au)                          :   0.797000000000
 Value of uncorrected orbital at nucleus   :   0.213734887864
 Value of s part of orbital at nucleus     :   0.171705052035
 Optimum corrected s orbital at nucleus    :   0.180189948694
 Maximum deviation from ideal local energy :   0.018086837411
 Effective nuclear charge                  :   1.233252942985

 Orbital 4 at position of ion 2
 Sign of orbital at nucleus                : positive
 Cusp radius (au)                          :   0.760000000000
 Value of uncorrected orbital at nucleus   :   0.128038085361
 Value of s part of orbital at nucleus     :   0.101147039292
 Optimum corrected s orbital at nucleus    :   0.105575936078
 Maximum deviation from ideal local energy :   0.010240431408
 Effective nuclear charge                  :   1.254708099865

 Orbital 5 at position of ion 2
 Orbital s component effectively zero at this nucleus.

 Orbital 1 at position of ion 3
 Sign of orbital at nucleus                : positive
 Cusp radius (au)                          :   0.929500000000
 Value of uncorrected orbital at nucleus   :   0.000165002620
 Value of s part of orbital at nucleus     :   0.000450649911
 Optimum corrected s orbital at nucleus    :   0.000568145649
 Maximum deviation from ideal local energy :   0.029838713854
 Effective nuclear charge                  :   0.497228761625

 Orbital 2 at position of ion 3
 Sign of orbital at nucleus                : positive
 Cusp radius (au)                          :   0.777000000000
 Value of uncorrected orbital at nucleus   :   0.140638365867
 Value of s part of orbital at nucleus     :   0.094238124989
 Optimum corrected s orbital at nucleus    :   0.100396482932
 Maximum deviation from ideal local energy :   0.033942601725
 Effective nuclear charge                  :   1.462169983671

 Orbital 3 at position of ion 3
 Sign of orbital at nucleus                : negative
 Cusp radius (au)                          :   0.797000000000
 Value of uncorrected orbital at nucleus   :  -0.213734887864
 Value of s part of orbital at nucleus     :  -0.171705052035
 Optimum corrected s orbital at nucleus    :  -0.180189948694
 Maximum deviation from ideal local energy :   0.018086837411
 Effective nuclear charge                  :   1.233252942985

 Orbital 4 at position of ion 3
 Sign of orbital at nucleus                : positive
 Cusp radius (au)                          :   0.760000000000
 Value of uncorrected orbital at nucleus   :   0.128038085361
 Value of s part of orbital at nucleus     :   0.101147039292
 Optimum corrected s orbital at nucleus    :   0.105575936078
 Maximum deviation from ideal local energy :   0.010240431408
 Effective nuclear charge                  :   1.254708099865

 Orbital 5 at position of ion 3
 Orbital s component effectively zero at this nucleus.

 Maximum deviation from ideal (averaged over orbitals) :   0.074891295730.

 ====================================
 PERFORMING A SINGLE VMC CALCULATION.
 ====================================


 BEGIN VMC CALCULATION
 =====================

 Running VMC equilibration (5000 moves).
 Performing time-step optimization.
 Optimized step size: 0.10076
 DTVMC: 0.00338

 Starting VMC.

 =========================================================================
 In block : 1
  Number of VMC steps           = 10000000

  Block average energies (au)

  Total energy                       (au) =         -76.067171536273
  Standard error                        +/-           0.001313049424

  Constant energy contributions      (au) =           9.189193848327

  Variance of local energy           (au) =          17.240986175165
  Standard error                        +/-           0.000000000000

 Time taken in block    : : :       223.8405

 =========================================================================
 FINAL RESULT:

  VMC energy (au)    Standard error      Correction for serial correlation

 -76.067171536273 +/- 0.001313049424      No correction
 -76.067171536273 +/- 0.004760212091      Correlation time method
 -76.067171536273 +/- 0.007459585992      On-the-fly reblocking method

 Sample variance of E_L (au^2/sim.cell) : 17.240986175165


 =========================================================================

 Total PyCasino real time : : :    237.8869
