
 ------------------------------------------------------------------------------
 ########::'##:::'##::'######:::::'###:::::'######::'####:'##::: ##::'#######::
 ##.... ##:. ##:'##::'##... ##:::'## ##:::'##... ##:. ##:: ###:: ##:'##.... ##:
 ##:::: ##::. ####::: ##:::..:::'##:. ##:: ##:::..::: ##:: ####: ##: ##:::: ##:
 ########::::. ##:::: ##:::::::'##:::. ##:. ######::: ##:: ## ## ##: ##:::: ##:
 ##.....:::::: ##:::: ##::::::: #########::..... ##:: ##:: ##. ####: ##:::: ##:
 ##::::::::::: ##:::: ##::: ##: ##.... ##:'##::: ##:: ##:: ##:. ###: ##:::: ##:
 ##::::::::::: ##::::. ######:: ##:::: ##:. ######::'####: ##::. ##:. #######::
 .::::::::::::..::::::......:::..:::::..:::......:::....::..::::..:::.......:::

                     Python Quantum Monte Carlo Package
                        v 0.4.0 [Vladimir Konkov]

    Main Author : Vladimir Konkov
 ------------------------------------------------------------------------------
 Started 2026/08/08 19:15:39

 Python 3.12.3 (main, Jun 19 2026, 12:46:00) [GCC 13.3.0]
 Numba 0.63.1
 Numpy 2.2.6
 Scipy 1.13.1

 Running in parallel using 4 MPI processes.

 General input parameters
 ========================
 NEU (num up spin electrons)              :  2
 NED (num down spin electrons)            :  2
 RUNTYPE (type of run)                    :  vmc_opt
 PSI_S  (form for [anti]symmetrizing wfn) :  slater
 ATOM_BASIS_TYPE (atom-centred orb basis) :  slater-type
 INTERACTION (interaction type)           :  coulomb
 TESTRUN (read input data,print and stop) :  F
 PERIODIC                                 :  F
 COMPLEX_WF (complex Slater wave fn.)     :  F
 NEIGHPRINT (neighbour analysis)          :  0
 USE_JASTROW (use Jastrow factor)         :  T
 BACKFLOW (use backflow corrections)      :  F
 USE_ORBMODS (use orbitals modifications) :  F
 CUSP_CORRECTION                          :  F
 NON_LOCAL_GRID (NL integration grid)     :  4
 E_OFFSET (energy offset)                 :  0.0000
 GAUTOL  (Gaussian evaluation tolerance)  :  7.0
 SPARSE                                   :  F
 DIPOLE_MOMENT                            :  F
 RELATIVISTIC                             :  F

 VMC/optimization input parameters
 ====================
 NEWRUN (start new run)                   :  T
 VMC_METHOD (choice of VMC algorithm)     :  3
 DTVMC (VMC time step)                    :  0.02
 OPT_DTVMC (VMC time-step optimization)   :  T
 VMC_NSTEP (num VMC steps)                :  1000000
 VMC_NCONFIG_WRITE (num configs to write) :  1000000
 VMC_NBLOCK (num VMC blocks)              :  1
 VMC_EQUIL_NSTEP (num equil steps)        :  5000
 VMC_DECORR_PERIOD (length of inner loop) :  10
 VMC_AVE_PERIOD (hist reduction factor)   :  1
 VMC_SAMPLING                             :  standard
 OPT_CYCLES (num optimization cycles)     :  2
 POSTFIT_VMC (perform post-fit VMC calc)  :  T
 POSTFIT_KEEP_CFG (keep post-fit VMC cfgs):  F
 OPT_NOCTF_CYCLES (fixed cutoff cycles)   :  0
 OPT_INFO (information level)             :  2
 OPT_JASTROW (opt Jastrow factor)         :  T
 OPT_DET_COEFF (opt det coeffs)           :  F
 OPT_ORBITALS (opt orbitals)              :  F
 OPT_BACKFLOW (opt backflow params)       :  F
 OPT_FIXNL (fix nonlocal energy)          :  T
 OPT_MAXITER (max num iterations)         :  10
 OPT_MAXEVAL (max num evaluations)        :  200
 VM_SMOOTH_LIMITS (smooth limiting)       :  F
 VM_REWEIGHT (reweighting)                :  F
 VM_FILTER (filter outlying configs)      :  F
 VM_USE_E_GUESS (use guess energy)        :  F
 EMIN_XI_VALUE (xi parameter)             :  1.0
 MAKEMOVIE                                :  F
 FORCES                                   :  F

 BEGIN VMC CALCULATION
 =====================

 Running VMC equilibration (5000 moves).
 Performing time-step optimization.
 Optimized step size: 0.23042
 DTVMC: 0.01770

 Starting VMC.

 =========================================================================
 In block : 1
  Number of VMC steps           = 1000000

  Block average energies (au)

  Total energy                       (au) =         -14.567936139250
  Standard error                        +/-           0.001720902240

  Constant energy contributions      (au) =           0.000000000000

  Variance of local energy           (au) =           2.961501558726
  Standard error                        +/-           0.000000000000

 Time taken in block    : : :       29.4475

 =========================================================================
 FINAL RESULT:

  VMC energy (au)    Standard error      Correction for serial correlation

 -14.567936139250 +/- 0.001720902240      No correction
 -14.567936139250 +/- 0.002504083127      Correlation time method
 -14.567936139250 +/- 0.002130892423      On-the-fly reblocking method

 Sample variance of E_L (au^2/sim.cell) : 2.961501558726


 ==========================================
 PERFORMING OPTIMIZATION CALCULATION No. 1.
 ==========================================


 Optimization start
 ==================
   Iteration     Total nfev        Cost      Cost reduction    Step norm     Optimality
       0              1         6.9074e-01                                    1.46e+06
       1              2         1.4006e-01      5.51e-01       2.35e-03       4.77e+05
       2              3         5.1762e-02      8.83e-02       5.21e-03       2.98e+04
       3              4         3.2024e-02      1.97e-02       2.63e-03       7.58e+03
       4              5         2.5751e-02      6.27e-03       1.70e-03       1.05e+03
       5              6         2.4393e-02      1.36e-03       1.20e-03       8.99e+01
       6              7         2.4185e-02      2.08e-04       7.70e-04       1.06e+02
       7              8         2.4185e-02      1.56e-08       5.44e-06       6.23e+00
`ftol` termination condition is satisfied.
Function evaluations 8, initial cost 6.9074e-01, final cost 2.4185e-02, first-order optimality 6.23e+00.
 Norm of Jacobian at the solution: 3.06651e+00

 BEGIN VMC CALCULATION
 =====================

 Running VMC equilibration (5000 moves).
 Performing time-step optimization.
 Optimized step size: 0.22551
 DTVMC: 0.01695

 Starting VMC.

 =========================================================================
 In block : 1
  Number of VMC steps           = 1000000

  Block average energies (au)

  Total energy                       (au) =         -14.642220661278
  Standard error                        +/-           0.000148581165

  Constant energy contributions      (au) =           0.000000000000

  Variance of local energy           (au) =           0.022076340540
  Standard error                        +/-           0.000000000000

 Time taken in block    : : :       27.9220

 =========================================================================
 FINAL RESULT:

  VMC energy (au)    Standard error      Correction for serial correlation

 -14.642220661278 +/- 0.000148581165      No correction
 -14.642220661278 +/- 0.000552835911      Correlation time method
 -14.642220661278 +/- 0.000610872369      On-the-fly reblocking method

 Sample variance of E_L (au^2/sim.cell) : 0.022076340540


 ==========================================
 PERFORMING OPTIMIZATION CALCULATION No. 2.
 ==========================================


 Optimization start
 ==================
   Iteration     Total nfev        Cost      Cost reduction    Step norm     Optimality
       0              1         1.7340e-02                                    1.93e+04
       1              2         1.7144e-02      1.97e-04       1.53e-01       1.42e+04
       2              3         1.6898e-02      2.46e-04       1.33e-01       7.71e+03
       3              6         1.6853e-02      4.53e-05       7.87e-02       4.42e+02
       4              8         1.6850e-02      2.98e-06       9.22e-02       1.05e+03
`ftol` termination condition is satisfied.
Function evaluations 8, initial cost 1.7340e-02, final cost 1.6850e-02, first-order optimality 1.05e+03.
 Norm of Jacobian at the solution: 3.75603e+01

 BEGIN VMC CALCULATION
 =====================

 Running VMC equilibration (5000 moves).
 Performing time-step optimization.
 Optimized step size: 0.22226
 DTVMC: 0.01647

 Starting VMC.

 =========================================================================
 In block : 1
  Number of VMC steps           = 1000000

  Block average energies (au)

  Total energy                       (au) =         -14.642509796209
  Standard error                        +/-           0.000148412403

  Constant energy contributions      (au) =           0.000000000000

  Variance of local energy           (au) =           0.022026219422
  Standard error                        +/-           0.000000000000

 Time taken in block    : : :       28.2189

 =========================================================================
 FINAL RESULT:

  VMC energy (au)    Standard error      Correction for serial correlation

 -14.642509796209 +/- 0.000148412403      No correction
 -14.642509796209 +/- 0.000562046116      Correlation time method
 -14.642509796209 +/- 0.000648582609      On-the-fly reblocking method

 Sample variance of E_L (au^2/sim.cell) : 0.022026219422


 =========================================================================

 Total PyCasino real time : : :    718.4594
