
 ------------------------------------------------------------------------------
 ########::'##:::'##::'######:::::'###:::::'######::'####:'##::: ##::'#######::
 ##.... ##:. ##:'##::'##... ##:::'## ##:::'##... ##:. ##:: ###:: ##:'##.... ##:
 ##:::: ##::. ####::: ##:::..:::'##:. ##:: ##:::..::: ##:: ####: ##: ##:::: ##:
 ########::::. ##:::: ##:::::::'##:::. ##:. ######::: ##:: ## ## ##: ##:::: ##:
 ##.....:::::: ##:::: ##::::::: #########::..... ##:: ##:: ##. ####: ##:::: ##:
 ##::::::::::: ##:::: ##::: ##: ##.... ##:'##::: ##:: ##:: ##:. ###: ##:::: ##:
 ##::::::::::: ##::::. ######:: ##:::: ##:. ######::'####: ##::. ##:. #######::
 .::::::::::::..::::::......:::..:::::..:::......:::....::..::::..:::.......:::

                     Python Quantum Monte Carlo Package
                        v 0.4.0 [Vladimir Konkov]

    Main Author : Vladimir Konkov
 ------------------------------------------------------------------------------
 Started 2026/08/21 18:19:18

 Python 3.12.3 (main, Jun 19 2026, 12:46:00) [GCC 13.3.0]
 Numba 0.63.1
 Numpy 2.2.6
 Scipy 1.13.1

 Running in parallel using 4 MPI processes.

 Warning: keywords not read by pycasino: newrun periodic writeout_vmc_hist

 General input parameters
 ========================
 NEU (num up spin electrons)              :  1
 NED (num down spin electrons)            :  1
 RUNTYPE (type of run)                    :  vmc
 PSI_S  (form for [anti]symmetrizing wfn) :  slater
 ATOM_BASIS_TYPE (atom-centred orb basis) :  slater-type
 INTERACTION (interaction type)           :  coulomb
 TESTRUN (read input data,print and stop) :  F
 PERIODIC                                 :  F
 COMPLEX_WF (complex Slater wave fn.)     :  F
 NEIGHPRINT (neighbour analysis)          :  0
 USE_JASTROW (use Jastrow factor)         :  F
 BACKFLOW (use backflow corrections)      :  F
 USE_ORBMODS (use orbitals modifications) :  F
 CUSP_CORRECTION                          :  F
 NON_LOCAL_GRID (NL integration grid)     :  4
 E_OFFSET (energy offset)                 :  0.0000
 GAUTOL  (Gaussian evaluation tolerance)  :  7.0
 SPARSE                                   :  F
 DIPOLE_MOMENT                            :  F
 RELATIVISTIC                             :  F

 VMC input parameters
 ====================
 NEWRUN (start new run)                   :  T
 VMC_METHOD (choice of VMC algorithm)     :  1
 DTVMC (VMC time step)                    :  0.02
 OPT_DTVMC (VMC time-step optimization)   :  1
 VMC_NSTEP (num VMC steps)                :  100000000
 VMC_NCONFIG_WRITE (num configs to write) :  0
 VMC_NBLOCK (num VMC blocks)              :  10
 VMC_EQUIL_NSTEP (num equil steps)        :  5000
 VMC_DECORR_PERIOD (length of inner loop) :  3
 VMC_AVE_PERIOD (hist reduction factor)   :  1
 VMC_SAMPLING                             :  standard
 MAKEMOVIE                                :  F
 FORCES                                   :  F

 ====================================
 PERFORMING A SINGLE VMC CALCULATION.
 ====================================


 BEGIN VMC CALCULATION
 =====================

 Running VMC equilibration (5000 moves).
 Performing time-step optimization.
 DTVMC: 5.84680e-02

 Starting VMC.

 =========================================================================
 In block : 1

 Acceptance ratio         (%)  =  70.0001
 Correlation time     (steps)  = 2.0985E+00 +- 3.3838E-03
 Efficiency      (au^-2 s^-1)  = 1.7374E+05
 Number of VMC steps           = 10000000

  Block average energies (au)

  Total energy                       (au) =          -2.862112978610
  Standard error                        +/-           0.000235934838

  Constant energy contributions      (au) =           0.000000000000

  Variance of local energy           (au) =           0.556652421808
  Standard error                        +/-           0.000000000000

 Time taken in block    : : :       49.2726

 =========================================================================
 In block : 2

 Acceptance ratio         (%)  =  70.0053
 Correlation time     (steps)  = 2.0868E+00 +- 3.3654E-03
 Efficiency      (au^-2 s^-1)  = 1.7196E+05
 Number of VMC steps           = 10000000

  Block average energies (au)

  Total energy                       (au) =          -2.861290407382
  Standard error                        +/-           0.000237935932

  Constant energy contributions      (au) =           0.000000000000

  Variance of local energy           (au) =           0.566135021672
  Standard error                        +/-           0.000000000000

 Time taken in block    : : :       49.2238

 =========================================================================
 In block : 3

 Acceptance ratio         (%)  =  70.0088
 Correlation time     (steps)  = 2.0831E+00 +- 3.3590E-03
 Efficiency      (au^-2 s^-1)  = 1.6835E+05
 Number of VMC steps           = 10000000

  Block average energies (au)

  Total energy                       (au) =          -2.861542615293
  Standard error                        +/-           0.000239785685

  Constant energy contributions      (au) =           0.000000000000

  Variance of local energy           (au) =           0.574971687836
  Standard error                        +/-           0.000000000000

 Time taken in block    : : :       49.5949

 =========================================================================
 In block : 4

 Acceptance ratio         (%)  =  70.0238
 Correlation time     (steps)  = 2.0808E+00 +- 3.3553E-03
 Efficiency      (au^-2 s^-1)  = 1.6906E+05
 Number of VMC steps           = 10000000

  Block average energies (au)

  Total energy                       (au) =          -2.861171211893
  Standard error                        +/-           0.000239464967

  Constant energy contributions      (au) =           0.000000000000

  Variance of local energy           (au) =           0.573434648252
  Standard error                        +/-           0.000000000000

 Time taken in block    : : :       49.5718

 =========================================================================
 In block : 5

 Acceptance ratio         (%)  =  70.0106
 Correlation time     (steps)  = 2.0493E+00 +- 3.3044E-03
 Efficiency      (au^-2 s^-1)  = 1.6629E+05
 Number of VMC steps           = 10000000

  Block average energies (au)

  Total energy                       (au) =          -2.860938478013
  Standard error                        +/-           0.000242973386

  Constant energy contributions      (au) =           0.000000000000

  Variance of local energy           (au) =           0.590360602809
  Standard error                        +/-           0.000000000000

 Time taken in block    : : :       49.7087

 =========================================================================
 In block : 6

 Acceptance ratio         (%)  =  70.0023
 Correlation time     (steps)  = 2.0950E+00 +- 3.3785E-03
 Efficiency      (au^-2 s^-1)  = 1.7051E+05
 Number of VMC steps           = 10000000

  Block average energies (au)

  Total energy                       (au) =          -2.861846462291
  Standard error                        +/-           0.000237226705

  Constant energy contributions      (au) =           0.000000000000

  Variance of local energy           (au) =           0.562765038327
  Standard error                        +/-           0.000000000000

 Time taken in block    : : :       49.7430

 =========================================================================
 In block : 7

 Acceptance ratio         (%)  =  70.0059
 Correlation time     (steps)  = 2.0616E+00 +- 3.3253E-03
 Efficiency      (au^-2 s^-1)  = 1.6779E+05
 Number of VMC steps           = 10000000

  Block average energies (au)

  Total energy                       (au) =          -2.861404682465
  Standard error                        +/-           0.000241142886

  Constant energy contributions      (au) =           0.000000000000

  Variance of local energy           (au) =           0.581498858184
  Standard error                        +/-           0.000000000000

 Time taken in block    : : :       49.7129

 =========================================================================
 In block : 8

 Acceptance ratio         (%)  =  69.9910
 Correlation time     (steps)  = 2.0690E+00 +- 3.3365E-03
 Efficiency      (au^-2 s^-1)  = 1.6945E+05
 Number of VMC steps           = 10000000

  Block average energies (au)

  Total energy                       (au) =          -2.861546590571
  Standard error                        +/-           0.000239495286

  Constant energy contributions      (au) =           0.000000000000

  Variance of local energy           (au) =           0.573579862096
  Standard error                        +/-           0.000000000000

 Time taken in block    : : :       49.7277

 =========================================================================
 In block : 9

 Acceptance ratio         (%)  =  69.9942
 Correlation time     (steps)  = 2.0840E+00 +- 3.3606E-03
 Efficiency      (au^-2 s^-1)  = 1.6967E+05
 Number of VMC steps           = 10000000

  Block average energies (au)

  Total energy                       (au) =          -2.861139397238
  Standard error                        +/-           0.000238115658

  Constant energy contributions      (au) =           0.000000000000

  Variance of local energy           (au) =           0.566990611235
  Standard error                        +/-           0.000000000000

 Time taken in block    : : :       49.8791

 =========================================================================
 In block : 10

 Acceptance ratio         (%)  =  70.0064
 Correlation time     (steps)  = 2.0994E+00 +- 3.3854E-03
 Efficiency      (au^-2 s^-1)  = 1.7083E+05
 Number of VMC steps           = 10000000

  Block average energies (au)

  Total energy                       (au) =          -2.861993111311
  Standard error                        +/-           0.000236834877

  Constant energy contributions      (au) =           0.000000000000

  Variance of local energy           (au) =           0.560907535879
  Standard error                        +/-           0.000000000000

 Time taken in block    : : :       49.7098

 =========================================================================
 FINAL RESULT:

  VMC energy (au)    Standard error      Correction for serial correlation

 -2.861498593507 +/- 0.000075546659      No correction
 -2.861498593507 +/- 0.000108974722      Correlation time method
 -2.861498593507 +/- 0.000112342689      On-the-fly reblocking method

 Sample variance of E_L (au^2/sim.cell) : 0.570729763746


 =========================================================================

 Total PyCasino real time : : :    496.3975
