
 ------------------------------------------------------------------------------
 ########::'##:::'##::'######:::::'###:::::'######::'####:'##::: ##::'#######::
 ##.... ##:. ##:'##::'##... ##:::'## ##:::'##... ##:. ##:: ###:: ##:'##.... ##:
 ##:::: ##::. ####::: ##:::..:::'##:. ##:: ##:::..::: ##:: ####: ##: ##:::: ##:
 ########::::. ##:::: ##:::::::'##:::. ##:. ######::: ##:: ## ## ##: ##:::: ##:
 ##.....:::::: ##:::: ##::::::: #########::..... ##:: ##:: ##. ####: ##:::: ##:
 ##::::::::::: ##:::: ##::: ##: ##.... ##:'##::: ##:: ##:: ##:. ###: ##:::: ##:
 ##::::::::::: ##::::. ######:: ##:::: ##:. ######::'####: ##::. ##:. #######::
 .::::::::::::..::::::......:::..:::::..:::......:::....::..::::..:::.......:::

                     Python Quantum Monte Carlo Package
                        v 0.4.0 [Vladimir Konkov]

    Main Author : Vladimir Konkov
 ------------------------------------------------------------------------------
 Started 2026/09/12 09:20:05

 Python 3.12.3 (main, Aug 31 2026, 10:18:26) [GCC 13.3.0]
 Numba 0.67.0
 Numpy 2.2.6
 Scipy 1.13.1

 Running in parallel using 4 MPI processes.

 Warning: keywords not read by pycasino: newrun periodic writeout_vmc_hist

 General input parameters
 ========================
 NEU (num up spin electrons)              :  2
 NED (num down spin electrons)            :  2
 RUNTYPE (type of run)                    :  vmc
 PSI_S  (form for [anti]symmetrizing wfn) :  slater
 ATOM_BASIS_TYPE (atom-centred orb basis) :  slater-type
 INTERACTION (interaction type)           :  coulomb
 TESTRUN (read input data,print and stop) :  F
 PERIODIC                                 :  F
 COMPLEX_WF (complex Slater wave fn.)     :  F
 NEIGHPRINT (neighbour analysis)          :  0
 USE_JASTROW (use Jastrow factor)         :  T
 BACKFLOW (use backflow corrections)      :  T
 USE_ORBMODS (use orbitals modifications) :  F
 CUSP_CORRECTION                          :  F
 NON_LOCAL_GRID (NL integration grid)     :  4
 E_OFFSET (energy offset)                 :  0.0000
 GAUTOL  (Gaussian evaluation tolerance)  :  7.0
 SPARSE                                   :  F
 DIPOLE_MOMENT                            :  F
 RELATIVISTIC                             :  F

 VMC input parameters
 ====================
 NEWRUN (start new run)                   :  T
 VMC_METHOD (choice of VMC algorithm)     :  3
 DTVMC (VMC time step)                    :  0.02
 OPT_DTVMC (VMC time-step optimization)   :  1
 VMC_NSTEP (num VMC steps)                :  10000000
 VMC_NCONFIG_WRITE (num configs to write) :  0
 VMC_NBLOCK (num VMC blocks)              :  10
 VMC_EQUIL_NSTEP (num equil steps)        :  5000
 VMC_DECORR_PERIOD (length of inner loop) :  10
 VMC_AVE_PERIOD (hist reduction factor)   :  1
 VMC_SAMPLING                             :  standard
 MAKEMOVIE                                :  F
 FORCES                                   :  F

 Median sigma = 1/|grad ln psi| : 1.88838e-01 bohr

 ==============================
 PERFORMING A |PSI| CALCULATION.
 ==============================

 zeta of the walk: 2.50000e-01   DTVMC: 2.03121e-02

 =========================================================================
 WEIGHTED NODAL DOMAIN AVERAGES

  Number of |psi| steps                   = 10000000

  zeta                          (au^-1) =           0.250000000000
  Effective sample size                   = 10000000
  Potential component                (au) =         -13.150273231457
  Standard error                        +/-           0.003179649040
  e-e interaction                    (au) =           2.321911882763
  e-n interaction                    (au) =         -16.370330788501
  Sum of e-n distances             (bohr) =          11.868048078585

  epsilon (bohr)  inside      E_kin^nda (au)            E^nda (au)

    1.920e-03         26       0.670635 +/- 0.156144     -12.479638
    2.633e-03         51       0.707948 +/- 0.120310     -12.442325
    3.610e-03         98       0.730410 +/- 0.090181     -12.419863
    4.950e-03        182       0.748469 +/- 0.067011     -12.401804
    6.788e-03        362       0.747210 +/- 0.049091     -12.403063
    9.308e-03        667       0.763505 +/- 0.036100     -12.386768
    1.276e-02       1254       0.767607 +/- 0.026491     -12.382666
    1.750e-02       2325       0.762023 +/- 0.019334     -12.388251
    2.400e-02       4402       0.764805 +/- 0.014100     -12.385468

 Time taken in nodal domain averages : : :    590.3777

 Warning: keywords not read by pycasino: newrun periodic writeout_vmc_hist

 General input parameters
 ========================
 NEU (num up spin electrons)              :  2
 NED (num down spin electrons)            :  2
 RUNTYPE (type of run)                    :  vmc
 PSI_S  (form for [anti]symmetrizing wfn) :  slater
 ATOM_BASIS_TYPE (atom-centred orb basis) :  slater-type
 INTERACTION (interaction type)           :  coulomb
 TESTRUN (read input data,print and stop) :  F
 PERIODIC                                 :  F
 COMPLEX_WF (complex Slater wave fn.)     :  F
 NEIGHPRINT (neighbour analysis)          :  0
 USE_JASTROW (use Jastrow factor)         :  T
 BACKFLOW (use backflow corrections)      :  T
 USE_ORBMODS (use orbitals modifications) :  F
 CUSP_CORRECTION                          :  F
 NON_LOCAL_GRID (NL integration grid)     :  4
 E_OFFSET (energy offset)                 :  0.0000
 GAUTOL  (Gaussian evaluation tolerance)  :  7.0
 SPARSE                                   :  F
 DIPOLE_MOMENT                            :  F
 RELATIVISTIC                             :  F

 VMC input parameters
 ====================
 NEWRUN (start new run)                   :  T
 VMC_METHOD (choice of VMC algorithm)     :  3
 DTVMC (VMC time step)                    :  0.02
 OPT_DTVMC (VMC time-step optimization)   :  1
 VMC_NSTEP (num VMC steps)                :  10000000
 VMC_NCONFIG_WRITE (num configs to write) :  0
 VMC_NBLOCK (num VMC blocks)              :  1
 VMC_EQUIL_NSTEP (num equil steps)        :  5000
 VMC_DECORR_PERIOD (length of inner loop) :  10
 VMC_AVE_PERIOD (hist reduction factor)   :  1
 VMC_SAMPLING                             :  standard
 MAKEMOVIE                                :  F
 FORCES                                   :  F

 Median sigma = 1/|grad ln psi| : 1.89800e-01 bohr

 ==============================
 PERFORMING A |PSI| CALCULATION.
 ==============================

 zeta of the walk: 2.50000e-01   DTVMC: 2.90701e-02

 =========================================================================
 WEIGHTED NODAL DOMAIN AVERAGES

  Number of |psi| steps                   = 10000000

  zeta                          (au^-1) =           0.250000000000
  Effective sample size                   = 10000000
  Potential component                (au) =         -12.973285657367
  Standard error                        +/-           0.003155017087
  e-e interaction                    (au) =           2.288049415392
  e-n interaction                    (au) =         -16.145424077609
  Sum of e-n distances             (bohr) =          11.911689279124

  epsilon (bohr)  inside      E_kin^nda (au)            E^nda (au)

    1.920e-03         18       0.501668 +/- 0.134742     -12.471618
    2.633e-03         44       0.555786 +/- 0.104309     -12.417500
    3.610e-03        100       0.656640 +/- 0.082045     -12.316646
    4.950e-03        186       0.710389 +/- 0.063701     -12.262896
    6.788e-03        361       0.757069 +/- 0.048368     -12.216217
    9.308e-03        686       0.777211 +/- 0.036179     -12.196075
    1.276e-02       1281       0.787294 +/- 0.026730     -12.185992
    1.750e-02       2360       0.776869 +/- 0.019529     -12.196417
    2.400e-02       4456       0.772755 +/- 0.014205     -12.200531

 Time taken in nodal domain averages : : :    564.1119

 Warning: keywords not read by pycasino: newrun periodic writeout_vmc_hist

 General input parameters
 ========================
 NEU (num up spin electrons)              :  2
 NED (num down spin electrons)            :  2
 RUNTYPE (type of run)                    :  vmc
 PSI_S  (form for [anti]symmetrizing wfn) :  slater
 ATOM_BASIS_TYPE (atom-centred orb basis) :  slater-type
 INTERACTION (interaction type)           :  coulomb
 TESTRUN (read input data,print and stop) :  F
 PERIODIC                                 :  F
 COMPLEX_WF (complex Slater wave fn.)     :  F
 NEIGHPRINT (neighbour analysis)          :  0
 USE_JASTROW (use Jastrow factor)         :  T
 BACKFLOW (use backflow corrections)      :  T
 USE_ORBMODS (use orbitals modifications) :  F
 CUSP_CORRECTION                          :  F
 NON_LOCAL_GRID (NL integration grid)     :  4
 E_OFFSET (energy offset)                 :  0.0000
 GAUTOL  (Gaussian evaluation tolerance)  :  7.0
 SPARSE                                   :  F
 DIPOLE_MOMENT                            :  F
 RELATIVISTIC                             :  F

 VMC input parameters
 ====================
 NEWRUN (start new run)                   :  T
 VMC_METHOD (choice of VMC algorithm)     :  3
 DTVMC (VMC time step)                    :  0.02
 OPT_DTVMC (VMC time-step optimization)   :  1
 VMC_NSTEP (num VMC steps)                :  10000000
 VMC_NCONFIG_WRITE (num configs to write) :  0
 VMC_NBLOCK (num VMC blocks)              :  1
 VMC_EQUIL_NSTEP (num equil steps)        :  5000
 VMC_DECORR_PERIOD (length of inner loop) :  10
 VMC_AVE_PERIOD (hist reduction factor)   :  1
 VMC_SAMPLING                             :  standard
 MAKEMOVIE                                :  F
 FORCES                                   :  F

 Median sigma = 1/|grad ln psi| : 1.80059e-01 bohr

 ==============================
 PERFORMING A |PSI| CALCULATION.
 ==============================

 zeta of the walk: 2.50000e-01   DTVMC: 2.51362e-02

 =========================================================================
 WEIGHTED NODAL DOMAIN AVERAGES

  Number of |psi| steps                   = 10000000

  zeta                          (au^-1) =           0.250000000000
  Effective sample size                   = 10000000
  Potential component                (au) =         -13.490266900248
  Standard error                        +/-           0.003275380157
  e-e interaction                    (au) =           2.323776090473
  e-n interaction                    (au) =         -16.734979190103
  Sum of e-n distances             (bohr) =          12.170730980751

  epsilon (bohr)  inside      E_kin^nda (au)            E^nda (au)

    1.920e-03         32       0.827356 +/- 0.181127     -12.662911
    2.633e-03         57       0.834502 +/- 0.133616     -12.655765
    3.610e-03         96       0.796395 +/- 0.097059     -12.693872
    4.950e-03        177       0.755312 +/- 0.069253     -12.734955
    6.788e-03        345       0.741894 +/- 0.049577     -12.748373
    9.308e-03        660       0.759338 +/- 0.036140     -12.730928
    1.276e-02       1259       0.767040 +/- 0.026482     -12.723227
    1.750e-02       2333       0.765215 +/- 0.019352     -12.725052
    2.400e-02       4428       0.767420 +/- 0.014121     -12.722847

 Time taken in nodal domain averages : : :    542.1946

 Warning: keywords not read by pycasino: newrun periodic writeout_vmc_hist

 General input parameters
 ========================
 NEU (num up spin electrons)              :  2
 NED (num down spin electrons)            :  2
 RUNTYPE (type of run)                    :  vmc
 PSI_S  (form for [anti]symmetrizing wfn) :  slater
 ATOM_BASIS_TYPE (atom-centred orb basis) :  slater-type
 INTERACTION (interaction type)           :  coulomb
 TESTRUN (read input data,print and stop) :  F
 PERIODIC                                 :  F
 COMPLEX_WF (complex Slater wave fn.)     :  F
 NEIGHPRINT (neighbour analysis)          :  0
 USE_JASTROW (use Jastrow factor)         :  T
 BACKFLOW (use backflow corrections)      :  T
 USE_ORBMODS (use orbitals modifications) :  F
 CUSP_CORRECTION                          :  F
 NON_LOCAL_GRID (NL integration grid)     :  4
 E_OFFSET (energy offset)                 :  0.0000
 GAUTOL  (Gaussian evaluation tolerance)  :  7.0
 SPARSE                                   :  F
 DIPOLE_MOMENT                            :  F
 RELATIVISTIC                             :  F

 VMC input parameters
 ====================
 NEWRUN (start new run)                   :  T
 VMC_METHOD (choice of VMC algorithm)     :  3
 DTVMC (VMC time step)                    :  0.02
 OPT_DTVMC (VMC time-step optimization)   :  1
 VMC_NSTEP (num VMC steps)                :  10000000
 VMC_NCONFIG_WRITE (num configs to write) :  0
 VMC_NBLOCK (num VMC blocks)              :  1
 VMC_EQUIL_NSTEP (num equil steps)        :  5000
 VMC_DECORR_PERIOD (length of inner loop) :  10
 VMC_AVE_PERIOD (hist reduction factor)   :  1
 VMC_SAMPLING                             :  standard
 MAKEMOVIE                                :  F
 FORCES                                   :  F

 Median sigma = 1/|grad ln psi| : 1.90851e-01 bohr

 ==============================
 PERFORMING A |PSI| CALCULATION.
 ==============================

 zeta of the walk: 2.50000e-01   DTVMC: 2.54044e-02

 =========================================================================
 WEIGHTED NODAL DOMAIN AVERAGES

  Number of |psi| steps                   = 10000000

  zeta                          (au^-1) =           0.250000000000
  Effective sample size                   = 10000000
  Potential component                (au) =         -13.027488684899
  Standard error                        +/-           0.003211611413
  e-e interaction                    (au) =           2.268750324090
  e-n interaction                    (au) =         -16.182654942922
  Sum of e-n distances             (bohr) =          12.200366087027

  epsilon (bohr)  inside      E_kin^nda (au)            E^nda (au)

    1.920e-03         25       0.609931 +/- 0.150929     -12.417558
    2.633e-03         50       0.671589 +/- 0.115870     -12.355900
    3.610e-03         82       0.681123 +/- 0.087569     -12.346366
    4.950e-03        181       0.704365 +/- 0.064625     -12.323124
    6.788e-03        330       0.725990 +/- 0.048070     -12.301498
    9.308e-03        637       0.727086 +/- 0.035343     -12.300403
    1.276e-02       1198       0.724850 +/- 0.025815     -12.302639
    1.750e-02       2307       0.734988 +/- 0.018872     -12.292500
    2.400e-02       4412       0.746988 +/- 0.013860     -12.280501

 Time taken in nodal domain averages : : :    539.4257

 Warning: keywords not read by pycasino: newrun periodic writeout_vmc_hist

 General input parameters
 ========================
 NEU (num up spin electrons)              :  2
 NED (num down spin electrons)            :  2
 RUNTYPE (type of run)                    :  vmc
 PSI_S  (form for [anti]symmetrizing wfn) :  slater
 ATOM_BASIS_TYPE (atom-centred orb basis) :  slater-type
 INTERACTION (interaction type)           :  coulomb
 TESTRUN (read input data,print and stop) :  F
 PERIODIC                                 :  F
 COMPLEX_WF (complex Slater wave fn.)     :  F
 NEIGHPRINT (neighbour analysis)          :  0
 USE_JASTROW (use Jastrow factor)         :  T
 BACKFLOW (use backflow corrections)      :  T
 USE_ORBMODS (use orbitals modifications) :  F
 CUSP_CORRECTION                          :  F
 NON_LOCAL_GRID (NL integration grid)     :  4
 E_OFFSET (energy offset)                 :  0.0000
 GAUTOL  (Gaussian evaluation tolerance)  :  7.0
 SPARSE                                   :  F
 DIPOLE_MOMENT                            :  F
 RELATIVISTIC                             :  F

 VMC input parameters
 ====================
 NEWRUN (start new run)                   :  T
 VMC_METHOD (choice of VMC algorithm)     :  3
 DTVMC (VMC time step)                    :  0.02
 OPT_DTVMC (VMC time-step optimization)   :  1
 VMC_NSTEP (num VMC steps)                :  10000000
 VMC_NCONFIG_WRITE (num configs to write) :  0
 VMC_NBLOCK (num VMC blocks)              :  1
 VMC_EQUIL_NSTEP (num equil steps)        :  5000
 VMC_DECORR_PERIOD (length of inner loop) :  10
 VMC_AVE_PERIOD (hist reduction factor)   :  1
 VMC_SAMPLING                             :  standard
 MAKEMOVIE                                :  F
 FORCES                                   :  F

 Median sigma = 1/|grad ln psi| : 1.91493e-01 bohr

 ==============================
 PERFORMING A |PSI| CALCULATION.
 ==============================

 zeta of the walk: 2.50000e-01   DTVMC: 2.01311e-02

 =========================================================================
 WEIGHTED NODAL DOMAIN AVERAGES

  Number of |psi| steps                   = 10000000

  zeta                          (au^-1) =           0.250000000000
  Effective sample size                   = 10000000
  Potential component                (au) =         -12.997793371533
  Standard error                        +/-           0.003156063912
  e-e interaction                    (au) =           2.305448824082
  e-n interaction                    (au) =         -16.190125008656
  Sum of e-n distances             (bohr) =          11.913148214976

  epsilon (bohr)  inside      E_kin^nda (au)            E^nda (au)

    1.920e-03         31       0.837651 +/- 0.197375     -12.160142
    2.633e-03         59       0.837611 +/- 0.137544     -12.160183
    3.610e-03        102       0.828236 +/- 0.098698     -12.169558
    4.950e-03        193       0.799442 +/- 0.070769     -12.198352
    6.788e-03        353       0.777701 +/- 0.050831     -12.220092
    9.308e-03        647       0.765154 +/- 0.036689     -12.232639
    1.276e-02       1186       0.748663 +/- 0.026475     -12.249130
    1.750e-02       2272       0.740359 +/- 0.019131     -12.257434
    2.400e-02       4351       0.744969 +/- 0.013914     -12.252825

 Time taken in nodal domain averages : : :    540.0684

 Warning: keywords not read by pycasino: newrun periodic writeout_vmc_hist

 General input parameters
 ========================
 NEU (num up spin electrons)              :  2
 NED (num down spin electrons)            :  2
 RUNTYPE (type of run)                    :  vmc
 PSI_S  (form for [anti]symmetrizing wfn) :  slater
 ATOM_BASIS_TYPE (atom-centred orb basis) :  slater-type
 INTERACTION (interaction type)           :  coulomb
 TESTRUN (read input data,print and stop) :  F
 PERIODIC                                 :  F
 COMPLEX_WF (complex Slater wave fn.)     :  F
 NEIGHPRINT (neighbour analysis)          :  0
 USE_JASTROW (use Jastrow factor)         :  T
 BACKFLOW (use backflow corrections)      :  T
 USE_ORBMODS (use orbitals modifications) :  F
 CUSP_CORRECTION                          :  F
 NON_LOCAL_GRID (NL integration grid)     :  4
 E_OFFSET (energy offset)                 :  0.0000
 GAUTOL  (Gaussian evaluation tolerance)  :  7.0
 SPARSE                                   :  F
 DIPOLE_MOMENT                            :  F
 RELATIVISTIC                             :  F

 VMC input parameters
 ====================
 NEWRUN (start new run)                   :  T
 VMC_METHOD (choice of VMC algorithm)     :  3
 DTVMC (VMC time step)                    :  0.02
 OPT_DTVMC (VMC time-step optimization)   :  1
 VMC_NSTEP (num VMC steps)                :  10000000
 VMC_NCONFIG_WRITE (num configs to write) :  0
 VMC_NBLOCK (num VMC blocks)              :  1
 VMC_EQUIL_NSTEP (num equil steps)        :  5000
 VMC_DECORR_PERIOD (length of inner loop) :  10
 VMC_AVE_PERIOD (hist reduction factor)   :  1
 VMC_SAMPLING                             :  standard
 MAKEMOVIE                                :  F
 FORCES                                   :  F

 Median sigma = 1/|grad ln psi| : 2.40705e-01 bohr

 ==============================
 PERFORMING A |PSI| CALCULATION.
 ==============================

 zeta of the walk: 2.50000e-01   DTVMC: 2.23607e-02

 =========================================================================
 WEIGHTED NODAL DOMAIN AVERAGES

  Number of |psi| steps                   = 10000000

  zeta                          (au^-1) =           0.250000000000
  Effective sample size                   = 10000000
  Potential component                (au) =         -13.135672804734
  Standard error                        +/-           0.003168706505
  e-e interaction                    (au) =           2.313136091089
  e-n interaction                    (au) =         -16.345396155544
  Sum of e-n distances             (bohr) =          12.108098047675

  epsilon (bohr)  inside      E_kin^nda (au)            E^nda (au)

    1.920e-03         34       0.990225 +/- 0.211354     -12.145447
    2.633e-03         62       0.941245 +/- 0.147605     -12.194427
    3.610e-03         98       0.854208 +/- 0.103114     -12.281465
    4.950e-03        190       0.806496 +/- 0.072173     -12.329177
    6.788e-03        351       0.774669 +/- 0.051146     -12.361004
    9.308e-03        675       0.777923 +/- 0.036838     -12.357750
    1.276e-02       1229       0.778157 +/- 0.026821     -12.357516
    1.750e-02       2395       0.771668 +/- 0.019466     -12.364005
    2.400e-02       4750       0.795890 +/- 0.014262     -12.339783

 Time taken in nodal domain averages : : :    537.8958

 Warning: keywords not read by pycasino: newrun periodic writeout_vmc_hist

 General input parameters
 ========================
 NEU (num up spin electrons)              :  2
 NED (num down spin electrons)            :  2
 RUNTYPE (type of run)                    :  vmc
 PSI_S  (form for [anti]symmetrizing wfn) :  slater
 ATOM_BASIS_TYPE (atom-centred orb basis) :  slater-type
 INTERACTION (interaction type)           :  coulomb
 TESTRUN (read input data,print and stop) :  F
 PERIODIC                                 :  F
 COMPLEX_WF (complex Slater wave fn.)     :  F
 NEIGHPRINT (neighbour analysis)          :  0
 USE_JASTROW (use Jastrow factor)         :  T
 BACKFLOW (use backflow corrections)      :  T
 USE_ORBMODS (use orbitals modifications) :  F
 CUSP_CORRECTION                          :  F
 NON_LOCAL_GRID (NL integration grid)     :  4
 E_OFFSET (energy offset)                 :  0.0000
 GAUTOL  (Gaussian evaluation tolerance)  :  7.0
 SPARSE                                   :  F
 DIPOLE_MOMENT                            :  F
 RELATIVISTIC                             :  F

 VMC input parameters
 ====================
 NEWRUN (start new run)                   :  T
 VMC_METHOD (choice of VMC algorithm)     :  3
 DTVMC (VMC time step)                    :  0.02
 OPT_DTVMC (VMC time-step optimization)   :  1
 VMC_NSTEP (num VMC steps)                :  10000000
 VMC_NCONFIG_WRITE (num configs to write) :  0
 VMC_NBLOCK (num VMC blocks)              :  1
 VMC_EQUIL_NSTEP (num equil steps)        :  5000
 VMC_DECORR_PERIOD (length of inner loop) :  10
 VMC_AVE_PERIOD (hist reduction factor)   :  1
 VMC_SAMPLING                             :  standard
 MAKEMOVIE                                :  F
 FORCES                                   :  F

 Median sigma = 1/|grad ln psi| : 1.82587e-01 bohr

 ==============================
 PERFORMING A |PSI| CALCULATION.
 ==============================

 zeta of the walk: 2.50000e-01   DTVMC: 2.02885e-02

 =========================================================================
 WEIGHTED NODAL DOMAIN AVERAGES

  Number of |psi| steps                   = 10000000

  zeta                          (au^-1) =           0.250000000000
  Effective sample size                   = 10000000
  Potential component                (au) =         -13.417077017005
  Standard error                        +/-           0.003249121698
  e-e interaction                    (au) =           2.318086615748
  e-n interaction                    (au) =         -16.650841208269
  Sum of e-n distances             (bohr) =          12.056714413074

  epsilon (bohr)  inside      E_kin^nda (au)            E^nda (au)

    1.920e-03         27       0.537089 +/- 0.128049     -12.879988
    2.633e-03         44       0.620645 +/- 0.108380     -12.796432
    3.610e-03         95       0.668039 +/- 0.084263     -12.749038
    4.950e-03        165       0.681800 +/- 0.063795     -12.735277
    6.788e-03        307       0.670227 +/- 0.046742     -12.746850
    9.308e-03        591       0.676408 +/- 0.034125     -12.740669
    1.276e-02       1123       0.684209 +/- 0.025005     -12.732868
    1.750e-02       2226       0.699907 +/- 0.018369     -12.717170
    2.400e-02       4213       0.715965 +/- 0.013541     -12.701112

 Time taken in nodal domain averages : : :    544.9796

 Warning: keywords not read by pycasino: newrun periodic writeout_vmc_hist

 General input parameters
 ========================
 NEU (num up spin electrons)              :  2
 NED (num down spin electrons)            :  2
 RUNTYPE (type of run)                    :  vmc
 PSI_S  (form for [anti]symmetrizing wfn) :  slater
 ATOM_BASIS_TYPE (atom-centred orb basis) :  slater-type
 INTERACTION (interaction type)           :  coulomb
 TESTRUN (read input data,print and stop) :  F
 PERIODIC                                 :  F
 COMPLEX_WF (complex Slater wave fn.)     :  F
 NEIGHPRINT (neighbour analysis)          :  0
 USE_JASTROW (use Jastrow factor)         :  T
 BACKFLOW (use backflow corrections)      :  T
 USE_ORBMODS (use orbitals modifications) :  F
 CUSP_CORRECTION                          :  F
 NON_LOCAL_GRID (NL integration grid)     :  4
 E_OFFSET (energy offset)                 :  0.0000
 GAUTOL  (Gaussian evaluation tolerance)  :  7.0
 SPARSE                                   :  F
 DIPOLE_MOMENT                            :  F
 RELATIVISTIC                             :  F

 VMC input parameters
 ====================
 NEWRUN (start new run)                   :  T
 VMC_METHOD (choice of VMC algorithm)     :  3
 DTVMC (VMC time step)                    :  0.02
 OPT_DTVMC (VMC time-step optimization)   :  1
 VMC_NSTEP (num VMC steps)                :  10000000
 VMC_NCONFIG_WRITE (num configs to write) :  0
 VMC_NBLOCK (num VMC blocks)              :  1
 VMC_EQUIL_NSTEP (num equil steps)        :  5000
 VMC_DECORR_PERIOD (length of inner loop) :  10
 VMC_AVE_PERIOD (hist reduction factor)   :  1
 VMC_SAMPLING                             :  standard
 MAKEMOVIE                                :  F
 FORCES                                   :  F

 Median sigma = 1/|grad ln psi| : 1.83244e-01 bohr

 ==============================
 PERFORMING A |PSI| CALCULATION.
 ==============================

 zeta of the walk: 2.50000e-01   DTVMC: 2.22439e-02

 =========================================================================
 WEIGHTED NODAL DOMAIN AVERAGES

  Number of |psi| steps                   = 10000000

  zeta                          (au^-1) =           0.250000000000
  Effective sample size                   = 10000000
  Potential component                (au) =         -13.299112309090
  Standard error                        +/-           0.003214979071
  e-e interaction                    (au) =           2.330798162551
  e-n interaction                    (au) =         -16.538571169751
  Sum of e-n distances             (bohr) =          11.999486107202

  epsilon (bohr)  inside      E_kin^nda (au)            E^nda (au)

    1.920e-03         33       1.087579 +/- 0.230059     -12.211533
    2.633e-03         53       0.920360 +/- 0.152739     -12.378753
    3.610e-03        103       0.832319 +/- 0.102948     -12.466793
    4.950e-03        177       0.783504 +/- 0.071579     -12.515609
    6.788e-03        340       0.760203 +/- 0.050646     -12.538909
    9.308e-03        640       0.741949 +/- 0.036248     -12.557163
    1.276e-02       1196       0.740263 +/- 0.026225     -12.558849
    1.750e-02       2267       0.734652 +/- 0.019022     -12.564460
    2.400e-02       4357       0.743235 +/- 0.013874     -12.555877

 Time taken in nodal domain averages : : :    542.7749

 Warning: keywords not read by pycasino: newrun periodic writeout_vmc_hist

 General input parameters
 ========================
 NEU (num up spin electrons)              :  2
 NED (num down spin electrons)            :  2
 RUNTYPE (type of run)                    :  vmc
 PSI_S  (form for [anti]symmetrizing wfn) :  slater
 ATOM_BASIS_TYPE (atom-centred orb basis) :  slater-type
 INTERACTION (interaction type)           :  coulomb
 TESTRUN (read input data,print and stop) :  F
 PERIODIC                                 :  F
 COMPLEX_WF (complex Slater wave fn.)     :  F
 NEIGHPRINT (neighbour analysis)          :  0
 USE_JASTROW (use Jastrow factor)         :  T
 BACKFLOW (use backflow corrections)      :  T
 USE_ORBMODS (use orbitals modifications) :  F
 CUSP_CORRECTION                          :  F
 NON_LOCAL_GRID (NL integration grid)     :  4
 E_OFFSET (energy offset)                 :  0.0000
 GAUTOL  (Gaussian evaluation tolerance)  :  7.0
 SPARSE                                   :  F
 DIPOLE_MOMENT                            :  F
 RELATIVISTIC                             :  F

 VMC input parameters
 ====================
 NEWRUN (start new run)                   :  T
 VMC_METHOD (choice of VMC algorithm)     :  3
 DTVMC (VMC time step)                    :  0.02
 OPT_DTVMC (VMC time-step optimization)   :  1
 VMC_NSTEP (num VMC steps)                :  10000000
 VMC_NCONFIG_WRITE (num configs to write) :  0
 VMC_NBLOCK (num VMC blocks)              :  1
 VMC_EQUIL_NSTEP (num equil steps)        :  5000
 VMC_DECORR_PERIOD (length of inner loop) :  10
 VMC_AVE_PERIOD (hist reduction factor)   :  1
 VMC_SAMPLING                             :  standard
 MAKEMOVIE                                :  F
 FORCES                                   :  F

 Median sigma = 1/|grad ln psi| : 2.42457e-01 bohr

 ==============================
 PERFORMING A |PSI| CALCULATION.
 ==============================

 zeta of the walk: 2.50000e-01   DTVMC: 1.91320e-02

 =========================================================================
 WEIGHTED NODAL DOMAIN AVERAGES

  Number of |psi| steps                   = 10000000

  zeta                          (au^-1) =           0.250000000000
  Effective sample size                   = 10000000
  Potential component                (au) =         -13.161891607441
  Standard error                        +/-           0.003216715235
  e-e interaction                    (au) =           2.292686245664
  e-n interaction                    (au) =         -16.351549709978
  Sum of e-n distances             (bohr) =          12.218255341092

  epsilon (bohr)  inside      E_kin^nda (au)            E^nda (au)

    1.920e-03         26       0.580645 +/- 0.137864     -12.581247
    2.633e-03         49       0.663568 +/- 0.112913     -12.498323
    3.610e-03         99       0.701584 +/- 0.086850     -12.460307
    4.950e-03        192       0.754349 +/- 0.065977     -12.407543
    6.788e-03        369       0.772368 +/- 0.049411     -12.389523
    9.308e-03        714       0.797014 +/- 0.036662     -12.364878
    1.276e-02       1325       0.806793 +/- 0.027071     -12.355099
    1.750e-02       2467       0.805183 +/- 0.019834     -12.356709
    2.400e-02       4615       0.804981 +/- 0.014473     -12.356910

 Time taken in nodal domain averages : : :    537.7866

 Warning: keywords not read by pycasino: newrun periodic writeout_vmc_hist

 General input parameters
 ========================
 NEU (num up spin electrons)              :  2
 NED (num down spin electrons)            :  2
 RUNTYPE (type of run)                    :  vmc
 PSI_S  (form for [anti]symmetrizing wfn) :  slater
 ATOM_BASIS_TYPE (atom-centred orb basis) :  slater-type
 INTERACTION (interaction type)           :  coulomb
 TESTRUN (read input data,print and stop) :  F
 PERIODIC                                 :  F
 COMPLEX_WF (complex Slater wave fn.)     :  F
 NEIGHPRINT (neighbour analysis)          :  0
 USE_JASTROW (use Jastrow factor)         :  T
 BACKFLOW (use backflow corrections)      :  T
 USE_ORBMODS (use orbitals modifications) :  F
 CUSP_CORRECTION                          :  F
 NON_LOCAL_GRID (NL integration grid)     :  4
 E_OFFSET (energy offset)                 :  0.0000
 GAUTOL  (Gaussian evaluation tolerance)  :  7.0
 SPARSE                                   :  F
 DIPOLE_MOMENT                            :  F
 RELATIVISTIC                             :  F

 VMC input parameters
 ====================
 NEWRUN (start new run)                   :  T
 VMC_METHOD (choice of VMC algorithm)     :  3
 DTVMC (VMC time step)                    :  0.02
 OPT_DTVMC (VMC time-step optimization)   :  1
 VMC_NSTEP (num VMC steps)                :  10000000
 VMC_NCONFIG_WRITE (num configs to write) :  0
 VMC_NBLOCK (num VMC blocks)              :  1
 VMC_EQUIL_NSTEP (num equil steps)        :  5000
 VMC_DECORR_PERIOD (length of inner loop) :  10
 VMC_AVE_PERIOD (hist reduction factor)   :  1
 VMC_SAMPLING                             :  standard
 MAKEMOVIE                                :  F
 FORCES                                   :  F

 Median sigma = 1/|grad ln psi| : 1.88192e-01 bohr

 ==============================
 PERFORMING A |PSI| CALCULATION.
 ==============================

 zeta of the walk: 2.50000e-01   DTVMC: 1.86447e-02

 =========================================================================
 WEIGHTED NODAL DOMAIN AVERAGES

  Number of |psi| steps                   = 10000000

  zeta                          (au^-1) =           0.250000000000
  Effective sample size                   = 10000000
  Potential component                (au) =         -13.363188199821
  Standard error                        +/-           0.003244955898
  e-e interaction                    (au) =           2.355227028237
  e-n interaction                    (au) =         -16.632976243262
  Sum of e-n distances             (bohr) =          11.804116667774

  epsilon (bohr)  inside      E_kin^nda (au)            E^nda (au)

    1.920e-03         27       0.713575 +/- 0.172514     -12.649613
    2.633e-03         43       0.697140 +/- 0.124717     -12.666048
    3.610e-03         87       0.665175 +/- 0.088830     -12.698014
    4.950e-03        168       0.674097 +/- 0.064320     -12.689092
    6.788e-03        337       0.694281 +/- 0.047169     -12.668907
    9.308e-03        670       0.738812 +/- 0.035089     -12.624376
    1.276e-02       1247       0.761207 +/- 0.026144     -12.601981
    1.750e-02       2344       0.761173 +/- 0.019226     -12.602015
    2.400e-02       4377       0.761607 +/- 0.014062     -12.601581

 Time taken in nodal domain averages : : :    537.7074

 Warning: keywords not read by pycasino: newrun periodic writeout_vmc_hist

 General input parameters
 ========================
 NEU (num up spin electrons)              :  2
 NED (num down spin electrons)            :  2
 RUNTYPE (type of run)                    :  vmc
 PSI_S  (form for [anti]symmetrizing wfn) :  slater
 ATOM_BASIS_TYPE (atom-centred orb basis) :  slater-type
 INTERACTION (interaction type)           :  coulomb
 TESTRUN (read input data,print and stop) :  F
 PERIODIC                                 :  F
 COMPLEX_WF (complex Slater wave fn.)     :  F
 NEIGHPRINT (neighbour analysis)          :  0
 USE_JASTROW (use Jastrow factor)         :  T
 BACKFLOW (use backflow corrections)      :  T
 USE_ORBMODS (use orbitals modifications) :  F
 CUSP_CORRECTION                          :  F
 NON_LOCAL_GRID (NL integration grid)     :  4
 E_OFFSET (energy offset)                 :  0.0000
 GAUTOL  (Gaussian evaluation tolerance)  :  7.0
 SPARSE                                   :  F
 DIPOLE_MOMENT                            :  F
 RELATIVISTIC                             :  F

 VMC input parameters
 ====================
 NEWRUN (start new run)                   :  T
 VMC_METHOD (choice of VMC algorithm)     :  3
 DTVMC (VMC time step)                    :  0.02
 OPT_DTVMC (VMC time-step optimization)   :  1
 VMC_NSTEP (num VMC steps)                :  10000000
 VMC_NCONFIG_WRITE (num configs to write) :  0
 VMC_NBLOCK (num VMC blocks)              :  1
 VMC_EQUIL_NSTEP (num equil steps)        :  5000
 VMC_DECORR_PERIOD (length of inner loop) :  10
 VMC_AVE_PERIOD (hist reduction factor)   :  1
 VMC_SAMPLING                             :  standard
 MAKEMOVIE                                :  F
 FORCES                                   :  F

 Median sigma = 1/|grad ln psi| : 1.89782e-01 bohr

 ==============================
 PERFORMING A |PSI| CALCULATION.
 ==============================

 zeta of the walk: 2.50000e-01   DTVMC: 2.54555e-02

 =========================================================================
 WEIGHTED NODAL DOMAIN AVERAGES

  Number of |psi| steps                   = 10000000

  zeta                          (au^-1) =           0.250000000000
  Effective sample size                   = 10000000
  Potential component                (au) =         -12.991419229286
  Standard error                        +/-           0.003142071230
  e-e interaction                    (au) =           2.296901371845
  e-n interaction                    (au) =         -16.174208641207
  Sum of e-n distances             (bohr) =          11.851021426040

  epsilon (bohr)  inside      E_kin^nda (au)            E^nda (au)

    1.920e-03         23       0.788429 +/- 0.191452     -12.202990
    2.633e-03         44       0.707164 +/- 0.130016     -12.284256
    3.610e-03         96       0.711105 +/- 0.091402     -12.280314
    4.950e-03        172       0.707102 +/- 0.066206     -12.284317
    6.788e-03        350       0.728072 +/- 0.048317     -12.263347
    9.308e-03        658       0.749337 +/- 0.035687     -12.242082
    1.276e-02       1224       0.746629 +/- 0.026168     -12.244791
    1.750e-02       2285       0.747263 +/- 0.019117     -12.244156
    2.400e-02       4313       0.745157 +/- 0.013937     -12.246262

 Time taken in nodal domain averages : : :    541.2994

 Warning: keywords not read by pycasino: newrun periodic writeout_vmc_hist

 General input parameters
 ========================
 NEU (num up spin electrons)              :  2
 NED (num down spin electrons)            :  2
 RUNTYPE (type of run)                    :  vmc
 PSI_S  (form for [anti]symmetrizing wfn) :  slater
 ATOM_BASIS_TYPE (atom-centred orb basis) :  slater-type
 INTERACTION (interaction type)           :  coulomb
 TESTRUN (read input data,print and stop) :  F
 PERIODIC                                 :  F
 COMPLEX_WF (complex Slater wave fn.)     :  F
 NEIGHPRINT (neighbour analysis)          :  0
 USE_JASTROW (use Jastrow factor)         :  T
 BACKFLOW (use backflow corrections)      :  T
 USE_ORBMODS (use orbitals modifications) :  F
 CUSP_CORRECTION                          :  F
 NON_LOCAL_GRID (NL integration grid)     :  4
 E_OFFSET (energy offset)                 :  0.0000
 GAUTOL  (Gaussian evaluation tolerance)  :  7.0
 SPARSE                                   :  F
 DIPOLE_MOMENT                            :  F
 RELATIVISTIC                             :  F

 VMC input parameters
 ====================
 NEWRUN (start new run)                   :  T
 VMC_METHOD (choice of VMC algorithm)     :  3
 DTVMC (VMC time step)                    :  0.02
 OPT_DTVMC (VMC time-step optimization)   :  1
 VMC_NSTEP (num VMC steps)                :  10000000
 VMC_NCONFIG_WRITE (num configs to write) :  0
 VMC_NBLOCK (num VMC blocks)              :  1
 VMC_EQUIL_NSTEP (num equil steps)        :  5000
 VMC_DECORR_PERIOD (length of inner loop) :  10
 VMC_AVE_PERIOD (hist reduction factor)   :  1
 VMC_SAMPLING                             :  standard
 MAKEMOVIE                                :  F
 FORCES                                   :  F

 Median sigma = 1/|grad ln psi| : 1.86270e-01 bohr

 ==============================
 PERFORMING A |PSI| CALCULATION.
 ==============================

 zeta of the walk: 2.50000e-01   DTVMC: 1.86984e-02

 =========================================================================
 WEIGHTED NODAL DOMAIN AVERAGES

  Number of |psi| steps                   = 10000000

  zeta                          (au^-1) =           0.250000000000
  Effective sample size                   = 10000000
  Potential component                (au) =         -13.086184853448
  Standard error                        +/-           0.003163690886
  e-e interaction                    (au) =           2.285156883609
  e-n interaction                    (au) =         -16.262764519528
  Sum of e-n distances             (bohr) =          12.134498340927

  epsilon (bohr)  inside      E_kin^nda (au)            E^nda (au)

    1.920e-03         27       0.788452 +/- 0.182391     -12.297733
    2.633e-03         45       0.706348 +/- 0.128271     -12.379837
    3.610e-03         98       0.725706 +/- 0.091262     -12.360479
    4.950e-03        174       0.740672 +/- 0.067050     -12.345513
    6.788e-03        353       0.747343 +/- 0.049037     -12.338842
    9.308e-03        659       0.760510 +/- 0.036111     -12.325675
    1.276e-02       1258       0.763676 +/- 0.026436     -12.322508
    1.750e-02       2417       0.768633 +/- 0.019336     -12.317551
    2.400e-02       4466       0.775925 +/- 0.014173     -12.310260

 Time taken in nodal domain averages : : :    540.2767

 Warning: keywords not read by pycasino: newrun periodic writeout_vmc_hist

 General input parameters
 ========================
 NEU (num up spin electrons)              :  2
 NED (num down spin electrons)            :  2
 RUNTYPE (type of run)                    :  vmc
 PSI_S  (form for [anti]symmetrizing wfn) :  slater
 ATOM_BASIS_TYPE (atom-centred orb basis) :  slater-type
 INTERACTION (interaction type)           :  coulomb
 TESTRUN (read input data,print and stop) :  F
 PERIODIC                                 :  F
 COMPLEX_WF (complex Slater wave fn.)     :  F
 NEIGHPRINT (neighbour analysis)          :  0
 USE_JASTROW (use Jastrow factor)         :  T
 BACKFLOW (use backflow corrections)      :  T
 USE_ORBMODS (use orbitals modifications) :  F
 CUSP_CORRECTION                          :  F
 NON_LOCAL_GRID (NL integration grid)     :  4
 E_OFFSET (energy offset)                 :  0.0000
 GAUTOL  (Gaussian evaluation tolerance)  :  7.0
 SPARSE                                   :  F
 DIPOLE_MOMENT                            :  F
 RELATIVISTIC                             :  F

 VMC input parameters
 ====================
 NEWRUN (start new run)                   :  T
 VMC_METHOD (choice of VMC algorithm)     :  3
 DTVMC (VMC time step)                    :  0.02
 OPT_DTVMC (VMC time-step optimization)   :  1
 VMC_NSTEP (num VMC steps)                :  10000000
 VMC_NCONFIG_WRITE (num configs to write) :  0
 VMC_NBLOCK (num VMC blocks)              :  1
 VMC_EQUIL_NSTEP (num equil steps)        :  5000
 VMC_DECORR_PERIOD (length of inner loop) :  10
 VMC_AVE_PERIOD (hist reduction factor)   :  1
 VMC_SAMPLING                             :  standard
 MAKEMOVIE                                :  F
 FORCES                                   :  F

 Median sigma = 1/|grad ln psi| : 1.85734e-01 bohr

 ==============================
 PERFORMING A |PSI| CALCULATION.
 ==============================

 zeta of the walk: 2.50000e-01   DTVMC: 2.38750e-02

 =========================================================================
 WEIGHTED NODAL DOMAIN AVERAGES

  Number of |psi| steps                   = 10000000

  zeta                          (au^-1) =           0.250000000000
  Effective sample size                   = 10000000
  Potential component                (au) =         -13.198309136079
  Standard error                        +/-           0.003184840013
  e-e interaction                    (au) =           2.304711789899
  e-n interaction                    (au) =         -16.403222321043
  Sum of e-n distances             (bohr) =          12.045537858317

  epsilon (bohr)  inside      E_kin^nda (au)            E^nda (au)

    1.920e-03         26       0.782992 +/- 0.171589     -12.415317
    2.633e-03         51       0.753763 +/- 0.127688     -12.444546
    3.610e-03         92       0.715932 +/- 0.092220     -12.482377
    4.950e-03        174       0.713233 +/- 0.066445     -12.485076
    6.788e-03        344       0.728983 +/- 0.048465     -12.469326
    9.308e-03        631       0.729875 +/- 0.035498     -12.468434
    1.276e-02       1203       0.725898 +/- 0.025872     -12.472411
    1.750e-02       2240       0.727734 +/- 0.018866     -12.470575
    2.400e-02       4387       0.741420 +/- 0.013809     -12.456889

 Time taken in nodal domain averages : : :    541.1208

 Warning: keywords not read by pycasino: newrun periodic writeout_vmc_hist

 General input parameters
 ========================
 NEU (num up spin electrons)              :  2
 NED (num down spin electrons)            :  2
 RUNTYPE (type of run)                    :  vmc
 PSI_S  (form for [anti]symmetrizing wfn) :  slater
 ATOM_BASIS_TYPE (atom-centred orb basis) :  slater-type
 INTERACTION (interaction type)           :  coulomb
 TESTRUN (read input data,print and stop) :  F
 PERIODIC                                 :  F
 COMPLEX_WF (complex Slater wave fn.)     :  F
 NEIGHPRINT (neighbour analysis)          :  0
 USE_JASTROW (use Jastrow factor)         :  T
 BACKFLOW (use backflow corrections)      :  T
 USE_ORBMODS (use orbitals modifications) :  F
 CUSP_CORRECTION                          :  F
 NON_LOCAL_GRID (NL integration grid)     :  4
 E_OFFSET (energy offset)                 :  0.0000
 GAUTOL  (Gaussian evaluation tolerance)  :  7.0
 SPARSE                                   :  F
 DIPOLE_MOMENT                            :  F
 RELATIVISTIC                             :  F

 VMC input parameters
 ====================
 NEWRUN (start new run)                   :  T
 VMC_METHOD (choice of VMC algorithm)     :  3
 DTVMC (VMC time step)                    :  0.02
 OPT_DTVMC (VMC time-step optimization)   :  1
 VMC_NSTEP (num VMC steps)                :  10000000
 VMC_NCONFIG_WRITE (num configs to write) :  0
 VMC_NBLOCK (num VMC blocks)              :  1
 VMC_EQUIL_NSTEP (num equil steps)        :  5000
 VMC_DECORR_PERIOD (length of inner loop) :  10
 VMC_AVE_PERIOD (hist reduction factor)   :  1
 VMC_SAMPLING                             :  standard
 MAKEMOVIE                                :  F
 FORCES                                   :  F

 Median sigma = 1/|grad ln psi| : 1.97134e-01 bohr

 ==============================
 PERFORMING A |PSI| CALCULATION.
 ==============================

 zeta of the walk: 2.50000e-01   DTVMC: 1.86090e-02

 =========================================================================
 WEIGHTED NODAL DOMAIN AVERAGES

  Number of |psi| steps                   = 10000000

  zeta                          (au^-1) =           0.250000000000
  Effective sample size                   = 10000000
  Potential component                (au) =         -13.085666330352
  Standard error                        +/-           0.003155943986
  e-e interaction                    (au) =           2.315934261805
  e-n interaction                    (au) =         -16.295040631634
  Sum of e-n distances             (bohr) =          11.890456112895

  epsilon (bohr)  inside      E_kin^nda (au)            E^nda (au)

    1.920e-03         27       0.521560 +/- 0.144170     -12.564106
    2.633e-03         51       0.645220 +/- 0.112049     -12.440447
    3.610e-03         96       0.705967 +/- 0.086968     -12.379699
    4.950e-03        185       0.728996 +/- 0.065595     -12.356670
    6.788e-03        352       0.752850 +/- 0.048867     -12.332816
    9.308e-03        659       0.757647 +/- 0.036052     -12.328019
    1.276e-02       1228       0.760810 +/- 0.026404     -12.324856
    1.750e-02       2318       0.760531 +/- 0.019286     -12.325136
    2.400e-02       4453       0.761537 +/- 0.014066     -12.324129

 Time taken in nodal domain averages : : :    542.5138

 Warning: keywords not read by pycasino: newrun periodic writeout_vmc_hist

 General input parameters
 ========================
 NEU (num up spin electrons)              :  2
 NED (num down spin electrons)            :  2
 RUNTYPE (type of run)                    :  vmc
 PSI_S  (form for [anti]symmetrizing wfn) :  slater
 ATOM_BASIS_TYPE (atom-centred orb basis) :  slater-type
 INTERACTION (interaction type)           :  coulomb
 TESTRUN (read input data,print and stop) :  F
 PERIODIC                                 :  F
 COMPLEX_WF (complex Slater wave fn.)     :  F
 NEIGHPRINT (neighbour analysis)          :  0
 USE_JASTROW (use Jastrow factor)         :  T
 BACKFLOW (use backflow corrections)      :  T
 USE_ORBMODS (use orbitals modifications) :  F
 CUSP_CORRECTION                          :  F
 NON_LOCAL_GRID (NL integration grid)     :  4
 E_OFFSET (energy offset)                 :  0.0000
 GAUTOL  (Gaussian evaluation tolerance)  :  7.0
 SPARSE                                   :  F
 DIPOLE_MOMENT                            :  F
 RELATIVISTIC                             :  F

 VMC input parameters
 ====================
 NEWRUN (start new run)                   :  T
 VMC_METHOD (choice of VMC algorithm)     :  3
 DTVMC (VMC time step)                    :  0.02
 OPT_DTVMC (VMC time-step optimization)   :  1
 VMC_NSTEP (num VMC steps)                :  10000000
 VMC_NCONFIG_WRITE (num configs to write) :  0
 VMC_NBLOCK (num VMC blocks)              :  1
 VMC_EQUIL_NSTEP (num equil steps)        :  5000
 VMC_DECORR_PERIOD (length of inner loop) :  10
 VMC_AVE_PERIOD (hist reduction factor)   :  1
 VMC_SAMPLING                             :  standard
 MAKEMOVIE                                :  F
 FORCES                                   :  F

 Median sigma = 1/|grad ln psi| : 1.87582e-01 bohr

 ==============================
 PERFORMING A |PSI| CALCULATION.
 ==============================

 zeta of the walk: 2.50000e-01   DTVMC: 2.32211e-02

 =========================================================================
 WEIGHTED NODAL DOMAIN AVERAGES

  Number of |psi| steps                   = 10000000

  zeta                          (au^-1) =           0.250000000000
  Effective sample size                   = 10000000
  Potential component                (au) =         -13.174832782891
  Standard error                        +/-           0.003170634722
  e-e interaction                    (au) =           2.286917671872
  e-n interaction                    (au) =         -16.359200485081
  Sum of e-n distances             (bohr) =          12.109249975367

  epsilon (bohr)  inside      E_kin^nda (au)            E^nda (au)

    1.920e-03         16       0.366605 +/- 0.113659     -12.808228
    2.633e-03         43       0.485069 +/- 0.092930     -12.689764
    3.610e-03        104       0.648136 +/- 0.078091     -12.526696
    4.950e-03        177       0.713638 +/- 0.063066     -12.461195
    6.788e-03        339       0.726903 +/- 0.047701     -12.447930
    9.308e-03        629       0.727913 +/- 0.035310     -12.446920
    1.276e-02       1193       0.736777 +/- 0.025933     -12.438056
    1.750e-02       2296       0.741771 +/- 0.018990     -12.433062
    2.400e-02       4291       0.746219 +/- 0.013908     -12.428614

 Time taken in nodal domain averages : : :    562.9021

 Warning: keywords not read by pycasino: newrun periodic writeout_vmc_hist

 General input parameters
 ========================
 NEU (num up spin electrons)              :  2
 NED (num down spin electrons)            :  2
 RUNTYPE (type of run)                    :  vmc
 PSI_S  (form for [anti]symmetrizing wfn) :  slater
 ATOM_BASIS_TYPE (atom-centred orb basis) :  slater-type
 INTERACTION (interaction type)           :  coulomb
 TESTRUN (read input data,print and stop) :  F
 PERIODIC                                 :  F
 COMPLEX_WF (complex Slater wave fn.)     :  F
 NEIGHPRINT (neighbour analysis)          :  0
 USE_JASTROW (use Jastrow factor)         :  T
 BACKFLOW (use backflow corrections)      :  T
 USE_ORBMODS (use orbitals modifications) :  F
 CUSP_CORRECTION                          :  F
 NON_LOCAL_GRID (NL integration grid)     :  4
 E_OFFSET (energy offset)                 :  0.0000
 GAUTOL  (Gaussian evaluation tolerance)  :  7.0
 SPARSE                                   :  F
 DIPOLE_MOMENT                            :  F
 RELATIVISTIC                             :  F

 VMC input parameters
 ====================
 NEWRUN (start new run)                   :  T
 VMC_METHOD (choice of VMC algorithm)     :  3
 DTVMC (VMC time step)                    :  0.02
 OPT_DTVMC (VMC time-step optimization)   :  1
 VMC_NSTEP (num VMC steps)                :  10000000
 VMC_NCONFIG_WRITE (num configs to write) :  0
 VMC_NBLOCK (num VMC blocks)              :  1
 VMC_EQUIL_NSTEP (num equil steps)        :  5000
 VMC_DECORR_PERIOD (length of inner loop) :  10
 VMC_AVE_PERIOD (hist reduction factor)   :  1
 VMC_SAMPLING                             :  standard
 MAKEMOVIE                                :  F
 FORCES                                   :  F

 Median sigma = 1/|grad ln psi| : 1.84260e-01 bohr

 ==============================
 PERFORMING A |PSI| CALCULATION.
 ==============================

 zeta of the walk: 2.50000e-01   DTVMC: 1.85857e-02

 =========================================================================
 WEIGHTED NODAL DOMAIN AVERAGES

  Number of |psi| steps                   = 10000000

  zeta                          (au^-1) =           0.250000000000
  Effective sample size                   = 10000000
  Potential component                (au) =         -13.294181091761
  Standard error                        +/-           0.003225303112
  e-e interaction                    (au) =           2.333313091057
  e-n interaction                    (au) =         -16.535993795006
  Sum of e-n distances             (bohr) =          12.016407252958

  epsilon (bohr)  inside      E_kin^nda (au)            E^nda (au)

    1.920e-03         29       0.774235 +/- 0.187570     -12.519946
    2.633e-03         53       0.793017 +/- 0.132736     -12.501164
    3.610e-03        107       0.814687 +/- 0.096309     -12.479494
    4.950e-03        195       0.811426 +/- 0.070451     -12.482756
    6.788e-03        358       0.798648 +/- 0.051235     -12.495533
    9.308e-03        677       0.784112 +/- 0.037069     -12.510069
    1.276e-02       1265       0.782283 +/- 0.026912     -12.511898
    1.750e-02       2363       0.774413 +/- 0.019536     -12.519769
    2.400e-02       4493       0.777301 +/- 0.014221     -12.516880

 Time taken in nodal domain averages : : :    620.7487

 Warning: keywords not read by pycasino: newrun periodic writeout_vmc_hist

 General input parameters
 ========================
 NEU (num up spin electrons)              :  2
 NED (num down spin electrons)            :  2
 RUNTYPE (type of run)                    :  vmc
 PSI_S  (form for [anti]symmetrizing wfn) :  slater
 ATOM_BASIS_TYPE (atom-centred orb basis) :  slater-type
 INTERACTION (interaction type)           :  coulomb
 TESTRUN (read input data,print and stop) :  F
 PERIODIC                                 :  F
 COMPLEX_WF (complex Slater wave fn.)     :  F
 NEIGHPRINT (neighbour analysis)          :  0
 USE_JASTROW (use Jastrow factor)         :  T
 BACKFLOW (use backflow corrections)      :  T
 USE_ORBMODS (use orbitals modifications) :  F
 CUSP_CORRECTION                          :  F
 NON_LOCAL_GRID (NL integration grid)     :  4
 E_OFFSET (energy offset)                 :  0.0000
 GAUTOL  (Gaussian evaluation tolerance)  :  7.0
 SPARSE                                   :  F
 DIPOLE_MOMENT                            :  F
 RELATIVISTIC                             :  F

 VMC input parameters
 ====================
 NEWRUN (start new run)                   :  T
 VMC_METHOD (choice of VMC algorithm)     :  3
 DTVMC (VMC time step)                    :  0.02
 OPT_DTVMC (VMC time-step optimization)   :  1
 VMC_NSTEP (num VMC steps)                :  10000000
 VMC_NCONFIG_WRITE (num configs to write) :  0
 VMC_NBLOCK (num VMC blocks)              :  1
 VMC_EQUIL_NSTEP (num equil steps)        :  5000
 VMC_DECORR_PERIOD (length of inner loop) :  10
 VMC_AVE_PERIOD (hist reduction factor)   :  1
 VMC_SAMPLING                             :  standard
 MAKEMOVIE                                :  F
 FORCES                                   :  F

 Median sigma = 1/|grad ln psi| : 1.89762e-01 bohr

 ==============================
 PERFORMING A |PSI| CALCULATION.
 ==============================

 zeta of the walk: 2.50000e-01   DTVMC: 2.01637e-02

 =========================================================================
 WEIGHTED NODAL DOMAIN AVERAGES

  Number of |psi| steps                   = 10000000

  zeta                          (au^-1) =           0.250000000000
  Effective sample size                   = 10000000
  Potential component                (au) =         -13.014735490207
  Standard error                        +/-           0.003259903207
  e-e interaction                    (au) =           2.310714586491
  e-n interaction                    (au) =         -16.213813415145
  Sum of e-n distances             (bohr) =          12.018601186799

  epsilon (bohr)  inside      E_kin^nda (au)            E^nda (au)

    1.920e-03         22       0.530991 +/- 0.135359     -12.483745
    2.633e-03         43       0.548223 +/- 0.105250     -12.466512
    3.610e-03         90       0.608523 +/- 0.080567     -12.406213
    4.950e-03        188       0.695018 +/- 0.062272     -12.319718
    6.788e-03        361       0.749664 +/- 0.047840     -12.265071
    9.308e-03        663       0.762085 +/- 0.035860     -12.252650
    1.276e-02       1270       0.768557 +/- 0.026445     -12.246179
    1.750e-02       2513       0.787573 +/- 0.019454     -12.227163
    2.400e-02       4829       0.814169 +/- 0.014389     -12.200567

 Time taken in nodal domain averages : : :    593.1385

 Warning: keywords not read by pycasino: newrun periodic writeout_vmc_hist

 General input parameters
 ========================
 NEU (num up spin electrons)              :  2
 NED (num down spin electrons)            :  2
 RUNTYPE (type of run)                    :  vmc
 PSI_S  (form for [anti]symmetrizing wfn) :  slater
 ATOM_BASIS_TYPE (atom-centred orb basis) :  slater-type
 INTERACTION (interaction type)           :  coulomb
 TESTRUN (read input data,print and stop) :  F
 PERIODIC                                 :  F
 COMPLEX_WF (complex Slater wave fn.)     :  F
 NEIGHPRINT (neighbour analysis)          :  0
 USE_JASTROW (use Jastrow factor)         :  T
 BACKFLOW (use backflow corrections)      :  T
 USE_ORBMODS (use orbitals modifications) :  F
 CUSP_CORRECTION                          :  F
 NON_LOCAL_GRID (NL integration grid)     :  4
 E_OFFSET (energy offset)                 :  0.0000
 GAUTOL  (Gaussian evaluation tolerance)  :  7.0
 SPARSE                                   :  F
 DIPOLE_MOMENT                            :  F
 RELATIVISTIC                             :  F

 VMC input parameters
 ====================
 NEWRUN (start new run)                   :  T
 VMC_METHOD (choice of VMC algorithm)     :  3
 DTVMC (VMC time step)                    :  0.02
 OPT_DTVMC (VMC time-step optimization)   :  1
 VMC_NSTEP (num VMC steps)                :  10000000
 VMC_NCONFIG_WRITE (num configs to write) :  0
 VMC_NBLOCK (num VMC blocks)              :  1
 VMC_EQUIL_NSTEP (num equil steps)        :  5000
 VMC_DECORR_PERIOD (length of inner loop) :  10
 VMC_AVE_PERIOD (hist reduction factor)   :  1
 VMC_SAMPLING                             :  standard
 MAKEMOVIE                                :  F
 FORCES                                   :  F

 Median sigma = 1/|grad ln psi| : 1.84654e-01 bohr

 ==============================
 PERFORMING A |PSI| CALCULATION.
 ==============================

 zeta of the walk: 2.50000e-01   DTVMC: 1.99494e-02

 =========================================================================
 WEIGHTED NODAL DOMAIN AVERAGES

  Number of |psi| steps                   = 10000000

  zeta                          (au^-1) =           0.250000000000
  Effective sample size                   = 10000000
  Potential component                (au) =         -13.217832129387
  Standard error                        +/-           0.003186907876
  e-e interaction                    (au) =           2.320509100850
  e-n interaction                    (au) =         -16.440897312252
  Sum of e-n distances             (bohr) =          12.017362636472

  epsilon (bohr)  inside      E_kin^nda (au)            E^nda (au)

    1.920e-03         35       0.785550 +/- 0.169173     -12.432283
    2.633e-03         56       0.833842 +/- 0.131074     -12.383990
    3.610e-03        111       0.811804 +/- 0.096399     -12.406028
    4.950e-03        204       0.824721 +/- 0.070785     -12.393111
    6.788e-03        368       0.809234 +/- 0.051550     -12.408598
    9.308e-03        711       0.809650 +/- 0.037438     -12.408182
    1.276e-02       1326       0.809881 +/- 0.027304     -12.407951
    1.750e-02       2424       0.802456 +/- 0.019882     -12.415376
    2.400e-02       4573       0.793672 +/- 0.014427     -12.424160

 Time taken in nodal domain averages : : :    580.7112

 Warning: keywords not read by pycasino: newrun periodic writeout_vmc_hist

 General input parameters
 ========================
 NEU (num up spin electrons)              :  2
 NED (num down spin electrons)            :  2
 RUNTYPE (type of run)                    :  vmc
 PSI_S  (form for [anti]symmetrizing wfn) :  slater
 ATOM_BASIS_TYPE (atom-centred orb basis) :  slater-type
 INTERACTION (interaction type)           :  coulomb
 TESTRUN (read input data,print and stop) :  F
 PERIODIC                                 :  F
 COMPLEX_WF (complex Slater wave fn.)     :  F
 NEIGHPRINT (neighbour analysis)          :  0
 USE_JASTROW (use Jastrow factor)         :  T
 BACKFLOW (use backflow corrections)      :  T
 USE_ORBMODS (use orbitals modifications) :  F
 CUSP_CORRECTION                          :  F
 NON_LOCAL_GRID (NL integration grid)     :  4
 E_OFFSET (energy offset)                 :  0.0000
 GAUTOL  (Gaussian evaluation tolerance)  :  7.0
 SPARSE                                   :  F
 DIPOLE_MOMENT                            :  F
 RELATIVISTIC                             :  F

 VMC input parameters
 ====================
 NEWRUN (start new run)                   :  T
 VMC_METHOD (choice of VMC algorithm)     :  3
 DTVMC (VMC time step)                    :  0.02
 OPT_DTVMC (VMC time-step optimization)   :  1
 VMC_NSTEP (num VMC steps)                :  10000000
 VMC_NCONFIG_WRITE (num configs to write) :  0
 VMC_NBLOCK (num VMC blocks)              :  1
 VMC_EQUIL_NSTEP (num equil steps)        :  5000
 VMC_DECORR_PERIOD (length of inner loop) :  10
 VMC_AVE_PERIOD (hist reduction factor)   :  1
 VMC_SAMPLING                             :  standard
 MAKEMOVIE                                :  F
 FORCES                                   :  F

 Median sigma = 1/|grad ln psi| : 1.92275e-01 bohr

 ==============================
 PERFORMING A |PSI| CALCULATION.
 ==============================

 zeta of the walk: 2.50000e-01   DTVMC: 2.21353e-02

 =========================================================================
 WEIGHTED NODAL DOMAIN AVERAGES

  Number of |psi| steps                   = 10000000

  zeta                          (au^-1) =           0.250000000000
  Effective sample size                   = 10000000
  Potential component                (au) =         -13.002156306120
  Standard error                        +/-           0.003166306114
  e-e interaction                    (au) =           2.299342100121
  e-n interaction                    (au) =         -16.188264966657
  Sum of e-n distances             (bohr) =          11.893703324063

  epsilon (bohr)  inside      E_kin^nda (au)            E^nda (au)

    1.920e-03         34       1.030163 +/- 0.219695     -11.971993
    2.633e-03         66       0.996514 +/- 0.151423     -12.005643
    3.610e-03        109       0.925519 +/- 0.106463     -12.076638
    4.950e-03        194       0.846236 +/- 0.074494     -12.155920
    6.788e-03        343       0.792807 +/- 0.052261     -12.209350
    9.308e-03        647       0.760421 +/- 0.036968     -12.241736
    1.276e-02       1254       0.762531 +/- 0.026601     -12.239626
    1.750e-02       2359       0.765431 +/- 0.019370     -12.236726
    2.400e-02       4472       0.770953 +/- 0.014146     -12.231203

 Time taken in nodal domain averages : : :    600.3187

 Warning: keywords not read by pycasino: newrun periodic writeout_vmc_hist

 General input parameters
 ========================
 NEU (num up spin electrons)              :  2
 NED (num down spin electrons)            :  2
 RUNTYPE (type of run)                    :  vmc
 PSI_S  (form for [anti]symmetrizing wfn) :  slater
 ATOM_BASIS_TYPE (atom-centred orb basis) :  slater-type
 INTERACTION (interaction type)           :  coulomb
 TESTRUN (read input data,print and stop) :  F
 PERIODIC                                 :  F
 COMPLEX_WF (complex Slater wave fn.)     :  F
 NEIGHPRINT (neighbour analysis)          :  0
 USE_JASTROW (use Jastrow factor)         :  T
 BACKFLOW (use backflow corrections)      :  T
 USE_ORBMODS (use orbitals modifications) :  F
 CUSP_CORRECTION                          :  F
 NON_LOCAL_GRID (NL integration grid)     :  4
 E_OFFSET (energy offset)                 :  0.0000
 GAUTOL  (Gaussian evaluation tolerance)  :  7.0
 SPARSE                                   :  F
 DIPOLE_MOMENT                            :  F
 RELATIVISTIC                             :  F

 VMC input parameters
 ====================
 NEWRUN (start new run)                   :  T
 VMC_METHOD (choice of VMC algorithm)     :  3
 DTVMC (VMC time step)                    :  0.02
 OPT_DTVMC (VMC time-step optimization)   :  1
 VMC_NSTEP (num VMC steps)                :  10000000
 VMC_NCONFIG_WRITE (num configs to write) :  0
 VMC_NBLOCK (num VMC blocks)              :  1
 VMC_EQUIL_NSTEP (num equil steps)        :  5000
 VMC_DECORR_PERIOD (length of inner loop) :  10
 VMC_AVE_PERIOD (hist reduction factor)   :  1
 VMC_SAMPLING                             :  standard
 MAKEMOVIE                                :  F
 FORCES                                   :  F

 Median sigma = 1/|grad ln psi| : 1.88591e-01 bohr

 ==============================
 PERFORMING A |PSI| CALCULATION.
 ==============================

 zeta of the walk: 2.50000e-01   DTVMC: 1.85896e-02

 =========================================================================
 WEIGHTED NODAL DOMAIN AVERAGES

  Number of |psi| steps                   = 10000000

  zeta                          (au^-1) =           0.250000000000
  Effective sample size                   = 10000000
  Potential component                (au) =         -13.045410053128
  Standard error                        +/-           0.003153865137
  e-e interaction                    (au) =           2.305988266765
  e-n interaction                    (au) =         -16.241491541219
  Sum of e-n distances             (bohr) =          11.940852098629

  epsilon (bohr)  inside      E_kin^nda (au)            E^nda (au)

    1.920e-03         18       0.524364 +/- 0.149342     -12.521046
    2.633e-03         52       0.619605 +/- 0.110411     -12.425805
    3.610e-03         90       0.680096 +/- 0.085667     -12.365314
    4.950e-03        151       0.659310 +/- 0.063706     -12.386100
    6.788e-03        337       0.679882 +/- 0.046544     -12.365528
    9.308e-03        645       0.709327 +/- 0.034581     -12.336083
    1.276e-02       1243       0.738786 +/- 0.025719     -12.306625
    1.750e-02       2395       0.759990 +/- 0.019069     -12.285420
    2.400e-02       4449       0.770006 +/- 0.014073     -12.275404

 Time taken in nodal domain averages : : :    583.6642

 Warning: keywords not read by pycasino: newrun periodic writeout_vmc_hist

 General input parameters
 ========================
 NEU (num up spin electrons)              :  2
 NED (num down spin electrons)            :  2
 RUNTYPE (type of run)                    :  vmc
 PSI_S  (form for [anti]symmetrizing wfn) :  slater
 ATOM_BASIS_TYPE (atom-centred orb basis) :  slater-type
 INTERACTION (interaction type)           :  coulomb
 TESTRUN (read input data,print and stop) :  F
 PERIODIC                                 :  F
 COMPLEX_WF (complex Slater wave fn.)     :  F
 NEIGHPRINT (neighbour analysis)          :  0
 USE_JASTROW (use Jastrow factor)         :  T
 BACKFLOW (use backflow corrections)      :  T
 USE_ORBMODS (use orbitals modifications) :  F
 CUSP_CORRECTION                          :  F
 NON_LOCAL_GRID (NL integration grid)     :  4
 E_OFFSET (energy offset)                 :  0.0000
 GAUTOL  (Gaussian evaluation tolerance)  :  7.0
 SPARSE                                   :  F
 DIPOLE_MOMENT                            :  F
 RELATIVISTIC                             :  F

 VMC input parameters
 ====================
 NEWRUN (start new run)                   :  T
 VMC_METHOD (choice of VMC algorithm)     :  3
 DTVMC (VMC time step)                    :  0.02
 OPT_DTVMC (VMC time-step optimization)   :  1
 VMC_NSTEP (num VMC steps)                :  10000000
 VMC_NCONFIG_WRITE (num configs to write) :  0
 VMC_NBLOCK (num VMC blocks)              :  1
 VMC_EQUIL_NSTEP (num equil steps)        :  5000
 VMC_DECORR_PERIOD (length of inner loop) :  10
 VMC_AVE_PERIOD (hist reduction factor)   :  1
 VMC_SAMPLING                             :  standard
 MAKEMOVIE                                :  F
 FORCES                                   :  F

 Median sigma = 1/|grad ln psi| : 1.89601e-01 bohr

 ==============================
 PERFORMING A |PSI| CALCULATION.
 ==============================

 zeta of the walk: 2.50000e-01   DTVMC: 2.38047e-02

 =========================================================================
 WEIGHTED NODAL DOMAIN AVERAGES

  Number of |psi| steps                   = 10000000

  zeta                          (au^-1) =           0.250000000000
  Effective sample size                   = 10000000
  Potential component                (au) =         -12.969752382969
  Standard error                        +/-           0.003170043529
  e-e interaction                    (au) =           2.294376659510
  e-n interaction                    (au) =         -16.148404311978
  Sum of e-n distances             (bohr) =          11.941431200262

  epsilon (bohr)  inside      E_kin^nda (au)            E^nda (au)

    1.920e-03         24       0.645439 +/- 0.150591     -12.324314
    2.633e-03         42       0.634509 +/- 0.115710     -12.335243
    3.610e-03         99       0.674681 +/- 0.085640     -12.295072
    4.950e-03        180       0.730030 +/- 0.065188     -12.239722
    6.788e-03        346       0.745197 +/- 0.048625     -12.224556
    9.308e-03        659       0.759135 +/- 0.035942     -12.210618
    1.276e-02       1258       0.762723 +/- 0.026385     -12.207029
    1.750e-02       2385       0.771860 +/- 0.019354     -12.197893
    2.400e-02       4420       0.771818 +/- 0.014161     -12.197934

 Time taken in nodal domain averages : : :    572.6882

 =========================================================================
 NODAL SURFACE DESCRIPTOR, zeta = 0.2500

 run                                                 widest tube          1.9x narrower

 vmc/Backflow                                 0.764805 +/- 0.014100     0.767607 +/- 0.026491
 vmc/Backflow_01                              0.772755 +/- 0.014205     0.787294 +/- 0.026730
 vmc/Backflow_02                              0.767420 +/- 0.014121     0.767040 +/- 0.026482
 vmc/Backflow_03                              0.746988 +/- 0.013860     0.724850 +/- 0.025815
 vmc/Backflow_04                              0.744969 +/- 0.013914     0.748663 +/- 0.026475
 vmc/Backflow_05                              0.795890 +/- 0.014262     0.778157 +/- 0.026821
 vmc/Backflow_06                              0.715965 +/- 0.013541     0.684209 +/- 0.025005
 vmc/Backflow_07                              0.743235 +/- 0.013874     0.740263 +/- 0.026225
 vmc/Backflow_08                              0.804981 +/- 0.014473     0.806793 +/- 0.027071
 vmc/Backflow_09                              0.761607 +/- 0.014062     0.761207 +/- 0.026144
 vmc/Backflow_10                              0.745157 +/- 0.013937     0.746629 +/- 0.026168
 vmc/Backflow_11                              0.775925 +/- 0.014173     0.763676 +/- 0.026436
 vmc/Backflow_12                              0.741420 +/- 0.013809     0.725898 +/- 0.025872
 vmc/Backflow_13                              0.761537 +/- 0.014066     0.760810 +/- 0.026404
 vmc/Backflow_14                              0.746219 +/- 0.013908     0.736777 +/- 0.025933
 vmc/Backflow_15                              0.777301 +/- 0.014221     0.782283 +/- 0.026912
 vmc/Backflow_16                              0.814169 +/- 0.014389     0.768557 +/- 0.026445
 vmc/Backflow_17                              0.793672 +/- 0.014427     0.809881 +/- 0.027304
 vmc/Backflow_18                              0.770953 +/- 0.014146     0.762531 +/- 0.026601
 vmc/Backflow_19                              0.770006 +/- 0.014073     0.738786 +/- 0.025719
 vmc/Backflow_20                              0.771818 +/- 0.014161     0.762723 +/- 0.026385

