

*******************************************************************************
Sun May 18 18:17:07 2025


FIT:    data read from "time.dat" using 2:3
        format = x:z
        #datapoints = 8
        residuals are weighted equally (unit weight)

function used for fitting: f1(x)
	f1(x) = a1*x+b1
fitted parameters initialized with current variable values

iter      chisq       delta/lim  lambda   a1            b1           
   0 1.4267620000e+06   0.00e+00  1.95e+02    1.000000e+00   1.000000e+00
   5 2.4209021567e+05  -5.46e-02  1.95e-03    2.289862e+00   3.969604e+01

After 5 iterations the fit converged.
final sum of squares of residuals : 242090
rel. change during last iteration : -5.46113e-07

degrees of freedom    (FIT_NDF)                        : 6
rms of residuals      (FIT_STDFIT) = sqrt(WSSR/ndf)    : 200.869
variance of residuals (reduced chisquare) = WSSR/ndf   : 40348.4

Final set of parameters            Asymptotic Standard Error
=======================            ==========================
a1              = 2.28986          +/- 0.3694       (16.13%)
b1              = 39.696           +/- 102          (256.9%)

correlation matrix of the fit parameters:
                a1     b1     
a1              1.000 
b1             -0.718  1.000 


*******************************************************************************
Sun May 18 18:17:07 2025


FIT:    data read from "time.dat" using 4:5
        format = x:z
        #datapoints = 8
        residuals are weighted equally (unit weight)

function used for fitting: f2(x)
	f2(x) = a2*x+b2
fitted parameters initialized with current variable values

iter      chisq       delta/lim  lambda   a2            b2           
   0 6.7620910000e+06   0.00e+00  2.74e+02    1.000000e+00   1.000000e+00
   5 2.5030108107e+05  -4.07e-03  2.74e-03    3.337928e+00  -3.111277e+00

After 5 iterations the fit converged.
final sum of squares of residuals : 250301
rel. change during last iteration : -4.06573e-08

degrees of freedom    (FIT_NDF)                        : 6
rms of residuals      (FIT_STDFIT) = sqrt(WSSR/ndf)    : 204.247
variance of residuals (reduced chisquare) = WSSR/ndf   : 41716.8

Final set of parameters            Asymptotic Standard Error
=======================            ==========================
a2              = 3.33793          +/- 0.2681       (8.032%)
b2              = -3.11128         +/- 103.8        (3336%)

correlation matrix of the fit parameters:
                a2     b2     
a2              1.000 
b2             -0.718  1.000 


*******************************************************************************
Sun May 18 18:17:07 2025


FIT:    data read from "time.dat" using 6:7
        format = x:z
        #datapoints = 8
        residuals are weighted equally (unit weight)

function used for fitting: f3(x)
	f3(x) = a3*x+b3
fitted parameters initialized with current variable values

iter      chisq       delta/lim  lambda   a3            b3           
   0 1.5390980900e+08   0.00e+00  1.16e+03    1.000000e+00   1.000000e+00
   6 9.7192485409e+06  -1.41e-03  1.16e-03    3.489442e+00   2.454975e+02

After 6 iterations the fit converged.
final sum of squares of residuals : 9.71925e+06
rel. change during last iteration : -1.41264e-08

degrees of freedom    (FIT_NDF)                        : 6
rms of residuals      (FIT_STDFIT) = sqrt(WSSR/ndf)    : 1272.74
variance of residuals (reduced chisquare) = WSSR/ndf   : 1.61987e+06

Final set of parameters            Asymptotic Standard Error
=======================            ==========================
a3              = 3.48944          +/- 0.3785       (10.85%)
b3              = 245.497          +/- 619.4        (252.3%)

correlation matrix of the fit parameters:
                a3     b3     
a3              1.000 
b3             -0.687  1.000 
