
 ------------------------------------------------------------------------------
 ########::'##:::'##::'######:::::'###:::::'######::'####:'##::: ##::'#######::
 ##.... ##:. ##:'##::'##... ##:::'## ##:::'##... ##:. ##:: ###:: ##:'##.... ##:
 ##:::: ##::. ####::: ##:::..:::'##:. ##:: ##:::..::: ##:: ####: ##: ##:::: ##:
 ########::::. ##:::: ##:::::::'##:::. ##:. ######::: ##:: ## ## ##: ##:::: ##:
 ##.....:::::: ##:::: ##::::::: #########::..... ##:: ##:: ##. ####: ##:::: ##:
 ##::::::::::: ##:::: ##::: ##: ##.... ##:'##::: ##:: ##:: ##:. ###: ##:::: ##:
 ##::::::::::: ##::::. ######:: ##:::: ##:. ######::'####: ##::. ##:. #######::
 .::::::::::::..::::::......:::..:::::..:::......:::....::..::::..:::.......:::

                     Python Quantum Monte Carlo Package
                        v 0.4.0 [Vladimir Konkov]

    Main Author : Vladimir Konkov
 ------------------------------------------------------------------------------
 Started 2026/09/24 22:57:50

 Python 3.12.3 (main, Aug 31 2026, 10:18:26) [GCC 13.3.0]
 Numba 0.67.0
 Numpy 2.2.6
 Scipy 1.13.1

 Running in parallel using 4 MPI processes.

 Warning: keywords not read by pycasino: newrun periodic writeout_vmc_hist

 General input parameters
 ========================
 NEU (num up spin electrons)              :  5
 NED (num down spin electrons)            :  2
 RUNTYPE (type of run)                    :  vmc_opt
 PSI_S  (form for [anti]symmetrizing wfn) :  slater
 ATOM_BASIS_TYPE (atom-centred orb basis) :  slater-type
 INTERACTION (interaction type)           :  coulomb
 TESTRUN (read input data,print and stop) :  F
 PERIODIC                                 :  F
 COMPLEX_WF (complex Slater wave fn.)     :  F
 NEIGHPRINT (neighbour analysis)          :  0
 USE_JASTROW (use Jastrow factor)         :  T
 BACKFLOW (use backflow corrections)      :  F
 USE_ORBMODS (use orbitals modifications) :  F
 CUSP_CORRECTION                          :  F
 NON_LOCAL_GRID (NL integration grid)     :  4
 E_OFFSET (energy offset)                 :  0.0000
 GAUTOL  (Gaussian evaluation tolerance)  :  7.0
 SPARSE                                   :  F
 DIPOLE_MOMENT                            :  F
 RELATIVISTIC                             :  F

 VMC/optimization input parameters
 ====================
 NEWRUN (start new run)                   :  T
 VMC_METHOD (choice of VMC algorithm)     :  3
 DTVMC (VMC time step)                    :  0.02
 OPT_DTVMC (VMC time-step optimization)   :  1
 VMC_NSTEP (num VMC steps)                :  1000000
 VMC_NCONFIG_WRITE (num configs to write) :  1000000
 VMC_NBLOCK (num VMC blocks)              :  1
 VMC_EQUIL_NSTEP (num equil steps)        :  5000
 VMC_DECORR_PERIOD (length of inner loop) :  10
 VMC_AVE_PERIOD (hist reduction factor)   :  1
 VMC_SAMPLING                             :  standard
 OPT_CYCLES (num optimization cycles)     :  4
 POSTFIT_VMC (perform post-fit VMC calc)  :  T
 POSTFIT_KEEP_CFG (keep post-fit VMC cfgs):  F
 OPT_NOCTF_CYCLES (fixed cutoff cycles)   :  0
 OPT_INFO (information level)             :  2
 OPT_JASTROW (opt Jastrow factor)         :  T
 OPT_DET_COEFF (opt det coeffs)           :  F
 OPT_ORBITALS (opt orbitals)              :  F
 OPT_BACKFLOW (opt backflow params)       :  F
 OPT_FIXNL (fix nonlocal energy)          :  F
 OPT_MAXITER (max num iterations)         :  10
 OPT_MAXEVAL (max num evaluations)        :  200
 VM_SMOOTH_LIMITS (smooth limiting)       :  F
 VM_REWEIGHT (reweighting)                :  F
 VM_FILTER (filter outlying configs)      :  T
 VM_USE_E_GUESS (use guess energy)        :  F
 EMIN_XI_VALUE (xi parameter)             :  1.0
 VM_FILTER_THRES (filter threshold)       :  4.0
 MAKEMOVIE                                :  F
 FORCES                                   :  F

 BEGIN VMC CALCULATION
 =====================

 Running VMC equilibration (5000 moves).
 Performing time-step optimization.
 DTVMC: 1.56136e-03

 Starting VMC.

 =========================================================================
 In block : 1

 Acceptance ratio         (%)  =  69.3663
 Diffusion constant  (Bohr^2)  =
 Correlation time     (steps)  = 5.6021E+00 +- 4.6569E-02
 Efficiency      (au^-2 s^-1)  = 3.0347E+03
 No. of VMC steps per process  = 250000

  Block average energies (au)

  Total energy                       (au) =         -54.530152917381
  Standard error                        +/-           0.001126350687

  Kinetic energy KEI (used in Total) (au) =
  Standard error                        +/-

  Kinetic energy TI                  (au) =
  Standard error                        +/-

  Kinetic energy FISQ                (au) =
  Standard error                        +/-

  Potential energy                   (au) =
  Standard error                        +/-

  e-e interaction                    (au) =
  Standard error                        +/-

  e-n interaction                    (au) =
  Standard error                        +/-

  Variance of local energy           (au) =           1.268664602488
  Standard error                        +/-

  Maximum distance from origin       (au) =


 Time taken in block    : : :       46.3650 s


 =========================================================================
 FINAL RESULT:

  VMC energy (au)    Standard error      Correction for serial correlation

 -54.530152917381 +/- 0.001126350687      No correction
 -54.530152917381 +/- 0.002665934383      Correlation time method
 -54.530152917381 +/- 0.003039941180      On-the-fly reblocking method

 Sample variance of E_L (au^2/sim.cell) : 1.268664602488


 ==========================================
 PERFORMING OPTIMIZATION CALCULATION No. 1.
 ==========================================


 Optimization start
 ==================
   Iteration     Total nfev        Cost      Cost reduction    Step norm     Optimality
       0              1         1.1222e+00                                    1.28e+05
       1              2         3.3895e-01      7.83e-01       1.40e+00       3.19e+04
       2              3         2.6576e-01      7.32e-02       3.31e-01       6.89e+02
       3              4         2.6567e-01      9.76e-05       5.84e-03       1.91e+01
`ftol` termination condition is satisfied.
Function evaluations 4, initial cost 1.1222e+00, final cost 2.6567e-01, first-order optimality 1.91e+01.
 Norm of Jacobian at the solution: 2.97778e+00

 BEGIN VMC CALCULATION
 =====================

 Running VMC equilibration (5000 moves).
 Performing time-step optimization.
 DTVMC: 1.59465e-03

 Starting VMC.

 =========================================================================
 In block : 1

 Acceptance ratio         (%)  =  68.8198
 Diffusion constant  (Bohr^2)  =
 Correlation time     (steps)  = 9.8574E+00 +- 1.0848E-01
 Efficiency      (au^-2 s^-1)  = 7.3666E+03
 No. of VMC steps per process  = 250000

  Block average energies (au)

  Total energy                       (au) =         -54.554210136696
  Standard error                        +/-           0.000546594040

  Kinetic energy KEI (used in Total) (au) =
  Standard error                        +/-

  Kinetic energy TI                  (au) =
  Standard error                        +/-

  Kinetic energy FISQ                (au) =
  Standard error                        +/-

  Potential energy                   (au) =
  Standard error                        +/-

  e-e interaction                    (au) =
  Standard error                        +/-

  e-n interaction                    (au) =
  Standard error                        +/-

  Variance of local energy           (au) =           0.298764745832
  Standard error                        +/-

  Maximum distance from origin       (au) =


 Time taken in block    : : :       46.0936 s


 =========================================================================
 FINAL RESULT:

  VMC energy (au)    Standard error      Correction for serial correlation

 -54.554210136696 +/- 0.000546594040      No correction
 -54.554210136696 +/- 0.001716110474      Correlation time method
 -54.554210136696 +/- 0.001915923800      On-the-fly reblocking method

 Sample variance of E_L (au^2/sim.cell) : 0.298764745832


 ==========================================
 PERFORMING OPTIMIZATION CALCULATION No. 2.
 ==========================================


 Optimization start
 ==================
 E_0 -54.55767292 minimal allowed energy -56.76761400 serial correlation factor 3.45
 Trust radius max|delta p| < 0.2 reached at level shift 1.42e+00
   Level shift          E_lin        max|dp| max|dlog(psi)|         E_corr       Penalty         Target
           inf                                                -54.55767292    0.00572502   -54.55194789
      1.42e+00   -54.56057021     2.0000e-01     7.9961e-03   -54.56130433    0.00605509   -54.55524924
      1.42e+01   -54.55914648     1.1343e-02     2.7759e-03   -54.55981350    0.00588415   -54.55392935
      1.42e+02   -54.55796398     2.9594e-03     7.0691e-04   -54.55822011    0.00573005   -54.55249006
      1.42e+03   -54.55770489     3.7571e-04     8.2075e-05   -54.55773759    0.00572466   -54.55201293
 Best level shift is the smallest scanned one, the trust radius may be too large
 Optimization end
 ================
 Norm of scaled energy gradient at the starting point: 5.05901e-01
 Level shift 1.42e+00, target -54.55194789 -> -54.55524924, gain 0.00330135.
 Scaled delta p over 85 of 85 parameters: norm 2.2962e-02, rms 2.4906e-03, max 7.9961e-03

 BEGIN VMC CALCULATION
 =====================

 Running VMC equilibration (5000 moves).
 Performing time-step optimization.
 DTVMC: 1.50581e-03

 Starting VMC.

 =========================================================================
 In block : 1

 Acceptance ratio         (%)  =  69.5837
 Diffusion constant  (Bohr^2)  =
 Correlation time     (steps)  = 7.5500E+00 +- 7.2457E-02
 Efficiency      (au^-2 s^-1)  = 8.6617E+03
 No. of VMC steps per process  = 250000

  Block average energies (au)

  Total energy                       (au) =         -54.560986927560
  Standard error                        +/-           0.000579546208

  Kinetic energy KEI (used in Total) (au) =
  Standard error                        +/-

  Kinetic energy TI                  (au) =
  Standard error                        +/-

  Kinetic energy FISQ                (au) =
  Standard error                        +/-

  Potential energy                   (au) =
  Standard error                        +/-

  e-e interaction                    (au) =
  Standard error                        +/-

  e-n interaction                    (au) =
  Standard error                        +/-

  Variance of local energy           (au) =           0.335873471307
  Standard error                        +/-

  Maximum distance from origin       (au) =


 Time taken in block    : : :       45.5276 s


 =========================================================================
 FINAL RESULT:

  VMC energy (au)    Standard error      Correction for serial correlation

 -54.560986927560 +/- 0.000579546208      No correction
 -54.560986927560 +/- 0.001592432614      Correlation time method
 -54.560986927560 +/- 0.001743974371      On-the-fly reblocking method

 Sample variance of E_L (au^2/sim.cell) : 0.335873471307


 ==========================================
 PERFORMING OPTIMIZATION CALCULATION No. 3.
 ==========================================


 Optimization start
 ==================
 E_0 -54.56266368 minimal allowed energy -56.87648003 serial correlation factor 2.88
 Trust radius max|delta p| < 0.2 reached at level shift 8.07e-01
   Level shift          E_lin        max|dp| max|dlog(psi)|         E_corr       Penalty         Target
           inf                                                -54.56266368    0.00499010   -54.55767358
      8.07e-01   -54.56314899     2.0000e-01     8.3985e-03   -54.56360612    0.00497689   -54.55862924
      8.07e+00   -54.56276305     1.3518e-02     1.2022e-03   -54.56286598    0.00500840   -54.55785757
      8.07e+01   -54.56268631     4.0032e-04     1.5243e-04   -54.56270285    0.00499569   -54.55770717
      8.07e+02   -54.56266720     1.5174e-04     1.7149e-05   -54.56266938    0.00499070   -54.55767869
 Best level shift is the smallest scanned one, the trust radius may be too large
 Optimization end
 ================
 Norm of scaled energy gradient at the starting point: 2.95721e-01
 Level shift 8.07e-01, target -54.55767358 -> -54.55862924, gain 0.00095566.
 Scaled delta p over 85 of 85 parameters: norm 2.3954e-02, rms 2.5982e-03, max 8.3985e-03

 BEGIN VMC CALCULATION
 =====================

 Running VMC equilibration (5000 moves).
 Performing time-step optimization.
 DTVMC: 1.42198e-03

 Starting VMC.

 =========================================================================
 In block : 1

 Acceptance ratio         (%)  =  70.3874
 Diffusion constant  (Bohr^2)  =
 Correlation time     (steps)  = 7.4789E+00 +- 7.1484E-02
 Efficiency      (au^-2 s^-1)  = 8.7201E+03
 No. of VMC steps per process  = 250000

  Block average energies (au)

  Total energy                       (au) =         -54.560297874117
  Standard error                        +/-           0.000574955488

  Kinetic energy KEI (used in Total) (au) =
  Standard error                        +/-

  Kinetic energy TI                  (au) =
  Standard error                        +/-

  Kinetic energy FISQ                (au) =
  Standard error                        +/-

  Potential energy                   (au) =
  Standard error                        +/-

  e-e interaction                    (au) =
  Standard error                        +/-

  e-n interaction                    (au) =
  Standard error                        +/-

  Variance of local energy           (au) =           0.330573483157
  Standard error                        +/-

  Maximum distance from origin       (au) =


 Time taken in block    : : :       46.3846 s


 =========================================================================
 FINAL RESULT:

  VMC energy (au)    Standard error      Correction for serial correlation

 -54.560297874117 +/- 0.000574955488      No correction
 -54.560297874117 +/- 0.001572361957      Correlation time method
 -54.560297874117 +/- 0.001762931409      On-the-fly reblocking method

 Sample variance of E_L (au^2/sim.cell) : 0.330573483157


 ==========================================
 PERFORMING OPTIMIZATION CALCULATION No. 4.
 ==========================================


 Optimization start
 ==================
 E_0 -54.56081047 minimal allowed energy -56.87851612 serial correlation factor 3.08
 Trust radius max|delta p| < 0.2 reached at level shift 9.86e-01
   Level shift          E_lin        max|dp| max|dlog(psi)|         E_corr       Penalty         Target
           inf                                                -54.56081047    0.00535757   -54.55545290
      9.86e-01   -54.56099341     2.0000e-01     4.4932e-03   -54.56119391    0.00534074   -54.55585317
      9.86e+00   -54.56081970     3.0238e-02     5.9418e-04   -54.56085266    0.00535341   -54.55549925
      9.86e+01   -54.56081489     4.1035e-03     7.2943e-05   -54.56082050    0.00535769   -54.55546281
      9.86e+02   -54.56081142     4.9155e-04     8.2418e-06   -54.56081224    0.00535764   -54.55545459
 Best level shift is the smallest scanned one, the trust radius may be too large
 Optimization end
 ================
 Norm of scaled energy gradient at the starting point: 2.92764e-01
 Level shift 9.86e-01, target -54.55545290 -> -54.55585317, gain 0.00040027.
 Scaled delta p over 85 of 85 parameters: norm 1.4082e-02, rms 1.5274e-03, max 4.4932e-03

 BEGIN VMC CALCULATION
 =====================

 Running VMC equilibration (5000 moves).
 Performing time-step optimization.
 DTVMC: 1.43394e-03

 Starting VMC.

 =========================================================================
 In block : 1

 Acceptance ratio         (%)  =  70.2734
 Diffusion constant  (Bohr^2)  =
 Correlation time     (steps)  = 7.2036E+00 +- 6.7727E-02
 Efficiency      (au^-2 s^-1)  = 9.0421E+03
 No. of VMC steps per process  = 250000

  Block average energies (au)

  Total energy                       (au) =         -54.561451318817
  Standard error                        +/-           0.000574807650

  Kinetic energy KEI (used in Total) (au) =
  Standard error                        +/-

  Kinetic energy TI                  (au) =
  Standard error                        +/-

  Kinetic energy FISQ                (au) =
  Standard error                        +/-

  Potential energy                   (au) =
  Standard error                        +/-

  e-e interaction                    (au) =
  Standard error                        +/-

  e-n interaction                    (au) =
  Standard error                        +/-

  Variance of local energy           (au) =           0.330403503687
  Standard error                        +/-

  Maximum distance from origin       (au) =


 Time taken in block    : : :       46.4660 s


 =========================================================================
 FINAL RESULT:

  VMC energy (au)    Standard error      Correction for serial correlation

 -54.561451318817 +/- 0.000574807650      No correction
 -54.561451318817 +/- 0.001542760988      Correlation time method
 -54.561451318817 +/- 0.001649725400      On-the-fly reblocking method

 Sample variance of E_L (au^2/sim.cell) : 0.330403503687


 =========================================================================

 Total PyCasino real time : : :    1046.1733
