
 ------------------------------------------------------------------------------
 ########::'##:::'##::'######:::::'###:::::'######::'####:'##::: ##::'#######::
 ##.... ##:. ##:'##::'##... ##:::'## ##:::'##... ##:. ##:: ###:: ##:'##.... ##:
 ##:::: ##::. ####::: ##:::..:::'##:. ##:: ##:::..::: ##:: ####: ##: ##:::: ##:
 ########::::. ##:::: ##:::::::'##:::. ##:. ######::: ##:: ## ## ##: ##:::: ##:
 ##.....:::::: ##:::: ##::::::: #########::..... ##:: ##:: ##. ####: ##:::: ##:
 ##::::::::::: ##:::: ##::: ##: ##.... ##:'##::: ##:: ##:: ##:. ###: ##:::: ##:
 ##::::::::::: ##::::. ######:: ##:::: ##:. ######::'####: ##::. ##:. #######::
 .::::::::::::..::::::......:::..:::::..:::......:::....::..::::..:::.......:::

                     Python Quantum Monte Carlo Package
                        v 0.4.0 [Vladimir Konkov]

    Main Author : Vladimir Konkov
 ------------------------------------------------------------------------------
 Started 2026/08/02 19:22:40

 Python 3.12.3 (main, Jun 19 2026, 12:46:00) [GCC 13.3.0]
 Numba 0.63.1
 Numpy 2.2.6
 Scipy 1.13.1

 Running in parallel using 4 MPI processes.

 General input parameters
 ========================
 NEU (num up spin electrons)              :  5
 NED (num down spin electrons)            :  5
 RUNTYPE (type of run)                    :  vmc
 PSI_S  (form for [anti]symmetrizing wfn) :  slater
 ATOM_BASIS_TYPE (atom-centred orb basis) :  gaussian
 INTERACTION (interaction type)           :  coulomb
 TESTRUN (read input data,print and stop) :  F
 PERIODIC                                 :  F
 COMPLEX_WF (complex Slater wave fn.)     :  F
 NEIGHPRINT (neighbour analysis)          :  0
 USE_JASTROW (use Jastrow factor)         :  F
 BACKFLOW (use backflow corrections)      :  F
 USE_ORBMODS (use orbitals modifications) :  F
 CUSP_CORRECTION                          :  T
 NON_LOCAL_GRID (NL integration grid)     :  4
 E_OFFSET (energy offset)                 :  0.0000
 GAUTOL  (Gaussian evaluation tolerance)  :  7.0
 SPARSE                                   :  F
 DIPOLE_MOMENT                            :  F
 RELATIVISTIC                             :  F

 VMC input parameters
 ====================
 NEWRUN (start new run)                   :  T
 VMC_METHOD (choice of VMC algorithm)     :  3
 DTVMC (VMC time step)                    :  0.02
 OPT_DTVMC (VMC time-step optimization)   :  T
 VMC_NSTEP (num VMC steps)                :  10000000
 VMC_NCONFIG_WRITE (num configs to write) :  0
 VMC_NBLOCK (num VMC blocks)              :  1
 VMC_EQUIL_NSTEP (num equil steps)        :  5000
 VMC_DECORR_PERIOD (length of inner loop) :  1
 VMC_AVE_PERIOD (hist reduction factor)   :  1
 VMC_SAMPLING                             :  standard
 MAKEMOVIE                                :  F
 FORCES                                   :  F

 Gaussian cusp correction
 ========================
 Activated.

 Verbose print out flagged (turn off with cusp_info : F)

 Spin restricted calculation.

 Orbital 1 at position of ion 1
 Sign of orbital at nucleus                : negative
 Cusp radius (au)                          :   0.067500000000
 Value of uncorrected orbital at nucleus   :  -6.080769514460
 Value of s part of orbital at nucleus     :  -6.080127246330
 Optimum corrected s orbital at nucleus    :  -6.140340995723
 Maximum deviation from ideal local energy :   0.086831593615
 Effective nuclear charge                  :   7.000732186847

 Orbital 2 at position of ion 1
 Sign of orbital at nucleus                : positive
 Cusp radius (au)                          :   0.093000000000
 Value of uncorrected orbital at nucleus   :   1.152569041043
 Value of s part of orbital at nucleus     :   1.176596988963
 Optimum corrected s orbital at nucleus    :   1.186985330971
 Maximum deviation from ideal local energy :   0.144977394765
 Effective nuclear charge                  :   6.858300156664

 Orbital 3 at position of ion 1
 Orbital s component effectively zero at this nucleus.

 Orbital 4 at position of ion 1
 Orbital s component effectively zero at this nucleus.

 Orbital 5 at position of ion 1
 Sign of orbital at nucleus                : negative
 Cusp radius (au)                          :   0.094000000000
 Value of uncorrected orbital at nucleus   :  -0.367562705651
 Value of s part of orbital at nucleus     :  -0.376391108766
 Optimum corrected s orbital at nucleus    :  -0.379627509423
 Maximum deviation from ideal local energy :   0.214730346157
 Effective nuclear charge                  :   6.837211950483

 Orbital 1 at position of ion 2
 Sign of orbital at nucleus                : negative
 Cusp radius (au)                          :   0.999500000000
 Value of uncorrected orbital at nucleus   :  -0.000280517194
 Value of s part of orbital at nucleus     :  -0.000551010089
 Optimum corrected s orbital at nucleus    :  -0.000651626666
 Maximum deviation from ideal local energy :   0.006722972588
 Effective nuclear charge                  :   0.584895908837

 Orbital 2 at position of ion 2
 Sign of orbital at nucleus                : negative
 Cusp radius (au)                          :   0.770000000000
 Value of uncorrected orbital at nucleus   :  -0.136990346281
 Value of s part of orbital at nucleus     :  -0.096202207096
 Optimum corrected s orbital at nucleus    :  -0.102066918155
 Maximum deviation from ideal local energy :   0.003153272208
 Effective nuclear charge                  :   1.399621541653

 Orbital 3 at position of ion 2
 Sign of orbital at nucleus                : positive
 Cusp radius (au)                          :   0.789500000000
 Value of uncorrected orbital at nucleus   :   0.249687656852
 Value of s part of orbital at nucleus     :   0.204461493671
 Optimum corrected s orbital at nucleus    :   0.214588486064
 Maximum deviation from ideal local energy :   0.002039008556
 Effective nuclear charge                  :   1.210757641335

 Orbital 4 at position of ion 2
 Orbital s component effectively zero at this nucleus.

 Orbital 5 at position of ion 2
 Sign of orbital at nucleus                : negative
 Cusp radius (au)                          :   0.790500000000
 Value of uncorrected orbital at nucleus   :  -0.062860071410
 Value of s part of orbital at nucleus     :  -0.041986229499
 Optimum corrected s orbital at nucleus    :  -0.043797863336
 Maximum deviation from ideal local energy :   0.236759206226
 Effective nuclear charge                  :   1.476594982503

 Orbital 1 at position of ion 3
 Sign of orbital at nucleus                : negative
 Cusp radius (au)                          :   0.999500000000
 Value of uncorrected orbital at nucleus   :  -0.000280517180
 Value of s part of orbital at nucleus     :  -0.000551009906
 Optimum corrected s orbital at nucleus    :  -0.000651626502
 Maximum deviation from ideal local energy :   0.006722906840
 Effective nuclear charge                  :   0.584896062859

 Orbital 2 at position of ion 3
 Sign of orbital at nucleus                : negative
 Cusp radius (au)                          :   0.770000000000
 Value of uncorrected orbital at nucleus   :  -0.136990346179
 Value of s part of orbital at nucleus     :  -0.096202208213
 Optimum corrected s orbital at nucleus    :  -0.102066919340
 Maximum deviation from ideal local energy :   0.003153260722
 Effective nuclear charge                  :   1.399621525064

 Orbital 3 at position of ion 3
 Sign of orbital at nucleus                : negative
 Cusp radius (au)                          :   0.789500000000
 Value of uncorrected orbital at nucleus   :  -0.124843828453
 Value of s part of orbital at nucleus     :  -0.102230749380
 Optimum corrected s orbital at nucleus    :  -0.107294245703
 Maximum deviation from ideal local energy :   0.002039026758
 Effective nuclear charge                  :   1.210757612630

 Orbital 4 at position of ion 3
 Sign of orbital at nucleus                : positive
 Cusp radius (au)                          :   0.789500000000
 Value of uncorrected orbital at nucleus   :   0.216235853728
 Value of s part of orbital at nucleus     :   0.177068847042
 Optimum corrected s orbital at nucleus    :   0.185839079690
 Maximum deviation from ideal local energy :   0.002039008202
 Effective nuclear charge                  :   1.210757644470

 Orbital 5 at position of ion 3
 Sign of orbital at nucleus                : negative
 Cusp radius (au)                          :   0.790500000000
 Value of uncorrected orbital at nucleus   :  -0.062860072394
 Value of s part of orbital at nucleus     :  -0.041986221952
 Optimum corrected s orbital at nucleus    :  -0.043797855463
 Maximum deviation from ideal local energy :   0.236759451723
 Effective nuclear charge                  :   1.476595262989

 Orbital 1 at position of ion 4
 Sign of orbital at nucleus                : negative
 Cusp radius (au)                          :   0.999500000000
 Value of uncorrected orbital at nucleus   :  -0.000280517180
 Value of s part of orbital at nucleus     :  -0.000551009906
 Optimum corrected s orbital at nucleus    :  -0.000651626502
 Maximum deviation from ideal local energy :   0.006722906840
 Effective nuclear charge                  :   0.584896062859

 Orbital 2 at position of ion 4
 Sign of orbital at nucleus                : negative
 Cusp radius (au)                          :   0.770000000000
 Value of uncorrected orbital at nucleus   :  -0.136990346179
 Value of s part of orbital at nucleus     :  -0.096202208213
 Optimum corrected s orbital at nucleus    :  -0.102066919340
 Maximum deviation from ideal local energy :   0.003153260722
 Effective nuclear charge                  :   1.399621525064

 Orbital 3 at position of ion 4
 Sign of orbital at nucleus                : negative
 Cusp radius (au)                          :   0.789500000000
 Value of uncorrected orbital at nucleus   :  -0.124843828453
 Value of s part of orbital at nucleus     :  -0.102230749380
 Optimum corrected s orbital at nucleus    :  -0.107294245703
 Maximum deviation from ideal local energy :   0.002039026758
 Effective nuclear charge                  :   1.210757612630

 Orbital 4 at position of ion 4
 Sign of orbital at nucleus                : negative
 Cusp radius (au)                          :   0.789500000000
 Value of uncorrected orbital at nucleus   :  -0.216235853728
 Value of s part of orbital at nucleus     :  -0.177068847042
 Optimum corrected s orbital at nucleus    :  -0.185839079690
 Maximum deviation from ideal local energy :   0.002039008202
 Effective nuclear charge                  :   1.210757644470

 Orbital 5 at position of ion 4
 Sign of orbital at nucleus                : negative
 Cusp radius (au)                          :   0.790500000000
 Value of uncorrected orbital at nucleus   :  -0.062860072394
 Value of s part of orbital at nucleus     :  -0.041986221952
 Optimum corrected s orbital at nucleus    :  -0.043797855463
 Maximum deviation from ideal local energy :   0.236759451723
 Effective nuclear charge                  :   1.476595262989

 Maximum deviation from ideal (averaged over orbitals) :   0.070390653094.

 ====================================
 PERFORMING A SINGLE VMC CALCULATION.
 ====================================


 BEGIN VMC CALCULATION
 =====================

 Running VMC equilibration (5000 moves).
 Performing time-step optimization.
 Optimized step size: 0.11539
 DTVMC: 0.00444

 Starting VMC.

 =========================================================================
 In block : 1
  Number of VMC steps           = 10000000

  Block average energies (au)

  Total energy                       (au) =         -56.223861619246
  Standard error                        +/-           0.001135392450

  Constant energy contributions      (au) =          11.957180960594

  Variance of local energy           (au) =          12.891158868188
  Standard error                        +/-           0.000000000000

 Time taken in block    : : :       591.6167

 =========================================================================
 FINAL RESULT:

  VMC energy (au)    Standard error      Correction for serial correlation

 -56.223861619246 +/- 0.001135392450      No correction
 -56.223861619246 +/- 0.004126539927      Correlation time method
 -56.223861619246 +/- 0.006473199625      On-the-fly reblocking method

 Sample variance of E_L (au^2/sim.cell) : 12.891158868188


 =========================================================================

 Total PyCasino real time : : :    659.1331
