
 ------------------------------------------------------------------------------
 ########::'##:::'##::'######:::::'###:::::'######::'####:'##::: ##::'#######::
 ##.... ##:. ##:'##::'##... ##:::'## ##:::'##... ##:. ##:: ###:: ##:'##.... ##:
 ##:::: ##::. ####::: ##:::..:::'##:. ##:: ##:::..::: ##:: ####: ##: ##:::: ##:
 ########::::. ##:::: ##:::::::'##:::. ##:. ######::: ##:: ## ## ##: ##:::: ##:
 ##.....:::::: ##:::: ##::::::: #########::..... ##:: ##:: ##. ####: ##:::: ##:
 ##::::::::::: ##:::: ##::: ##: ##.... ##:'##::: ##:: ##:: ##:. ###: ##:::: ##:
 ##::::::::::: ##::::. ######:: ##:::: ##:. ######::'####: ##::. ##:. #######::
 .::::::::::::..::::::......:::..:::::..:::......:::....::..::::..:::.......:::

                     Python Quantum Monte Carlo Package
                        v 0.4.0 [Vladimir Konkov]

    Main Author : Vladimir Konkov
 ------------------------------------------------------------------------------
 Started 2026/09/11 22:18:17

 Python 3.12.3 (main, Aug 31 2026, 10:18:26) [GCC 13.3.0]
 Numba 0.67.0
 Numpy 2.2.6
 Scipy 1.13.1

 Running in parallel using 4 MPI processes.

 Warning: keywords not read by pycasino: newrun periodic writeout_vmc_hist

 General input parameters
 ========================
 NEU (num up spin electrons)              :  2
 NED (num down spin electrons)            :  2
 RUNTYPE (type of run)                    :  vmc
 PSI_S  (form for [anti]symmetrizing wfn) :  slater
 ATOM_BASIS_TYPE (atom-centred orb basis) :  slater-type
 INTERACTION (interaction type)           :  coulomb
 TESTRUN (read input data,print and stop) :  F
 PERIODIC                                 :  F
 COMPLEX_WF (complex Slater wave fn.)     :  F
 NEIGHPRINT (neighbour analysis)          :  0
 USE_JASTROW (use Jastrow factor)         :  T
 BACKFLOW (use backflow corrections)      :  T
 USE_ORBMODS (use orbitals modifications) :  F
 CUSP_CORRECTION                          :  F
 NON_LOCAL_GRID (NL integration grid)     :  4
 E_OFFSET (energy offset)                 :  0.0000
 GAUTOL  (Gaussian evaluation tolerance)  :  7.0
 SPARSE                                   :  F
 DIPOLE_MOMENT                            :  F
 RELATIVISTIC                             :  F

 VMC input parameters
 ====================
 NEWRUN (start new run)                   :  T
 VMC_METHOD (choice of VMC algorithm)     :  3
 DTVMC (VMC time step)                    :  0.02
 OPT_DTVMC (VMC time-step optimization)   :  1
 VMC_NSTEP (num VMC steps)                :  10000000
 VMC_NCONFIG_WRITE (num configs to write) :  0
 VMC_NBLOCK (num VMC blocks)              :  10
 VMC_EQUIL_NSTEP (num equil steps)        :  5000
 VMC_DECORR_PERIOD (length of inner loop) :  10
 VMC_AVE_PERIOD (hist reduction factor)   :  1
 VMC_SAMPLING                             :  standard
 MAKEMOVIE                                :  F
 FORCES                                   :  F

 Median sigma = 1/|grad ln psi| : 1.91973e-01 bohr

 ==============================
 PERFORMING A |PSI| CALCULATION.
 ==============================

 zeta of the walk: 2.50000e-01   DTVMC: 2.47200e-02

 =========================================================================
 WEIGHTED NODAL DOMAIN AVERAGES

  Number of |psi| steps                   = 10000000

  zeta                          (au^-1) =           0.250000000000
  Effective sample size                   = 10000000
  Potential component                (au) =         -13.102185711296
  Standard error                        +/-           0.003188951988
  e-e interaction                    (au) =           2.309542353976
  e-n interaction                    (au) =         -16.305843269624
  Sum of e-n distances             (bohr) =          11.949233253397

  epsilon (bohr)  inside      E_kin^nda (au)            E^nda (au)

    1.920e-03         27       0.712678 +/- 0.158535     -12.389508
    2.632e-03         61       0.798127 +/- 0.124711     -12.304059
    3.610e-03        108       0.829764 +/- 0.095628     -12.272422
    4.950e-03        203       0.821846 +/- 0.070567     -12.280339
    6.787e-03        378       0.825476 +/- 0.051738     -12.276709
    9.307e-03        668       0.801237 +/- 0.037573     -12.300949
    1.276e-02       1256       0.783659 +/- 0.027093     -12.318526
    1.750e-02       2307       0.772849 +/- 0.019591     -12.329336
    2.400e-02       4370       0.763767 +/- 0.014169     -12.338419

 Time taken in nodal domain averages : : :    598.1896

 Warning: keywords not read by pycasino: newrun periodic writeout_vmc_hist

 General input parameters
 ========================
 NEU (num up spin electrons)              :  2
 NED (num down spin electrons)            :  2
 RUNTYPE (type of run)                    :  vmc
 PSI_S  (form for [anti]symmetrizing wfn) :  slater
 ATOM_BASIS_TYPE (atom-centred orb basis) :  slater-type
 INTERACTION (interaction type)           :  coulomb
 TESTRUN (read input data,print and stop) :  F
 PERIODIC                                 :  F
 COMPLEX_WF (complex Slater wave fn.)     :  F
 NEIGHPRINT (neighbour analysis)          :  0
 USE_JASTROW (use Jastrow factor)         :  T
 BACKFLOW (use backflow corrections)      :  T
 USE_ORBMODS (use orbitals modifications) :  F
 CUSP_CORRECTION                          :  F
 NON_LOCAL_GRID (NL integration grid)     :  4
 E_OFFSET (energy offset)                 :  0.0000
 GAUTOL  (Gaussian evaluation tolerance)  :  7.0
 SPARSE                                   :  F
 DIPOLE_MOMENT                            :  F
 RELATIVISTIC                             :  F

 VMC input parameters
 ====================
 NEWRUN (start new run)                   :  T
 VMC_METHOD (choice of VMC algorithm)     :  3
 DTVMC (VMC time step)                    :  0.02
 OPT_DTVMC (VMC time-step optimization)   :  1
 VMC_NSTEP (num VMC steps)                :  10000000
 VMC_NCONFIG_WRITE (num configs to write) :  0
 VMC_NBLOCK (num VMC blocks)              :  1
 VMC_EQUIL_NSTEP (num equil steps)        :  5000
 VMC_DECORR_PERIOD (length of inner loop) :  10
 VMC_AVE_PERIOD (hist reduction factor)   :  1
 VMC_SAMPLING                             :  standard
 MAKEMOVIE                                :  F
 FORCES                                   :  F

 Median sigma = 1/|grad ln psi| : 1.78936e-01 bohr

 ==============================
 PERFORMING A |PSI| CALCULATION.
 ==============================

 zeta of the walk: 2.50000e-01   DTVMC: 1.78700e-02

 =========================================================================
 WEIGHTED NODAL DOMAIN AVERAGES

  Number of |psi| steps                   = 10000000

  zeta                          (au^-1) =           0.250000000000
  Effective sample size                   = 10000000
  Potential component                (au) =         -13.505824914756
  Standard error                        +/-           0.003273987468
  e-e interaction                    (au) =           2.325195770085
  e-n interaction                    (au) =         -16.753088730498
  Sum of e-n distances             (bohr) =          12.158532853785

  epsilon (bohr)  inside      E_kin^nda (au)            E^nda (au)

    1.789e-03         20       0.842070 +/- 0.212058     -12.663755
    2.454e-03         35       0.684728 +/- 0.141588     -12.821097
    3.365e-03         73       0.651001 +/- 0.096252     -12.854824
    4.614e-03        151       0.665460 +/- 0.068544     -12.840365
    6.326e-03        285       0.689338 +/- 0.050352     -12.816487
    8.675e-03        567       0.720269 +/- 0.037306     -12.785555
    1.190e-02       1056       0.738637 +/- 0.027692     -12.767188
    1.631e-02       2029       0.750835 +/- 0.020412     -12.754990
    2.237e-02       3782       0.750973 +/- 0.014968     -12.754852

 Time taken in nodal domain averages : : :    594.0830

 =========================================================================
 NODAL SURFACE DESCRIPTOR, zeta = 0.2500

 run                                                 widest tube          1.9x narrower

 vmc/Backflow                                 0.763767 +/- 0.014169     0.783659 +/- 0.027093
 vmc/Backflow_02                              0.750973 +/- 0.014968     0.738637 +/- 0.027692

