
 ------------------------------------------------------------------------------
 ########::'##:::'##::'######:::::'###:::::'######::'####:'##::: ##::'#######::
 ##.... ##:. ##:'##::'##... ##:::'## ##:::'##... ##:. ##:: ###:: ##:'##.... ##:
 ##:::: ##::. ####::: ##:::..:::'##:. ##:: ##:::..::: ##:: ####: ##: ##:::: ##:
 ########::::. ##:::: ##:::::::'##:::. ##:. ######::: ##:: ## ## ##: ##:::: ##:
 ##.....:::::: ##:::: ##::::::: #########::..... ##:: ##:: ##. ####: ##:::: ##:
 ##::::::::::: ##:::: ##::: ##: ##.... ##:'##::: ##:: ##:: ##:. ###: ##:::: ##:
 ##::::::::::: ##::::. ######:: ##:::: ##:. ######::'####: ##::. ##:. #######::
 .::::::::::::..::::::......:::..:::::..:::......:::....::..::::..:::.......:::

                     Python Quantum Monte Carlo Package
                        v 0.4.0 [Vladimir Konkov]

    Main Author : Vladimir Konkov
 ------------------------------------------------------------------------------
 Started 2026/08/21 19:40:13

 Python 3.12.3 (main, Jun 19 2026, 12:46:00) [GCC 13.3.0]
 Numba 0.63.1
 Numpy 2.2.6
 Scipy 1.13.1

 Running in parallel using 4 MPI processes.

 Warning: keywords not read by pycasino: newrun periodic writeout_vmc_hist

 General input parameters
 ========================
 NEU (num up spin electrons)              :  9
 NED (num down spin electrons)            :  9
 RUNTYPE (type of run)                    :  vmc
 PSI_S  (form for [anti]symmetrizing wfn) :  slater
 ATOM_BASIS_TYPE (atom-centred orb basis) :  slater-type
 INTERACTION (interaction type)           :  coulomb
 TESTRUN (read input data,print and stop) :  F
 PERIODIC                                 :  F
 COMPLEX_WF (complex Slater wave fn.)     :  F
 NEIGHPRINT (neighbour analysis)          :  0
 USE_JASTROW (use Jastrow factor)         :  F
 BACKFLOW (use backflow corrections)      :  F
 USE_ORBMODS (use orbitals modifications) :  F
 CUSP_CORRECTION                          :  F
 NON_LOCAL_GRID (NL integration grid)     :  4
 E_OFFSET (energy offset)                 :  0.0000
 GAUTOL  (Gaussian evaluation tolerance)  :  7.0
 SPARSE                                   :  F
 DIPOLE_MOMENT                            :  F
 RELATIVISTIC                             :  F

 VMC input parameters
 ====================
 NEWRUN (start new run)                   :  T
 VMC_METHOD (choice of VMC algorithm)     :  1
 DTVMC (VMC time step)                    :  0.02
 OPT_DTVMC (VMC time-step optimization)   :  1
 VMC_NSTEP (num VMC steps)                :  100000000
 VMC_NCONFIG_WRITE (num configs to write) :  0
 VMC_NBLOCK (num VMC blocks)              :  10
 VMC_EQUIL_NSTEP (num equil steps)        :  5000
 VMC_DECORR_PERIOD (length of inner loop) :  3
 VMC_AVE_PERIOD (hist reduction factor)   :  1
 VMC_SAMPLING                             :  standard
 MAKEMOVIE                                :  F
 FORCES                                   :  F

 ====================================
 PERFORMING A SINGLE VMC CALCULATION.
 ====================================


 BEGIN VMC CALCULATION
 =====================

 Running VMC equilibration (5000 moves).
 Performing time-step optimization.
 DTVMC: 9.80217e-03

 Starting VMC.

 =========================================================================
 In block : 1

 Acceptance ratio         (%)  =  70.0438
 Correlation time     (steps)  = 2.7544E+00 +- 5.1755E-03
 Efficiency      (au^-2 s^-1)  = 5.8377E+01
 Number of VMC steps           = 10000000

  Block average energies (au)

  Total energy                       (au) =        -526.803276210797
  Standard error                        +/-           0.003722717387

  Constant energy contributions      (au) =           0.000000000000

  Variance of local energy           (au) =         138.586233601673
  Standard error                        +/-           0.000000000000

 Time taken in block    : : :       448.7566

 =========================================================================
 In block : 2

 Acceptance ratio         (%)  =  70.0447
 Correlation time     (steps)  = 2.6597E+00 +- 4.9936E-03
 Efficiency      (au^-2 s^-1)  = 6.4186E+01
 Number of VMC steps           = 10000000

  Block average energies (au)

  Total energy                       (au) =        -526.821333997929
  Standard error                        +/-           0.003610497216

  Constant energy contributions      (au) =           0.000000000000

  Variance of local energy           (au) =         130.356888413022
  Standard error                        +/-           0.000000000000

 Time taken in block    : : :       449.3650

 =========================================================================
 In block : 3

 Acceptance ratio         (%)  =  70.0422
 Correlation time     (steps)  = 2.6130E+00 +- 4.8187E-03
 Efficiency      (au^-2 s^-1)  = 6.3028E+01
 Number of VMC steps           = 10000000

  Block average energies (au)

  Total energy                       (au) =        -526.818340000453
  Standard error                        +/-           0.003674538657

  Constant energy contributions      (au) =           0.000000000000

  Variance of local energy           (au) =         135.022329912870
  Standard error                        +/-           0.000000000000

 Time taken in block    : : :       449.6988

 =========================================================================
 In block : 4

 Acceptance ratio         (%)  =  70.0421
 Correlation time     (steps)  = 2.6263E+00 +- 4.8431E-03
 Efficiency      (au^-2 s^-1)  = 6.5204E+01
 Number of VMC steps           = 10000000

  Block average energies (au)

  Total energy                       (au) =        -526.807455904159
  Standard error                        +/-           0.003600317684

  Constant energy contributions      (au) =           0.000000000000

  Variance of local energy           (au) =         129.622861328826
  Standard error                        +/-           0.000000000000

 Time taken in block    : : :       450.4988

 =========================================================================
 In block : 5

 Acceptance ratio         (%)  =  70.0418
 Correlation time     (steps)  = 2.6546E+00 +- 4.8957E-03
 Efficiency      (au^-2 s^-1)  = 6.1894E+01
 Number of VMC steps           = 10000000

  Block average energies (au)

  Total energy                       (au) =        -526.820257091289
  Standard error                        +/-           0.003678869146

  Constant energy contributions      (au) =           0.000000000000

  Variance of local energy           (au) =         135.340768378053
  Standard error                        +/-           0.000000000000

 Time taken in block    : : :       449.6968

 =========================================================================
 In block : 6

 Acceptance ratio         (%)  =  70.0431
 Correlation time     (steps)  = 2.6235E+00 +- 4.8376E-03
 Efficiency      (au^-2 s^-1)  = 6.6026E+01
 Number of VMC steps           = 10000000

  Block average energies (au)

  Total energy                       (au) =        -526.815224224343
  Standard error                        +/-           0.003585400683

  Constant energy contributions      (au) =           0.000000000000

  Variance of local energy           (au) =         128.550967707182
  Standard error                        +/-           0.000000000000

 Time taken in block    : : :       449.0789

 =========================================================================
 In block : 7

 Acceptance ratio         (%)  =  70.0432
 Correlation time     (steps)  = 2.6061E+00 +- 4.8061E-03
 Efficiency      (au^-2 s^-1)  = 6.0625E+01
 Number of VMC steps           = 10000000

  Block average energies (au)

  Total energy                       (au) =        -526.824371438725
  Standard error                        +/-           0.003620986568

  Constant energy contributions      (au) =           0.000000000000

  Variance of local energy           (au) =         131.115424112417
  Standard error                        +/-           0.000000000000

 Time taken in block    : : :       482.7312

 =========================================================================
 In block : 8

 Acceptance ratio         (%)  =  70.0441
 Correlation time     (steps)  = 2.7103E+00 +- 5.1156E-03
 Efficiency      (au^-2 s^-1)  = 5.1021E+01
 Number of VMC steps           = 10000000

  Block average energies (au)

  Total energy                       (au) =        -526.825724663806
  Standard error                        +/-           0.003668887236

  Constant energy contributions      (au) =           0.000000000000

  Variance of local energy           (au) =         134.607322018303
  Standard error                        +/-           0.000000000000

 Time taken in block    : : :       537.2429

 =========================================================================
 In block : 9

 Acceptance ratio         (%)  =  70.0402
 Correlation time     (steps)  = 2.8676E+00 +- 5.4808E-03
 Efficiency      (au^-2 s^-1)  = 5.5044E+01
 Number of VMC steps           = 10000000

  Block average energies (au)

  Total energy                       (au) =        -526.815038209812
  Standard error                        +/-           0.003669397309

  Constant energy contributions      (au) =           0.000000000000

  Variance of local energy           (au) =         134.644752620487
  Standard error                        +/-           0.000000000000

 Time taken in block    : : :       470.5224

 =========================================================================
 In block : 10

 Acceptance ratio         (%)  =  70.0443
 Correlation time     (steps)  = 2.6892E+00 +- 4.9598E-03
 Efficiency      (au^-2 s^-1)  = 6.2329E+01
 Number of VMC steps           = 10000000

  Block average energies (au)

  Total energy                       (au) =        -526.827609091054
  Standard error                        +/-           0.003597800958

  Constant energy contributions      (au) =           0.000000000000

  Variance of local energy           (au) =         129.441704416240
  Standard error                        +/-           0.000000000000

 Time taken in block    : : :       460.9118

 =========================================================================
 FINAL RESULT:

  VMC energy (au)    Standard error      Correction for serial correlation

 -526.817863083237 +/- 0.001152080648      No correction
 -526.817863083237 +/- 0.001886202801      Correlation time method
 -526.817863083237 +/- 0.001935939993      On-the-fly reblocking method

 Sample variance of E_L (au^2/sim.cell) : 132.728980569227


 =========================================================================

 Total PyCasino real time : : :    4649.6631
