
 ------------------------------------------------------------------------------
 ########::'##:::'##::'######:::::'###:::::'######::'####:'##::: ##::'#######::
 ##.... ##:. ##:'##::'##... ##:::'## ##:::'##... ##:. ##:: ###:: ##:'##.... ##:
 ##:::: ##::. ####::: ##:::..:::'##:. ##:: ##:::..::: ##:: ####: ##: ##:::: ##:
 ########::::. ##:::: ##:::::::'##:::. ##:. ######::: ##:: ## ## ##: ##:::: ##:
 ##.....:::::: ##:::: ##::::::: #########::..... ##:: ##:: ##. ####: ##:::: ##:
 ##::::::::::: ##:::: ##::: ##: ##.... ##:'##::: ##:: ##:: ##:. ###: ##:::: ##:
 ##::::::::::: ##::::. ######:: ##:::: ##:. ######::'####: ##::. ##:. #######::
 .::::::::::::..::::::......:::..:::::..:::......:::....::..::::..:::.......:::

                     Python Quantum Monte Carlo Package
                        v 0.4.0 [Vladimir Konkov]

    Main Author : Vladimir Konkov
 ------------------------------------------------------------------------------
 Started 2026/08/11 22:14:15

 Python 3.12.3 (main, Jun 19 2026, 12:46:00) [GCC 13.3.0]
 Numba 0.63.1
 Numpy 2.2.6
 Scipy 1.13.1

 Running in parallel using 4 MPI processes.

 General input parameters
 ========================
 NEU (num up spin electrons)              :  5
 NED (num down spin electrons)            :  2
 RUNTYPE (type of run)                    :  vmc_opt
 PSI_S  (form for [anti]symmetrizing wfn) :  slater
 ATOM_BASIS_TYPE (atom-centred orb basis) :  slater-type
 INTERACTION (interaction type)           :  coulomb
 TESTRUN (read input data,print and stop) :  F
 PERIODIC                                 :  F
 COMPLEX_WF (complex Slater wave fn.)     :  F
 NEIGHPRINT (neighbour analysis)          :  0
 USE_JASTROW (use Jastrow factor)         :  T
 BACKFLOW (use backflow corrections)      :  F
 USE_ORBMODS (use orbitals modifications) :  F
 CUSP_CORRECTION                          :  F
 NON_LOCAL_GRID (NL integration grid)     :  4
 E_OFFSET (energy offset)                 :  0.0000
 GAUTOL  (Gaussian evaluation tolerance)  :  7.0
 SPARSE                                   :  F
 DIPOLE_MOMENT                            :  F
 RELATIVISTIC                             :  F

 VMC/optimization input parameters
 ====================
 NEWRUN (start new run)                   :  T
 VMC_METHOD (choice of VMC algorithm)     :  3
 DTVMC (VMC time step)                    :  0.02
 OPT_DTVMC (VMC time-step optimization)   :  T
 VMC_NSTEP (num VMC steps)                :  1000000
 VMC_NCONFIG_WRITE (num configs to write) :  1000000
 VMC_NBLOCK (num VMC blocks)              :  1
 VMC_EQUIL_NSTEP (num equil steps)        :  5000
 VMC_DECORR_PERIOD (length of inner loop) :  10
 VMC_AVE_PERIOD (hist reduction factor)   :  1
 VMC_SAMPLING                             :  standard
 OPT_CYCLES (num optimization cycles)     :  4
 POSTFIT_VMC (perform post-fit VMC calc)  :  T
 POSTFIT_KEEP_CFG (keep post-fit VMC cfgs):  F
 OPT_NOCTF_CYCLES (fixed cutoff cycles)   :  0
 OPT_INFO (information level)             :  2
 OPT_JASTROW (opt Jastrow factor)         :  T
 OPT_DET_COEFF (opt det coeffs)           :  F
 OPT_ORBITALS (opt orbitals)              :  F
 OPT_BACKFLOW (opt backflow params)       :  F
 OPT_FIXNL (fix nonlocal energy)          :  F
 OPT_MAXITER (max num iterations)         :  10
 OPT_MAXEVAL (max num evaluations)        :  200
 VM_SMOOTH_LIMITS (smooth limiting)       :  F
 VM_REWEIGHT (reweighting)                :  F
 VM_FILTER (filter outlying configs)      :  T
 VM_USE_E_GUESS (use guess energy)        :  F
 EMIN_XI_VALUE (xi parameter)             :  1.0
 VM_FILTER_THRES (filter threshold)       :  4.0
 MAKEMOVIE                                :  F
 FORCES                                   :  F

 BEGIN VMC CALCULATION
 =====================

 Running VMC equilibration (5000 moves).
 Performing time-step optimization.
 Optimized step size: 0.11662
 DTVMC: 0.00453

 Starting VMC.

 =========================================================================
 In block : 1
  Number of VMC steps           = 1000000

  Block average energies (au)

  Total energy                       (au) =         -54.394932925094
  Standard error                        +/-           0.003419160342

  Constant energy contributions      (au) =           0.000000000000

  Variance of local energy           (au) =          11.690645750597
  Standard error                        +/-           0.000000000000

 Time taken in block    : : :       47.8840

 =========================================================================
 FINAL RESULT:

  VMC energy (au)    Standard error      Correction for serial correlation

 -54.394932925094 +/- 0.003419160342      No correction
 -54.394932925094 +/- 0.006073259528      Correlation time method
 -54.394932925094 +/- 0.005048432712      On-the-fly reblocking method

 Sample variance of E_L (au^2/sim.cell) : 11.690645750597


 ==========================================
 PERFORMING OPTIMIZATION CALCULATION No. 1.
 ==========================================


 Optimization start
 ==================
   Iteration     Total nfev        Cost      Cost reduction    Step norm     Optimality
       0              1         4.3900e+00                                    4.37e+05
       1              2         1.4297e+00      2.96e+00       2.27e-03       2.51e+04
       2              3         7.6409e-01      6.66e-01       3.60e-03       5.49e+03
       3              4         4.9614e-01      2.68e-01       1.11e-02       2.08e+03
       4              5         3.8376e-01      1.12e-01       1.59e-02       8.11e+02
       5              6         3.1827e-01      6.55e-02       2.71e-02       2.41e+02
       6              7         2.8047e-01      3.78e-02       2.69e-02       2.03e+02
       7              8         2.6648e-01      1.40e-02       3.29e-02       3.47e+01
       8              9         2.6602e-01      4.62e-04       5.96e-03       7.97e+00
`ftol` termination condition is satisfied.
Function evaluations 9, initial cost 4.3900e+00, final cost 2.6602e-01, first-order optimality 7.97e+00.
 Norm of Jacobian at the solution: 1.24007e+00

 BEGIN VMC CALCULATION
 =====================

 Running VMC equilibration (5000 moves).
 Performing time-step optimization.
 Optimized step size: 0.11533
 DTVMC: 0.00443

 Starting VMC.

 =========================================================================
 In block : 1
  Number of VMC steps           = 1000000

  Block average energies (au)

  Total energy                       (au) =         -54.558436874923
  Standard error                        +/-           0.000503732464

  Constant energy contributions      (au) =           0.000000000000

  Variance of local energy           (au) =           0.253746141582
  Standard error                        +/-           0.000000000000

 Time taken in block    : : :       42.7433

 =========================================================================
 FINAL RESULT:

  VMC energy (au)    Standard error      Correction for serial correlation

 -54.558436874923 +/- 0.000503732464      No correction
 -54.558436874923 +/- 0.001410550064      Correlation time method
 -54.558436874923 +/- 0.001248776955      On-the-fly reblocking method

 Sample variance of E_L (au^2/sim.cell) : 0.253746141582


 ==========================================
 PERFORMING OPTIMIZATION CALCULATION No. 2.
 ==========================================


 Optimization start
 ==================
 E_0 -54.55784237 minimal allowed energy -56.58156706 serial correlation factor 2.43
 Trust radius max|delta p| < 0.2 reached at level shift 3.75e-04
   Level shift          E_lin        max|dp| max|dlog(psi)|         E_corr       Penalty         Target
           inf                                                -54.55784237    0.00369438   -54.55414799
      3.75e-04   -54.56366470     2.0000e-01     2.2631e-01   -54.56317963    0.00415925   -54.55902038
      3.75e-03   -54.56333959     2.5424e-02     8.5086e-02   -54.56357972    0.00407106   -54.55950866
      3.75e-02   -54.56262026     3.9282e-02     4.2002e-02   -54.56306529    0.00394190   -54.55912339
      3.75e-01   -54.56131942     1.3674e-02     1.2542e-02   -54.56176541    0.00391837   -54.55784704
 Optimization end
 ================
 Norm of scaled energy gradient at the starting point: 4.94172e-01
 Level shift 3.75e-03, target -54.55414799 -> -54.55950866, gain 0.00536068.
 Scaled delta p over 121 of 121 parameters: norm 2.5229e-01, rms 2.2936e-02, max 8.5086e-02

 BEGIN VMC CALCULATION
 =====================

 Running VMC equilibration (5000 moves).
 Performing time-step optimization.
 Optimized step size: 0.11455
 DTVMC: 0.00437

 Starting VMC.

 =========================================================================
 In block : 1
  Number of VMC steps           = 1000000

  Block average energies (au)

  Total energy                       (au) =         -54.564818408716
  Standard error                        +/-           0.000555788046

  Constant energy contributions      (au) =           0.000000000000

  Variance of local energy           (au) =           0.308900043130
  Standard error                        +/-           0.000000000000

 Time taken in block    : : :       43.7931

 =========================================================================
 FINAL RESULT:

  VMC energy (au)    Standard error      Correction for serial correlation

 -54.564818408716 +/- 0.000555788046      No correction
 -54.564818408716 +/- 0.001273616267      Correlation time method
 -54.564818408716 +/- 0.001099252817      On-the-fly reblocking method

 Sample variance of E_L (au^2/sim.cell) : 0.308900043130


 ==========================================
 PERFORMING OPTIMIZATION CALCULATION No. 3.
 ==========================================


 Optimization start
 ==================
 E_0 -54.56655491 minimal allowed energy -56.79224006 serial correlation factor 1.94
 Trust radius max|delta p| < 0.2 reached at level shift 4.83e-04
   Level shift          E_lin        max|dp| max|dlog(psi)|         E_corr       Penalty         Target
           inf                                                -54.56655491    0.00323177   -54.56332313
      4.83e-04   -54.56687518     2.0000e-01     1.4782e-01   -54.56688371    0.00335313   -54.56353058
      4.83e-03   -54.56668760     3.5193e-02     3.3160e-02   -54.56674783    0.00329239   -54.56345544
      4.83e-02   -54.56657312     2.8585e-03     5.4956e-03   -54.56658781    0.00325700   -54.56333082
      4.83e-01   -54.56656309     8.3402e-04     1.0149e-03   -54.56656957    0.00324081   -54.56332877
 Best level shift is the smallest scanned one, the trust radius may be too large
 Optimization end
 ================
 Norm of scaled energy gradient at the starting point: 2.45232e-01
 Level shift 4.83e-04, target -54.56332313 -> -54.56353058, gain 0.00020744.
 Scaled delta p over 121 of 121 parameters: norm 4.4680e-01, rms 4.0618e-02, max 1.4782e-01

 BEGIN VMC CALCULATION
 =====================

 Running VMC equilibration (5000 moves).
 Performing time-step optimization.
 Optimized step size: 0.11856
 DTVMC: 0.00469

 Starting VMC.

 =========================================================================
 In block : 1
  Number of VMC steps           = 1000000

  Block average energies (au)

  Total energy                       (au) =         -54.562244050586
  Standard error                        +/-           0.000576137993

  Constant energy contributions      (au) =           0.000000000000

  Variance of local energy           (au) =           0.331934655069
  Standard error                        +/-           0.000000000000

 Time taken in block    : : :       42.6702

 =========================================================================
 FINAL RESULT:

  VMC energy (au)    Standard error      Correction for serial correlation

 -54.562244050586 +/- 0.000576137993      No correction
 -54.562244050586 +/- 0.001284509436      Correlation time method
 -54.562244050586 +/- 0.001074988074      On-the-fly reblocking method

 Sample variance of E_L (au^2/sim.cell) : 0.331934655069


 ==========================================
 PERFORMING OPTIMIZATION CALCULATION No. 4.
 ==========================================


 Optimization start
 ==================
 E_0 -54.56465994 minimal allowed energy -56.90007735 serial correlation factor 1.79
 Trust radius max|delta p| < 0.2 reached at level shift 1.81e-04
   Level shift          E_lin        max|dp| max|dlog(psi)|         E_corr       Penalty         Target
           inf                                                -54.56465994    0.00313790   -54.56152204
      1.81e-04   -54.56538041     2.0000e-01     1.0919e-01   -54.56495439    0.00317120   -54.56178319
      1.81e-03   -54.56534802     4.1915e-02     2.3048e-02   -54.56535563    0.00313610   -54.56221953
      1.81e-02   -54.56537029     2.7941e-03     4.5464e-03   -54.56536905    0.00312279   -54.56224626
      1.81e-01   -54.56536197     2.2074e-03     2.0593e-03   -54.56536186    0.00312006   -54.56224180
 Optimization end
 ================
 Norm of scaled energy gradient at the starting point: 4.55827e-01
 Level shift 1.81e-02, target -54.56152204 -> -54.56224626, gain 0.00072422.
 Scaled delta p over 121 of 121 parameters: norm 1.7853e-02, rms 1.6230e-03, max 4.5464e-03

 BEGIN VMC CALCULATION
 =====================

 Running VMC equilibration (5000 moves).
 Performing time-step optimization.
 Optimized step size: 0.11748
 DTVMC: 0.00460

 Starting VMC.

 =========================================================================
 In block : 1
  Number of VMC steps           = 1000000

  Block average energies (au)

  Total energy                       (au) =         -54.564399931350
  Standard error                        +/-           0.000576594251

  Constant energy contributions      (au) =           0.000000000000

  Variance of local energy           (au) =           0.332460598023
  Standard error                        +/-           0.000000000000

 Time taken in block    : : :       49.1734

 =========================================================================
 FINAL RESULT:

  VMC energy (au)    Standard error      Correction for serial correlation

 -54.564399931350 +/- 0.000576594251      No correction
 -54.564399931350 +/- 0.001274856675      Correlation time method
 -54.564399931350 +/- 0.001055983708      On-the-fly reblocking method

 Sample variance of E_L (au^2/sim.cell) : 0.332460598023


 =========================================================================

 Total PyCasino real time : : :    1556.2703
