
 ------------------------------------------------------------------------------
 ########::'##:::'##::'######:::::'###:::::'######::'####:'##::: ##::'#######::
 ##.... ##:. ##:'##::'##... ##:::'## ##:::'##... ##:. ##:: ###:: ##:'##.... ##:
 ##:::: ##::. ####::: ##:::..:::'##:. ##:: ##:::..::: ##:: ####: ##: ##:::: ##:
 ########::::. ##:::: ##:::::::'##:::. ##:. ######::: ##:: ## ## ##: ##:::: ##:
 ##.....:::::: ##:::: ##::::::: #########::..... ##:: ##:: ##. ####: ##:::: ##:
 ##::::::::::: ##:::: ##::: ##: ##.... ##:'##::: ##:: ##:: ##:. ###: ##:::: ##:
 ##::::::::::: ##::::. ######:: ##:::: ##:. ######::'####: ##::. ##:. #######::
 .::::::::::::..::::::......:::..:::::..:::......:::....::..::::..:::.......:::

                     Python Quantum Monte Carlo Package
                        v 0.4.0 [Vladimir Konkov]

    Main Author : Vladimir Konkov
 ------------------------------------------------------------------------------
 Started 2026/08/10 06:09:20

 Python 3.12.3 (main, Jun 19 2026, 12:46:00) [GCC 13.3.0]
 Numba 0.63.1
 Numpy 2.2.6
 Scipy 1.13.1

 Running in parallel using 4 MPI processes.

 General input parameters
 ========================
 NEU (num up spin electrons)              :  12
 NED (num down spin electrons)            :  12
 RUNTYPE (type of run)                    :  vmc_opt
 PSI_S  (form for [anti]symmetrizing wfn) :  slater
 ATOM_BASIS_TYPE (atom-centred orb basis) :  slater-type
 INTERACTION (interaction type)           :  coulomb
 TESTRUN (read input data,print and stop) :  F
 PERIODIC                                 :  F
 COMPLEX_WF (complex Slater wave fn.)     :  F
 NEIGHPRINT (neighbour analysis)          :  0
 USE_JASTROW (use Jastrow factor)         :  T
 BACKFLOW (use backflow corrections)      :  F
 USE_ORBMODS (use orbitals modifications) :  F
 CUSP_CORRECTION                          :  F
 NON_LOCAL_GRID (NL integration grid)     :  4
 E_OFFSET (energy offset)                 :  0.0000
 GAUTOL  (Gaussian evaluation tolerance)  :  7.0
 SPARSE                                   :  F
 DIPOLE_MOMENT                            :  F
 RELATIVISTIC                             :  F

 VMC/optimization input parameters
 ====================
 NEWRUN (start new run)                   :  T
 VMC_METHOD (choice of VMC algorithm)     :  3
 DTVMC (VMC time step)                    :  0.02
 OPT_DTVMC (VMC time-step optimization)   :  T
 VMC_NSTEP (num VMC steps)                :  1000000
 VMC_NCONFIG_WRITE (num configs to write) :  1000000
 VMC_NBLOCK (num VMC blocks)              :  1
 VMC_EQUIL_NSTEP (num equil steps)        :  5000
 VMC_DECORR_PERIOD (length of inner loop) :  10
 VMC_AVE_PERIOD (hist reduction factor)   :  1
 VMC_SAMPLING                             :  standard
 OPT_CYCLES (num optimization cycles)     :  2
 POSTFIT_VMC (perform post-fit VMC calc)  :  T
 POSTFIT_KEEP_CFG (keep post-fit VMC cfgs):  F
 OPT_NOCTF_CYCLES (fixed cutoff cycles)   :  0
 OPT_INFO (information level)             :  2
 OPT_JASTROW (opt Jastrow factor)         :  T
 OPT_DET_COEFF (opt det coeffs)           :  F
 OPT_ORBITALS (opt orbitals)              :  F
 OPT_BACKFLOW (opt backflow params)       :  F
 OPT_FIXNL (fix nonlocal energy)          :  T
 OPT_MAXITER (max num iterations)         :  10
 OPT_MAXEVAL (max num evaluations)        :  200
 VM_SMOOTH_LIMITS (smooth limiting)       :  F
 VM_REWEIGHT (reweighting)                :  F
 VM_FILTER (filter outlying configs)      :  T
 VM_USE_E_GUESS (use guess energy)        :  F
 EMIN_XI_VALUE (xi parameter)             :  1.0
 VM_FILTER_THRES (filter threshold)       :  4.0
 MAKEMOVIE                                :  F
 FORCES                                   :  F

 BEGIN VMC CALCULATION
 =====================

 Running VMC equilibration (5000 moves).
 Performing time-step optimization.
 Optimized step size: 0.05849
 DTVMC: 0.00114

 Starting VMC.

 =========================================================================
 In block : 1
  Number of VMC steps           = 1000000

  Block average energies (au)

  Total energy                       (au) =        -224.331025520840
  Standard error                        +/-           0.007286102453

  Constant energy contributions      (au) =          69.027000022559

  Variance of local energy           (au) =          53.087235866756
  Standard error                        +/-           0.000000000000

 Time taken in block    : : :       521.8838

 =========================================================================
 FINAL RESULT:

  VMC energy (au)    Standard error      Correction for serial correlation

 -224.331025520840 +/- 0.007286102453      No correction
 -224.331025520840 +/- 0.021716227610      Correlation time method
 -224.331025520840 +/- 0.021739724890      On-the-fly reblocking method

 Sample variance of E_L (au^2/sim.cell) : 53.087235866756


 ==========================================
 PERFORMING OPTIMIZATION CALCULATION No. 1.
 ==========================================


 Optimization start
 ==================
   Iteration     Total nfev        Cost      Cost reduction    Step norm     Optimality
       0              1         8.9642e+01                                    3.34e+07
       1              2         4.0239e+01      4.94e+01       7.40e-04       1.68e+07
       2              3         1.4541e+01      2.57e+01       1.32e-03       1.51e+06
       3              4         8.5047e+00      6.04e+00       1.55e-03       1.60e+05
       4              5         5.1655e+00      3.34e+00       6.52e-03       6.69e+04
       5              6         3.6303e+00      1.54e+00       1.66e-02       8.12e+04
       6              7         3.0226e+00      6.08e-01       1.34e-02       4.89e+04
       7              8         2.6907e+00      3.32e-01       1.57e-02       3.29e+04
       8              9         2.4429e+00      2.48e-01       1.70e-02       1.34e+04
       9             10         2.2759e+00      1.67e-01       2.90e-02       6.08e+03
      10             11         2.2248e+00      5.11e-02       3.13e-02       8.76e+03
      11             12         2.2245e+00      2.75e-04       5.53e-04       4.46e+03
`ftol` termination condition is satisfied.
Function evaluations 12, initial cost 8.9642e+01, final cost 2.2245e+00, first-order optimality 4.46e+03.
 Norm of Jacobian at the solution: 1.04094e+00

 BEGIN VMC CALCULATION
 =====================

 Running VMC equilibration (5000 moves).
 Performing time-step optimization.
 Optimized step size: 0.05766
 DTVMC: 0.00111

 Starting VMC.

 =========================================================================
 In block : 1
  Number of VMC steps           = 1000000

  Block average energies (au)

  Total energy                       (au) =        -225.183575904928
  Standard error                        +/-           0.001419398604

  Constant energy contributions      (au) =          69.027000022559

  Variance of local energy           (au) =           2.014690381432
  Standard error                        +/-           0.000000000000

 Time taken in block    : : :       452.1622

 =========================================================================
 FINAL RESULT:

  VMC energy (au)    Standard error      Correction for serial correlation

 -225.183575904928 +/- 0.001419398604      No correction
 -225.183575904928 +/- 0.005733316095      Correlation time method
 -225.183575904928 +/- 0.008229803381      On-the-fly reblocking method

 Sample variance of E_L (au^2/sim.cell) : 2.014690381432


 ==========================================
 PERFORMING OPTIMIZATION CALCULATION No. 2.
 ==========================================


 Optimization start
 ==================
   Iteration     Total nfev        Cost      Cost reduction    Step norm     Optimality
       0              1         1.7853e+00                                    6.41e+04
       1              2         1.7732e+00      1.21e-02       7.15e-02       3.67e+04
       2              3         1.7732e+00      0.00e+00       0.00e+00       3.67e+04
`ftol` termination condition is satisfied.
Function evaluations 3, initial cost 1.7853e+00, final cost 1.7732e+00, first-order optimality 3.67e+04.
 Norm of Jacobian at the solution: 3.19008e+01

 BEGIN VMC CALCULATION
 =====================

 Running VMC equilibration (5000 moves).
 Performing time-step optimization.
 Optimized step size: 0.05623
 DTVMC: 0.00105

 Starting VMC.

 =========================================================================
 In block : 1
  Number of VMC steps           = 1000000

  Block average energies (au)

  Total energy                       (au) =        -225.181002221626
  Standard error                        +/-           0.001417655834

  Constant energy contributions      (au) =          69.027000022559

  Variance of local energy           (au) =           2.009746055197
  Standard error                        +/-           0.000000000000

 Time taken in block    : : :       454.3962

 =========================================================================
 FINAL RESULT:

  VMC energy (au)    Standard error      Correction for serial correlation

 -225.181002221626 +/- 0.001417655834      No correction
 -225.181002221626 +/- 0.005776367434      Correlation time method
 -225.181002221626 +/- 0.008458845301      On-the-fly reblocking method

 Sample variance of E_L (au^2/sim.cell) : 2.009746055197


 =========================================================================

 Total PyCasino real time : : :    10755.8146
