
 ------------------------------------------------------------------------------
 ########::'##:::'##::'######:::::'###:::::'######::'####:'##::: ##::'#######::
 ##.... ##:. ##:'##::'##... ##:::'## ##:::'##... ##:. ##:: ###:: ##:'##.... ##:
 ##:::: ##::. ####::: ##:::..:::'##:. ##:: ##:::..::: ##:: ####: ##: ##:::: ##:
 ########::::. ##:::: ##:::::::'##:::. ##:. ######::: ##:: ## ## ##: ##:::: ##:
 ##.....:::::: ##:::: ##::::::: #########::..... ##:: ##:: ##. ####: ##:::: ##:
 ##::::::::::: ##:::: ##::: ##: ##.... ##:'##::: ##:: ##:: ##:. ###: ##:::: ##:
 ##::::::::::: ##::::. ######:: ##:::: ##:. ######::'####: ##::. ##:. #######::
 .::::::::::::..::::::......:::..:::::..:::......:::....::..::::..:::.......:::

                     Python Quantum Monte Carlo Package
                        v 0.4.0 [Vladimir Konkov]

    Main Author : Vladimir Konkov
 ------------------------------------------------------------------------------
 Started 2026/09/11 10:55:52

 Python 3.12.3 (main, Aug 31 2026, 10:18:26) [GCC 13.3.0]
 Numba 0.63.1
 Numpy 2.2.6
 Scipy 1.13.1

 Running in parallel using 4 MPI processes.

 Warning: keywords not read by pycasino: newrun periodic writeout_vmc_hist

 General input parameters
 ========================
 NEU (num up spin electrons)              :  2
 NED (num down spin electrons)            :  2
 RUNTYPE (type of run)                    :  vmc_opt
 PSI_S  (form for [anti]symmetrizing wfn) :  slater
 ATOM_BASIS_TYPE (atom-centred orb basis) :  gaussian
 INTERACTION (interaction type)           :  coulomb
 TESTRUN (read input data,print and stop) :  F
 PERIODIC                                 :  F
 COMPLEX_WF (complex Slater wave fn.)     :  F
 NEIGHPRINT (neighbour analysis)          :  0
 USE_JASTROW (use Jastrow factor)         :  T
 BACKFLOW (use backflow corrections)      :  T
 USE_ORBMODS (use orbitals modifications) :  F
 CUSP_CORRECTION                          :  T
 NON_LOCAL_GRID (NL integration grid)     :  4
 E_OFFSET (energy offset)                 :  0.0000
 GAUTOL  (Gaussian evaluation tolerance)  :  7.0
 SPARSE                                   :  F
 DIPOLE_MOMENT                            :  F
 RELATIVISTIC                             :  F

 VMC/optimization input parameters
 ====================
 NEWRUN (start new run)                   :  T
 VMC_METHOD (choice of VMC algorithm)     :  3
 DTVMC (VMC time step)                    :  0.02
 OPT_DTVMC (VMC time-step optimization)   :  1
 VMC_NSTEP (num VMC steps)                :  10000000
 VMC_NCONFIG_WRITE (num configs to write) :  10000000
 VMC_NBLOCK (num VMC blocks)              :  1
 VMC_EQUIL_NSTEP (num equil steps)        :  5000
 VMC_DECORR_PERIOD (length of inner loop) :  10
 VMC_AVE_PERIOD (hist reduction factor)   :  1
 VMC_SAMPLING                             :  standard
 OPT_CYCLES (num optimization cycles)     :  5
 POSTFIT_VMC (perform post-fit VMC calc)  :  F
 POSTFIT_KEEP_CFG (keep post-fit VMC cfgs):  F
 OPT_NOCTF_CYCLES (fixed cutoff cycles)   :  0
 OPT_INFO (information level)             :  2
 OPT_JASTROW (opt Jastrow factor)         :  F
 OPT_DET_COEFF (opt det coeffs)           :  F
 OPT_ORBITALS (opt orbitals)              :  F
 OPT_BACKFLOW (opt backflow params)       :  T
 OPT_FIXNL (fix nonlocal energy)          :  F
 OPT_MAXITER (max num iterations)         :  10
 OPT_MAXEVAL (max num evaluations)        :  30
 VM_SMOOTH_LIMITS (smooth limiting)       :  F
 VM_REWEIGHT (reweighting)                :  F
 VM_FILTER (filter outlying configs)      :  F
 VM_USE_E_GUESS (use guess energy)        :  F
 EMIN_XI_VALUE (xi parameter)             :  1.0
 MAKEMOVIE                                :  F
 FORCES                                   :  F

 Gaussian cusp correction
 ========================
 Activated.

 BEGIN VMC CALCULATION
 =====================

 Running VMC equilibration (5000 moves).
 Performing time-step optimization.
 DTVMC: 5.65128e-03

 Starting VMC.

 =========================================================================
 In block : 1

 Acceptance ratio         (%)  =  69.3325
 Diffusion constant  (Bohr^2)  =
 Correlation time     (steps)  = 2.3928E+00 +- 4.1446E-03
 Efficiency      (au^-2 s^-1)  = 1.6358E+05
 No. of VMC steps per process  = 2500000

  Block average energies (au)

  Total energy                       (au) =         -14.662650835412
  Standard error                        +/-           0.000063702780

  Kinetic energy KEI (used in Total) (au) =
  Standard error                        +/-

  Kinetic energy TI                  (au) =
  Standard error                        +/-

  Kinetic energy FISQ                (au) =
  Standard error                        +/-

  Potential energy                   (au) =
  Standard error                        +/-

  e-e interaction                    (au) =
  Standard error                        +/-

  e-n interaction                    (au) =
  Standard error                        +/-

  Variance of local energy           (au) =           0.040580437169
  Standard error                        +/-

  Maximum distance from origin       (au) =


 Time taken in block    : : :      629.5670 s


 =========================================================================
 FINAL RESULT:

  VMC energy (au)    Standard error      Correction for serial correlation

 -14.662650835412 +/- 0.000063702780      No correction
 -14.662650835412 +/- 0.000098539328      Correlation time method
 -14.662650835412 +/- 0.000103754214      On-the-fly reblocking method

 Sample variance of E_L (au^2/sim.cell) : 0.040580437169


 ==========================================
 PERFORMING OPTIMIZATION CALCULATION No. 1.
 ==========================================


 Choosing zeta, a step of 0.1 of the parameter scale having to leave the density
 inside 3.0%

      zeta        <sum r_iI>      probed          drift       effective

      0.2500         8.621979        8.621984          0.00%           40000

  zeta chosen: 0.2500

 Nodal surface minimization
 ==========================

  zeta                          (au^-1) = 0.25000
  DTVMC                                  = 1.90120e-02
  epsilon                         (bohr) = 2.38096e-02
  parameters                             = 133
  inside the tube                        = 3761
  F                                      = 0.65898232 +/- 0.01315251
  <sum r_iI>                      (bohr) = 8.47578

  trust radius 0.1000

    iteration    nfev            F              <sum r_iI>        effective

            1       2         0.65898025         8.475785         10000000
            2       7         0.65879993         8.475872         10000000
 BEGIN VMC CALCULATION
 =====================

 Running VMC equilibration (5000 moves).
 Performing time-step optimization.
 DTVMC: 5.32191e-03

 Starting VMC.

 =========================================================================
 In block : 1

 Acceptance ratio         (%)  =  70.1565
 Diffusion constant  (Bohr^2)  =
 Correlation time     (steps)  = 2.4747E+00 +- 4.3626E-03
 Efficiency      (au^-2 s^-1)  = 1.4431E+05
 No. of VMC steps per process  = 2500000

  Block average energies (au)

  Total energy                       (au) =         -14.662649254397
  Standard error                        +/-           0.000063887633

  Kinetic energy KEI (used in Total) (au) =
  Standard error                        +/-

  Kinetic energy TI                  (au) =
  Standard error                        +/-

  Kinetic energy FISQ                (au) =
  Standard error                        +/-

  Potential energy                   (au) =
  Standard error                        +/-

  e-e interaction                    (au) =
  Standard error                        +/-

  e-n interaction                    (au) =
  Standard error                        +/-

  Variance of local energy           (au) =           0.040816292818
  Standard error                        +/-

  Maximum distance from origin       (au) =


 Time taken in block    : : :      686.0474 s


 =========================================================================
 FINAL RESULT:

  VMC energy (au)    Standard error      Correction for serial correlation

 -14.662649254397 +/- 0.000063887633      No correction
 -14.662649254397 +/- 0.000100501977      Correlation time method
 -14.662649254397 +/- 0.000107754874      On-the-fly reblocking method

 Sample variance of E_L (au^2/sim.cell) : 0.040816292818


 ==========================================
 PERFORMING OPTIMIZATION CALCULATION No. 2.
 ==========================================


 Nodal surface minimization
 ==========================

  zeta                          (au^-1) = 0.25000
  DTVMC                                  = 1.86382e-02
  epsilon                         (bohr) = 2.38096e-02
  parameters                             = 133
  inside the tube                        = 3777
  F                                      = 0.65251664 +/- 0.01302873
  <sum r_iI>                      (bohr) = 8.48150

  trust radius 0.1000

    iteration    nfev            F              <sum r_iI>        effective

            1       2         0.65251552         8.481498         10000000
