
 ------------------------------------------------------------------------------
 ########::'##:::'##::'######:::::'###:::::'######::'####:'##::: ##::'#######::
 ##.... ##:. ##:'##::'##... ##:::'## ##:::'##... ##:. ##:: ###:: ##:'##.... ##:
 ##:::: ##::. ####::: ##:::..:::'##:. ##:: ##:::..::: ##:: ####: ##: ##:::: ##:
 ########::::. ##:::: ##:::::::'##:::. ##:. ######::: ##:: ## ## ##: ##:::: ##:
 ##.....:::::: ##:::: ##::::::: #########::..... ##:: ##:: ##. ####: ##:::: ##:
 ##::::::::::: ##:::: ##::: ##: ##.... ##:'##::: ##:: ##:: ##:. ###: ##:::: ##:
 ##::::::::::: ##::::. ######:: ##:::: ##:. ######::'####: ##::. ##:. #######::
 .::::::::::::..::::::......:::..:::::..:::......:::....::..::::..:::.......:::

                     Python Quantum Monte Carlo Package
                        v 0.4.0 [Vladimir Konkov]

    Main Author : Vladimir Konkov
 ------------------------------------------------------------------------------
 Started 2026/08/15 13:00:30

 Python 3.12.3 (main, Jun 19 2026, 12:46:00) [GCC 13.3.0]
 Numba 0.63.1
 Numpy 2.2.6
 Scipy 1.13.1

 Running in parallel using 4 MPI processes.

 General input parameters
 ========================
 NEU (num up spin electrons)              :  5
 NED (num down spin electrons)            :  5
 RUNTYPE (type of run)                    :  vmc
 PSI_S  (form for [anti]symmetrizing wfn) :  slater
 ATOM_BASIS_TYPE (atom-centred orb basis) :  slater-type
 INTERACTION (interaction type)           :  coulomb
 TESTRUN (read input data,print and stop) :  F
 PERIODIC                                 :  F
 COMPLEX_WF (complex Slater wave fn.)     :  F
 NEIGHPRINT (neighbour analysis)          :  0
 USE_JASTROW (use Jastrow factor)         :  F
 BACKFLOW (use backflow corrections)      :  F
 USE_ORBMODS (use orbitals modifications) :  F
 CUSP_CORRECTION                          :  F
 NON_LOCAL_GRID (NL integration grid)     :  4
 E_OFFSET (energy offset)                 :  0.0000
 GAUTOL  (Gaussian evaluation tolerance)  :  7.0
 SPARSE                                   :  F
 DIPOLE_MOMENT                            :  F
 RELATIVISTIC                             :  F

 VMC input parameters
 ====================
 NEWRUN (start new run)                   :  T
 VMC_METHOD (choice of VMC algorithm)     :  3
 DTVMC (VMC time step)                    :  0.02
 OPT_DTVMC (VMC time-step optimization)   :  T
 VMC_NSTEP (num VMC steps)                :  100000000
 VMC_NCONFIG_WRITE (num configs to write) :  0
 VMC_NBLOCK (num VMC blocks)              :  10
 VMC_EQUIL_NSTEP (num equil steps)        :  5000
 VMC_DECORR_PERIOD (length of inner loop) :  10
 VMC_AVE_PERIOD (hist reduction factor)   :  1
 VMC_SAMPLING                             :  standard
 MAKEMOVIE                                :  F
 FORCES                                   :  F

 ====================================
 PERFORMING A SINGLE VMC CALCULATION.
 ====================================


 BEGIN VMC CALCULATION
 =====================

 Running VMC equilibration (5000 moves).
 Performing time-step optimization.
 DTVMC: 2.20142e-03

 Starting VMC.

 =========================================================================
 In block : 1
  Number of VMC steps           = 10000000

  Block average energies (au)

  Total energy                       (au) =        -128.553229648883
  Standard error                        +/-           0.001726941081

  Constant energy contributions      (au) =           0.000000000000

  Variance of local energy           (au) =          29.823251982997
  Standard error                        +/-           0.000000000000

 Time taken in block    : : :       310.6581

 =========================================================================
 In block : 2
  Number of VMC steps           = 10000000

  Block average energies (au)

  Total energy                       (au) =        -128.546585333338
  Standard error                        +/-           0.001730721278

  Constant energy contributions      (au) =           0.000000000000

  Variance of local energy           (au) =          29.953958416708
  Standard error                        +/-           0.000000000000

 Time taken in block    : : :       268.9209

 =========================================================================
 In block : 3
  Number of VMC steps           = 10000000

  Block average energies (au)

  Total energy                       (au) =        -128.545290836896
  Standard error                        +/-           0.001714903989

  Constant energy contributions      (au) =           0.000000000000

  Variance of local energy           (au) =          29.408953975401
  Standard error                        +/-           0.000000000000

 Time taken in block    : : :       263.2820

 =========================================================================
 In block : 4
  Number of VMC steps           = 10000000

  Block average energies (au)

  Total energy                       (au) =        -128.548367719299
  Standard error                        +/-           0.001699196493

  Constant energy contributions      (au) =           0.000000000000

  Variance of local energy           (au) =          28.872684340846
  Standard error                        +/-           0.000000000000

 Time taken in block    : : :       263.6144

 =========================================================================
 In block : 5
  Number of VMC steps           = 10000000

  Block average energies (au)

  Total energy                       (au) =        -128.549040266739
  Standard error                        +/-           0.001718351846

  Constant energy contributions      (au) =           0.000000000000

  Variance of local energy           (au) =          29.527327707890
  Standard error                        +/-           0.000000000000

 Time taken in block    : : :       263.5029

 =========================================================================
 In block : 6
  Number of VMC steps           = 10000000

  Block average energies (au)

  Total energy                       (au) =        -128.546028160221
  Standard error                        +/-           0.001720121191

  Constant energy contributions      (au) =           0.000000000000

  Variance of local energy           (au) =          29.588166161994
  Standard error                        +/-           0.000000000000

 Time taken in block    : : :       263.9090

 =========================================================================
 In block : 7
  Number of VMC steps           = 10000000

  Block average energies (au)

  Total energy                       (au) =        -128.549753037748
  Standard error                        +/-           0.001727196811

  Constant energy contributions      (au) =           0.000000000000

  Variance of local energy           (au) =          29.832085239270
  Standard error                        +/-           0.000000000000

 Time taken in block    : : :       263.9609

 =========================================================================
 In block : 8
  Number of VMC steps           = 10000000

  Block average energies (au)

  Total energy                       (au) =        -128.546960453903
  Standard error                        +/-           0.001719308177

  Constant energy contributions      (au) =           0.000000000000

  Variance of local energy           (au) =          29.560203117764
  Standard error                        +/-           0.000000000000

 Time taken in block    : : :       263.9778

 =========================================================================
 In block : 9
  Number of VMC steps           = 10000000

  Block average energies (au)

  Total energy                       (au) =        -128.551860627347
  Standard error                        +/-           0.001742647236

  Constant energy contributions      (au) =           0.000000000000

  Variance of local energy           (au) =          30.368190847171
  Standard error                        +/-           0.000000000000

 Time taken in block    : : :       263.5839

 =========================================================================
 In block : 10
  Number of VMC steps           = 10000000

  Block average energies (au)

  Total energy                       (au) =        -128.549228379460
  Standard error                        +/-           0.001714724571

  Constant energy contributions      (au) =           0.000000000000

  Variance of local energy           (au) =          29.402800619858
  Standard error                        +/-           0.000000000000

 Time taken in block    : : :       264.1033

 =========================================================================
 FINAL RESULT:

  VMC energy (au)    Standard error      Correction for serial correlation

 -128.548634446383 +/- 0.000544369069      No correction
 -128.548634446383 +/- 0.001235303886      Correlation time method
 -128.548634446383 +/- 0.001029821513      On-the-fly reblocking method

 Sample variance of E_L (au^2/sim.cell) : 29.633768074743


 =========================================================================

 Total PyCasino real time : : :    2760.7725
