
 ------------------------------------------------------------------------------
 ########::'##:::'##::'######:::::'###:::::'######::'####:'##::: ##::'#######::
 ##.... ##:. ##:'##::'##... ##:::'## ##:::'##... ##:. ##:: ###:: ##:'##.... ##:
 ##:::: ##::. ####::: ##:::..:::'##:. ##:: ##:::..::: ##:: ####: ##: ##:::: ##:
 ########::::. ##:::: ##:::::::'##:::. ##:. ######::: ##:: ## ## ##: ##:::: ##:
 ##.....:::::: ##:::: ##::::::: #########::..... ##:: ##:: ##. ####: ##:::: ##:
 ##::::::::::: ##:::: ##::: ##: ##.... ##:'##::: ##:: ##:: ##:. ###: ##:::: ##:
 ##::::::::::: ##::::. ######:: ##:::: ##:. ######::'####: ##::. ##:. #######::
 .::::::::::::..::::::......:::..:::::..:::......:::....::..::::..:::.......:::

                     Python Quantum Monte Carlo Package
                        v 0.4.0 [Vladimir Konkov]

    Main Author : Vladimir Konkov
 ------------------------------------------------------------------------------
 Started 2026/08/09 21:35:48

 Python 3.12.3 (main, Jun 19 2026, 12:46:00) [GCC 13.3.0]
 Numba 0.63.1
 Numpy 2.2.6
 Scipy 1.13.1

 Running in parallel using 4 MPI processes.

 General input parameters
 ========================
 NEU (num up spin electrons)              :  1
 NED (num down spin electrons)            :  1
 RUNTYPE (type of run)                    :  vmc_opt
 PSI_S  (form for [anti]symmetrizing wfn) :  slater
 ATOM_BASIS_TYPE (atom-centred orb basis) :  slater-type
 INTERACTION (interaction type)           :  coulomb
 TESTRUN (read input data,print and stop) :  F
 PERIODIC                                 :  F
 COMPLEX_WF (complex Slater wave fn.)     :  F
 NEIGHPRINT (neighbour analysis)          :  0
 USE_JASTROW (use Jastrow factor)         :  T
 BACKFLOW (use backflow corrections)      :  T
 USE_ORBMODS (use orbitals modifications) :  F
 CUSP_CORRECTION                          :  F
 NON_LOCAL_GRID (NL integration grid)     :  4
 E_OFFSET (energy offset)                 :  0.0000
 GAUTOL  (Gaussian evaluation tolerance)  :  7.0
 SPARSE                                   :  F
 DIPOLE_MOMENT                            :  F
 RELATIVISTIC                             :  F

 VMC/optimization input parameters
 ====================
 NEWRUN (start new run)                   :  T
 VMC_METHOD (choice of VMC algorithm)     :  3
 DTVMC (VMC time step)                    :  0.02
 OPT_DTVMC (VMC time-step optimization)   :  T
 VMC_NSTEP (num VMC steps)                :  100000
 VMC_NCONFIG_WRITE (num configs to write) :  100000
 VMC_NBLOCK (num VMC blocks)              :  1
 VMC_EQUIL_NSTEP (num equil steps)        :  5000
 VMC_DECORR_PERIOD (length of inner loop) :  10
 VMC_AVE_PERIOD (hist reduction factor)   :  1
 VMC_SAMPLING                             :  standard
 OPT_CYCLES (num optimization cycles)     :  2
 POSTFIT_VMC (perform post-fit VMC calc)  :  T
 POSTFIT_KEEP_CFG (keep post-fit VMC cfgs):  F
 OPT_NOCTF_CYCLES (fixed cutoff cycles)   :  0
 OPT_INFO (information level)             :  2
 OPT_JASTROW (opt Jastrow factor)         :  T
 OPT_DET_COEFF (opt det coeffs)           :  F
 OPT_ORBITALS (opt orbitals)              :  F
 OPT_BACKFLOW (opt backflow params)       :  T
 OPT_FIXNL (fix nonlocal energy)          :  T
 OPT_MAXITER (max num iterations)         :  10
 OPT_MAXEVAL (max num evaluations)        :  200
 VM_SMOOTH_LIMITS (smooth limiting)       :  F
 VM_REWEIGHT (reweighting)                :  F
 VM_FILTER (filter outlying configs)      :  T
 VM_USE_E_GUESS (use guess energy)        :  F
 EMIN_XI_VALUE (xi parameter)             :  1.0
 VM_FILTER_THRES (filter threshold)       :  4.0
 MAKEMOVIE                                :  F
 FORCES                                   :  F

 BEGIN VMC CALCULATION
 =====================

 Running VMC equilibration (5000 moves).
 Performing time-step optimization.
 Optimized step size: 0.48654
 DTVMC: 0.07891

 Starting VMC.

 =========================================================================
 In block : 1
  Number of VMC steps           = 100000

  Block average energies (au)

  Total energy                       (au) =          -2.858756193234
  Standard error                        +/-           0.002347971446

  Constant energy contributions      (au) =           0.000000000000

  Variance of local energy           (au) =           0.551291478040
  Standard error                        +/-           0.000000000000

 Time taken in block    : : :       4.7673

 =========================================================================
 FINAL RESULT:

  VMC energy (au)    Standard error      Correction for serial correlation

 -2.858756193234 +/- 0.002347971446      No correction
 -2.858756193234 +/- 0.002787582231      Correlation time method
 -2.858756193234 +/- 0.002550202749      On-the-fly reblocking method

 Sample variance of E_L (au^2/sim.cell) : 0.551291478040


 ==========================================
 PERFORMING OPTIMIZATION CALCULATION No. 1.
 ==========================================


 Optimization start
 ==================
   Iteration     Total nfev        Cost      Cost reduction    Step norm     Optimality
       0              1         9.9269e-02                                    1.54e+04
       1              2         9.5622e-02      3.65e-03       2.21e-01       9.25e+03
       2              3         1.7434e-02      7.82e-02       8.08e-02       4.22e+02
       3              4         1.9159e-03      1.55e-02       1.22e-01       1.35e+02
       4              5         2.1581e-04      1.70e-03       1.92e-01       5.33e+01
       5              6         2.1581e-04      0.00e+00       0.00e+00       5.33e+01
`ftol` termination condition is satisfied.
Function evaluations 6, initial cost 9.9269e-02, final cost 2.1581e-04, first-order optimality 5.33e+01.
 Norm of Jacobian at the solution: 4.13783e-02

 BEGIN VMC CALCULATION
 =====================

 Running VMC equilibration (5000 moves).
 Performing time-step optimization.
 Optimized step size: 0.51074
 DTVMC: 0.08695

 Starting VMC.

 =========================================================================
 In block : 1
  Number of VMC steps           = 100000

  Block average energies (au)

  Total energy                       (au) =          -2.903727050557
  Standard error                        +/-           0.000034447817

  Constant energy contributions      (au) =           0.000000000000

  Variance of local energy           (au) =           0.000118664023
  Standard error                        +/-           0.000000000000

 Time taken in block    : : :       3.7330

 =========================================================================
 FINAL RESULT:

  VMC energy (au)    Standard error      Correction for serial correlation

 -2.903727050557 +/- 0.000034447817      No correction
 -2.903727050557 +/- 0.000043824171      Correlation time method
 -2.903727050557 +/- 0.000040012099      On-the-fly reblocking method

 Sample variance of E_L (au^2/sim.cell) : 0.000118664023


 ==========================================
 PERFORMING OPTIMIZATION CALCULATION No. 2.
 ==========================================


 Optimization start
 ==================
   Iteration     Total nfev        Cost      Cost reduction    Step norm     Optimality
       0              1         6.8357e-05                                    2.01e+01
       1              2         6.8357e-05      0.00e+00       0.00e+00       2.01e+01
`ftol` termination condition is satisfied.
Function evaluations 2, initial cost 6.8357e-05, final cost 6.8357e-05, first-order optimality 2.01e+01.
 Norm of Jacobian at the solution: 4.27781e+00

 BEGIN VMC CALCULATION
 =====================

 Running VMC equilibration (5000 moves).
 Performing time-step optimization.
 Optimized step size: 0.50243
 DTVMC: 0.08414

 Starting VMC.

 =========================================================================
 In block : 1
  Number of VMC steps           = 100000

  Block average energies (au)

  Total energy                       (au) =          -2.903655457991
  Standard error                        +/-           0.000036011897

  Constant energy contributions      (au) =           0.000000000000

  Variance of local energy           (au) =           0.000129684377
  Standard error                        +/-           0.000000000000

 Time taken in block    : : :       3.7433

 =========================================================================
 FINAL RESULT:

  VMC energy (au)    Standard error      Correction for serial correlation

 -2.903655457991 +/- 0.000036011897      No correction
 -2.903655457991 +/- 0.000050185386      Correlation time method
 -2.903655457991 +/- 0.000043246303      On-the-fly reblocking method

 Sample variance of E_L (au^2/sim.cell) : 0.000129684377


 =========================================================================

 Total PyCasino real time : : :    93.0726
