
 ------------------------------------------------------------------------------
 ########::'##:::'##::'######:::::'###:::::'######::'####:'##::: ##::'#######::
 ##.... ##:. ##:'##::'##... ##:::'## ##:::'##... ##:. ##:: ###:: ##:'##.... ##:
 ##:::: ##::. ####::: ##:::..:::'##:. ##:: ##:::..::: ##:: ####: ##: ##:::: ##:
 ########::::. ##:::: ##:::::::'##:::. ##:. ######::: ##:: ## ## ##: ##:::: ##:
 ##.....:::::: ##:::: ##::::::: #########::..... ##:: ##:: ##. ####: ##:::: ##:
 ##::::::::::: ##:::: ##::: ##: ##.... ##:'##::: ##:: ##:: ##:. ###: ##:::: ##:
 ##::::::::::: ##::::. ######:: ##:::: ##:. ######::'####: ##::. ##:. #######::
 .::::::::::::..::::::......:::..:::::..:::......:::....::..::::..:::.......:::

                     Python Quantum Monte Carlo Package
                        v 0.4.0 [Vladimir Konkov]

    Main Author : Vladimir Konkov
 ------------------------------------------------------------------------------
 Started 2026/08/12 08:55:55

 Python 3.12.3 (main, Jun 19 2026, 12:46:00) [GCC 13.3.0]
 Numba 0.63.1
 Numpy 2.2.6
 Scipy 1.13.1

 Running in parallel using 4 MPI processes.

 General input parameters
 ========================
 NEU (num up spin electrons)              :  18
 NED (num down spin electrons)            :  18
 RUNTYPE (type of run)                    :  vmc_opt
 PSI_S  (form for [anti]symmetrizing wfn) :  slater
 ATOM_BASIS_TYPE (atom-centred orb basis) :  slater-type
 INTERACTION (interaction type)           :  coulomb
 TESTRUN (read input data,print and stop) :  F
 PERIODIC                                 :  F
 COMPLEX_WF (complex Slater wave fn.)     :  F
 NEIGHPRINT (neighbour analysis)          :  0
 USE_JASTROW (use Jastrow factor)         :  T
 BACKFLOW (use backflow corrections)      :  F
 USE_ORBMODS (use orbitals modifications) :  F
 CUSP_CORRECTION                          :  F
 NON_LOCAL_GRID (NL integration grid)     :  4
 E_OFFSET (energy offset)                 :  0.0000
 GAUTOL  (Gaussian evaluation tolerance)  :  7.0
 SPARSE                                   :  F
 DIPOLE_MOMENT                            :  F
 RELATIVISTIC                             :  F

 VMC/optimization input parameters
 ====================
 NEWRUN (start new run)                   :  T
 VMC_METHOD (choice of VMC algorithm)     :  3
 DTVMC (VMC time step)                    :  0.02
 OPT_DTVMC (VMC time-step optimization)   :  T
 VMC_NSTEP (num VMC steps)                :  1000000
 VMC_NCONFIG_WRITE (num configs to write) :  1000000
 VMC_NBLOCK (num VMC blocks)              :  1
 VMC_EQUIL_NSTEP (num equil steps)        :  5000
 VMC_DECORR_PERIOD (length of inner loop) :  10
 VMC_AVE_PERIOD (hist reduction factor)   :  1
 VMC_SAMPLING                             :  standard
 OPT_CYCLES (num optimization cycles)     :  4
 POSTFIT_VMC (perform post-fit VMC calc)  :  T
 POSTFIT_KEEP_CFG (keep post-fit VMC cfgs):  F
 OPT_NOCTF_CYCLES (fixed cutoff cycles)   :  0
 OPT_INFO (information level)             :  2
 OPT_JASTROW (opt Jastrow factor)         :  T
 OPT_DET_COEFF (opt det coeffs)           :  F
 OPT_ORBITALS (opt orbitals)              :  F
 OPT_BACKFLOW (opt backflow params)       :  F
 OPT_FIXNL (fix nonlocal energy)          :  F
 OPT_MAXITER (max num iterations)         :  10
 OPT_MAXEVAL (max num evaluations)        :  200
 VM_SMOOTH_LIMITS (smooth limiting)       :  F
 VM_REWEIGHT (reweighting)                :  F
 VM_FILTER (filter outlying configs)      :  T
 VM_USE_E_GUESS (use guess energy)        :  F
 EMIN_XI_VALUE (xi parameter)             :  1.0
 VM_FILTER_THRES (filter threshold)       :  4.0
 MAKEMOVIE                                :  F
 FORCES                                   :  F

 BEGIN VMC CALCULATION
 =====================

 Running VMC equilibration (5000 moves).
 Performing time-step optimization.
 Optimized step size: 0.01641
 DTVMC: 0.00009

 Starting VMC.

 =========================================================================
 In block : 1
  Number of VMC steps           = 1000000

  Block average energies (au)

  Total energy                       (au) =       -2752.175064574275
  Standard error                        +/-           0.026737346204

  Constant energy contributions      (au) =           0.000000000000

  Variance of local energy           (au) =         714.884967129668
  Standard error                        +/-           0.000000000000

 Time taken in block    : : :       652.3443

 =========================================================================
 FINAL RESULT:

  VMC energy (au)    Standard error      Correction for serial correlation

 -2752.175064574275 +/- 0.026737346204      No correction
 -2752.175064574275 +/- 0.083631986361      Correlation time method
 -2752.175064574275 +/- 0.085061239777      On-the-fly reblocking method

 Sample variance of E_L (au^2/sim.cell) : 714.884967129668


 ==========================================
 PERFORMING OPTIMIZATION CALCULATION No. 1.
 ==========================================


 Optimization start
 ==================
   Iteration     Total nfev        Cost      Cost reduction    Step norm     Optimality
       0              1         4.9002e+03                                    7.92e+06
       1              2         4.4730e+03      4.27e+02       1.09e-03       7.46e+06
       2              3         3.7184e+03      7.55e+02       2.07e-03       6.50e+06
       3              4         2.6199e+03      1.10e+03       3.78e-03       4.58e+06
       4              5         1.5580e+03      1.06e+03       7.19e-03       2.12e+06
       5              6         8.7073e+02      6.87e+02       1.57e-02       7.46e+05
       6              7         4.9724e+02      3.73e+02       3.05e-02       2.46e+05
       7              8         2.8090e+02      2.16e+02       7.00e-02       8.54e+04
       8              9         1.8220e+02      9.87e+01       1.40e-01       6.14e+04
       9             10         1.4046e+02      4.17e+01       2.68e-01       3.45e+04
      10             11         1.1184e+02      2.86e+01       2.65e-01       2.12e+04
      11             12         9.5161e+01      1.67e+01       7.93e-01       1.48e+04
      12             13         8.5063e+01      1.01e+01       1.47e+00       1.18e+04
      13             14         7.9245e+01      5.82e+00       8.32e-01       4.22e+03
      14             15         7.9244e+01      1.68e-03       2.06e-03       1.31e+02
`ftol` termination condition is satisfied.
Function evaluations 15, initial cost 4.9002e+03, final cost 7.9244e+01, first-order optimality 1.31e+02.
 Norm of Jacobian at the solution: 9.36014e-02

 BEGIN VMC CALCULATION
 =====================

 Running VMC equilibration (5000 moves).
 Performing time-step optimization.
 Optimized step size: 0.01690
 DTVMC: 0.00010

 Starting VMC.

 =========================================================================
 In block : 1
  Number of VMC steps           = 1000000

  Block average energies (au)

  Total energy                       (au) =       -2753.410825922687
  Standard error                        +/-           0.008821396280

  Constant energy contributions      (au) =           0.000000000000

  Variance of local energy           (au) =          77.816954504644
  Standard error                        +/-           0.000000000000

 Time taken in block    : : :       894.5962

 =========================================================================
 FINAL RESULT:

  VMC energy (au)    Standard error      Correction for serial correlation

 -2753.410825922687 +/- 0.008821396280      No correction
 -2753.410825922687 +/- 0.029680103098      Correlation time method
 -2753.410825922687 +/- 0.032114980743      On-the-fly reblocking method

 Sample variance of E_L (au^2/sim.cell) : 77.816954504644


 ==========================================
 PERFORMING OPTIMIZATION CALCULATION No. 2.
 ==========================================


 Optimization start
 ==================
 E_0 -2753.41100938 minimal allowed energy -2788.68032346 serial correlation factor 3.88
 Trust radius max|delta p| < 0.2 reached at level shift 3.81e-04
   Level shift          E_lin        max|dp| max|dlog(psi)|         E_corr       Penalty         Target
           inf                                              -2753.41100938    0.10275706 -2753.30825232
      3.81e-04 -2753.58109189     2.0000e-01     1.6343e+00 -2753.35479671    0.12762779 -2753.22716892
      3.81e-03 -2753.55785450     1.7185e-01     8.5294e-01 -2753.51458589    0.11099832 -2753.40358757
      3.81e-02 -2753.52112674     1.1678e-01     3.6147e-01 -2753.51512673    0.11020478 -2753.40492195
      3.81e-01 -2753.48431558     3.6999e-02     1.1452e-01 -2753.48515649    0.10838068 -2753.37677581
 Optimization end
 ================
 Norm of scaled energy gradient at the starting point: 2.70967e+00
 Level shift 3.81e-02, target -2753.30825232 -> -2753.40492195, gain 0.09666963.
 Scaled delta p over 79 of 79 parameters: norm 6.4870e-01, rms 7.2984e-02, max 3.6147e-01

 BEGIN VMC CALCULATION
 =====================

 Running VMC equilibration (5000 moves).
 Performing time-step optimization.
 Optimized step size: 0.01690
 DTVMC: 0.00010

 Starting VMC.

 =========================================================================
 In block : 1
  Number of VMC steps           = 1000000

  Block average energies (au)

  Total energy                       (au) =       -2753.518990914922
  Standard error                        +/-           0.008983254489

  Constant energy contributions      (au) =           0.000000000000

  Variance of local energy           (au) =          80.698780506514
  Standard error                        +/-           0.000000000000

 Time taken in block    : : :       638.2178

 =========================================================================
 FINAL RESULT:

  VMC energy (au)    Standard error      Correction for serial correlation

 -2753.518990914922 +/- 0.008983254489      No correction
 -2753.518990914922 +/- 0.028269537666      Correlation time method
 -2753.518990914922 +/- 0.028937123611      On-the-fly reblocking method

 Sample variance of E_L (au^2/sim.cell) : 80.698780506514


 ==========================================
 PERFORMING OPTIMIZATION CALCULATION No. 3.
 ==========================================


 Optimization start
 ==================
 E_0 -2753.45756449 minimal allowed energy -2789.39485980 serial correlation factor 3.31
 Trust radius max|delta p| < 0.2 reached at level shift 6.11e-03
   Level shift          E_lin        max|dp| max|dlog(psi)|         E_corr       Penalty         Target
           inf                                              -2753.45756449    0.08917097 -2753.36839352
      6.11e-03 -2753.50858920     2.0000e-01     6.8450e-01 -2753.50890233    0.09240164 -2753.41650070
      6.11e-02 -2753.47478580     5.7889e-02     1.9314e-01 -2753.48068290    0.08991630 -2753.39076661
      6.11e-01 -2753.46293338     6.6089e-03     2.4472e-02 -2753.46488200    0.08951741 -2753.37536459
      6.11e+00 -2753.45926017     5.6108e-04     4.8573e-03 -2753.46030020    0.08931171 -2753.37098849
 Best level shift is the smallest scanned one, the trust radius may be too large
 Optimization end
 ================
 Norm of scaled energy gradient at the starting point: 1.41176e+00
 Level shift 6.11e-03, target -2753.36839352 -> -2753.41650070, gain 0.04810718.
 Scaled delta p over 79 of 79 parameters: norm 1.4127e+00, rms 1.5894e-01, max 6.8450e-01

 BEGIN VMC CALCULATION
 =====================

 Running VMC equilibration (5000 moves).
 Performing time-step optimization.
 Optimized step size: 0.01668
 DTVMC: 0.00009

 Starting VMC.

 =========================================================================
 In block : 1
  Number of VMC steps           = 1000000

  Block average energies (au)

  Total energy                       (au) =       -2753.532607748395
  Standard error                        +/-           0.009256902610

  Constant energy contributions      (au) =           0.000000000000

  Variance of local energy           (au) =          85.690160237260
  Standard error                        +/-           0.000000000000

 Time taken in block    : : :       647.1763

 =========================================================================
 FINAL RESULT:

  VMC energy (au)    Standard error      Correction for serial correlation

 -2753.532607748395 +/- 0.009256902610      No correction
 -2753.532607748395 +/- 0.026977121072      Correlation time method
 -2753.532607748395 +/- 0.026502436737      On-the-fly reblocking method

 Sample variance of E_L (au^2/sim.cell) : 85.690160237260


 ==========================================
 PERFORMING OPTIMIZATION CALCULATION No. 4.
 ==========================================


 Optimization start
 ==================
 E_0 -2753.54516611 minimal allowed energy -2790.66378189 serial correlation factor 2.81
 Trust radius max|delta p| < 0.2 reached at level shift 2.02e-03
   Level shift          E_lin        max|dp| max|dlog(psi)|         E_corr       Penalty         Target
           inf                                              -2753.54516611    0.07815111 -2753.46701500
      2.02e-03 -2753.59872344     2.0000e-01     9.2127e-01 -2753.54828108    0.08177254 -2753.46650854
      2.02e-02 -2753.58617871     3.5795e-02     2.1008e-01 -2753.58891631    0.08050540 -2753.50841091
      2.02e-01 -2753.58200079     6.7259e-03     3.9688e-02 -2753.58249190    0.08009562 -2753.50239627
      2.02e+00 -2753.57928979     2.8360e-03     1.3665e-02 -2753.58114331    0.07959567 -2753.50154764
 Optimization end
 ================
 Norm of scaled energy gradient at the starting point: 3.14337e+00
 Level shift 2.02e-02, target -2753.46701500 -> -2753.50841091, gain 0.04139592.
 Scaled delta p over 79 of 79 parameters: norm 4.4128e-01, rms 4.9648e-02, max 2.1008e-01

 BEGIN VMC CALCULATION
 =====================

 Running VMC equilibration (5000 moves).
 Performing time-step optimization.
 Optimized step size: 0.01675
 DTVMC: 0.00009

 Starting VMC.

 =========================================================================
 In block : 1
  Number of VMC steps           = 1000000

  Block average energies (au)

  Total energy                       (au) =       -2753.526116564673
  Standard error                        +/-           0.009300225647

  Constant energy contributions      (au) =           0.000000000000

  Variance of local energy           (au) =          86.494110594832
  Standard error                        +/-           0.000000000000

 Time taken in block    : : :       612.0714

 =========================================================================
 FINAL RESULT:

  VMC energy (au)    Standard error      Correction for serial correlation

 -2753.526116564673 +/- 0.009300225647      No correction
 -2753.526116564673 +/- 0.026477500071      Correlation time method
 -2753.526116564673 +/- 0.025083639728      On-the-fly reblocking method

 Sample variance of E_L (au^2/sim.cell) : 86.494110594832


 =========================================================================

 Total PyCasino real time : : :    23738.8560
