
 ------------------------------------------------------------------------------
 ########::'##:::'##::'######:::::'###:::::'######::'####:'##::: ##::'#######::
 ##.... ##:. ##:'##::'##... ##:::'## ##:::'##... ##:. ##:: ###:: ##:'##.... ##:
 ##:::: ##::. ####::: ##:::..:::'##:. ##:: ##:::..::: ##:: ####: ##: ##:::: ##:
 ########::::. ##:::: ##:::::::'##:::. ##:. ######::: ##:: ## ## ##: ##:::: ##:
 ##.....:::::: ##:::: ##::::::: #########::..... ##:: ##:: ##. ####: ##:::: ##:
 ##::::::::::: ##:::: ##::: ##: ##.... ##:'##::: ##:: ##:: ##:. ###: ##:::: ##:
 ##::::::::::: ##::::. ######:: ##:::: ##:. ######::'####: ##::. ##:. #######::
 .::::::::::::..::::::......:::..:::::..:::......:::....::..::::..:::.......:::

                     Python Quantum Monte Carlo Package
                        v 0.4.0 [Vladimir Konkov]

    Main Author : Vladimir Konkov
 ------------------------------------------------------------------------------
 Started 2026/08/16 12:56:11

 Python 3.12.3 (main, Jun 19 2026, 12:46:00) [GCC 13.3.0]
 Numba 0.63.1
 Numpy 2.2.6
 Scipy 1.13.1

 Running in parallel using 4 MPI processes.

 General input parameters
 ========================
 NEU (num up spin electrons)              :  18
 NED (num down spin electrons)            :  18
 RUNTYPE (type of run)                    :  vmc
 PSI_S  (form for [anti]symmetrizing wfn) :  slater
 ATOM_BASIS_TYPE (atom-centred orb basis) :  slater-type
 INTERACTION (interaction type)           :  coulomb
 TESTRUN (read input data,print and stop) :  F
 PERIODIC                                 :  F
 COMPLEX_WF (complex Slater wave fn.)     :  F
 NEIGHPRINT (neighbour analysis)          :  0
 USE_JASTROW (use Jastrow factor)         :  F
 BACKFLOW (use backflow corrections)      :  F
 USE_ORBMODS (use orbitals modifications) :  F
 CUSP_CORRECTION                          :  F
 NON_LOCAL_GRID (NL integration grid)     :  4
 E_OFFSET (energy offset)                 :  0.0000
 GAUTOL  (Gaussian evaluation tolerance)  :  7.0
 SPARSE                                   :  F
 DIPOLE_MOMENT                            :  F
 RELATIVISTIC                             :  F

 VMC input parameters
 ====================
 NEWRUN (start new run)                   :  T
 VMC_METHOD (choice of VMC algorithm)     :  3
 DTVMC (VMC time step)                    :  0.02
 OPT_DTVMC (VMC time-step optimization)   :  T
 VMC_NSTEP (num VMC steps)                :  100000000
 VMC_NCONFIG_WRITE (num configs to write) :  0
 VMC_NBLOCK (num VMC blocks)              :  10
 VMC_EQUIL_NSTEP (num equil steps)        :  5000
 VMC_DECORR_PERIOD (length of inner loop) :  10
 VMC_AVE_PERIOD (hist reduction factor)   :  1
 VMC_SAMPLING                             :  standard
 MAKEMOVIE                                :  F
 FORCES                                   :  F

 ====================================
 PERFORMING A SINGLE VMC CALCULATION.
 ====================================


 BEGIN VMC CALCULATION
 =====================

 Running VMC equilibration (5000 moves).
 Performing time-step optimization.
 DTVMC: 9.93414e-05

 Starting VMC.

 =========================================================================
 In block : 1

 Acceptance ratio         (%)  =  49.5297
 Correlation time     (steps)  = 5.4011E+00 +- 1.3876E-02
 Efficiency      (au^-2 s^-1)  = 1.4415E+00
 Number of VMC steps           = 10000000

  Block average energies (au)

  Total energy                       (au) =       -2752.038696125550
  Standard error                        +/-           0.008595003197

  Constant energy contributions      (au) =           0.000000000000

  Variance of local energy           (au) =         738.740725605749
  Standard error                        +/-           0.000000000000

 Time taken in block    : : :       1738.6428

 =========================================================================
 In block : 2

 Acceptance ratio         (%)  =  49.5235
 Correlation time     (steps)  = 5.3227E+00 +- 1.3580E-02
 Efficiency      (au^-2 s^-1)  = 1.4495E+00
 Number of VMC steps           = 10000000

  Block average energies (au)

  Total energy                       (au) =       -2752.030867050076
  Standard error                        +/-           0.008630598587

  Constant energy contributions      (au) =           0.000000000000

  Variance of local energy           (au) =         744.872245192528
  Standard error                        +/-           0.000000000000

 Time taken in block    : : :       1740.0582

 =========================================================================
 In block : 3

 Acceptance ratio         (%)  =  49.5093
 Correlation time     (steps)  = 5.3198E+00 +- 1.3571E-02
 Efficiency      (au^-2 s^-1)  = 1.2606E+00
 Number of VMC steps           = 10000000

  Block average energies (au)

  Total energy                       (au) =       -2752.055933295754
  Standard error                        +/-           0.008634719691

  Constant energy contributions      (au) =           0.000000000000

  Variance of local energy           (au) =         745.583766850643
  Standard error                        +/-           0.000000000000

 Time taken in block    : : :       1999.9667

 =========================================================================
 In block : 4

 Acceptance ratio         (%)  =  49.5118
 Correlation time     (steps)  = 5.4034E+00 +- 1.3882E-02
 Efficiency      (au^-2 s^-1)  = 1.3607E+00
 Number of VMC steps           = 10000000

  Block average energies (au)

  Total energy                       (au) =       -2752.063613843908
  Standard error                        +/-           0.008601402461

  Constant energy contributions      (au) =           0.000000000000

  Variance of local energy           (au) =         739.841168957762
  Standard error                        +/-           0.000000000000

 Time taken in block    : : :       1838.4119

 =========================================================================
 In block : 5

 Acceptance ratio         (%)  =  49.5041
 Correlation time     (steps)  = 5.3736E+00 +- 1.3805E-02
 Efficiency      (au^-2 s^-1)  = 1.2448E+00
 Number of VMC steps           = 10000000

  Block average energies (au)

  Total energy                       (au) =       -2752.087845165527
  Standard error                        +/-           0.008611243852

  Constant energy contributions      (au) =           0.000000000000

  Variance of local energy           (au) =         741.535132568330
  Standard error                        +/-           0.000000000000

 Time taken in block    : : :       2015.9975

 =========================================================================
 In block : 6

 Acceptance ratio         (%)  =  49.5129
 Correlation time     (steps)  = 5.3749E+00 +- 1.3838E-02
 Efficiency      (au^-2 s^-1)  = 1.3380E+00
 Number of VMC steps           = 10000000

  Block average energies (au)

  Total energy                       (au) =       -2752.084813450272
  Standard error                        +/-           0.008612850592

  Constant energy contributions      (au) =           0.000000000000

  Variance of local energy           (au) =         741.811879084446
  Standard error                        +/-           0.000000000000

 Time taken in block    : : :       1874.4380

 =========================================================================
 In block : 7

 Acceptance ratio         (%)  =  49.5053
 Correlation time     (steps)  = 5.4519E+00 +- 1.4122E-02
 Efficiency      (au^-2 s^-1)  = 1.3161E+00
 Number of VMC steps           = 10000000

  Block average energies (au)

  Total energy                       (au) =       -2752.047067428004
  Standard error                        +/-           0.008590588804

  Constant energy contributions      (au) =           0.000000000000

  Variance of local energy           (au) =         737.982086188160
  Standard error                        +/-           0.000000000000

 Time taken in block    : : :       1888.4432

 =========================================================================
 In block : 8

 Acceptance ratio         (%)  =  49.5128
 Correlation time     (steps)  = 5.4539E+00 +- 1.4011E-02
 Efficiency      (au^-2 s^-1)  = 1.4134E+00
 Number of VMC steps           = 10000000

  Block average energies (au)

  Total energy                       (au) =       -2752.079444337080
  Standard error                        +/-           0.008562309847

  Constant energy contributions      (au) =           0.000000000000

  Variance of local energy           (au) =         733.131425910629
  Standard error                        +/-           0.000000000000

 Time taken in block    : : :       1769.5298

 =========================================================================
 In block : 9

 Acceptance ratio         (%)  =  49.5261
 Correlation time     (steps)  = 5.3893E+00 +- 1.3846E-02
 Efficiency      (au^-2 s^-1)  = 1.2716E+00
 Number of VMC steps           = 10000000

  Block average energies (au)

  Total energy                       (au) =       -2752.115097595624
  Standard error                        +/-           0.008579121014

  Constant energy contributions      (au) =           0.000000000000

  Variance of local energy           (au) =         736.013100111857
  Standard error                        +/-           0.000000000000

 Time taken in block    : : :       1982.5577

 =========================================================================
 In block : 10

 Acceptance ratio         (%)  =  49.5226
 Correlation time     (steps)  = 5.3016E+00 +- 1.3529E-02
 Efficiency      (au^-2 s^-1)  = 1.4244E+00
 Number of VMC steps           = 10000000

  Block average energies (au)

  Total energy                       (au) =       -2752.044769439548
  Standard error                        +/-           0.008630028380

  Constant energy contributions      (au) =           0.000000000000

  Variance of local energy           (au) =         744.773823937401
  Standard error                        +/-           0.000000000000

 Time taken in block    : : :       1778.0770

 =========================================================================
 FINAL RESULT:

  VMC energy (au)    Standard error      Correction for serial correlation

 -2752.064814773134 +/- 0.002721082824      No correction
 -2752.064814773134 +/- 0.006311047464      Correlation time method
 -2752.064814773134 +/- 0.008888672060      On-the-fly reblocking method

 Sample variance of E_L (au^2/sim.cell) : 740.429165890440


 =========================================================================

 Total PyCasino real time : : :    18629.0252
