
 ------------------------------------------------------------------------------
 ########::'##:::'##::'######:::::'###:::::'######::'####:'##::: ##::'#######::
 ##.... ##:. ##:'##::'##... ##:::'## ##:::'##... ##:. ##:: ###:: ##:'##.... ##:
 ##:::: ##::. ####::: ##:::..:::'##:. ##:: ##:::..::: ##:: ####: ##: ##:::: ##:
 ########::::. ##:::: ##:::::::'##:::. ##:. ######::: ##:: ## ## ##: ##:::: ##:
 ##.....:::::: ##:::: ##::::::: #########::..... ##:: ##:: ##. ####: ##:::: ##:
 ##::::::::::: ##:::: ##::: ##: ##.... ##:'##::: ##:: ##:: ##:. ###: ##:::: ##:
 ##::::::::::: ##::::. ######:: ##:::: ##:. ######::'####: ##::. ##:. #######::
 .::::::::::::..::::::......:::..:::::..:::......:::....::..::::..:::.......:::

                     Python Quantum Monte Carlo Package
                        v 0.4.0 [Vladimir Konkov]

    Main Author : Vladimir Konkov
 ------------------------------------------------------------------------------
 Started 2026/07/05 06:59:46

 Python 3.12.3 (main, Mar 23 2026, 19:04:32) [GCC 13.3.0]
 Numba 0.63.1
 Numpy 2.2.6
 Scipy 1.13.1

 Running in parallel using 4 MPI processes.

 General input parameters
 ========================
 NEU (num up spin electrons)              :  12
 NED (num down spin electrons)            :  12
 RUNTYPE (type of run)                    :  vmc_opt
 PSI_S  (form for [anti]symmetrizing wfn) :  slater
 ATOM_BASIS_TYPE (atom-centred orb basis) :  slater-type
 INTERACTION (interaction type)           :  coulomb
 TESTRUN (read input data,print and stop) :  F
 PERIODIC                                 :  F
 COMPLEX_WF (complex Slater wave fn.)     :  F
 NEIGHPRINT (neighbour analysis)          :  0
 USE_JASTROW (use Jastrow factor)         :  T
 BACKFLOW (use backflow corrections)      :  T
 USE_ORBMODS (use orbitals modifications) :  F
 CUSP_CORRECTION                          :  F
 NON_LOCAL_GRID (NL integration grid)     :  4
 E_OFFSET (energy offset)                 :  0.0000
 GAUTOL  (Gaussian evaluation tolerance)  :  7.0
 SPARSE                                   :  F
 DIPOLE_MOMENT                            :  F
 RELATIVISTIC                             :  F

 VMC/optimization input parameters
 ====================
 NEWRUN (start new run)                   :  T
 VMC_METHOD (choice of VMC algorithm)     :  3
 DTVMC (VMC time step)                    :  0.02
 OPT_DTVMC (VMC time-step optimization)   :  T
 VMC_NSTEP (num VMC steps)                :  100000
 VMC_NCONFIG_WRITE (num configs to write) :  100000
 VMC_NBLOCK (num VMC blocks)              :  1
 VMC_EQUIL_NSTEP (num equil steps)        :  5000
 VMC_DECORR_PERIOD (length of inner loop) :  10
 VMC_AVE_PERIOD (hist reduction factor)   :  1
 VMC_SAMPLING                             :  standard
 OPT_CYCLES (num optimization cycles)     :  2
 POSTFIT_VMC (perform post-fit VMC calc)  :  T
 POSTFIT_KEEP_CFG (keep post-fit VMC cfgs):  F
 OPT_NOCTF_CYCLES (fixed cutoff cycles)   :  0
 OPT_INFO (information level)             :  2
 OPT_JASTROW (opt Jastrow factor)         :  T
 OPT_DET_COEFF (opt det coeffs)           :  F
 OPT_ORBITALS (opt orbitals)              :  F
 OPT_BACKFLOW (opt backflow params)       :  T
 OPT_FIXNL (fix nonlocal energy)          :  T
 OPT_MAXITER (max num iterations)         :  10
 OPT_MAXEVAL (max num evaluations)        :  200
 VM_SMOOTH_LIMITS (smooth limiting)       :  F
 VM_REWEIGHT (reweighting)                :  F
 VM_FILTER (filter outlying configs)      :  F
 VM_USE_E_GUESS (use guess energy)        :  F
 EMIN_XI_VALUE (xi parameter)             :  1.0
 MAKEMOVIE                                :  F
 FORCES                                   :  F

 BEGIN VMC CALCULATION
 =====================

 Running VMC equilibration (5000 moves).
 Performing time-step optimization.
 Optimized step size: 0.05636
 DTVMC: 0.00106

 Starting VMC.

 =========================================================================
 In block : 1
  Number of VMC steps           = 100000

  Block average energies (au)

  Total energy                       (au) =        -224.206313807969
  Standard error                        +/-           0.022874850864

  Constant energy contributions      (au) =          69.027000022559

  Variance of local energy           (au) =          52.325356947395
  Standard error                        +/-           0.000000000000

 Time taken in block    : : :       246.0455

 =========================================================================
 FINAL RESULT:

  VMC energy (au)    Standard error      Correction for serial correlation

 -224.206313807969 +/- 0.022874850864      No correction
 -224.206313807969 +/- 0.068227801766      Correlation time method
 -224.206313807969 +/- 0.064424240610      On-the-fly reblocking method

 Sample variance of E_L (au^2/sim.cell) : 52.325356947395


 ==========================================
 PERFORMING OPTIMIZATION CALCULATION No. 1.
 ==========================================


 Optimization start
 ==================
   Iteration     Total nfev        Cost      Cost reduction    Step norm     Optimality
       0              1         9.7554e+01                                    4.02e+07
       1              2         4.1682e+01      5.59e+01       1.50e-03       1.84e+07
       2              3         1.4696e+01      2.70e+01       5.94e-03       2.14e+06
       3              4         8.1441e+00      6.55e+00       1.33e-02       2.05e+05
       4              5         4.6828e+00      3.46e+00       2.87e-02       1.13e+05
       5              6         2.8312e+00      1.85e+00       5.47e-02       4.92e+04
       6              7         1.9962e+00      8.35e-01       1.27e-01       8.10e+04
       7              8         1.6472e+00      3.49e-01       1.77e-01       5.88e+04
       8              9         1.4250e+00      2.22e-01       2.88e-01       5.18e+04
       9             10         1.2976e+00      1.27e-01       4.32e-01       3.56e+04
      10             11         1.2521e+00      4.55e-02       6.58e-01       1.52e+04
      11             12         1.2423e+00      9.77e-03       7.68e-01       7.18e+03
      12             13         1.2397e+00      2.61e-03       7.01e-01       5.68e+03
`ftol` termination condition is satisfied.
Function evaluations 13, initial cost 9.7554e+01, final cost 1.2397e+00, first-order optimality 5.68e+03.
Norm of Jacobian at the solution: 6.69826e-11

 BEGIN VMC CALCULATION
 =====================

 Running VMC equilibration (5000 moves).
 Performing time-step optimization.
 Optimized step size: 0.05555
 DTVMC: 0.00103

 Starting VMC.

 =========================================================================
 In block : 1
  Number of VMC steps           = 100000

  Block average energies (au)

  Total energy                       (au) =        -225.262358982031
  Standard error                        +/-           0.003376662947

  Constant energy contributions      (au) =          69.027000022559

  Variance of local energy           (au) =           1.140173864136
  Standard error                        +/-           0.000000000000

 Time taken in block    : : :       198.6291

 =========================================================================
 FINAL RESULT:

  VMC energy (au)    Standard error      Correction for serial correlation

 -225.262358982031 +/- 0.003376662947      No correction
 -225.262358982031 +/- 0.013771331558      Correlation time method
 -225.262358982031 +/- 0.020551096262      On-the-fly reblocking method

 Sample variance of E_L (au^2/sim.cell) : 1.140173864136


 ==========================================
 PERFORMING OPTIMIZATION CALCULATION No. 2.
 ==========================================


 Optimization start
 ==================
   Iteration     Total nfev        Cost      Cost reduction    Step norm     Optimality
       0              1         1.1638e+00                                    2.17e+05
       1              2         1.1419e+00      2.18e-02       7.32e-01       4.56e+05
       2              5         1.1036e+00      3.84e-02       1.60e-01       9.98e+04
       3              7         1.1003e+00      3.25e-03       1.41e-01       1.25e+05
`ftol` termination condition is satisfied.
Function evaluations 7, initial cost 1.1638e+00, final cost 1.1003e+00, first-order optimality 1.25e+05.
Norm of Jacobian at the solution: 6.26556e-11

 BEGIN VMC CALCULATION
 =====================

 Running VMC equilibration (5000 moves).
 Performing time-step optimization.
 Optimized step size: 0.05725
 DTVMC: 0.00109

 Starting VMC.

 =========================================================================
 In block : 1
  Number of VMC steps           = 100000

  Block average energies (au)

  Total energy                       (au) =        -225.227037815193
  Standard error                        +/-           0.003378243132

  Constant energy contributions      (au) =          69.027000022559

  Variance of local energy           (au) =           1.141241253259
  Standard error                        +/-           0.000000000000

 Time taken in block    : : :       197.6360

 =========================================================================
 FINAL RESULT:

  VMC energy (au)    Standard error      Correction for serial correlation

 -225.227037815193 +/- 0.003378243132      No correction
 -225.227037815193 +/- 0.014017353519      Correlation time method
 -225.227037815193 +/- 0.021962899793      On-the-fly reblocking method

 Sample variance of E_L (au^2/sim.cell) : 1.141241253259


 =========================================================================

 Total PyCasino real time : : :    41743.2453
