
 ------------------------------------------------------------------------------
 ########::'##:::'##::'######:::::'###:::::'######::'####:'##::: ##::'#######::
 ##.... ##:. ##:'##::'##... ##:::'## ##:::'##... ##:. ##:: ###:: ##:'##.... ##:
 ##:::: ##::. ####::: ##:::..:::'##:. ##:: ##:::..::: ##:: ####: ##: ##:::: ##:
 ########::::. ##:::: ##:::::::'##:::. ##:. ######::: ##:: ## ## ##: ##:::: ##:
 ##.....:::::: ##:::: ##::::::: #########::..... ##:: ##:: ##. ####: ##:::: ##:
 ##::::::::::: ##:::: ##::: ##: ##.... ##:'##::: ##:: ##:: ##:. ###: ##:::: ##:
 ##::::::::::: ##::::. ######:: ##:::: ##:. ######::'####: ##::. ##:. #######::
 .::::::::::::..::::::......:::..:::::..:::......:::....::..::::..:::.......:::

                     Python Quantum Monte Carlo Package
                        v 0.4.0 [Vladimir Konkov]

    Main Author : Vladimir Konkov
 ------------------------------------------------------------------------------
 Started 2026/08/17 20:06:04

 Python 3.12.3 (main, Jun 19 2026, 12:46:00) [GCC 13.3.0]
 Numba 0.63.1
 Numpy 2.2.6
 Scipy 1.13.1

 Running in parallel using 4 MPI processes.

 General input parameters
 ========================
 NEU (num up spin electrons)              :  5
 NED (num down spin electrons)            :  5
 RUNTYPE (type of run)                    :  vmc
 PSI_S  (form for [anti]symmetrizing wfn) :  slater
 ATOM_BASIS_TYPE (atom-centred orb basis) :  slater-type
 INTERACTION (interaction type)           :  coulomb
 TESTRUN (read input data,print and stop) :  F
 PERIODIC                                 :  F
 COMPLEX_WF (complex Slater wave fn.)     :  F
 NEIGHPRINT (neighbour analysis)          :  0
 USE_JASTROW (use Jastrow factor)         :  F
 BACKFLOW (use backflow corrections)      :  F
 USE_ORBMODS (use orbitals modifications) :  F
 CUSP_CORRECTION                          :  F
 NON_LOCAL_GRID (NL integration grid)     :  4
 E_OFFSET (energy offset)                 :  0.0000
 GAUTOL  (Gaussian evaluation tolerance)  :  7.0
 SPARSE                                   :  F
 DIPOLE_MOMENT                            :  F
 RELATIVISTIC                             :  F

 VMC input parameters
 ====================
 NEWRUN (start new run)                   :  T
 VMC_METHOD (choice of VMC algorithm)     :  4
 DTVMC (VMC time step)                    :  0.02
 OPT_DTVMC (VMC time-step optimization)   :  T
 VMC_NSTEP (num VMC steps)                :  100000000
 VMC_NCONFIG_WRITE (num configs to write) :  0
 VMC_NBLOCK (num VMC blocks)              :  10
 VMC_EQUIL_NSTEP (num equil steps)        :  5000
 VMC_DECORR_PERIOD (length of inner loop) :  4
 VMC_AVE_PERIOD (hist reduction factor)   :  1
 VMC_SAMPLING                             :  standard
 MAKEMOVIE                                :  F
 FORCES                                   :  F

 ====================================
 PERFORMING A SINGLE VMC CALCULATION.
 ====================================


 BEGIN VMC CALCULATION
 =====================

 Running VMC equilibration (5000 moves).
 Performing time-step optimization.
 DTVMC: 1.11355e+00

 Starting VMC.

 =========================================================================
 In block : 1

 Acceptance ratio         (%)  =  50.0540
 Correlation time     (steps)  = 1.4853E+00 +- 2.0585E-03
 Efficiency      (au^-2 s^-1)  = 7.6324E+02
 Number of VMC steps           = 10000000

  Block average energies (au)

  Total energy                       (au) =        -128.547557696849
  Standard error                        +/-           0.001722690053

  Constant energy contributions      (au) =           0.000000000000

  Variance of local energy           (au) =          29.676607233781
  Standard error                        +/-           0.000000000000

 Time taken in block    : : :       297.2500

 =========================================================================
 In block : 2

 Acceptance ratio         (%)  =  50.0549
 Correlation time     (steps)  = 1.4538E+00 +- 1.9505E-03
 Efficiency      (au^-2 s^-1)  = 8.1975E+02
 Number of VMC steps           = 10000000

  Block average energies (au)

  Total energy                       (au) =        -128.546796066085
  Standard error                        +/-           0.001704893674

  Constant energy contributions      (au) =           0.000000000000

  Variance of local energy           (au) =          29.066621497004
  Standard error                        +/-           0.000000000000

 Time taken in block    : : :       288.6888

 =========================================================================
 In block : 3

 Acceptance ratio         (%)  =  50.0556
 Correlation time     (steps)  = 1.4409E+00 +- 1.9333E-03
 Efficiency      (au^-2 s^-1)  = 8.0932E+02
 Number of VMC steps           = 10000000

  Block average energies (au)

  Total energy                       (au) =        -128.548749769105
  Standard error                        +/-           0.001719212546

  Constant energy contributions      (au) =           0.000000000000

  Variance of local energy           (au) =          29.556914818335
  Standard error                        +/-           0.000000000000

 Time taken in block    : : :       290.1174

 =========================================================================
 In block : 4

 Acceptance ratio         (%)  =  50.0595
 Correlation time     (steps)  = 1.4747E+00 +- 2.0357E-03
 Efficiency      (au^-2 s^-1)  = 7.7580E+02
 Number of VMC steps           = 10000000

  Block average energies (au)

  Total energy                       (au) =        -128.546444985411
  Standard error                        +/-           0.001718278687

  Constant energy contributions      (au) =           0.000000000000

  Variance of local energy           (au) =          29.524813506428
  Standard error                        +/-           0.000000000000

 Time taken in block    : : :       296.0445

 =========================================================================
 In block : 5

 Acceptance ratio         (%)  =  50.0549
 Correlation time     (steps)  = 1.4509E+00 +- 1.9466E-03
 Efficiency      (au^-2 s^-1)  = 7.5545E+02
 Number of VMC steps           = 10000000

  Block average energies (au)

  Total energy                       (au) =        -128.546385673160
  Standard error                        +/-           0.001722150080

  Constant energy contributions      (au) =           0.000000000000

  Variance of local energy           (au) =          29.658005999434
  Standard error                        +/-           0.000000000000

 Time taken in block    : : :       307.6284

 =========================================================================
 In block : 6

 Acceptance ratio         (%)  =  50.0551
 Correlation time     (steps)  = 1.4462E+00 +- 1.9404E-03
 Efficiency      (au^-2 s^-1)  = 8.0726E+02
 Number of VMC steps           = 10000000

  Block average energies (au)

  Total energy                       (au) =        -128.545473285854
  Standard error                        +/-           0.001708162773

  Constant energy contributions      (au) =           0.000000000000

  Variance of local energy           (au) =          29.178197683355
  Standard error                        +/-           0.000000000000

 Time taken in block    : : :       293.5578

 =========================================================================
 In block : 7

 Acceptance ratio         (%)  =  50.0565
 Correlation time     (steps)  = 1.4462E+00 +- 1.9404E-03
 Efficiency      (au^-2 s^-1)  = 7.9163E+02
 Number of VMC steps           = 10000000

  Block average energies (au)

  Total energy                       (au) =        -128.545512783998
  Standard error                        +/-           0.001726357976

  Constant energy contributions      (au) =           0.000000000000

  Variance of local energy           (au) =          29.803115629958
  Standard error                        +/-           0.000000000000

 Time taken in block    : : :       293.0738

 =========================================================================
 In block : 8

 Acceptance ratio         (%)  =  50.0596
 Correlation time     (steps)  = 1.4463E+00 +- 1.9406E-03
 Efficiency      (au^-2 s^-1)  = 8.2459E+02
 Number of VMC steps           = 10000000

  Block average energies (au)

  Total energy                       (au) =        -128.548640586801
  Standard error                        +/-           0.001710471925

  Constant energy contributions      (au) =           0.000000000000

  Variance of local energy           (au) =          29.257139150068
  Standard error                        +/-           0.000000000000

 Time taken in block    : : :       286.5937

 =========================================================================
 In block : 9

 Acceptance ratio         (%)  =  50.0567
 Correlation time     (steps)  = 1.4597E+00 +- 1.9587E-03
 Efficiency      (au^-2 s^-1)  = 7.5260E+02
 Number of VMC steps           = 10000000

  Block average energies (au)

  Total energy                       (au) =        -128.543968506293
  Standard error                        +/-           0.001727343888

  Constant energy contributions      (au) =           0.000000000000

  Variance of local energy           (au) =          29.837166084933
  Standard error                        +/-           0.000000000000

 Time taken in block    : : :       305.0728

 =========================================================================
 In block : 10

 Acceptance ratio         (%)  =  50.0551
 Correlation time     (steps)  = 1.4397E+00 +- 1.9317E-03
 Efficiency      (au^-2 s^-1)  = 8.1303E+02
 Number of VMC steps           = 10000000

  Block average energies (au)

  Total energy                       (au) =        -128.545870000453
  Standard error                        +/-           0.001738759332

  Constant energy contributions      (au) =           0.000000000000

  Variance of local energy           (au) =          30.232837120053
  Standard error                        +/-           0.000000000000

 Time taken in block    : : :       282.5834

 =========================================================================
 FINAL RESULT:

  VMC energy (au)    Standard error      Correction for serial correlation

 -128.546539935401 +/- 0.000543867117      No correction
 -128.546539935401 +/- 0.000655889945      Correlation time method
 -128.546539935401 +/- 0.000657416891      On-the-fly reblocking method

 Sample variance of E_L (au^2/sim.cell) : 29.579143840750


 =========================================================================

 Total PyCasino real time : : :    2941.4797
