
 ------------------------------------------------------------------------------
 ########::'##:::'##::'######:::::'###:::::'######::'####:'##::: ##::'#######::
 ##.... ##:. ##:'##::'##... ##:::'## ##:::'##... ##:. ##:: ###:: ##:'##.... ##:
 ##:::: ##::. ####::: ##:::..:::'##:. ##:: ##:::..::: ##:: ####: ##: ##:::: ##:
 ########::::. ##:::: ##:::::::'##:::. ##:. ######::: ##:: ## ## ##: ##:::: ##:
 ##.....:::::: ##:::: ##::::::: #########::..... ##:: ##:: ##. ####: ##:::: ##:
 ##::::::::::: ##:::: ##::: ##: ##.... ##:'##::: ##:: ##:: ##:. ###: ##:::: ##:
 ##::::::::::: ##::::. ######:: ##:::: ##:. ######::'####: ##::. ##:. #######::
 .::::::::::::..::::::......:::..:::::..:::......:::....::..::::..:::.......:::

                     Python Quantum Monte Carlo Package
                        v 0.4.0 [Vladimir Konkov]

    Main Author : Vladimir Konkov
 ------------------------------------------------------------------------------
 Started 2026/08/15 21:36:36

 Python 3.12.3 (main, Jun 19 2026, 12:46:00) [GCC 13.3.0]
 Numba 0.63.1
 Numpy 2.2.6
 Scipy 1.13.1

 Running in parallel using 4 MPI processes.

 General input parameters
 ========================
 NEU (num up spin electrons)              :  1
 NED (num down spin electrons)            :  1
 RUNTYPE (type of run)                    :  vmc
 PSI_S  (form for [anti]symmetrizing wfn) :  slater
 ATOM_BASIS_TYPE (atom-centred orb basis) :  slater-type
 INTERACTION (interaction type)           :  coulomb
 TESTRUN (read input data,print and stop) :  F
 PERIODIC                                 :  F
 COMPLEX_WF (complex Slater wave fn.)     :  F
 NEIGHPRINT (neighbour analysis)          :  0
 USE_JASTROW (use Jastrow factor)         :  F
 BACKFLOW (use backflow corrections)      :  F
 USE_ORBMODS (use orbitals modifications) :  F
 CUSP_CORRECTION                          :  F
 NON_LOCAL_GRID (NL integration grid)     :  4
 E_OFFSET (energy offset)                 :  0.0000
 GAUTOL  (Gaussian evaluation tolerance)  :  7.0
 SPARSE                                   :  F
 DIPOLE_MOMENT                            :  F
 RELATIVISTIC                             :  F

 VMC input parameters
 ====================
 NEWRUN (start new run)                   :  T
 VMC_METHOD (choice of VMC algorithm)     :  3
 DTVMC (VMC time step)                    :  0.02
 OPT_DTVMC (VMC time-step optimization)   :  T
 VMC_NSTEP (num VMC steps)                :  100000000
 VMC_NCONFIG_WRITE (num configs to write) :  0
 VMC_NBLOCK (num VMC blocks)              :  10
 VMC_EQUIL_NSTEP (num equil steps)        :  5000
 VMC_DECORR_PERIOD (length of inner loop) :  10
 VMC_AVE_PERIOD (hist reduction factor)   :  1
 VMC_SAMPLING                             :  standard
 MAKEMOVIE                                :  F
 FORCES                                   :  F

 ====================================
 PERFORMING A SINGLE VMC CALCULATION.
 ====================================


 BEGIN VMC CALCULATION
 =====================

 Running VMC equilibration (5000 moves).
 Performing time-step optimization.
 DTVMC: 9.30012e-02

 Starting VMC.

 =========================================================================
 In block : 1

 Acceptance ratio         (%)  =  50.1705
 Correlation time     (steps)  = 1.2951E+00 +- 1.7378E-03
 Efficiency      (au^-2 s^-1)  = 1.5954E+05
 Number of VMC steps           = 10000000

  Block average energies (au)

  Total energy                       (au) =          -2.861389001730
  Standard error                        +/-           0.000243483082

  Constant energy contributions      (au) =           0.000000000000

  Variance of local energy           (au) =           0.592840052677
  Standard error                        +/-           0.000000000000

 Time taken in block    : : :       81.6401

 =========================================================================
 In block : 2

 Acceptance ratio         (%)  =  50.1761
 Correlation time     (steps)  = 1.2907E+00 +- 1.7317E-03
 Efficiency      (au^-2 s^-1)  = 1.6992E+05
 Number of VMC steps           = 10000000

  Block average energies (au)

  Total energy                       (au) =          -2.861297777690
  Standard error                        +/-           0.000236256456

  Constant energy contributions      (au) =           0.000000000000

  Variance of local energy           (au) =           0.558171073210
  Standard error                        +/-           0.000000000000

 Time taken in block    : : :       81.6929

 =========================================================================
 In block : 3

 Acceptance ratio         (%)  =  50.1804
 Correlation time     (steps)  = 1.3064E+00 +- 1.7528E-03
 Efficiency      (au^-2 s^-1)  = 1.6253E+05
 Number of VMC steps           = 10000000

  Block average energies (au)

  Total energy                       (au) =          -2.861676894538
  Standard error                        +/-           0.000239988106

  Constant energy contributions      (au) =           0.000000000000

  Variance of local energy           (au) =           0.575942852411
  Standard error                        +/-           0.000000000000

 Time taken in block    : : :       81.7720

 =========================================================================
 In block : 4

 Acceptance ratio         (%)  =  50.1861
 Correlation time     (steps)  = 1.2902E+00 +- 1.7310E-03
 Efficiency      (au^-2 s^-1)  = 1.6308E+05
 Number of VMC steps           = 10000000

  Block average energies (au)

  Total energy                       (au) =          -2.861672347083
  Standard error                        +/-           0.000240604632

  Constant energy contributions      (au) =           0.000000000000

  Variance of local energy           (au) =           0.578905829909
  Standard error                        +/-           0.000000000000

 Time taken in block    : : :       82.0987

 =========================================================================
 In block : 5

 Acceptance ratio         (%)  =  50.1878
 Correlation time     (steps)  = 1.2836E+00 +- 1.7226E-03
 Efficiency      (au^-2 s^-1)  = 1.6432E+05
 Number of VMC steps           = 10000000

  Block average energies (au)

  Total energy                       (au) =          -2.861932110055
  Standard error                        +/-           0.000240053882

  Constant energy contributions      (au) =           0.000000000000

  Variance of local energy           (au) =           0.576258606576
  Standard error                        +/-           0.000000000000

 Time taken in block    : : :       82.2728

 =========================================================================
 In block : 6

 Acceptance ratio         (%)  =  50.1879
 Correlation time     (steps)  = 1.2661E+00 +- 1.6988E-03
 Efficiency      (au^-2 s^-1)  = 1.6159E+05
 Number of VMC steps           = 10000000

  Block average energies (au)

  Total energy                       (au) =          -2.861783183104
  Standard error                        +/-           0.000243395735

  Constant energy contributions      (au) =           0.000000000000

  Variance of local energy           (au) =           0.592414779102
  Standard error                        +/-           0.000000000000

 Time taken in block    : : :       82.5088

 =========================================================================
 In block : 7

 Acceptance ratio         (%)  =  50.1997
 Correlation time     (steps)  = 1.2995E+00 +- 1.7445E-03
 Efficiency      (au^-2 s^-1)  = 1.6276E+05
 Number of VMC steps           = 10000000

  Block average energies (au)

  Total energy                       (au) =          -2.861569625599
  Standard error                        +/-           0.000240021668

  Constant energy contributions      (au) =           0.000000000000

  Variance of local energy           (au) =           0.576103955709
  Standard error                        +/-           0.000000000000

 Time taken in block    : : :       82.0690

 =========================================================================
 In block : 8

 Acceptance ratio         (%)  =  50.1935
 Correlation time     (steps)  = 1.2308E+00 +- 1.6194E-03
 Efficiency      (au^-2 s^-1)  = 1.1241E+05
 Number of VMC steps           = 10000000

  Block average energies (au)

  Total energy                       (au) =          -2.861481264204
  Standard error                        +/-           0.000296409098

  Constant energy contributions      (au) =           0.000000000000

  Variance of local energy           (au) =           0.878583446138
  Standard error                        +/-           0.000000000000

 Time taken in block    : : :       82.2639

 =========================================================================
 In block : 9

 Acceptance ratio         (%)  =  50.1904
 Correlation time     (steps)  = 1.2748E+00 +- 1.7106E-03
 Efficiency      (au^-2 s^-1)  = 1.5732E+05
 Number of VMC steps           = 10000000

  Block average energies (au)

  Total energy                       (au) =          -2.861719083813
  Standard error                        +/-           0.000243959864

  Constant energy contributions      (au) =           0.000000000000

  Variance of local energy           (au) =           0.595164093925
  Standard error                        +/-           0.000000000000

 Time taken in block    : : :       83.7776

 =========================================================================
 In block : 10

 Acceptance ratio         (%)  =  50.1743
 Correlation time     (steps)  = 1.2639E+00 +- 1.6971E-03
 Efficiency      (au^-2 s^-1)  = 1.5208E+05
 Number of VMC steps           = 10000000

  Block average energies (au)

  Total energy                       (au) =          -2.861410051522
  Standard error                        +/-           0.000248767171

  Constant energy contributions      (au) =           0.000000000000

  Variance of local energy           (au) =           0.618850989317
  Standard error                        +/-           0.000000000000

 Time taken in block    : : :       84.0630

 =========================================================================
 FINAL RESULT:

  VMC energy (au)    Standard error      Correction for serial correlation

 -2.861593133934 +/- 0.000078378799      No correction
 -2.861593133934 +/- 0.000088679345      Correlation time method
 -2.861593133934 +/- 0.000088622122      On-the-fly reblocking method

 Sample variance of E_L (au^2/sim.cell) : 0.614323603464


 =========================================================================

 Total PyCasino real time : : :    824.4208
