
 ------------------------------------------------------------------------------
 ########::'##:::'##::'######:::::'###:::::'######::'####:'##::: ##::'#######::
 ##.... ##:. ##:'##::'##... ##:::'## ##:::'##... ##:. ##:: ###:: ##:'##.... ##:
 ##:::: ##::. ####::: ##:::..:::'##:. ##:: ##:::..::: ##:: ####: ##: ##:::: ##:
 ########::::. ##:::: ##:::::::'##:::. ##:. ######::: ##:: ## ## ##: ##:::: ##:
 ##.....:::::: ##:::: ##::::::: #########::..... ##:: ##:: ##. ####: ##:::: ##:
 ##::::::::::: ##:::: ##::: ##: ##.... ##:'##::: ##:: ##:: ##:. ###: ##:::: ##:
 ##::::::::::: ##::::. ######:: ##:::: ##:. ######::'####: ##::. ##:. #######::
 .::::::::::::..::::::......:::..:::::..:::......:::....::..::::..:::.......:::

                     Python Quantum Monte Carlo Package
                        v 0.4.0 [Vladimir Konkov]

    Main Author : Vladimir Konkov
 ------------------------------------------------------------------------------
 Started 2026/09/09 20:25:38

 Python 3.12.3 (main, Jul 15 2026, 23:46:41) [GCC 13.3.0]
 Numba 0.63.1
 Numpy 2.2.6
 Scipy 1.13.1

 Running in parallel using 4 MPI processes.

 Warning: keywords not read by pycasino: periodic

 General input parameters
 ========================
 NEU (num up spin electrons)              :  2
 NED (num down spin electrons)            :  2
 RUNTYPE (type of run)                    :  vmc
 PSI_S  (form for [anti]symmetrizing wfn) :  slater
 ATOM_BASIS_TYPE (atom-centred orb basis) :  gaussian
 INTERACTION (interaction type)           :  coulomb
 TESTRUN (read input data,print and stop) :  F
 PERIODIC                                 :  F
 COMPLEX_WF (complex Slater wave fn.)     :  F
 NEIGHPRINT (neighbour analysis)          :  0
 USE_JASTROW (use Jastrow factor)         :  F
 BACKFLOW (use backflow corrections)      :  T
 USE_ORBMODS (use orbitals modifications) :  F
 CUSP_CORRECTION                          :  T
 NON_LOCAL_GRID (NL integration grid)     :  4
 E_OFFSET (energy offset)                 :  0.0000
 GAUTOL  (Gaussian evaluation tolerance)  :  7.0
 SPARSE                                   :  F
 DIPOLE_MOMENT                            :  F
 RELATIVISTIC                             :  F

 VMC input parameters
 ====================
 NEWRUN (start new run)                   :  T
 VMC_METHOD (choice of VMC algorithm)     :  3
 DTVMC (VMC time step)                    :  0.02
 OPT_DTVMC (VMC time-step optimization)   :  1
 VMC_NSTEP (num VMC steps)                :  10000000
 VMC_NCONFIG_WRITE (num configs to write) :  None
 VMC_NBLOCK (num VMC blocks)              :  10
 VMC_EQUIL_NSTEP (num equil steps)        :  5000
 VMC_DECORR_PERIOD (length of inner loop) :  10
 VMC_AVE_PERIOD (hist reduction factor)   :  1
 VMC_SAMPLING                             :  standard
 MAKEMOVIE                                :  F
 FORCES                                   :  F

 Gaussian cusp correction
 ========================
 Activated.

 ====================================
 PERFORMING A SINGLE VMC CALCULATION.
 ====================================


 BEGIN VMC CALCULATION
 =====================

 Running VMC equilibration (5000 moves).
 Performing time-step optimization.
 DTVMC: 5.14792e-03

 Starting VMC.

