
 ------------------------------------------------------------------------------
 ########::'##:::'##::'######:::::'###:::::'######::'####:'##::: ##::'#######::
 ##.... ##:. ##:'##::'##... ##:::'## ##:::'##... ##:. ##:: ###:: ##:'##.... ##:
 ##:::: ##::. ####::: ##:::..:::'##:. ##:: ##:::..::: ##:: ####: ##: ##:::: ##:
 ########::::. ##:::: ##:::::::'##:::. ##:. ######::: ##:: ## ## ##: ##:::: ##:
 ##.....:::::: ##:::: ##::::::: #########::..... ##:: ##:: ##. ####: ##:::: ##:
 ##::::::::::: ##:::: ##::: ##: ##.... ##:'##::: ##:: ##:: ##:. ###: ##:::: ##:
 ##::::::::::: ##::::. ######:: ##:::: ##:. ######::'####: ##::. ##:. #######::
 .::::::::::::..::::::......:::..:::::..:::......:::....::..::::..:::.......:::

                     Python Quantum Monte Carlo Package
                        v 0.4.0 [Vladimir Konkov]

    Main Author : Vladimir Konkov
 ------------------------------------------------------------------------------
 Started 2026/07/25 21:21:50

 Python 3.12.3 (main, Jun 19 2026, 12:46:00) [GCC 13.3.0]
 Numba 0.63.1
 Numpy 2.2.6
 Scipy 1.13.1

 Sequential run: not using MPI.

 Using 8 OpenMP threads on default threading layer.

 General input parameters
 ========================
 NEU (num up spin electrons)              :  2
 NED (num down spin electrons)            :  2
 RUNTYPE (type of run)                    :  vmc_opt
 PSI_S  (form for [anti]symmetrizing wfn) :  slater
 ATOM_BASIS_TYPE (atom-centred orb basis) :  slater-type
 INTERACTION (interaction type)           :  coulomb
 TESTRUN (read input data,print and stop) :  F
 PERIODIC                                 :  F
 COMPLEX_WF (complex Slater wave fn.)     :  F
 NEIGHPRINT (neighbour analysis)          :  0
 USE_JASTROW (use Jastrow factor)         :  T
 BACKFLOW (use backflow corrections)      :  T
 USE_ORBMODS (use orbitals modifications) :  F
 CUSP_CORRECTION                          :  F
 NON_LOCAL_GRID (NL integration grid)     :  4
 E_OFFSET (energy offset)                 :  0.0000
 GAUTOL  (Gaussian evaluation tolerance)  :  7.0
 SPARSE                                   :  F
 DIPOLE_MOMENT                            :  F
 RELATIVISTIC                             :  F

 VMC/optimization input parameters
 ====================
 NEWRUN (start new run)                   :  T
 VMC_METHOD (choice of VMC algorithm)     :  3
 DTVMC (VMC time step)                    :  0.02
 OPT_DTVMC (VMC time-step optimization)   :  T
 VMC_NSTEP (num VMC steps)                :  100000
 VMC_NCONFIG_WRITE (num configs to write) :  100000
 VMC_NBLOCK (num VMC blocks)              :  1
 VMC_EQUIL_NSTEP (num equil steps)        :  5000
 VMC_DECORR_PERIOD (length of inner loop) :  10
 VMC_AVE_PERIOD (hist reduction factor)   :  1
 VMC_SAMPLING                             :  standard
 OPT_CYCLES (num optimization cycles)     :  2
 POSTFIT_VMC (perform post-fit VMC calc)  :  T
 POSTFIT_KEEP_CFG (keep post-fit VMC cfgs):  F
 OPT_NOCTF_CYCLES (fixed cutoff cycles)   :  0
 OPT_INFO (information level)             :  2
 OPT_JASTROW (opt Jastrow factor)         :  T
 OPT_DET_COEFF (opt det coeffs)           :  F
 OPT_ORBITALS (opt orbitals)              :  F
 OPT_BACKFLOW (opt backflow params)       :  T
 OPT_FIXNL (fix nonlocal energy)          :  T
 OPT_MAXITER (max num iterations)         :  10
 OPT_MAXEVAL (max num evaluations)        :  200
 VM_SMOOTH_LIMITS (smooth limiting)       :  F
 VM_REWEIGHT (reweighting)                :  F
 VM_FILTER (filter outlying configs)      :  F
 VM_USE_E_GUESS (use guess energy)        :  F
 EMIN_XI_VALUE (xi parameter)             :  1.0
 MAKEMOVIE                                :  F
 FORCES                                   :  F

 BEGIN VMC CALCULATION
 =====================

 Running VMC equilibration (5000 moves).
 Performing time-step optimization.
 Optimized step size: 0.22338
 DTVMC: 0.01663

 Starting VMC.

 =========================================================================
 In block : 1
  Number of VMC steps           = 100000

  Block average energies (au)

  Total energy                       (au) =         -14.582883148536
  Standard error                        +/-           0.005220572996

  Constant energy contributions      (au) =           0.000000000000

  Variance of local energy           (au) =           2.725410985774
  Standard error                        +/-           0.000000000000

 Time taken in block    : : :       271.4679

 =========================================================================
 FINAL RESULT:

  VMC energy (au)    Standard error      Correction for serial correlation

 -14.582883148536 +/- 0.005220572996      No correction
 -14.582883148536 +/- 0.007375744498      Correlation time method
 -14.582883148536 +/- 0.006312799493      On-the-fly reblocking method

 Sample variance of E_L (au^2/sim.cell) : 2.725410985774


 ==========================================
 PERFORMING OPTIMIZATION CALCULATION No. 1.
 ==========================================


 Optimization start
 ==================
   Iteration     Total nfev        Cost      Cost reduction    Step norm     Optimality
       0              1         7.5643e-01                                    1.26e+05
       1              2         6.2879e-02      6.94e-01       7.88e-02       2.34e+03
       2              3         2.1846e-02      4.10e-02       1.44e-01       2.94e+02
       3              4         1.6261e-02      5.59e-03       2.56e-01       5.47e+02
       4              5         1.4367e-02      1.89e-03       5.88e-01       1.12e+03
       5              6         1.3638e-02      7.29e-04       1.01e+00       5.44e+02
       6              7         1.3542e-02      9.62e-05       1.72e+00       4.07e+03
       7              8         1.3288e-02      2.54e-04       5.66e-01       3.83e+03
       8              9         1.2943e-02      3.45e-04       3.97e-01       7.84e+02
       9             10         1.2881e-02      6.20e-05       4.28e-01       1.79e+02
`ftol` termination condition is satisfied.
Function evaluations 10, initial cost 7.5643e-01, final cost 1.2881e-02, first-order optimality 1.79e+02.
Norm of Jacobian at the solution: 2.46787e-13

 BEGIN VMC CALCULATION
 =====================

 Running VMC equilibration (5000 moves).
 Performing time-step optimization.
 Optimized step size: 0.22372
 DTVMC: 0.01668

 Starting VMC.

 =========================================================================
 In block : 1
  Number of VMC steps           = 100000

  Block average energies (au)

  Total energy                       (au) =         -14.645205818364
  Standard error                        +/-           0.000363949208

  Constant energy contributions      (au) =           0.000000000000

  Variance of local energy           (au) =           0.013245770118
  Standard error                        +/-           0.000000000000

 Time taken in block    : : :       26.5597

 =========================================================================
 FINAL RESULT:

  VMC energy (au)    Standard error      Correction for serial correlation

 -14.645205818364 +/- 0.000363949208      No correction
 -14.645205818364 +/- 0.001491601074      Correlation time method
 -14.645205818364 +/- 0.001994576854      On-the-fly reblocking method

 Sample variance of E_L (au^2/sim.cell) : 0.013245770118


 ==========================================
 PERFORMING OPTIMIZATION CALCULATION No. 2.
 ==========================================


 Optimization start
 ==================
   Iteration     Total nfev        Cost      Cost reduction    Step norm     Optimality
       0              1         1.2498e-02                                    3.94e+02
       1              5         1.1879e-02      6.19e-04       8.39e-01       2.23e+03
       2              7         1.1852e-02      2.69e-05       4.94e-01       2.20e+02
       3              8         1.1627e-02      2.25e-04       7.84e-02       5.36e+01
       4              9         1.1596e-02      3.05e-05       1.27e-01       1.51e+02
`ftol` termination condition is satisfied.
Function evaluations 9, initial cost 1.2498e-02, final cost 1.1596e-02, first-order optimality 1.51e+02.
Norm of Jacobian at the solution: 3.13196e-13

 BEGIN VMC CALCULATION
 =====================

 Running VMC equilibration (5000 moves).
 Performing time-step optimization.
 Optimized step size: 0.21963
 DTVMC: 0.01608

 Starting VMC.

 =========================================================================
 In block : 1
  Number of VMC steps           = 100000

  Block average energies (au)

  Total energy                       (au) =         -14.646014748458
  Standard error                        +/-           0.000355466427

  Constant energy contributions      (au) =           0.000000000000

  Variance of local energy           (au) =           0.012635511736
  Standard error                        +/-           0.000000000000

 Time taken in block    : : :       28.7736

 =========================================================================
 FINAL RESULT:

  VMC energy (au)    Standard error      Correction for serial correlation

 -14.646014748458 +/- 0.000355466427      No correction
 -14.646014748458 +/- 0.001461681188      Correlation time method
 -14.646014748458 +/- 0.002059119910      On-the-fly reblocking method

 Sample variance of E_L (au^2/sim.cell) : 0.012635511736


 =========================================================================

 Total PyCasino real time : : :    2926.1173
