
 ------------------------------------------------------------------------------
 ########::'##:::'##::'######:::::'###:::::'######::'####:'##::: ##::'#######::
 ##.... ##:. ##:'##::'##... ##:::'## ##:::'##... ##:. ##:: ###:: ##:'##.... ##:
 ##:::: ##::. ####::: ##:::..:::'##:. ##:: ##:::..::: ##:: ####: ##: ##:::: ##:
 ########::::. ##:::: ##:::::::'##:::. ##:. ######::: ##:: ## ## ##: ##:::: ##:
 ##.....:::::: ##:::: ##::::::: #########::..... ##:: ##:: ##. ####: ##:::: ##:
 ##::::::::::: ##:::: ##::: ##: ##.... ##:'##::: ##:: ##:: ##:. ###: ##:::: ##:
 ##::::::::::: ##::::. ######:: ##:::: ##:. ######::'####: ##::. ##:. #######::
 .::::::::::::..::::::......:::..:::::..:::......:::....::..::::..:::.......:::

                     Python Quantum Monte Carlo Package
                        v 0.4.0 [Vladimir Konkov]

    Main Author : Vladimir Konkov
 ------------------------------------------------------------------------------
 Started 2026/09/04 14:50:50

 Python 3.12.3 (main, Jun 19 2026, 12:46:00) [GCC 13.3.0]
 Numba 0.63.1
 Numpy 2.2.6
 Scipy 1.13.1

 Running in parallel using 4 MPI processes.

 Warning: keywords not read by pycasino: newrun periodic writeout_vmc_hist

 General input parameters
 ========================
 NEU (num up spin electrons)              :  2
 NED (num down spin electrons)            :  2
 RUNTYPE (type of run)                    :  vmc
 PSI_S  (form for [anti]symmetrizing wfn) :  slater
 ATOM_BASIS_TYPE (atom-centred orb basis) :  slater-type
 INTERACTION (interaction type)           :  coulomb
 TESTRUN (read input data,print and stop) :  F
 PERIODIC                                 :  F
 COMPLEX_WF (complex Slater wave fn.)     :  F
 NEIGHPRINT (neighbour analysis)          :  0
 USE_JASTROW (use Jastrow factor)         :  F
 BACKFLOW (use backflow corrections)      :  F
 USE_ORBMODS (use orbitals modifications) :  F
 CUSP_CORRECTION                          :  F
 NON_LOCAL_GRID (NL integration grid)     :  4
 E_OFFSET (energy offset)                 :  0.0000
 GAUTOL  (Gaussian evaluation tolerance)  :  7.0
 SPARSE                                   :  F
 DIPOLE_MOMENT                            :  F
 RELATIVISTIC                             :  F

 VMC input parameters
 ====================
 NEWRUN (start new run)                   :  T
 VMC_METHOD (choice of VMC algorithm)     :  3
 DTVMC (VMC time step)                    :  0.02
 OPT_DTVMC (VMC time-step optimization)   :  1
 VMC_NSTEP (num VMC steps)                :  10000000
 VMC_NCONFIG_WRITE (num configs to write) :  0
 VMC_NBLOCK (num VMC blocks)              :  10
 VMC_EQUIL_NSTEP (num equil steps)        :  5000
 VMC_DECORR_PERIOD (length of inner loop) :  10
 VMC_AVE_PERIOD (hist reduction factor)   :  1
 VMC_SAMPLING                             :  standard
 MAKEMOVIE                                :  F
 FORCES                                   :  F

 Running VMC equilibration (5000 moves).
 Performing time-step optimization.
 Median sigma = 1/|grad ln psi| : 1.94916e-01 bohr

 ==============================
 PERFORMING A |PSI| CALCULATION.
 ==============================

 Running VMC equilibration (5000 moves).
 Performing time-step optimization.
 DTVMC: 2.12045e-02

 =========================================================================
 WEIGHTED NODAL DOMAIN AVERAGES

  Number of |psi| steps                   = 10000000
  Potential component                (au) =         -14.315049600271
  Standard error                        +/-           0.003202676053

  epsilon (bohr)  inside      E_kin^nda (au)            E^nda (au)

    1.949e-03         11       0.289533 +/- 0.087297     -14.025517
    2.673e-03         18       0.251971 +/- 0.059390     -14.063079
    3.665e-03         38       0.282901 +/- 0.045892     -14.032149
    5.026e-03         71       0.281113 +/- 0.033362     -14.033937
    6.891e-03        131       0.275846 +/- 0.024101     -14.039204
    9.450e-03        248       0.277728 +/- 0.017636     -14.037322
    1.296e-02        512       0.304937 +/- 0.013476     -14.010113
    1.777e-02       1008       0.319281 +/- 0.010056     -13.995769
    2.436e-02       1962       0.330510 +/- 0.007461     -13.984540

 Time taken in nodal domain averages : : :    137.4517

 Warning: keywords not read by pycasino: newrun periodic popstats

 General input parameters
 ========================
 NEU (num up spin electrons)              :  2
 NED (num down spin electrons)            :  2
 RUNTYPE (type of run)                    :  vmc_dmc
 PSI_S  (form for [anti]symmetrizing wfn) :  slater
 ATOM_BASIS_TYPE (atom-centred orb basis) :  slater-type
 INTERACTION (interaction type)           :  coulomb
 TESTRUN (read input data,print and stop) :  F
 PERIODIC                                 :  F
 COMPLEX_WF (complex Slater wave fn.)     :  F
 NEIGHPRINT (neighbour analysis)          :  0
 USE_JASTROW (use Jastrow factor)         :  F
 BACKFLOW (use backflow corrections)      :  T
 USE_ORBMODS (use orbitals modifications) :  F
 CUSP_CORRECTION                          :  F
 NON_LOCAL_GRID (NL integration grid)     :  4
 E_OFFSET (energy offset)                 :  0.0000
 GAUTOL  (Gaussian evaluation tolerance)  :  7.0
 SPARSE                                   :  F
 DIPOLE_MOMENT                            :  F
 RELATIVISTIC                             :  F

 VMC/DMC input parameters
 ====================
 NEWRUN (start new run)                   :  T
 VMC_METHOD (choice of VMC algorithm)     :  3
 DTVMC (VMC time step)                    :  0.02
 OPT_DTVMC (VMC time-step optimization)   :  1
 VMC_NSTEP (num VMC steps)                :  10000000
 VMC_NCONFIG_WRITE (num configs to write) :  1024
 VMC_NBLOCK (num VMC blocks)              :  1
 VMC_EQUIL_NSTEP (num equil steps)        :  5000
 VMC_DECORR_PERIOD (length of inner loop) :  10
 VMC_AVE_PERIOD (hist reduction factor)   :  1
 VMC_SAMPLING                             :  standard
 DMC_TARGET_WEIGHT                        :  1024.0
 DMC_MD                                   :  F
 DMC_EQUIL_NSTEP (num equil steps)        :  10000
 DMC_EQUIL_NBLOCK (num blocks)            :  1
 DMC_STATS_NSTEP (num stats steps)        :  200000
 DMC_STATS_NBLOCK (num blocks)            :  20
 DMC_DECORR_PERIOD (length of inner loop) :  1
 DMC_AVE_PERIOD (hist reduction factor)   :  1
 DMC_TRIP_WEIGHT (catastrophe thres)      :  0.00
 EBEST_AV_WINDOW (running av for energy)  :  25
 DMC_METHOD (choice of DMC algorithm)     :  2
 DMC_REWEIGHT_CONF (Update weights)       :  F
 DMC_SPACEWARPING (adjust e to new wfn)   :  F
 REDIST_GRP_SIZE (size of redist groups)  :  500
 DTDMC (DMC time step)                    :  0.02083
 TPDMC (DMC T_p parameter)                :  0
 CEREFDMC (constant for EREF [DMC])       :  1.000
 NUCLEUS_GF_MODS (DMC GF mods for nuclei) :  T
 ALPHALIMIT                               :  0.5
 IACCUM (flag for statistics run [DMC])   :  T
 IBRAN (flag to enable branching [DMC])   :  T
 LWDMC (flag for enabling weighted DMC)   :  F
 LWDMC_FIXPOP (fixed population LWDMC)    :  F
 DMC_NORM_CONSERVE                        :  F
 DMC_POPRENORM (renormalize config popn)  :  F
 GROWTH_ESTIMATOR (calc growth estimator) :  F
 USE_TMOVE                                :  False
 FUTURE_WALKING                           :  F
 MAKEMOVIE                                :  F
 FORCES                                   :  F

 Running VMC equilibration (5000 moves).
 Performing time-step optimization.
 Median sigma = 1/|grad ln psi| : 1.96165e-01 bohr

 ==============================
 PERFORMING A |PSI| CALCULATION.
 ==============================

 Running VMC equilibration (5000 moves).
 Performing time-step optimization.
 DTVMC: 2.34450e-02

 =========================================================================
 WEIGHTED NODAL DOMAIN AVERAGES

  Number of |psi| steps                   = 10000000
  Potential component                (au) =         -14.035155685251
  Standard error                        +/-           0.003186175507

  epsilon (bohr)  inside      E_kin^nda (au)            E^nda (au)

    1.962e-03         10       0.259869 +/- 0.082178     -13.775286
    2.690e-03         17       0.234951 +/- 0.056984     -13.800205
    3.689e-03         37       0.271958 +/- 0.044710     -13.763198
    5.058e-03         71       0.277544 +/- 0.032938     -13.757612
    6.935e-03        144       0.299370 +/- 0.024947     -13.735786
    9.510e-03        274       0.302948 +/- 0.018302     -13.732208
    1.304e-02        514       0.302241 +/- 0.013331     -13.732915
    1.788e-02        982       0.307096 +/- 0.009799     -13.728060
    2.452e-02       1936       0.321989 +/- 0.007317     -13.713167

 Time taken in nodal domain averages : : :    406.5175

 =========================================================================
 NODAL SURFACE DESCRIPTOR

 run                                                 widest tube          1.9x narrower

 stowfn/Be/HF/QZ4P/CBCS/Slater                0.330510 +/- 0.007461     0.304937 +/- 0.013476
 stowfn/Be/HF/QZ4P/CBCS/Backflow_dmc          0.321989 +/- 0.007317     0.302241 +/- 0.013331
