
 ------------------------------------------------------------------------------
 ########::'##:::'##::'######:::::'###:::::'######::'####:'##::: ##::'#######::
 ##.... ##:. ##:'##::'##... ##:::'## ##:::'##... ##:. ##:: ###:: ##:'##.... ##:
 ##:::: ##::. ####::: ##:::..:::'##:. ##:: ##:::..::: ##:: ####: ##: ##:::: ##:
 ########::::. ##:::: ##:::::::'##:::. ##:. ######::: ##:: ## ## ##: ##:::: ##:
 ##.....:::::: ##:::: ##::::::: #########::..... ##:: ##:: ##. ####: ##:::: ##:
 ##::::::::::: ##:::: ##::: ##: ##.... ##:'##::: ##:: ##:: ##:. ###: ##:::: ##:
 ##::::::::::: ##::::. ######:: ##:::: ##:. ######::'####: ##::. ##:. #######::
 .::::::::::::..::::::......:::..:::::..:::......:::....::..::::..:::.......:::

                     Python Quantum Monte Carlo Package
                        v 0.4.0 [Vladimir Konkov]

    Main Author : Vladimir Konkov
 ------------------------------------------------------------------------------
 Started 2026/09/04 19:57:41

 Python 3.12.3 (main, Jun 19 2026, 12:46:00) [GCC 13.3.0]
 Numba 0.63.1
 Numpy 2.2.6
 Scipy 1.13.1

 Running in parallel using 4 MPI processes.

 Warning: keywords not read by pycasino: newrun periodic writeout_vmc_hist

 General input parameters
 ========================
 NEU (num up spin electrons)              :  2
 NED (num down spin electrons)            :  2
 RUNTYPE (type of run)                    :  vmc
 PSI_S  (form for [anti]symmetrizing wfn) :  slater
 ATOM_BASIS_TYPE (atom-centred orb basis) :  slater-type
 INTERACTION (interaction type)           :  coulomb
 TESTRUN (read input data,print and stop) :  F
 PERIODIC                                 :  F
 COMPLEX_WF (complex Slater wave fn.)     :  F
 NEIGHPRINT (neighbour analysis)          :  0
 USE_JASTROW (use Jastrow factor)         :  F
 BACKFLOW (use backflow corrections)      :  F
 USE_ORBMODS (use orbitals modifications) :  F
 CUSP_CORRECTION                          :  F
 NON_LOCAL_GRID (NL integration grid)     :  4
 E_OFFSET (energy offset)                 :  0.0000
 GAUTOL  (Gaussian evaluation tolerance)  :  7.0
 SPARSE                                   :  F
 DIPOLE_MOMENT                            :  F
 RELATIVISTIC                             :  F

 VMC input parameters
 ====================
 NEWRUN (start new run)                   :  T
 VMC_METHOD (choice of VMC algorithm)     :  3
 DTVMC (VMC time step)                    :  0.02
 OPT_DTVMC (VMC time-step optimization)   :  1
 VMC_NSTEP (num VMC steps)                :  100000000
 VMC_NCONFIG_WRITE (num configs to write) :  0
 VMC_NBLOCK (num VMC blocks)              :  10
 VMC_EQUIL_NSTEP (num equil steps)        :  5000
 VMC_DECORR_PERIOD (length of inner loop) :  10
 VMC_AVE_PERIOD (hist reduction factor)   :  1
 VMC_SAMPLING                             :  standard
 MAKEMOVIE                                :  F
 FORCES                                   :  F

 Running VMC equilibration (5000 moves).
 Performing time-step optimization.
 Median sigma = 1/|grad ln psi| : 1.94746e-01 bohr

 ==============================
 PERFORMING A |PSI| CALCULATION.
 ==============================

 Running VMC equilibration (5000 moves).
 Performing time-step optimization.
 DTVMC: 2.24819e-02

 =========================================================================
 WEIGHTED NODAL DOMAIN AVERAGES

  Number of |psi| steps                   = 100000000
  Potential component                (au) =         -14.311103292773
  Standard error                        +/-           0.001016088954

  epsilon (bohr)  inside      E_kin^nda (au)            E^nda (au)

    1.947e-03        133       0.350681 +/- 0.030408     -13.960422
    2.670e-03        238       0.333742 +/- 0.021633     -13.977362
    3.662e-03        430       0.320682 +/- 0.015465     -13.990421
    5.021e-03        823       0.326421 +/- 0.011378     -13.984682
    6.885e-03       1566       0.330326 +/- 0.008347     -13.980777
    9.441e-03       2894       0.324655 +/- 0.006035     -13.986448
    1.295e-02       5401       0.322233 +/- 0.004385     -13.988870
    1.775e-02      10268       0.325803 +/- 0.003215     -13.985301
    2.434e-02      19444       0.328115 +/- 0.002353     -13.982988

 Time taken in nodal domain averages : : :    1601.1875

 Warning: keywords not read by pycasino: newrun periodic popstats

 General input parameters
 ========================
 NEU (num up spin electrons)              :  2
 NED (num down spin electrons)            :  2
 RUNTYPE (type of run)                    :  vmc_dmc
 PSI_S  (form for [anti]symmetrizing wfn) :  slater
 ATOM_BASIS_TYPE (atom-centred orb basis) :  slater-type
 INTERACTION (interaction type)           :  coulomb
 TESTRUN (read input data,print and stop) :  F
 PERIODIC                                 :  F
 COMPLEX_WF (complex Slater wave fn.)     :  F
 NEIGHPRINT (neighbour analysis)          :  0
 USE_JASTROW (use Jastrow factor)         :  F
 BACKFLOW (use backflow corrections)      :  T
 USE_ORBMODS (use orbitals modifications) :  F
 CUSP_CORRECTION                          :  F
 NON_LOCAL_GRID (NL integration grid)     :  4
 E_OFFSET (energy offset)                 :  0.0000
 GAUTOL  (Gaussian evaluation tolerance)  :  7.0
 SPARSE                                   :  F
 DIPOLE_MOMENT                            :  F
 RELATIVISTIC                             :  F

 VMC/DMC input parameters
 ====================
 NEWRUN (start new run)                   :  T
 VMC_METHOD (choice of VMC algorithm)     :  3
 DTVMC (VMC time step)                    :  0.02
 OPT_DTVMC (VMC time-step optimization)   :  1
 VMC_NSTEP (num VMC steps)                :  100000000
 VMC_NCONFIG_WRITE (num configs to write) :  1024
 VMC_NBLOCK (num VMC blocks)              :  1
 VMC_EQUIL_NSTEP (num equil steps)        :  5000
 VMC_DECORR_PERIOD (length of inner loop) :  10
 VMC_AVE_PERIOD (hist reduction factor)   :  1
 VMC_SAMPLING                             :  standard
 DMC_TARGET_WEIGHT                        :  1024.0
 DMC_MD                                   :  F
 DMC_EQUIL_NSTEP (num equil steps)        :  10000
 DMC_EQUIL_NBLOCK (num blocks)            :  1
 DMC_STATS_NSTEP (num stats steps)        :  200000
 DMC_STATS_NBLOCK (num blocks)            :  20
 DMC_DECORR_PERIOD (length of inner loop) :  1
 DMC_AVE_PERIOD (hist reduction factor)   :  1
 DMC_TRIP_WEIGHT (catastrophe thres)      :  0.00
 EBEST_AV_WINDOW (running av for energy)  :  25
 DMC_METHOD (choice of DMC algorithm)     :  2
 DMC_REWEIGHT_CONF (Update weights)       :  F
 DMC_SPACEWARPING (adjust e to new wfn)   :  F
 REDIST_GRP_SIZE (size of redist groups)  :  500
 DTDMC (DMC time step)                    :  0.02083
 TPDMC (DMC T_p parameter)                :  0
 CEREFDMC (constant for EREF [DMC])       :  1.000
 NUCLEUS_GF_MODS (DMC GF mods for nuclei) :  T
 ALPHALIMIT                               :  0.5
 IACCUM (flag for statistics run [DMC])   :  T
 IBRAN (flag to enable branching [DMC])   :  T
 LWDMC (flag for enabling weighted DMC)   :  F
 LWDMC_FIXPOP (fixed population LWDMC)    :  F
 DMC_NORM_CONSERVE                        :  F
 DMC_POPRENORM (renormalize config popn)  :  F
 GROWTH_ESTIMATOR (calc growth estimator) :  F
 USE_TMOVE                                :  False
 FUTURE_WALKING                           :  F
 MAKEMOVIE                                :  F
 FORCES                                   :  F

 Running VMC equilibration (5000 moves).
 Performing time-step optimization.
 Median sigma = 1/|grad ln psi| : 1.96202e-01 bohr

 ==============================
 PERFORMING A |PSI| CALCULATION.
 ==============================

 Running VMC equilibration (5000 moves).
 Performing time-step optimization.
 DTVMC: 2.31124e-02

 =========================================================================
 WEIGHTED NODAL DOMAIN AVERAGES

  Number of |psi| steps                   = 100000000
  Potential component                (au) =         -14.027388900482
  Standard error                        +/-           0.001004653237

  epsilon (bohr)  inside      E_kin^nda (au)            E^nda (au)

    1.962e-03        132       0.342901 +/- 0.029846     -13.684488
    2.690e-03        235       0.324665 +/- 0.021179     -13.702724
    3.689e-03        424       0.311534 +/- 0.015129     -13.715855
    5.059e-03        768       0.300105 +/- 0.010829     -13.727284
    6.937e-03       1453       0.301961 +/- 0.007922     -13.725428
    9.512e-03       2748       0.303720 +/- 0.005794     -13.723669
    1.304e-02       5197       0.305480 +/- 0.004237     -13.721909
    1.789e-02       9842       0.307670 +/- 0.003101     -13.719719
    2.453e-02      18818       0.312859 +/- 0.002280     -13.714530

 Time taken in nodal domain averages : : :    4459.9095

 =========================================================================
 NODAL SURFACE DESCRIPTOR

 run                                                 widest tube          1.9x narrower

 stowfn/Be/HF/QZ4P/CBCS/Slater                0.328115 +/- 0.002353     0.322233 +/- 0.004385
 stowfn/Be/HF/QZ4P/CBCS/Backflow_dmc          0.312859 +/- 0.002280     0.305480 +/- 0.004237
