
 ------------------------------------------------------------------------------
 ########::'##:::'##::'######:::::'###:::::'######::'####:'##::: ##::'#######::
 ##.... ##:. ##:'##::'##... ##:::'## ##:::'##... ##:. ##:: ###:: ##:'##.... ##:
 ##:::: ##::. ####::: ##:::..:::'##:. ##:: ##:::..::: ##:: ####: ##: ##:::: ##:
 ########::::. ##:::: ##:::::::'##:::. ##:. ######::: ##:: ## ## ##: ##:::: ##:
 ##.....:::::: ##:::: ##::::::: #########::..... ##:: ##:: ##. ####: ##:::: ##:
 ##::::::::::: ##:::: ##::: ##: ##.... ##:'##::: ##:: ##:: ##:. ###: ##:::: ##:
 ##::::::::::: ##::::. ######:: ##:::: ##:. ######::'####: ##::. ##:. #######::
 .::::::::::::..::::::......:::..:::::..:::......:::....::..::::..:::.......:::

                     Python Quantum Monte Carlo Package
                        v 0.4.0 [Vladimir Konkov]

    Main Author : Vladimir Konkov
 ------------------------------------------------------------------------------
 Started 2026/09/09 18:04:20

 Python 3.12.3 (main, Jul 15 2026, 23:46:41) [GCC 13.3.0]
 Numba 0.63.1
 Numpy 2.2.6
 Scipy 1.13.1

 Running in parallel using 4 MPI processes.

 Warning: keywords not read by pycasino: periodic

 General input parameters
 ========================
 NEU (num up spin electrons)              :  2
 NED (num down spin electrons)            :  2
 RUNTYPE (type of run)                    :  vmc
 PSI_S  (form for [anti]symmetrizing wfn) :  slater
 ATOM_BASIS_TYPE (atom-centred orb basis) :  gaussian
 INTERACTION (interaction type)           :  coulomb
 TESTRUN (read input data,print and stop) :  F
 PERIODIC                                 :  F
 COMPLEX_WF (complex Slater wave fn.)     :  F
 NEIGHPRINT (neighbour analysis)          :  0
 USE_JASTROW (use Jastrow factor)         :  F
 BACKFLOW (use backflow corrections)      :  T
 USE_ORBMODS (use orbitals modifications) :  F
 CUSP_CORRECTION                          :  T
 NON_LOCAL_GRID (NL integration grid)     :  4
 E_OFFSET (energy offset)                 :  0.0000
 GAUTOL  (Gaussian evaluation tolerance)  :  7.0
 SPARSE                                   :  F
 DIPOLE_MOMENT                            :  F
 RELATIVISTIC                             :  F

 VMC input parameters
 ====================
 NEWRUN (start new run)                   :  T
 VMC_METHOD (choice of VMC algorithm)     :  3
 DTVMC (VMC time step)                    :  0.02
 OPT_DTVMC (VMC time-step optimization)   :  1
 VMC_NSTEP (num VMC steps)                :  10000000
 VMC_NCONFIG_WRITE (num configs to write) :  None
 VMC_NBLOCK (num VMC blocks)              :  10
 VMC_EQUIL_NSTEP (num equil steps)        :  5000
 VMC_DECORR_PERIOD (length of inner loop) :  10
 VMC_AVE_PERIOD (hist reduction factor)   :  1
 VMC_SAMPLING                             :  standard
 MAKEMOVIE                                :  F
 FORCES                                   :  F

 Gaussian cusp correction
 ========================
 Activated.

 Running VMC equilibration (5000 moves).
 Performing time-step optimization.
 Median sigma = 1/|grad ln psi| : 1.84112e-01 bohr

 ==============================
 PERFORMING A |PSI| CALCULATION.
 ==============================

 Running VMC equilibration (5000 moves).
 Performing time-step optimization.
 zeta of the walk: 1.00000e+00   DTVMC: 1.20171e-02

 =========================================================================
 WEIGHTED NODAL DOMAIN AVERAGES

  Number of |psi| steps                   = 10000000

  zeta                          (au^-1) =           1.000000000000
  Effective sample size                   = 10000000
  Potential component                (au) =         -15.884781333545
  Standard error                        +/-           0.003156891187
  e-e interaction                    (au) =           4.277679599571
  e-n interaction                    (au) =         -24.216614577489
  Sum of e-n distances             (bohr) =           5.419012595002

  epsilon (bohr)  inside      E_kin^nda (au)            E^nda (au)

    1.841e-03         68       2.006058 +/- 0.243269     -13.878723
    2.525e-03        109       1.710148 +/- 0.163802     -14.174634
    3.462e-03        215       1.793982 +/- 0.122347     -14.090799
    4.747e-03        429       1.903748 +/- 0.091912     -13.981034
    6.509e-03        774       1.826693 +/- 0.065657     -14.058088
    8.926e-03       1521       1.909090 +/- 0.048947     -13.975692
    1.224e-02       2830       1.889105 +/- 0.035506     -13.995677
    1.678e-02       5390       1.913511 +/- 0.026057     -13.971271
    2.301e-02      10176       1.921285 +/- 0.019036     -13.963497

 Time taken in nodal domain averages : : :    486.4962

 Warning: keywords not read by pycasino: periodic

 General input parameters
 ========================
 NEU (num up spin electrons)              :  2
 NED (num down spin electrons)            :  2
 RUNTYPE (type of run)                    :  vmc
 PSI_S  (form for [anti]symmetrizing wfn) :  slater
 ATOM_BASIS_TYPE (atom-centred orb basis) :  gaussian
 INTERACTION (interaction type)           :  coulomb
 TESTRUN (read input data,print and stop) :  F
 PERIODIC                                 :  F
 COMPLEX_WF (complex Slater wave fn.)     :  F
 NEIGHPRINT (neighbour analysis)          :  0
 USE_JASTROW (use Jastrow factor)         :  F
 BACKFLOW (use backflow corrections)      :  T
 USE_ORBMODS (use orbitals modifications) :  F
 CUSP_CORRECTION                          :  T
 NON_LOCAL_GRID (NL integration grid)     :  4
 E_OFFSET (energy offset)                 :  0.0000
 GAUTOL  (Gaussian evaluation tolerance)  :  7.0
 SPARSE                                   :  F
 DIPOLE_MOMENT                            :  F
 RELATIVISTIC                             :  F

 VMC input parameters
 ====================
 NEWRUN (start new run)                   :  T
 VMC_METHOD (choice of VMC algorithm)     :  3
 DTVMC (VMC time step)                    :  0.02
 OPT_DTVMC (VMC time-step optimization)   :  1
 VMC_NSTEP (num VMC steps)                :  10000000
 VMC_NCONFIG_WRITE (num configs to write) :  None
 VMC_NBLOCK (num VMC blocks)              :  10
 VMC_EQUIL_NSTEP (num equil steps)        :  5000
 VMC_DECORR_PERIOD (length of inner loop) :  10
 VMC_AVE_PERIOD (hist reduction factor)   :  1
 VMC_SAMPLING                             :  standard
 MAKEMOVIE                                :  F
 FORCES                                   :  F

 Gaussian cusp correction
 ========================
 Activated.

 Running VMC equilibration (5000 moves).
 Performing time-step optimization.
 Median sigma = 1/|grad ln psi| : 1.89147e-01 bohr

 ==============================
 PERFORMING A |PSI| CALCULATION.
 ==============================

 Running VMC equilibration (5000 moves).
 Performing time-step optimization.
 zeta of the walk: 1.00000e+00   DTVMC: 1.22331e-02

 =========================================================================
 WEIGHTED NODAL DOMAIN AVERAGES

  Number of |psi| steps                   = 10000000

  zeta                          (au^-1) =           1.000000000000
  Effective sample size                   = 10000000
  Potential component                (au) =         -15.683873754206
  Standard error                        +/-           0.003140947279
  e-e interaction                    (au) =           4.226212205536
  e-n interaction                    (au) =         -23.880114612989
  Sum of e-n distances             (bohr) =           5.465499741127

  epsilon (bohr)  inside      E_kin^nda (au)            E^nda (au)

    1.891e-03         77       2.152245 +/- 0.245270     -13.531628
    2.594e-03        134       1.991950 +/- 0.172077     -13.691924
    3.557e-03        244       1.929016 +/- 0.123491     -13.754858
    4.877e-03        449       1.887839 +/- 0.089091     -13.796035
    6.687e-03        832       1.860434 +/- 0.064496     -13.823439
    9.170e-03       1547       1.839729 +/- 0.046771     -13.844145
    1.257e-02       2915       1.843633 +/- 0.034142     -13.840240
    1.724e-02       5477       1.842261 +/- 0.024886     -13.841612
    2.364e-02      10423       1.864549 +/- 0.018254     -13.819325

 Time taken in nodal domain averages : : :    592.5446

 Warning: keywords not read by pycasino: periodic

 General input parameters
 ========================
 NEU (num up spin electrons)              :  2
 NED (num down spin electrons)            :  2
 RUNTYPE (type of run)                    :  vmc
 PSI_S  (form for [anti]symmetrizing wfn) :  slater
 ATOM_BASIS_TYPE (atom-centred orb basis) :  gaussian
 INTERACTION (interaction type)           :  coulomb
 TESTRUN (read input data,print and stop) :  F
 PERIODIC                                 :  F
 COMPLEX_WF (complex Slater wave fn.)     :  F
 NEIGHPRINT (neighbour analysis)          :  0
 USE_JASTROW (use Jastrow factor)         :  F
 BACKFLOW (use backflow corrections)      :  T
 USE_ORBMODS (use orbitals modifications) :  F
 CUSP_CORRECTION                          :  T
 NON_LOCAL_GRID (NL integration grid)     :  4
 E_OFFSET (energy offset)                 :  0.0000
 GAUTOL  (Gaussian evaluation tolerance)  :  7.0
 SPARSE                                   :  F
 DIPOLE_MOMENT                            :  F
 RELATIVISTIC                             :  F

 VMC input parameters
 ====================
 NEWRUN (start new run)                   :  T
 VMC_METHOD (choice of VMC algorithm)     :  3
 DTVMC (VMC time step)                    :  0.02
 OPT_DTVMC (VMC time-step optimization)   :  1
 VMC_NSTEP (num VMC steps)                :  10000000
 VMC_NCONFIG_WRITE (num configs to write) :  None
 VMC_NBLOCK (num VMC blocks)              :  10
 VMC_EQUIL_NSTEP (num equil steps)        :  5000
 VMC_DECORR_PERIOD (length of inner loop) :  10
 VMC_AVE_PERIOD (hist reduction factor)   :  1
 VMC_SAMPLING                             :  standard
 MAKEMOVIE                                :  F
 FORCES                                   :  F

 Gaussian cusp correction
 ========================
 Activated.

 Running VMC equilibration (5000 moves).
 Performing time-step optimization.
 Median sigma = 1/|grad ln psi| : 1.93411e-01 bohr

 ==============================
 PERFORMING A |PSI| CALCULATION.
 ==============================

 Running VMC equilibration (5000 moves).
 Performing time-step optimization.
 zeta of the walk: 1.00000e+00   DTVMC: 1.23493e-02

 =========================================================================
 WEIGHTED NODAL DOMAIN AVERAGES

  Number of |psi| steps                   = 10000000

  zeta                          (au^-1) =           1.000000000000
  Effective sample size                   = 10000000
  Potential component                (au) =         -15.477166293868
  Standard error                        +/-           0.003195487746
  e-e interaction                    (au) =           4.143423696576
  e-n interaction                    (au) =         -23.494119987258
  Sum of e-n distances             (bohr) =           5.551144992682

  epsilon (bohr)  inside      E_kin^nda (au)            E^nda (au)

    1.934e-03         71       1.898000 +/- 0.225250     -13.579166
    2.652e-03        126       1.791352 +/- 0.159585     -13.685814
    3.637e-03        242       1.829777 +/- 0.117621     -13.647389
    4.987e-03        451       1.813560 +/- 0.085395     -13.663606
    6.838e-03        845       1.807110 +/- 0.062164     -13.670056
    9.377e-03       1568       1.783390 +/- 0.045034     -13.693776
    1.286e-02       2958       1.789250 +/- 0.032893     -13.687916
    1.763e-02       5607       1.803748 +/- 0.024082     -13.673418
    2.418e-02      10560       1.806682 +/- 0.017572     -13.670484

 Time taken in nodal domain averages : : :    592.6668

 Warning: keywords not read by pycasino: periodic

 General input parameters
 ========================
 NEU (num up spin electrons)              :  2
 NED (num down spin electrons)            :  2
 RUNTYPE (type of run)                    :  vmc
 PSI_S  (form for [anti]symmetrizing wfn) :  slater
 ATOM_BASIS_TYPE (atom-centred orb basis) :  gaussian
 INTERACTION (interaction type)           :  coulomb
 TESTRUN (read input data,print and stop) :  F
 PERIODIC                                 :  F
 COMPLEX_WF (complex Slater wave fn.)     :  F
 NEIGHPRINT (neighbour analysis)          :  0
 USE_JASTROW (use Jastrow factor)         :  F
 BACKFLOW (use backflow corrections)      :  T
 USE_ORBMODS (use orbitals modifications) :  F
 CUSP_CORRECTION                          :  T
 NON_LOCAL_GRID (NL integration grid)     :  4
 E_OFFSET (energy offset)                 :  0.0000
 GAUTOL  (Gaussian evaluation tolerance)  :  7.0
 SPARSE                                   :  F
 DIPOLE_MOMENT                            :  F
 RELATIVISTIC                             :  F

 VMC input parameters
 ====================
 NEWRUN (start new run)                   :  T
 VMC_METHOD (choice of VMC algorithm)     :  3
 DTVMC (VMC time step)                    :  0.02
 OPT_DTVMC (VMC time-step optimization)   :  1
 VMC_NSTEP (num VMC steps)                :  10000000
 VMC_NCONFIG_WRITE (num configs to write) :  None
 VMC_NBLOCK (num VMC blocks)              :  10
 VMC_EQUIL_NSTEP (num equil steps)        :  5000
 VMC_DECORR_PERIOD (length of inner loop) :  10
 VMC_AVE_PERIOD (hist reduction factor)   :  1
 VMC_SAMPLING                             :  standard
 MAKEMOVIE                                :  F
 FORCES                                   :  F

 Gaussian cusp correction
 ========================
 Activated.

 Running VMC equilibration (5000 moves).
 Performing time-step optimization.
 Median sigma = 1/|grad ln psi| : 1.92942e-01 bohr

 ==============================
 PERFORMING A |PSI| CALCULATION.
 ==============================

 Running VMC equilibration (5000 moves).
 Performing time-step optimization.
 zeta of the walk: 1.00000e+00   DTVMC: 1.24770e-02

 =========================================================================
 WEIGHTED NODAL DOMAIN AVERAGES

  Number of |psi| steps                   = 10000000

  zeta                          (au^-1) =           1.000000000000
  Effective sample size                   = 10000000
  Potential component                (au) =         -15.518377025404
  Standard error                        +/-           0.003083808101
  e-e interaction                    (au) =           4.120423494533
  e-n interaction                    (au) =         -23.518400693250
  Sum of e-n distances             (bohr) =           5.569389559918

  epsilon (bohr)  inside      E_kin^nda (au)            E^nda (au)

    1.929e-03         76       2.041548 +/- 0.234181     -13.476829
    2.646e-03        137       1.957217 +/- 0.167215     -13.561160
    3.628e-03        257       1.952649 +/- 0.121801     -13.565728
    4.975e-03        458       1.850670 +/- 0.086474     -13.667707
    6.822e-03        856       1.839542 +/- 0.062872     -13.678835
    9.354e-03       1579       1.804640 +/- 0.045411     -13.713737
    1.283e-02       2921       1.775467 +/- 0.032846     -13.742910
    1.759e-02       5449       1.761450 +/- 0.023856     -13.756927
    2.412e-02      10272       1.765960 +/- 0.017415     -13.752417

 Time taken in nodal domain averages : : :    591.9411

 Warning: keywords not read by pycasino: periodic

 General input parameters
 ========================
 NEU (num up spin electrons)              :  2
 NED (num down spin electrons)            :  2
 RUNTYPE (type of run)                    :  vmc
 PSI_S  (form for [anti]symmetrizing wfn) :  slater
 ATOM_BASIS_TYPE (atom-centred orb basis) :  gaussian
 INTERACTION (interaction type)           :  coulomb
 TESTRUN (read input data,print and stop) :  F
 PERIODIC                                 :  F
 COMPLEX_WF (complex Slater wave fn.)     :  F
 NEIGHPRINT (neighbour analysis)          :  0
 USE_JASTROW (use Jastrow factor)         :  F
 BACKFLOW (use backflow corrections)      :  T
 USE_ORBMODS (use orbitals modifications) :  F
 CUSP_CORRECTION                          :  T
 NON_LOCAL_GRID (NL integration grid)     :  4
 E_OFFSET (energy offset)                 :  0.0000
 GAUTOL  (Gaussian evaluation tolerance)  :  7.0
 SPARSE                                   :  F
 DIPOLE_MOMENT                            :  F
 RELATIVISTIC                             :  F

 VMC input parameters
 ====================
 NEWRUN (start new run)                   :  T
 VMC_METHOD (choice of VMC algorithm)     :  3
 DTVMC (VMC time step)                    :  0.02
 OPT_DTVMC (VMC time-step optimization)   :  1
 VMC_NSTEP (num VMC steps)                :  10000000
 VMC_NCONFIG_WRITE (num configs to write) :  None
 VMC_NBLOCK (num VMC blocks)              :  10
 VMC_EQUIL_NSTEP (num equil steps)        :  5000
 VMC_DECORR_PERIOD (length of inner loop) :  10
 VMC_AVE_PERIOD (hist reduction factor)   :  1
 VMC_SAMPLING                             :  standard
 MAKEMOVIE                                :  F
 FORCES                                   :  F

 Gaussian cusp correction
 ========================
 Activated.

 Running VMC equilibration (5000 moves).
 Performing time-step optimization.
 Median sigma = 1/|grad ln psi| : 1.94931e-01 bohr

 ==============================
 PERFORMING A |PSI| CALCULATION.
 ==============================

 Running VMC equilibration (5000 moves).
 Performing time-step optimization.
 zeta of the walk: 1.00000e+00   DTVMC: 1.28559e-02

 =========================================================================
 WEIGHTED NODAL DOMAIN AVERAGES

  Number of |psi| steps                   = 10000000

  zeta                          (au^-1) =           1.000000000000
  Effective sample size                   = 10000000
  Potential component                (au) =         -15.548061943138
  Standard error                        +/-           0.003056289315
  e-e interaction                    (au) =           4.047651002995
  e-n interaction                    (au) =         -23.460950594844
  Sum of e-n distances             (bohr) =           5.677875659553

  epsilon (bohr)  inside      E_kin^nda (au)            E^nda (au)

    1.949e-03         70       1.842189 +/- 0.220183     -13.705873
    2.673e-03        125       1.749519 +/- 0.156481     -13.798543
    3.665e-03        236       1.756682 +/- 0.114349     -13.791380
    5.026e-03        438       1.733915 +/- 0.082848     -13.814147
    6.892e-03        791       1.665339 +/- 0.059210     -13.882723
    9.450e-03       1469       1.644828 +/- 0.042912     -13.903234
    1.296e-02       2729       1.625080 +/- 0.031104     -13.922982
    1.777e-02       5133       1.625605 +/- 0.022684     -13.922457
    2.437e-02       9732       1.639148 +/- 0.016608     -13.908914

 Time taken in nodal domain averages : : :    592.4499

 Warning: keywords not read by pycasino: periodic

 General input parameters
 ========================
 NEU (num up spin electrons)              :  2
 NED (num down spin electrons)            :  2
 RUNTYPE (type of run)                    :  vmc
 PSI_S  (form for [anti]symmetrizing wfn) :  slater
 ATOM_BASIS_TYPE (atom-centred orb basis) :  gaussian
 INTERACTION (interaction type)           :  coulomb
 TESTRUN (read input data,print and stop) :  F
 PERIODIC                                 :  F
 COMPLEX_WF (complex Slater wave fn.)     :  F
 NEIGHPRINT (neighbour analysis)          :  0
 USE_JASTROW (use Jastrow factor)         :  F
 BACKFLOW (use backflow corrections)      :  T
 USE_ORBMODS (use orbitals modifications) :  F
 CUSP_CORRECTION                          :  T
 NON_LOCAL_GRID (NL integration grid)     :  4
 E_OFFSET (energy offset)                 :  0.0000
 GAUTOL  (Gaussian evaluation tolerance)  :  7.0
 SPARSE                                   :  F
 DIPOLE_MOMENT                            :  F
 RELATIVISTIC                             :  F

 VMC input parameters
 ====================
 NEWRUN (start new run)                   :  T
 VMC_METHOD (choice of VMC algorithm)     :  3
 DTVMC (VMC time step)                    :  0.02
 OPT_DTVMC (VMC time-step optimization)   :  1
 VMC_NSTEP (num VMC steps)                :  10000000
 VMC_NCONFIG_WRITE (num configs to write) :  None
 VMC_NBLOCK (num VMC blocks)              :  10
 VMC_EQUIL_NSTEP (num equil steps)        :  5000
 VMC_DECORR_PERIOD (length of inner loop) :  10
 VMC_AVE_PERIOD (hist reduction factor)   :  1
 VMC_SAMPLING                             :  standard
 MAKEMOVIE                                :  F
 FORCES                                   :  F

 Gaussian cusp correction
 ========================
 Activated.

 Running VMC equilibration (5000 moves).
 Performing time-step optimization.
 Median sigma = 1/|grad ln psi| : 1.95479e-01 bohr

 ==============================
 PERFORMING A |PSI| CALCULATION.
 ==============================

 Running VMC equilibration (5000 moves).
 Performing time-step optimization.
 zeta of the walk: 1.00000e+00   DTVMC: 1.18402e-02

 =========================================================================
 WEIGHTED NODAL DOMAIN AVERAGES

  Number of |psi| steps                   = 10000000

  zeta                          (au^-1) =           1.000000000000
  Effective sample size                   = 10000000
  Potential component                (au) =         -15.596108302312
  Standard error                        +/-           0.003145012538
  e-e interaction                    (au) =           4.048025684594
  e-n interaction                    (au) =         -23.525511982543
  Sum of e-n distances             (bohr) =           5.669047364091

  epsilon (bohr)  inside      E_kin^nda (au)            E^nda (au)

    1.955e-03         46       1.203809 +/- 0.177492     -14.392299
    2.680e-03        102       1.419621 +/- 0.140563     -14.176487
    3.676e-03        209       1.547003 +/- 0.107007     -14.049106
    5.040e-03        389       1.531323 +/- 0.077640     -14.064785
    6.911e-03        759       1.589028 +/- 0.057676     -14.007080
    9.477e-03       1468       1.634513 +/- 0.042657     -13.961596
    1.300e-02       2799       1.657439 +/- 0.031324     -13.938669
    1.782e-02       5248       1.652727 +/- 0.022808     -13.943381
    2.443e-02       9930       1.663141 +/- 0.016682     -13.932968

 Time taken in nodal domain averages : : :    595.0144

 Warning: keywords not read by pycasino: periodic

 General input parameters
 ========================
 NEU (num up spin electrons)              :  2
 NED (num down spin electrons)            :  2
 RUNTYPE (type of run)                    :  vmc
 PSI_S  (form for [anti]symmetrizing wfn) :  slater
 ATOM_BASIS_TYPE (atom-centred orb basis) :  gaussian
 INTERACTION (interaction type)           :  coulomb
 TESTRUN (read input data,print and stop) :  F
 PERIODIC                                 :  F
 COMPLEX_WF (complex Slater wave fn.)     :  F
 NEIGHPRINT (neighbour analysis)          :  0
 USE_JASTROW (use Jastrow factor)         :  F
 BACKFLOW (use backflow corrections)      :  T
 USE_ORBMODS (use orbitals modifications) :  F
 CUSP_CORRECTION                          :  T
 NON_LOCAL_GRID (NL integration grid)     :  4
 E_OFFSET (energy offset)                 :  0.0000
 GAUTOL  (Gaussian evaluation tolerance)  :  7.0
 SPARSE                                   :  F
 DIPOLE_MOMENT                            :  F
 RELATIVISTIC                             :  F

 VMC input parameters
 ====================
 NEWRUN (start new run)                   :  T
 VMC_METHOD (choice of VMC algorithm)     :  3
 DTVMC (VMC time step)                    :  0.02
 OPT_DTVMC (VMC time-step optimization)   :  1
 VMC_NSTEP (num VMC steps)                :  10000000
 VMC_NCONFIG_WRITE (num configs to write) :  None
 VMC_NBLOCK (num VMC blocks)              :  10
 VMC_EQUIL_NSTEP (num equil steps)        :  5000
 VMC_DECORR_PERIOD (length of inner loop) :  10
 VMC_AVE_PERIOD (hist reduction factor)   :  1
 VMC_SAMPLING                             :  standard
 MAKEMOVIE                                :  F
 FORCES                                   :  F

 Gaussian cusp correction
 ========================
 Activated.

 Running VMC equilibration (5000 moves).
 Performing time-step optimization.
 Median sigma = 1/|grad ln psi| : 1.95405e-01 bohr

 ==============================
 PERFORMING A |PSI| CALCULATION.
 ==============================

 Running VMC equilibration (5000 moves).
 Performing time-step optimization.
 zeta of the walk: 1.00000e+00   DTVMC: 1.24089e-02

 =========================================================================
 WEIGHTED NODAL DOMAIN AVERAGES

  Number of |psi| steps                   = 10000000

  zeta                          (au^-1) =           1.000000000000
  Effective sample size                   = 10000000
  Potential component                (au) =         -15.847898917857
  Standard error                        +/-           0.003139670395
  e-e interaction                    (au) =           4.085093536730
  e-n interaction                    (au) =         -23.910656606117
  Sum of e-n distances             (bohr) =           5.626073944212

  epsilon (bohr)  inside      E_kin^nda (au)            E^nda (au)

    1.954e-03         57       1.492804 +/- 0.197726     -14.355095
    2.679e-03        116       1.615691 +/- 0.150012     -14.232208
    3.674e-03        229       1.696322 +/- 0.112095     -14.151577
    5.038e-03        424       1.670364 +/- 0.081118     -14.177535
    6.909e-03        782       1.638417 +/- 0.058587     -14.209482
    9.473e-03       1457       1.623491 +/- 0.042529     -14.224408
    1.299e-02       2721       1.612469 +/- 0.030908     -14.235430
    1.781e-02       5235       1.649879 +/- 0.022797     -14.198020
    2.443e-02       9717       1.628696 +/- 0.016514     -14.219203

 Time taken in nodal domain averages : : :    593.6840

 Warning: keywords not read by pycasino: periodic

 General input parameters
 ========================
 NEU (num up spin electrons)              :  2
 NED (num down spin electrons)            :  2
 RUNTYPE (type of run)                    :  vmc
 PSI_S  (form for [anti]symmetrizing wfn) :  slater
 ATOM_BASIS_TYPE (atom-centred orb basis) :  gaussian
 INTERACTION (interaction type)           :  coulomb
 TESTRUN (read input data,print and stop) :  F
 PERIODIC                                 :  F
 COMPLEX_WF (complex Slater wave fn.)     :  F
 NEIGHPRINT (neighbour analysis)          :  0
 USE_JASTROW (use Jastrow factor)         :  F
 BACKFLOW (use backflow corrections)      :  T
 USE_ORBMODS (use orbitals modifications) :  F
 CUSP_CORRECTION                          :  T
 NON_LOCAL_GRID (NL integration grid)     :  4
 E_OFFSET (energy offset)                 :  0.0000
 GAUTOL  (Gaussian evaluation tolerance)  :  7.0
 SPARSE                                   :  F
 DIPOLE_MOMENT                            :  F
 RELATIVISTIC                             :  F

 VMC input parameters
 ====================
 NEWRUN (start new run)                   :  T
 VMC_METHOD (choice of VMC algorithm)     :  3
 DTVMC (VMC time step)                    :  0.02
 OPT_DTVMC (VMC time-step optimization)   :  1
 VMC_NSTEP (num VMC steps)                :  10000000
 VMC_NCONFIG_WRITE (num configs to write) :  None
 VMC_NBLOCK (num VMC blocks)              :  10
 VMC_EQUIL_NSTEP (num equil steps)        :  5000
 VMC_DECORR_PERIOD (length of inner loop) :  10
 VMC_AVE_PERIOD (hist reduction factor)   :  1
 VMC_SAMPLING                             :  standard
 MAKEMOVIE                                :  F
 FORCES                                   :  F

 Gaussian cusp correction
 ========================
 Activated.

 Running VMC equilibration (5000 moves).
 Performing time-step optimization.
 Median sigma = 1/|grad ln psi| : 1.87463e-01 bohr

 ==============================
 PERFORMING A |PSI| CALCULATION.
 ==============================

 Running VMC equilibration (5000 moves).
 Performing time-step optimization.
 zeta of the walk: 1.00000e+00   DTVMC: 1.10840e-02

 =========================================================================
 WEIGHTED NODAL DOMAIN AVERAGES

  Number of |psi| steps                   = 10000000

  zeta                          (au^-1) =           1.000000000000
  Effective sample size                   = 10000000
  Potential component                (au) =         -16.405268732389
  Standard error                        +/-           0.003214067394
  e-e interaction                    (au) =           4.325150884640
  e-n interaction                    (au) =         -24.973892822705
  Sum of e-n distances             (bohr) =           5.191307904524

  epsilon (bohr)  inside      E_kin^nda (au)            E^nda (au)

    1.875e-03         76       2.162624 +/- 0.248069     -14.242644
    2.571e-03        130       1.967358 +/- 0.172548     -14.437911
    3.525e-03        238       1.915532 +/- 0.124164     -14.489737
    4.833e-03        431       1.844855 +/- 0.088862     -14.560414
    6.628e-03        800       1.821157 +/- 0.064385     -14.584111
    9.088e-03       1504       1.820865 +/- 0.046948     -14.584403
    1.246e-02       2773       1.785469 +/- 0.033901     -14.619800
    1.709e-02       5228       1.790237 +/- 0.024753     -14.615032
    2.343e-02       9951       1.812234 +/- 0.018158     -14.593035

 Time taken in nodal domain averages : : :    594.5380

 Warning: keywords not read by pycasino: periodic

 General input parameters
 ========================
 NEU (num up spin electrons)              :  2
 NED (num down spin electrons)            :  2
 RUNTYPE (type of run)                    :  vmc
 PSI_S  (form for [anti]symmetrizing wfn) :  slater
 ATOM_BASIS_TYPE (atom-centred orb basis) :  gaussian
 INTERACTION (interaction type)           :  coulomb
 TESTRUN (read input data,print and stop) :  F
 PERIODIC                                 :  F
 COMPLEX_WF (complex Slater wave fn.)     :  F
 NEIGHPRINT (neighbour analysis)          :  0
 USE_JASTROW (use Jastrow factor)         :  F
 BACKFLOW (use backflow corrections)      :  T
 USE_ORBMODS (use orbitals modifications) :  F
 CUSP_CORRECTION                          :  T
 NON_LOCAL_GRID (NL integration grid)     :  4
 E_OFFSET (energy offset)                 :  0.0000
 GAUTOL  (Gaussian evaluation tolerance)  :  7.0
 SPARSE                                   :  F
 DIPOLE_MOMENT                            :  F
 RELATIVISTIC                             :  F

 VMC input parameters
 ====================
 NEWRUN (start new run)                   :  T
 VMC_METHOD (choice of VMC algorithm)     :  3
 DTVMC (VMC time step)                    :  0.02
 OPT_DTVMC (VMC time-step optimization)   :  1
 VMC_NSTEP (num VMC steps)                :  10000000
 VMC_NCONFIG_WRITE (num configs to write) :  None
 VMC_NBLOCK (num VMC blocks)              :  10
 VMC_EQUIL_NSTEP (num equil steps)        :  5000
 VMC_DECORR_PERIOD (length of inner loop) :  10
 VMC_AVE_PERIOD (hist reduction factor)   :  1
 VMC_SAMPLING                             :  standard
 MAKEMOVIE                                :  F
 FORCES                                   :  F

 Gaussian cusp correction
 ========================
 Activated.

 Running VMC equilibration (5000 moves).
 Performing time-step optimization.
 Median sigma = 1/|grad ln psi| : 8.89822e-02 bohr

 ==============================
 PERFORMING A |PSI| CALCULATION.
 ==============================

 Running VMC equilibration (5000 moves).
 Performing time-step optimization.
 zeta of the walk: 1.00000e+00   DTVMC: 7.11947e-03

 =========================================================================
 WEIGHTED NODAL DOMAIN AVERAGES

  Number of |psi| steps                   = 10000000

  zeta                          (au^-1) =           1.000000000000
  Effective sample size                   = 10000000
  Potential component                (au) =         -16.527644530536
  Standard error                        +/-           0.003325942089
  e-e interaction                    (au) =           4.304479419949
  e-n interaction                    (au) =         -25.109498600648
  Sum of e-n distances             (bohr) =           5.441762409196

  epsilon (bohr)  inside      E_kin^nda (au)            E^nda (au)

    8.898e-04          7       0.884081 +/- 0.334151     -15.643564
    1.220e-03         17       1.141866 +/- 0.276943     -15.385778
    1.673e-03         43       1.536057 +/- 0.234246     -14.991588
    2.294e-03         83       1.576846 +/- 0.173081     -14.950798
    3.146e-03        167       1.687331 +/- 0.130568     -14.840314
    4.314e-03        308       1.655034 +/- 0.094303     -14.872610
    5.915e-03        600       1.714668 +/- 0.069999     -14.812977
    8.111e-03       1164       1.769108 +/- 0.051850     -14.758537
    1.112e-02       2158       1.744316 +/- 0.037545     -14.783328

 Time taken in nodal domain averages : : :    592.9644

 =========================================================================
 NODAL SURFACE DESCRIPTOR, zeta = 1.0000

 run                                                 widest tube          1.9x narrower

 noda_surface/be_c2/0.00                      1.921285 +/- 0.019036     1.889105 +/- 0.035506
 noda_surface/be_c2/0.01                      1.864549 +/- 0.018254     1.843633 +/- 0.034142
 noda_surface/be_c2/0.02                      1.806682 +/- 0.017572     1.789250 +/- 0.032893
 noda_surface/be_c2/0.05                      1.765960 +/- 0.017415     1.775467 +/- 0.032846
 noda_surface/be_c2/0.10                      1.639148 +/- 0.016608     1.625080 +/- 0.031104
 noda_surface/be_c2/0.12                      1.663141 +/- 0.016682     1.657439 +/- 0.031324
 noda_surface/be_c2/0.15                      1.628696 +/- 0.016514     1.612469 +/- 0.030908
 noda_surface/be_c2/0.20                      1.812234 +/- 0.018158     1.785469 +/- 0.033901
 noda_surface/be_c2/0.25                      1.744316 +/- 0.037545     1.714668 +/- 0.069999

