
 ------------------------------------------------------------------------------
 ########::'##:::'##::'######:::::'###:::::'######::'####:'##::: ##::'#######::
 ##.... ##:. ##:'##::'##... ##:::'## ##:::'##... ##:. ##:: ###:: ##:'##.... ##:
 ##:::: ##::. ####::: ##:::..:::'##:. ##:: ##:::..::: ##:: ####: ##: ##:::: ##:
 ########::::. ##:::: ##:::::::'##:::. ##:. ######::: ##:: ## ## ##: ##:::: ##:
 ##.....:::::: ##:::: ##::::::: #########::..... ##:: ##:: ##. ####: ##:::: ##:
 ##::::::::::: ##:::: ##::: ##: ##.... ##:'##::: ##:: ##:: ##:. ###: ##:::: ##:
 ##::::::::::: ##::::. ######:: ##:::: ##:. ######::'####: ##::. ##:. #######::
 .::::::::::::..::::::......:::..:::::..:::......:::....::..::::..:::.......:::

                     Python Quantum Monte Carlo Package
                        v 0.4.0 [Vladimir Konkov]

    Main Author : Vladimir Konkov
 ------------------------------------------------------------------------------
 Started 2026/09/10 11:01:40

 Python 3.12.3 (main, Jul 15 2026, 23:46:41) [GCC 13.3.0]
 Numba 0.63.1
 Numpy 2.2.6
 Scipy 1.13.1

 Running in parallel using 4 MPI processes.

 Warning: keywords not read by pycasino: newrun periodic writeout_vmc_hist

 General input parameters
 ========================
 NEU (num up spin electrons)              :  2
 NED (num down spin electrons)            :  2
 RUNTYPE (type of run)                    :  vmc
 PSI_S  (form for [anti]symmetrizing wfn) :  slater
 ATOM_BASIS_TYPE (atom-centred orb basis) :  slater-type
 INTERACTION (interaction type)           :  coulomb
 TESTRUN (read input data,print and stop) :  F
 PERIODIC                                 :  F
 COMPLEX_WF (complex Slater wave fn.)     :  F
 NEIGHPRINT (neighbour analysis)          :  0
 USE_JASTROW (use Jastrow factor)         :  F
 BACKFLOW (use backflow corrections)      :  T
 USE_ORBMODS (use orbitals modifications) :  F
 CUSP_CORRECTION                          :  F
 NON_LOCAL_GRID (NL integration grid)     :  4
 E_OFFSET (energy offset)                 :  0.0000
 GAUTOL  (Gaussian evaluation tolerance)  :  7.0
 SPARSE                                   :  F
 DIPOLE_MOMENT                            :  F
 RELATIVISTIC                             :  F

 VMC input parameters
 ====================
 NEWRUN (start new run)                   :  T
 VMC_METHOD (choice of VMC algorithm)     :  3
 DTVMC (VMC time step)                    :  0.02
 OPT_DTVMC (VMC time-step optimization)   :  1
 VMC_NSTEP (num VMC steps)                :  500000
 VMC_NCONFIG_WRITE (num configs to write) :  0
 VMC_NBLOCK (num VMC blocks)              :  1
 VMC_EQUIL_NSTEP (num equil steps)        :  5000
 VMC_DECORR_PERIOD (length of inner loop) :  10
 VMC_AVE_PERIOD (hist reduction factor)   :  1
 VMC_SAMPLING                             :  standard
 MAKEMOVIE                                :  F
 FORCES                                   :  F

 Running VMC equilibration (5000 moves).
 Performing time-step optimization.
 Median sigma = 1/|grad ln psi| : 1.93471e-01 bohr

 ==============================
 PERFORMING A |PSI| CALCULATION.
 ==============================

 Running VMC equilibration (5000 moves).
 Performing time-step optimization.
 zeta of the walk: 5.00000e-01   DTVMC: 1.54272e-02

 Running VMC equilibration (5000 moves).
 Performing time-step optimization.
 zeta of the walk: 7.00000e-01   DTVMC: 1.39089e-02

 Running VMC equilibration (5000 moves).
 Performing time-step optimization.
 zeta of the walk: 1.00000e+00   DTVMC: 1.21175e-02

 Running VMC equilibration (5000 moves).
 Performing time-step optimization.
 zeta of the walk: 1.40000e+00   DTVMC: 1.03287e-02

 =========================================================================
 WEIGHTED NODAL DOMAIN AVERAGES

  Number of |psi| steps                   = 500000

  zeta                          (au^-1) =           0.500000000000
  Effective sample size                   = 500000
  Potential component                (au) =         -14.766526709633
  Standard error                        +/-           0.014311756497
  e-e interaction                    (au) =           3.290009685386
  e-n interaction                    (au) =         -20.064613022879
  Sum of e-n distances             (bohr) =           7.303182606781

  epsilon (bohr)  inside      E_kin^nda (au)            E^nda (au)

    1.935e-03          1       0.472205 +/- 0.472205     -14.294321
    2.653e-03          1       0.413943 +/- 0.413943     -14.352584
    3.638e-03          2       0.345932 +/- 0.290135     -14.420594
    4.988e-03          8       0.446170 +/- 0.215296     -14.320356
    6.840e-03         16       0.605120 +/- 0.180747     -14.161407
    9.380e-03         34       0.679791 +/- 0.144187     -14.086736
    1.286e-02         64       0.728857 +/- 0.111282     -14.037670
    1.764e-02        124       0.744404 +/- 0.083557     -14.022123
    2.418e-02        240       0.784514 +/- 0.062291     -13.982012

  zeta                          (au^-1) =           0.700000000000
  Effective sample size                   = 500000
  Potential component                (au) =         -15.063184195119
  Standard error                        +/-           0.013833727754
  e-e interaction                    (au) =           3.589204150779
  e-n interaction                    (au) =         -21.421076782907
  Sum of e-n distances             (bohr) =           6.613697860109

  epsilon (bohr)  inside      E_kin^nda (au)            E^nda (au)

    1.935e-03          4       3.013162 +/- 1.577991     -12.050022
    2.653e-03          7       2.536420 +/- 1.092885     -12.526764
    3.638e-03          9       1.943799 +/- 0.732103     -13.119385
    4.988e-03         13       1.464904 +/- 0.472035     -13.598281
    6.840e-03         23       1.251901 +/- 0.308509     -13.811283
    9.380e-03         38       1.067461 +/- 0.205013     -13.995723
    1.286e-02         74       0.983381 +/- 0.139477     -14.079803
    1.764e-02        135       0.937362 +/- 0.097495     -14.125822
    2.418e-02        263       0.902715 +/- 0.069155     -14.160469

  zeta                          (au^-1) =           1.000000000000
  Effective sample size                   = 500000
  Potential component                (au) =         -15.681984564110
  Standard error                        +/-           0.014012493984
  e-e interaction                    (au) =           4.060222713438
  e-n interaction                    (au) =         -23.656276370064
  Sum of e-n distances             (bohr) =           5.766673827757

  epsilon (bohr)  inside      E_kin^nda (au)            E^nda (au)

    1.935e-03          4       0.756469 +/- 0.486782     -14.925515
    2.653e-03          4       1.216594 +/- 0.619796     -14.465391
    3.638e-03          8       1.062974 +/- 0.487112     -14.619011
    4.988e-03         15       1.208552 +/- 0.368681     -14.473432
    6.840e-03         30       1.208423 +/- 0.275857     -14.473562
    9.380e-03         61       1.308810 +/- 0.206410     -14.373175
    1.286e-02        109       1.339324 +/- 0.153953     -14.342660
    1.764e-02        193       1.298367 +/- 0.112675     -14.383617
    2.418e-02        411       1.344113 +/- 0.082225     -14.337871

  zeta                          (au^-1) =           1.400000000000
  Effective sample size                   = 500000
  Potential component                (au) =         -16.499779186217
  Standard error                        +/-           0.013303666595
  e-e interaction                    (au) =           4.662064535105
  e-n interaction                    (au) =         -26.525913417417
  Sum of e-n distances             (bohr) =           4.971956770496

  epsilon (bohr)  inside      E_kin^nda (au)            E^nda (au)

    1.935e-03          4       2.241621 +/- 1.395472     -14.258159
    2.653e-03          7       2.079061 +/- 0.967449     -14.420719
    3.638e-03         12       2.028471 +/- 0.690853     -14.471308
    4.988e-03         20       1.917296 +/- 0.493318     -14.582483
    6.840e-03         38       1.666288 +/- 0.341006     -14.833491
    9.380e-03         91       1.840210 +/- 0.245809     -14.659569
    1.286e-02        172       1.972983 +/- 0.184878     -14.526797
    1.764e-02        328       2.048587 +/- 0.138251     -14.451193
    2.418e-02        627       2.099724 +/- 0.102569     -14.400055

 Time taken in nodal domain averages : : :    96.0795

 Warning: keywords not read by pycasino: newrun periodic writeout_vmc_hist

 General input parameters
 ========================
 NEU (num up spin electrons)              :  2
 NED (num down spin electrons)            :  2
 RUNTYPE (type of run)                    :  vmc_opt
 PSI_S  (form for [anti]symmetrizing wfn) :  slater
 ATOM_BASIS_TYPE (atom-centred orb basis) :  slater-type
 INTERACTION (interaction type)           :  coulomb
 TESTRUN (read input data,print and stop) :  F
 PERIODIC                                 :  F
 COMPLEX_WF (complex Slater wave fn.)     :  F
 NEIGHPRINT (neighbour analysis)          :  0
 USE_JASTROW (use Jastrow factor)         :  F
 BACKFLOW (use backflow corrections)      :  T
 USE_ORBMODS (use orbitals modifications) :  F
 CUSP_CORRECTION                          :  F
 NON_LOCAL_GRID (NL integration grid)     :  4
 E_OFFSET (energy offset)                 :  0.0000
 GAUTOL  (Gaussian evaluation tolerance)  :  7.0
 SPARSE                                   :  F
 DIPOLE_MOMENT                            :  F
 RELATIVISTIC                             :  F

 VMC/optimization input parameters
 ====================
 NEWRUN (start new run)                   :  T
 VMC_METHOD (choice of VMC algorithm)     :  3
 DTVMC (VMC time step)                    :  0.02
 OPT_DTVMC (VMC time-step optimization)   :  1
 VMC_NSTEP (num VMC steps)                :  500000
 VMC_NCONFIG_WRITE (num configs to write) :  100000
 VMC_NBLOCK (num VMC blocks)              :  1
 VMC_EQUIL_NSTEP (num equil steps)        :  5000
 VMC_DECORR_PERIOD (length of inner loop) :  10
 VMC_AVE_PERIOD (hist reduction factor)   :  1
 VMC_SAMPLING                             :  standard
 OPT_CYCLES (num optimization cycles)     :  2
 POSTFIT_VMC (perform post-fit VMC calc)  :  T
 POSTFIT_KEEP_CFG (keep post-fit VMC cfgs):  F
 OPT_NOCTF_CYCLES (fixed cutoff cycles)   :  0
 OPT_INFO (information level)             :  2
 OPT_JASTROW (opt Jastrow factor)         :  F
 OPT_DET_COEFF (opt det coeffs)           :  F
 OPT_ORBITALS (opt orbitals)              :  F
 OPT_BACKFLOW (opt backflow params)       :  T
 OPT_FIXNL (fix nonlocal energy)          :  T
 OPT_MAXITER (max num iterations)         :  10
 OPT_MAXEVAL (max num evaluations)        :  200
 VM_SMOOTH_LIMITS (smooth limiting)       :  F
 VM_REWEIGHT (reweighting)                :  F
 VM_FILTER (filter outlying configs)      :  T
 VM_USE_E_GUESS (use guess energy)        :  F
 EMIN_XI_VALUE (xi parameter)             :  1.0
 VM_FILTER_THRES (filter threshold)       :  4.0
 MAKEMOVIE                                :  F
 FORCES                                   :  F

 Running VMC equilibration (5000 moves).
 Performing time-step optimization.
 Median sigma = 1/|grad ln psi| : 1.91826e-01 bohr

 ==============================
 PERFORMING A |PSI| CALCULATION.
 ==============================

 Running VMC equilibration (5000 moves).
 Performing time-step optimization.
 zeta of the walk: 5.00000e-01   DTVMC: 1.59964e-02

 Running VMC equilibration (5000 moves).
 Performing time-step optimization.
 zeta of the walk: 7.00000e-01   DTVMC: 1.32033e-02

 Running VMC equilibration (5000 moves).
 Performing time-step optimization.
 zeta of the walk: 1.00000e+00   DTVMC: 1.14935e-02

 Running VMC equilibration (5000 moves).
 Performing time-step optimization.
 zeta of the walk: 1.40000e+00   DTVMC: 8.92011e-03

 =========================================================================
 WEIGHTED NODAL DOMAIN AVERAGES

  Number of |psi| steps                   = 500000

  zeta                          (au^-1) =           0.500000000000
  Effective sample size                   = 500000
  Potential component                (au) =         -15.062855162738
  Standard error                        +/-           0.014519792410
  e-e interaction                    (au) =           3.343566968010
  e-n interaction                    (au) =         -20.464482435140
  Sum of e-n distances             (bohr) =           7.234356587205

  epsilon (bohr)  inside      E_kin^nda (au)            E^nda (au)

    1.918e-03          3       2.020165 +/- 1.349995     -13.042690
    2.630e-03          3       1.487833 +/- 0.898552     -13.575022
    3.607e-03          4       0.981840 +/- 0.559673     -14.081016
    4.946e-03         10       0.794417 +/- 0.345789     -14.268438
    6.782e-03         18       0.795736 +/- 0.234537     -14.267119
    9.300e-03         35       0.802574 +/- 0.167731     -14.260281
    1.275e-02         70       0.830135 +/- 0.122318     -14.232720
    1.749e-02        137       0.863279 +/- 0.090835     -14.199576
    2.398e-02        240       0.859239 +/- 0.066925     -14.203617

  zeta                          (au^-1) =           0.700000000000
  Effective sample size                   = 500000
  Potential component                (au) =         -15.434952937259
  Standard error                        +/-           0.014543256211
  e-e interaction                    (au) =           3.673134549165
  e-n interaction                    (au) =         -21.973439377484
  Sum of e-n distances             (bohr) =           6.476401734506

  epsilon (bohr)  inside      E_kin^nda (au)            E^nda (au)

    1.918e-03          2       1.503307 +/- 1.349328     -13.931646
    2.630e-03          2       1.052598 +/- 0.811099     -14.382355
    3.607e-03         10       1.285284 +/- 0.537327     -14.149669
    4.946e-03         16       1.238389 +/- 0.393647     -14.196564
    6.782e-03         24       1.159932 +/- 0.282526     -14.275021
    9.300e-03         43       1.074918 +/- 0.198943     -14.360035
    1.275e-02         89       1.077296 +/- 0.141589     -14.357657
    1.749e-02        161       1.109375 +/- 0.103891     -14.325578
    2.398e-02        307       1.094289 +/- 0.075697     -14.340664

  zeta                          (au^-1) =           1.000000000000
  Effective sample size                   = 500000
  Potential component                (au) =         -15.950402023801
  Standard error                        +/-           0.013922905909
  e-e interaction                    (au) =           4.148560310239
  e-n interaction                    (au) =         -24.131949778721
  Sum of e-n distances             (bohr) =           5.636503093222

  epsilon (bohr)  inside      E_kin^nda (au)            E^nda (au)

    1.918e-03          4       1.765580 +/- 0.932125     -14.184822
    2.630e-03          7       1.920077 +/- 0.844560     -14.030325
    3.607e-03         11       1.927797 +/- 0.658984     -14.022605
    4.946e-03         24       1.882725 +/- 0.479677     -14.067677
    6.782e-03         45       1.933534 +/- 0.352668     -14.016868
    9.300e-03         77       1.896553 +/- 0.257947     -14.053849
    1.275e-02        158       1.869255 +/- 0.186203     -14.081147
    1.749e-02        278       1.874152 +/- 0.135898     -14.076250
    2.398e-02        520       1.855819 +/- 0.098706     -14.094583

  zeta                          (au^-1) =           1.400000000000
  Effective sample size                   = 500000
  Potential component                (au) =         -16.752384437885
  Standard error                        +/-           0.013721798703
  e-e interaction                    (au) =           4.792869484709
  e-n interaction                    (au) =         -27.115775265529
  Sum of e-n distances             (bohr) =           4.818129913569

  epsilon (bohr)  inside      E_kin^nda (au)            E^nda (au)

    1.918e-03          5       2.275423 +/- 1.330935     -14.476961
    2.630e-03          7       2.124070 +/- 0.979248     -14.628314
    3.607e-03         12       1.890720 +/- 0.688112     -14.861664
    4.946e-03         27       1.965060 +/- 0.489956     -14.787325
    6.782e-03         47       2.006320 +/- 0.360350     -14.746064
    9.300e-03         91       2.066220 +/- 0.265244     -14.686164
    1.275e-02        197       2.211578 +/- 0.197346     -14.540807
    1.749e-02        358       2.313518 +/- 0.148101     -14.438866
    2.398e-02        662       2.299329 +/- 0.109121     -14.453055

 Time taken in nodal domain averages : : :    93.7107

 Warning: keywords not read by pycasino: newrun periodic writeout_vmc_hist

 General input parameters
 ========================
 NEU (num up spin electrons)              :  2
 NED (num down spin electrons)            :  2
 RUNTYPE (type of run)                    :  vmc_opt
 PSI_S  (form for [anti]symmetrizing wfn) :  slater
 ATOM_BASIS_TYPE (atom-centred orb basis) :  slater-type
 INTERACTION (interaction type)           :  coulomb
 TESTRUN (read input data,print and stop) :  F
 PERIODIC                                 :  F
 COMPLEX_WF (complex Slater wave fn.)     :  F
 NEIGHPRINT (neighbour analysis)          :  0
 USE_JASTROW (use Jastrow factor)         :  F
 BACKFLOW (use backflow corrections)      :  T
 USE_ORBMODS (use orbitals modifications) :  F
 CUSP_CORRECTION                          :  F
 NON_LOCAL_GRID (NL integration grid)     :  4
 E_OFFSET (energy offset)                 :  0.0000
 GAUTOL  (Gaussian evaluation tolerance)  :  7.0
 SPARSE                                   :  F
 DIPOLE_MOMENT                            :  F
 RELATIVISTIC                             :  F

 VMC/optimization input parameters
 ====================
 NEWRUN (start new run)                   :  T
 VMC_METHOD (choice of VMC algorithm)     :  3
 DTVMC (VMC time step)                    :  0.02
 OPT_DTVMC (VMC time-step optimization)   :  1
 VMC_NSTEP (num VMC steps)                :  500000
 VMC_NCONFIG_WRITE (num configs to write) :  100000
 VMC_NBLOCK (num VMC blocks)              :  1
 VMC_EQUIL_NSTEP (num equil steps)        :  5000
 VMC_DECORR_PERIOD (length of inner loop) :  10
 VMC_AVE_PERIOD (hist reduction factor)   :  1
 VMC_SAMPLING                             :  standard
 OPT_CYCLES (num optimization cycles)     :  4
 POSTFIT_VMC (perform post-fit VMC calc)  :  T
 POSTFIT_KEEP_CFG (keep post-fit VMC cfgs):  F
 OPT_NOCTF_CYCLES (fixed cutoff cycles)   :  0
 OPT_INFO (information level)             :  2
 OPT_JASTROW (opt Jastrow factor)         :  F
 OPT_DET_COEFF (opt det coeffs)           :  F
 OPT_ORBITALS (opt orbitals)              :  F
 OPT_BACKFLOW (opt backflow params)       :  T
 OPT_FIXNL (fix nonlocal energy)          :  F
 OPT_MAXITER (max num iterations)         :  10
 OPT_MAXEVAL (max num evaluations)        :  200
 VM_SMOOTH_LIMITS (smooth limiting)       :  F
 VM_REWEIGHT (reweighting)                :  F
 VM_FILTER (filter outlying configs)      :  F
 VM_USE_E_GUESS (use guess energy)        :  F
 EMIN_XI_VALUE (xi parameter)             :  1.0
 MAKEMOVIE                                :  F
 FORCES                                   :  F

 Running VMC equilibration (5000 moves).
 Performing time-step optimization.
 Median sigma = 1/|grad ln psi| : 1.91870e-01 bohr

 ==============================
 PERFORMING A |PSI| CALCULATION.
 ==============================

 Running VMC equilibration (5000 moves).
 Performing time-step optimization.
 zeta of the walk: 5.00000e-01   DTVMC: 1.59071e-02

 Running VMC equilibration (5000 moves).
 Performing time-step optimization.
 zeta of the walk: 7.00000e-01   DTVMC: 1.30526e-02

 Running VMC equilibration (5000 moves).
 Performing time-step optimization.
 zeta of the walk: 1.00000e+00   DTVMC: 1.09715e-02

 Running VMC equilibration (5000 moves).
 Performing time-step optimization.
 zeta of the walk: 1.40000e+00   DTVMC: 1.01715e-02

 =========================================================================
 WEIGHTED NODAL DOMAIN AVERAGES

  Number of |psi| steps                   = 500000

  zeta                          (au^-1) =           0.500000000000
  Effective sample size                   = 500000
  Potential component                (au) =         -15.072395008830
  Standard error                        +/-           0.014383412274
  e-e interaction                    (au) =           3.347190746074
  e-n interaction                    (au) =         -20.479526577033
  Sum of e-n distances             (bohr) =           7.225605647086

  epsilon (bohr)  inside      E_kin^nda (au)            E^nda (au)

    1.919e-03          1       0.365964 +/- 0.365964     -14.706431
    2.631e-03          1       0.376603 +/- 0.376603     -14.695792
    3.608e-03          3       0.399705 +/- 0.285777     -14.672690
    4.947e-03          6       0.482308 +/- 0.229020     -14.590087
    6.784e-03         11       0.510909 +/- 0.178439     -14.561486
    9.302e-03         25       0.534089 +/- 0.132622     -14.538306
    1.276e-02         68       0.692778 +/- 0.104600     -14.379617
    1.749e-02        123       0.768228 +/- 0.083000     -14.304167
    2.398e-02        232       0.782696 +/- 0.062788     -14.289699

  zeta                          (au^-1) =           0.700000000000
  Effective sample size                   = 500000
  Potential component                (au) =         -15.414772289553
  Standard error                        +/-           0.014296940573
  e-e interaction                    (au) =           3.663938138861
  e-n interaction                    (au) =         -21.937830822321
  Sum of e-n distances             (bohr) =           6.515057776037

  epsilon (bohr)  inside      E_kin^nda (au)            E^nda (au)

    1.919e-03          2       0.807156 +/- 0.663935     -14.607616
    2.631e-03          5       0.946008 +/- 0.587690     -14.468765
    3.608e-03          9       1.261873 +/- 0.497086     -14.152900
    4.947e-03         11       1.178952 +/- 0.382634     -14.235820
    6.784e-03         27       1.128454 +/- 0.272745     -14.286318
    9.302e-03         52       1.201212 +/- 0.200788     -14.213561
    1.276e-02         77       1.125406 +/- 0.146718     -14.289366
    1.749e-02        148       1.027938 +/- 0.103280     -14.386835
    2.398e-02        312       1.035519 +/- 0.073698     -14.379253

  zeta                          (au^-1) =           1.000000000000
  Effective sample size                   = 500000
  Potential component                (au) =         -15.920837716776
  Standard error                        +/-           0.013992079704
  e-e interaction                    (au) =           4.176418650843
  e-n interaction                    (au) =         -24.129675156825
  Sum of e-n distances             (bohr) =           5.599959216853

  epsilon (bohr)  inside      E_kin^nda (au)            E^nda (au)

    1.919e-03          3       1.716796 +/- 1.204225     -14.204042
    2.631e-03          5       1.632463 +/- 0.854639     -14.288375
    3.608e-03         10       1.594859 +/- 0.609288     -14.325979
    4.947e-03         15       1.395224 +/- 0.430359     -14.525614
    6.784e-03         26       1.250099 +/- 0.297610     -14.670738
    9.302e-03         62       1.287016 +/- 0.210648     -14.633822
    1.276e-02        139       1.449258 +/- 0.157803     -14.471579
    1.749e-02        270       1.603917 +/- 0.121093     -14.316921
    2.398e-02        501       1.703129 +/- 0.091964     -14.217708

  zeta                          (au^-1) =           1.400000000000
  Effective sample size                   = 500000
  Potential component                (au) =         -16.716443430868
  Standard error                        +/-           0.013336928825
  e-e interaction                    (au) =           4.777594425600
  e-n interaction                    (au) =         -27.036981317644
  Sum of e-n distances             (bohr) =           4.824415953372

  epsilon (bohr)  inside      E_kin^nda (au)            E^nda (au)

    1.919e-03          4       1.450096 +/- 0.809373     -15.266347
    2.631e-03          9       2.006069 +/- 0.800138     -14.710375
    3.608e-03         18       2.304216 +/- 0.678328     -14.412228
    4.947e-03         29       2.375270 +/- 0.526264     -14.341174
    6.784e-03         51       2.364193 +/- 0.390899     -14.352250
    9.302e-03        101       2.373285 +/- 0.285964     -14.343159
    1.276e-02        191       2.300489 +/- 0.207221     -14.415955
    1.749e-02        346       2.289221 +/- 0.150362     -14.427223
    2.398e-02        657       2.295313 +/- 0.109324     -14.421130

 Time taken in nodal domain averages : : :    93.5245

 =========================================================================
 NODAL SURFACE DESCRIPTOR, zeta = 0.5000

 run                                                 widest tube          1.9x narrower

 stowfn/Be/HF/QZ4P/CBCS/Backflow              0.784514 +/- 0.062291     0.728857 +/- 0.111282
 stowfn/Be/HF/QZ4P/CBCS/Backflow_varmin       0.859239 +/- 0.066925     0.830135 +/- 0.122318
 stowfn/Be/HF/QZ4P/CBCS/Backflow_emin         0.782696 +/- 0.062788     0.692778 +/- 0.104600

 =========================================================================
 NODAL SURFACE DESCRIPTOR, zeta = 0.7000

 run                                                 widest tube          1.9x narrower

 stowfn/Be/HF/QZ4P/CBCS/Backflow              0.902715 +/- 0.069155     0.983381 +/- 0.139477
 stowfn/Be/HF/QZ4P/CBCS/Backflow_varmin       1.094289 +/- 0.075697     1.077296 +/- 0.141589
 stowfn/Be/HF/QZ4P/CBCS/Backflow_emin         1.035519 +/- 0.073698     1.125406 +/- 0.146718

 =========================================================================
 NODAL SURFACE DESCRIPTOR, zeta = 1.0000

 run                                                 widest tube          1.9x narrower

 stowfn/Be/HF/QZ4P/CBCS/Backflow              1.344113 +/- 0.082225     1.339324 +/- 0.153953
 stowfn/Be/HF/QZ4P/CBCS/Backflow_varmin       1.855819 +/- 0.098706     1.869255 +/- 0.186203
 stowfn/Be/HF/QZ4P/CBCS/Backflow_emin         1.703129 +/- 0.091964     1.449258 +/- 0.157803

 =========================================================================
 NODAL SURFACE DESCRIPTOR, zeta = 1.4000

 run                                                 widest tube          1.9x narrower

 stowfn/Be/HF/QZ4P/CBCS/Backflow              2.099724 +/- 0.102569     1.972983 +/- 0.184878
 stowfn/Be/HF/QZ4P/CBCS/Backflow_varmin       2.299329 +/- 0.109121     2.211578 +/- 0.197346
 stowfn/Be/HF/QZ4P/CBCS/Backflow_emin         2.295313 +/- 0.109324     2.300489 +/- 0.207221

