
 ------------------------------------------------------------------------------
 ########::'##:::'##::'######:::::'###:::::'######::'####:'##::: ##::'#######::
 ##.... ##:. ##:'##::'##... ##:::'## ##:::'##... ##:. ##:: ###:: ##:'##.... ##:
 ##:::: ##::. ####::: ##:::..:::'##:. ##:: ##:::..::: ##:: ####: ##: ##:::: ##:
 ########::::. ##:::: ##:::::::'##:::. ##:. ######::: ##:: ## ## ##: ##:::: ##:
 ##.....:::::: ##:::: ##::::::: #########::..... ##:: ##:: ##. ####: ##:::: ##:
 ##::::::::::: ##:::: ##::: ##: ##.... ##:'##::: ##:: ##:: ##:. ###: ##:::: ##:
 ##::::::::::: ##::::. ######:: ##:::: ##:. ######::'####: ##::. ##:. #######::
 .::::::::::::..::::::......:::..:::::..:::......:::....::..::::..:::.......:::

                     Python Quantum Monte Carlo Package
                        v 0.4.0 [Vladimir Konkov]

    Main Author : Vladimir Konkov
 ------------------------------------------------------------------------------
 Started 2026/08/02 15:18:19

 Python 3.12.3 (main, Jun 19 2026, 12:46:00) [GCC 13.3.0]
 Numba 0.63.1
 Numpy 2.2.6
 Scipy 1.13.1

 Running in parallel using 4 MPI processes.

 General input parameters
 ========================
 NEU (num up spin electrons)              :  7
 NED (num down spin electrons)            :  7
 RUNTYPE (type of run)                    :  vmc
 PSI_S  (form for [anti]symmetrizing wfn) :  slater
 ATOM_BASIS_TYPE (atom-centred orb basis) :  gaussian
 INTERACTION (interaction type)           :  coulomb
 TESTRUN (read input data,print and stop) :  F
 PERIODIC                                 :  F
 COMPLEX_WF (complex Slater wave fn.)     :  F
 NEIGHPRINT (neighbour analysis)          :  0
 USE_JASTROW (use Jastrow factor)         :  F
 BACKFLOW (use backflow corrections)      :  F
 USE_ORBMODS (use orbitals modifications) :  F
 CUSP_CORRECTION                          :  T
 NON_LOCAL_GRID (NL integration grid)     :  4
 E_OFFSET (energy offset)                 :  0.0000
 GAUTOL  (Gaussian evaluation tolerance)  :  7.0
 SPARSE                                   :  F
 DIPOLE_MOMENT                            :  F
 RELATIVISTIC                             :  F

 VMC input parameters
 ====================
 NEWRUN (start new run)                   :  T
 VMC_METHOD (choice of VMC algorithm)     :  3
 DTVMC (VMC time step)                    :  0.02
 OPT_DTVMC (VMC time-step optimization)   :  T
 VMC_NSTEP (num VMC steps)                :  10000000
 VMC_NCONFIG_WRITE (num configs to write) :  0
 VMC_NBLOCK (num VMC blocks)              :  1
 VMC_EQUIL_NSTEP (num equil steps)        :  5000
 VMC_DECORR_PERIOD (length of inner loop) :  1
 VMC_AVE_PERIOD (hist reduction factor)   :  1
 VMC_SAMPLING                             :  standard
 MAKEMOVIE                                :  F
 FORCES                                   :  F

 Gaussian cusp correction
 ========================
 Activated.

 Verbose print out flagged (turn off with cusp_info : F)

 Spin restricted calculation.

 Orbital 1 at position of ion 1
 Sign of orbital at nucleus                : negative
 Cusp radius (au)                          :   0.257500000000
 Value of uncorrected orbital at nucleus   :   0.000325760849
 Value of s part of orbital at nucleus     :  -0.000006724149
 Optimum corrected s orbital at nucleus    :  -0.000023832491
 Maximum deviation from ideal local energy : 187.213944509993
 Effective nuclear charge                  : -12.950912449127

 Orbital 2 at position of ion 1
 Sign of orbital at nucleus                : positive
 Cusp radius (au)                          :   0.791000000000
 Value of uncorrected orbital at nucleus   :   0.000317183710
 Value of s part of orbital at nucleus     :   0.000305827322
 Optimum corrected s orbital at nucleus    :   0.000373999507
 Maximum deviation from ideal local energy :   0.867325852849
 Effective nuclear charge                  :   1.030364713383

 Orbital 3 at position of ion 1
 Sign of orbital at nucleus                : negative
 Cusp radius (au)                          :   0.810500000000
 Value of uncorrected orbital at nucleus   :  -0.057160952537
 Value of s part of orbital at nucleus     :  -0.042479333213
 Optimum corrected s orbital at nucleus    :  -0.045175701800
 Maximum deviation from ideal local energy :   0.018875572642
 Effective nuclear charge                  :   1.324989291560

 Orbital 4 at position of ion 1
 Sign of orbital at nucleus                : negative
 Cusp radius (au)                          :   0.762000000000
 Value of uncorrected orbital at nucleus   :  -0.172662375345
 Value of s part of orbital at nucleus     :  -0.131527951638
 Optimum corrected s orbital at nucleus    :  -0.138446131498
 Maximum deviation from ideal local energy :   0.011145127531
 Effective nuclear charge                  :   1.297115009733

 Orbital 5 at position of ion 1
 Sign of orbital at nucleus                : positive
 Cusp radius (au)                          :   0.801500000000
 Value of uncorrected orbital at nucleus   :   0.173388218197
 Value of s part of orbital at nucleus     :   0.139500473038
 Optimum corrected s orbital at nucleus    :   0.146861217172
 Maximum deviation from ideal local energy :   0.016252276876
 Effective nuclear charge                  :   1.230746726821

 Orbital 6 at position of ion 1
 Orbital s component effectively zero at this nucleus.

 Orbital 7 at position of ion 1
 Orbital s component effectively zero at this nucleus.

 Orbital 1 at position of ion 2
 Sign of orbital at nucleus                : positive
 Cusp radius (au)                          :   0.079000000000
 Value of uncorrected orbital at nucleus   :   2.971642247358
 Value of s part of orbital at nucleus     :   2.971804904755
 Optimum corrected s orbital at nucleus    :   3.000800039836
 Maximum deviation from ideal local energy :   0.036251405841
 Effective nuclear charge                  :   5.999674771936

 Orbital 2 at position of ion 2
 Sign of orbital at nucleus                : positive
 Cusp radius (au)                          :   0.079000000000
 Value of uncorrected orbital at nucleus   :   2.974285746243
 Value of s part of orbital at nucleus     :   2.974042457121
 Optimum corrected s orbital at nucleus    :   3.003007951592
 Maximum deviation from ideal local energy :   0.040920382719
 Effective nuclear charge                  :   6.000486090864

 Orbital 3 at position of ion 2
 Sign of orbital at nucleus                : positive
 Cusp radius (au)                          :   0.110500000000
 Value of uncorrected orbital at nucleus   :   0.664589646309
 Value of s part of orbital at nucleus     :   0.694479115277
 Optimum corrected s orbital at nucleus    :   0.700297852511
 Maximum deviation from ideal local energy :   0.155667842426
 Effective nuclear charge                  :   5.743913517420

 Orbital 4 at position of ion 2
 Sign of orbital at nucleus                : positive
 Cusp radius (au)                          :   0.107000000000
 Value of uncorrected orbital at nucleus   :   0.427318947015
 Value of s part of orbital at nucleus     :   0.434122856989
 Optimum corrected s orbital at nucleus    :   0.437970816134
 Maximum deviation from ideal local energy :   0.030596600542
 Effective nuclear charge                  :   5.906789543182

 Orbital 5 at position of ion 2
 Sign of orbital at nucleus                : negative
 Cusp radius (au)                          :   0.131500000000
 Value of uncorrected orbital at nucleus   :  -0.015904295400
 Value of s part of orbital at nucleus     :  -0.011203967168
 Optimum corrected s orbital at nucleus    :  -0.011147473339
 Maximum deviation from ideal local energy :  54.086163596154
 Effective nuclear charge                  :   8.529897900173

 Orbital 6 at position of ion 2
 Orbital s component effectively zero at this nucleus.

 Orbital 7 at position of ion 2
 Orbital s component effectively zero at this nucleus.

 Orbital 1 at position of ion 3
 Sign of orbital at nucleus                : positive
 Cusp radius (au)                          :   0.079000000000
 Value of uncorrected orbital at nucleus   :   2.971642247358
 Value of s part of orbital at nucleus     :   2.971804904755
 Optimum corrected s orbital at nucleus    :   3.000800039836
 Maximum deviation from ideal local energy :   0.036251405841
 Effective nuclear charge                  :   5.999674771936

 Orbital 2 at position of ion 3
 Sign of orbital at nucleus                : negative
 Cusp radius (au)                          :   0.079000000000
 Value of uncorrected orbital at nucleus   :  -2.974285746243
 Value of s part of orbital at nucleus     :  -2.974042457121
 Optimum corrected s orbital at nucleus    :  -3.003007951592
 Maximum deviation from ideal local energy :   0.040920382719
 Effective nuclear charge                  :   6.000486090864

 Orbital 3 at position of ion 3
 Sign of orbital at nucleus                : positive
 Cusp radius (au)                          :   0.110500000000
 Value of uncorrected orbital at nucleus   :   0.664589646309
 Value of s part of orbital at nucleus     :   0.694479115277
 Optimum corrected s orbital at nucleus    :   0.700297852511
 Maximum deviation from ideal local energy :   0.155667842426
 Effective nuclear charge                  :   5.743913517420

 Orbital 4 at position of ion 3
 Sign of orbital at nucleus                : negative
 Cusp radius (au)                          :   0.107000000000
 Value of uncorrected orbital at nucleus   :  -0.427318947015
 Value of s part of orbital at nucleus     :  -0.434122856989
 Optimum corrected s orbital at nucleus    :  -0.437970816134
 Maximum deviation from ideal local energy :   0.030596600542
 Effective nuclear charge                  :   5.906789543182

 Orbital 5 at position of ion 3
 Sign of orbital at nucleus                : negative
 Cusp radius (au)                          :   0.131500000000
 Value of uncorrected orbital at nucleus   :  -0.015904295400
 Value of s part of orbital at nucleus     :  -0.011203967168
 Optimum corrected s orbital at nucleus    :  -0.011147473339
 Maximum deviation from ideal local energy :  54.086163596154
 Effective nuclear charge                  :   8.529897900173

 Orbital 6 at position of ion 3
 Orbital s component effectively zero at this nucleus.

 Orbital 7 at position of ion 3
 Orbital s component effectively zero at this nucleus.

 Orbital 1 at position of ion 4
 Sign of orbital at nucleus                : negative
 Cusp radius (au)                          :   0.257500000000
 Value of uncorrected orbital at nucleus   :   0.000325760849
 Value of s part of orbital at nucleus     :  -0.000006724149
 Optimum corrected s orbital at nucleus    :  -0.000023832491
 Maximum deviation from ideal local energy : 187.213944509992
 Effective nuclear charge                  : -12.950912449126

 Orbital 2 at position of ion 4
 Sign of orbital at nucleus                : negative
 Cusp radius (au)                          :   0.791000000000
 Value of uncorrected orbital at nucleus   :  -0.000317183710
 Value of s part of orbital at nucleus     :  -0.000305827322
 Optimum corrected s orbital at nucleus    :  -0.000373999507
 Maximum deviation from ideal local energy :   0.867325852849
 Effective nuclear charge                  :   1.030364713383

 Orbital 3 at position of ion 4
 Sign of orbital at nucleus                : negative
 Cusp radius (au)                          :   0.810500000000
 Value of uncorrected orbital at nucleus   :  -0.057160952537
 Value of s part of orbital at nucleus     :  -0.042479333213
 Optimum corrected s orbital at nucleus    :  -0.045175701800
 Maximum deviation from ideal local energy :   0.018875572642
 Effective nuclear charge                  :   1.324989291560

 Orbital 4 at position of ion 4
 Sign of orbital at nucleus                : positive
 Cusp radius (au)                          :   0.762000000000
 Value of uncorrected orbital at nucleus   :   0.172662375345
 Value of s part of orbital at nucleus     :   0.131527951638
 Optimum corrected s orbital at nucleus    :   0.138446131498
 Maximum deviation from ideal local energy :   0.011145127531
 Effective nuclear charge                  :   1.297115009733

 Orbital 5 at position of ion 4
 Sign of orbital at nucleus                : positive
 Cusp radius (au)                          :   0.801500000000
 Value of uncorrected orbital at nucleus   :   0.173388218197
 Value of s part of orbital at nucleus     :   0.139500473038
 Optimum corrected s orbital at nucleus    :   0.146861217172
 Maximum deviation from ideal local energy :   0.016252276876
 Effective nuclear charge                  :   1.230746726821

 Orbital 6 at position of ion 4
 Orbital s component effectively zero at this nucleus.

 Orbital 7 at position of ion 4
 Orbital s component effectively zero at this nucleus.

 Maximum deviation from ideal (averaged over orbitals) :  24.247714316757.

 ====================================
 PERFORMING A SINGLE VMC CALCULATION.
 ====================================


 BEGIN VMC CALCULATION
 =====================

 Running VMC equilibration (5000 moves).
 Performing time-step optimization.
 Optimized step size: 0.09863
 DTVMC: 0.00324

 Starting VMC.

 =========================================================================
 In block : 1
  Number of VMC steps           = 10000000

  Block average energies (au)

  Total energy                       (au) =         -76.855513335767
  Standard error                        +/-           0.001291128806

  Constant energy contributions      (au) =          24.777773640899

  Variance of local energy           (au) =          16.670134271461
  Standard error                        +/-           0.000000000000

 Time taken in block    : : :       752.2472

 =========================================================================
 FINAL RESULT:

  VMC energy (au)    Standard error      Correction for serial correlation

 -76.855513335767 +/- 0.001291128806      No correction
 -76.855513335767 +/- 0.004746087788      Correlation time method
 -76.855513335767 +/- 0.008730942110      On-the-fly reblocking method

 Sample variance of E_L (au^2/sim.cell) : 16.670134271461


 =========================================================================

 Total PyCasino real time : : :    808.0463
