
 ------------------------------------------------------------------------------
 ########::'##:::'##::'######:::::'###:::::'######::'####:'##::: ##::'#######::
 ##.... ##:. ##:'##::'##... ##:::'## ##:::'##... ##:. ##:: ###:: ##:'##.... ##:
 ##:::: ##::. ####::: ##:::..:::'##:. ##:: ##:::..::: ##:: ####: ##: ##:::: ##:
 ########::::. ##:::: ##:::::::'##:::. ##:. ######::: ##:: ## ## ##: ##:::: ##:
 ##.....:::::: ##:::: ##::::::: #########::..... ##:: ##:: ##. ####: ##:::: ##:
 ##::::::::::: ##:::: ##::: ##: ##.... ##:'##::: ##:: ##:: ##:. ###: ##:::: ##:
 ##::::::::::: ##::::. ######:: ##:::: ##:. ######::'####: ##::. ##:. #######::
 .::::::::::::..::::::......:::..:::::..:::......:::....::..::::..:::.......:::

                     Python Quantum Monte Carlo Package
                        v 0.4.0 [Vladimir Konkov]

    Main Author : Vladimir Konkov
 ------------------------------------------------------------------------------
 Started 2026/09/11 21:57:37

 Python 3.12.3 (main, Aug 31 2026, 10:18:26) [GCC 13.3.0]
 Numba 0.67.0
 Numpy 2.2.6
 Scipy 1.13.1

 Running in parallel using 4 MPI processes.

 Warning: keywords not read by pycasino: newrun periodic writeout_vmc_hist

 General input parameters
 ========================
 NEU (num up spin electrons)              :  2
 NED (num down spin electrons)            :  2
 RUNTYPE (type of run)                    :  vmc
 PSI_S  (form for [anti]symmetrizing wfn) :  slater
 ATOM_BASIS_TYPE (atom-centred orb basis) :  slater-type
 INTERACTION (interaction type)           :  coulomb
 TESTRUN (read input data,print and stop) :  F
 PERIODIC                                 :  F
 COMPLEX_WF (complex Slater wave fn.)     :  F
 NEIGHPRINT (neighbour analysis)          :  0
 USE_JASTROW (use Jastrow factor)         :  F
 BACKFLOW (use backflow corrections)      :  T
 USE_ORBMODS (use orbitals modifications) :  F
 CUSP_CORRECTION                          :  F
 NON_LOCAL_GRID (NL integration grid)     :  4
 E_OFFSET (energy offset)                 :  0.0000
 GAUTOL  (Gaussian evaluation tolerance)  :  7.0
 SPARSE                                   :  F
 DIPOLE_MOMENT                            :  F
 RELATIVISTIC                             :  F

 VMC input parameters
 ====================
 NEWRUN (start new run)                   :  T
 VMC_METHOD (choice of VMC algorithm)     :  3
 DTVMC (VMC time step)                    :  0.02
 OPT_DTVMC (VMC time-step optimization)   :  1
 VMC_NSTEP (num VMC steps)                :  10000000
 VMC_NCONFIG_WRITE (num configs to write) :  0
 VMC_NBLOCK (num VMC blocks)              :  10
 VMC_EQUIL_NSTEP (num equil steps)        :  5000
 VMC_DECORR_PERIOD (length of inner loop) :  10
 VMC_AVE_PERIOD (hist reduction factor)   :  1
 VMC_SAMPLING                             :  standard
 MAKEMOVIE                                :  F
 FORCES                                   :  F

 Median sigma = 1/|grad ln psi| : 1.62726e-01 bohr

 ==============================
 PERFORMING A |PSI| CALCULATION.
 ==============================

 zeta of the walk: 1.00000e+00   DTVMC: 8.81306e-03

 =========================================================================
 WEIGHTED NODAL DOMAIN AVERAGES

  Number of |psi| steps                   = 10000000

  zeta                          (au^-1) =           1.000000000000
  Effective sample size                   = 10000000
  Potential component                (au) =          -8.595693736225
  Standard error                        +/-           0.002237085202
  e-e interaction                    (au) =           2.063153938535
  e-n interaction                    (au) =         -11.545130233013
  Sum of e-n distances             (bohr) =          10.854406872480

  epsilon (bohr)  inside      E_kin^nda (au)            E^nda (au)

    1.627e-03        341      12.378803 +/- 0.829513       3.783109
    2.231e-03        592      12.366485 +/- 0.610603       3.770791
    3.060e-03       1137      12.185126 +/- 0.443584       3.589433
    4.196e-03       2147      12.229687 +/- 0.322702       3.633993
    5.753e-03       4027      12.237961 +/- 0.235475       3.642267
    7.889e-03       7580      12.174504 +/- 0.171492       3.578811
    1.082e-02      14331      12.201984 +/- 0.124965       3.606290
    1.483e-02      27332      12.257627 +/- 0.091168       3.661934
    2.034e-02      51956      12.395649 +/- 0.066678       3.799956

 Time taken in nodal domain averages : : :    493.4763

 Warning: keywords not read by pycasino: newrun periodic writeout_vmc_hist

 General input parameters
 ========================
 NEU (num up spin electrons)              :  2
 NED (num down spin electrons)            :  2
 RUNTYPE (type of run)                    :  vmc
 PSI_S  (form for [anti]symmetrizing wfn) :  slater
 ATOM_BASIS_TYPE (atom-centred orb basis) :  slater-type
 INTERACTION (interaction type)           :  coulomb
 TESTRUN (read input data,print and stop) :  F
 PERIODIC                                 :  F
 COMPLEX_WF (complex Slater wave fn.)     :  F
 NEIGHPRINT (neighbour analysis)          :  0
 USE_JASTROW (use Jastrow factor)         :  F
 BACKFLOW (use backflow corrections)      :  T
 USE_ORBMODS (use orbitals modifications) :  F
 CUSP_CORRECTION                          :  F
 NON_LOCAL_GRID (NL integration grid)     :  4
 E_OFFSET (energy offset)                 :  0.0000
 GAUTOL  (Gaussian evaluation tolerance)  :  7.0
 SPARSE                                   :  F
 DIPOLE_MOMENT                            :  F
 RELATIVISTIC                             :  F

 VMC input parameters
 ====================
 NEWRUN (start new run)                   :  T
 VMC_METHOD (choice of VMC algorithm)     :  3
 DTVMC (VMC time step)                    :  0.02
 OPT_DTVMC (VMC time-step optimization)   :  1
 VMC_NSTEP (num VMC steps)                :  10000000
 VMC_NCONFIG_WRITE (num configs to write) :  0
 VMC_NBLOCK (num VMC blocks)              :  1
 VMC_EQUIL_NSTEP (num equil steps)        :  5000
 VMC_DECORR_PERIOD (length of inner loop) :  10
 VMC_AVE_PERIOD (hist reduction factor)   :  1
 VMC_SAMPLING                             :  standard
 MAKEMOVIE                                :  F
 FORCES                                   :  F

 Median sigma = 1/|grad ln psi| : 1.68127e-01 bohr

 ==============================
 PERFORMING A |PSI| CALCULATION.
 ==============================

 zeta of the walk: 1.00000e+00   DTVMC: 1.14752e-02

 =========================================================================
 WEIGHTED NODAL DOMAIN AVERAGES

  Number of |psi| steps                   = 10000000

  zeta                          (au^-1) =           1.000000000000
  Effective sample size                   = 10000000
  Potential component                (au) =          -9.135805482032
  Standard error                        +/-           0.002429170533
  e-e interaction                    (au) =           2.191798902163
  e-n interaction                    (au) =         -12.436805845593
  Sum of e-n distances             (bohr) =          10.698271432874

  epsilon (bohr)  inside      E_kin^nda (au)            E^nda (au)

    1.681e-03        296      10.442254 +/- 0.738506       1.306448
    2.305e-03        559      10.629373 +/- 0.543937       1.493568
    3.161e-03       1061      10.599379 +/- 0.398276       1.463574
    4.335e-03       2061      10.693956 +/- 0.291132       1.558151
    5.944e-03       3874      10.852813 +/- 0.213605       1.717007
    8.151e-03       7338      10.939479 +/- 0.156566       1.803674
    1.118e-02      13884      11.039811 +/- 0.114696       1.904006
    1.533e-02      26267      11.098216 +/- 0.083908       1.962411
    2.102e-02      50030      11.192823 +/- 0.061353       2.057018

 Time taken in nodal domain averages : : :    494.9203

 =========================================================================
 NODAL SURFACE DESCRIPTOR, zeta = 1.0000

 run                                                 widest tube          1.9x narrower

 vmc/Backflow                                12.395649 +/- 0.066678    12.201984 +/- 0.124965
 vmc/Backflow_02                             11.192823 +/- 0.061353    11.039811 +/- 0.114696

