
 ------------------------------------------------------------------------------
 ########::'##:::'##::'######:::::'###:::::'######::'####:'##::: ##::'#######::
 ##.... ##:. ##:'##::'##... ##:::'## ##:::'##... ##:. ##:: ###:: ##:'##.... ##:
 ##:::: ##::. ####::: ##:::..:::'##:. ##:: ##:::..::: ##:: ####: ##: ##:::: ##:
 ########::::. ##:::: ##:::::::'##:::. ##:. ######::: ##:: ## ## ##: ##:::: ##:
 ##.....:::::: ##:::: ##::::::: #########::..... ##:: ##:: ##. ####: ##:::: ##:
 ##::::::::::: ##:::: ##::: ##: ##.... ##:'##::: ##:: ##:: ##:. ###: ##:::: ##:
 ##::::::::::: ##::::. ######:: ##:::: ##:. ######::'####: ##::. ##:. #######::
 .::::::::::::..::::::......:::..:::::..:::......:::....::..::::..:::.......:::

                     Python Quantum Monte Carlo Package
                        v 0.4.0 [Vladimir Konkov]

    Main Author : Vladimir Konkov
 ------------------------------------------------------------------------------
 Started 2026/08/15 14:47:29

 Python 3.12.3 (main, Jun 19 2026, 12:46:00) [GCC 13.3.0]
 Numba 0.63.1
 Numpy 2.2.6
 Scipy 1.13.1

 Running in parallel using 4 MPI processes.

 General input parameters
 ========================
 NEU (num up spin electrons)              :  9
 NED (num down spin electrons)            :  9
 RUNTYPE (type of run)                    :  vmc
 PSI_S  (form for [anti]symmetrizing wfn) :  slater
 ATOM_BASIS_TYPE (atom-centred orb basis) :  slater-type
 INTERACTION (interaction type)           :  coulomb
 TESTRUN (read input data,print and stop) :  F
 PERIODIC                                 :  F
 COMPLEX_WF (complex Slater wave fn.)     :  F
 NEIGHPRINT (neighbour analysis)          :  0
 USE_JASTROW (use Jastrow factor)         :  F
 BACKFLOW (use backflow corrections)      :  F
 USE_ORBMODS (use orbitals modifications) :  F
 CUSP_CORRECTION                          :  F
 NON_LOCAL_GRID (NL integration grid)     :  4
 E_OFFSET (energy offset)                 :  0.0000
 GAUTOL  (Gaussian evaluation tolerance)  :  7.0
 SPARSE                                   :  F
 DIPOLE_MOMENT                            :  F
 RELATIVISTIC                             :  F

 VMC input parameters
 ====================
 NEWRUN (start new run)                   :  T
 VMC_METHOD (choice of VMC algorithm)     :  3
 DTVMC (VMC time step)                    :  0.02
 OPT_DTVMC (VMC time-step optimization)   :  T
 VMC_NSTEP (num VMC steps)                :  100000000
 VMC_NCONFIG_WRITE (num configs to write) :  0
 VMC_NBLOCK (num VMC blocks)              :  10
 VMC_EQUIL_NSTEP (num equil steps)        :  5000
 VMC_DECORR_PERIOD (length of inner loop) :  10
 VMC_AVE_PERIOD (hist reduction factor)   :  1
 VMC_SAMPLING                             :  standard
 MAKEMOVIE                                :  F
 FORCES                                   :  F

 ====================================
 PERFORMING A SINGLE VMC CALCULATION.
 ====================================


 BEGIN VMC CALCULATION
 =====================

 Running VMC equilibration (5000 moves).
 Performing time-step optimization.
 DTVMC: 5.06386e-04

 Starting VMC.

 =========================================================================
 In block : 1
  Number of VMC steps           = 10000000

  Block average energies (au)

  Total energy                       (au) =        -526.815345214761
  Standard error                        +/-           0.003674316001

  Constant energy contributions      (au) =           0.000000000000

  Variance of local energy           (au) =         135.005967279463
  Standard error                        +/-           0.000000000000

 Time taken in block    : : :       557.4708

 =========================================================================
 In block : 2
  Number of VMC steps           = 10000000

  Block average energies (au)

  Total energy                       (au) =        -526.814125850521
  Standard error                        +/-           0.003619795444

  Constant energy contributions      (au) =           0.000000000000

  Variance of local energy           (au) =         131.029177450433
  Standard error                        +/-           0.000000000000

 Time taken in block    : : :       544.2404

 =========================================================================
 In block : 3
  Number of VMC steps           = 10000000

  Block average energies (au)

  Total energy                       (au) =        -526.823235172724
  Standard error                        +/-           0.003631662821

  Constant energy contributions      (au) =           0.000000000000

  Variance of local energy           (au) =         131.889735244194
  Standard error                        +/-           0.000000000000

 Time taken in block    : : :       542.3036

 =========================================================================
 In block : 4
  Number of VMC steps           = 10000000

  Block average energies (au)

  Total energy                       (au) =        -526.802821322274
  Standard error                        +/-           0.003639412722

  Constant energy contributions      (au) =           0.000000000000

  Variance of local energy           (au) =         132.453236375174
  Standard error                        +/-           0.000000000000

 Time taken in block    : : :       540.2349

 =========================================================================
 In block : 5
  Number of VMC steps           = 10000000

  Block average energies (au)

  Total energy                       (au) =        -526.830986600597
  Standard error                        +/-           0.003621326065

  Constant energy contributions      (au) =           0.000000000000

  Variance of local energy           (au) =         131.140011571721
  Standard error                        +/-           0.000000000000

 Time taken in block    : : :       541.4193

 =========================================================================
 In block : 6
  Number of VMC steps           = 10000000

  Block average energies (au)

  Total energy                       (au) =        -526.800973546490
  Standard error                        +/-           0.003623400285

  Constant energy contributions      (au) =           0.000000000000

  Variance of local energy           (au) =         131.290283139305
  Standard error                        +/-           0.000000000000

 Time taken in block    : : :       540.8656

 =========================================================================
 In block : 7
  Number of VMC steps           = 10000000

  Block average energies (au)

  Total energy                       (au) =        -526.817288643371
  Standard error                        +/-           0.003627721812

  Constant energy contributions      (au) =           0.000000000000

  Variance of local energy           (au) =         131.603642269520
  Standard error                        +/-           0.000000000000

 Time taken in block    : : :       540.1009

 =========================================================================
 In block : 8
  Number of VMC steps           = 10000000

  Block average energies (au)

  Total energy                       (au) =        -526.814608525884
  Standard error                        +/-           0.003657560365

  Constant energy contributions      (au) =           0.000000000000

  Variance of local energy           (au) =         133.777464827318
  Standard error                        +/-           0.000000000000

 Time taken in block    : : :       542.0592

 =========================================================================
 In block : 9
  Number of VMC steps           = 10000000

  Block average energies (au)

  Total energy                       (au) =        -526.812640211197
  Standard error                        +/-           0.003617147673

  Constant energy contributions      (au) =           0.000000000000

  Variance of local energy           (au) =         130.837559763367
  Standard error                        +/-           0.000000000000

 Time taken in block    : : :       543.1840

 =========================================================================
 In block : 10
  Number of VMC steps           = 10000000

  Block average energies (au)

  Total energy                       (au) =        -526.804785793807
  Standard error                        +/-           0.003605879826

  Constant energy contributions      (au) =           0.000000000000

  Variance of local energy           (au) =         130.023680194943
  Standard error                        +/-           0.000000000000

 Time taken in block    : : :       543.4368

 =========================================================================
 FINAL RESULT:

  VMC energy (au)    Standard error      Correction for serial correlation

 -526.813681088161 +/- 0.001148499690      No correction
 -526.813681088161 +/- 0.002866874685      Correlation time method
 -526.813681088161 +/- 0.002620615217      On-the-fly reblocking method

 Sample variance of E_L (au^2/sim.cell) : 131.905152534428


 =========================================================================

 Total PyCasino real time : : :    5507.2357
