

*******************************************************************************
Sat Jan 10 15:32:22 2026


FIT:    data read from "time.dat" using 2:3
        format = x:z
        #datapoints = 7
        residuals are weighted equally (unit weight)

function used for fitting: f1(x)
	f1(x) = a1*x+b1
fitted parameters initialized with current variable values

iter      chisq       delta/lim  lambda   a1            b1           
   0 1.5385000000e+04   0.00e+00  1.68e+02    1.000000e+00   1.000000e+00
   6 6.9103854509e+02  -3.53e-08  1.68e-04    1.048624e+00   3.834523e+01

After 6 iterations the fit converged.
final sum of squares of residuals : 691.039
rel. change during last iteration : -3.52558e-13

degrees of freedom    (FIT_NDF)                        : 5
rms of residuals      (FIT_STDFIT) = sqrt(WSSR/ndf)    : 11.7562
variance of residuals (reduced chisquare) = WSSR/ndf   : 138.208

Final set of parameters            Asymptotic Standard Error
=======================            ==========================
a1              = 1.04862          +/- 0.02509      (2.393%)
b1              = 38.3452          +/- 5.945        (15.51%)

correlation matrix of the fit parameters:
                a1     b1     
a1              1.000 
b1             -0.664  1.000 


*******************************************************************************
Sat Jan 10 15:32:22 2026


FIT:    data read from "time.dat" using 4:5
        format = x:z
        #datapoints = 7
        residuals are weighted equally (unit weight)

function used for fitting: f2(x)
	f2(x) = a2*x+b2
fitted parameters initialized with current variable values

iter      chisq       delta/lim  lambda   a2            b2           
   0 1.5654860000e+06   0.00e+00  2.54e+02    1.000000e+00   1.000000e+00
   6 1.1308143974e+03  -1.43e-07  2.54e-04    2.291119e+00   1.340994e+01

After 6 iterations the fit converged.
final sum of squares of residuals : 1130.81
rel. change during last iteration : -1.42881e-12

degrees of freedom    (FIT_NDF)                        : 5
rms of residuals      (FIT_STDFIT) = sqrt(WSSR/ndf)    : 15.0387
variance of residuals (reduced chisquare) = WSSR/ndf   : 226.163

Final set of parameters            Asymptotic Standard Error
=======================            ==========================
a2              = 2.29112          +/- 0.02104      (0.9185%)
b2              = 13.4099          +/- 7.57         (56.45%)

correlation matrix of the fit parameters:
                a2     b2     
a2              1.000 
b2             -0.660  1.000 


*******************************************************************************
Sat Jan 10 15:32:22 2026


FIT:    data read from "time.dat" using 6:7
        format = x:z
        #datapoints = 7
        residuals are weighted equally (unit weight)

function used for fitting: f3(x)
	f3(x) = a3*x+b3
fitted parameters initialized with current variable values

iter      chisq       delta/lim  lambda   a3            b3           
   0 5.5600608000e+07   0.00e+00  1.10e+03    1.000000e+00   1.000000e+00
   6 1.6823326327e+06  -1.93e-03  1.10e-03    2.730098e+00   1.503461e+02

After 6 iterations the fit converged.
final sum of squares of residuals : 1.68233e+06
rel. change during last iteration : -1.92896e-08

degrees of freedom    (FIT_NDF)                        : 5
rms of residuals      (FIT_STDFIT) = sqrt(WSSR/ndf)    : 580.057
variance of residuals (reduced chisquare) = WSSR/ndf   : 336467

Final set of parameters            Asymptotic Standard Error
=======================            ==========================
a3              = 2.7301           +/- 0.18         (6.594%)
b3              = 150.346          +/- 278.9        (185.5%)

correlation matrix of the fit parameters:
                a3     b3     
a3              1.000 
b3             -0.618  1.000 


*******************************************************************************
Sat Jan 10 15:32:22 2026


FIT:    data read from "time.dat" using 8:9
        format = x:z
        #datapoints = 7
        residuals are weighted equally (unit weight)

function used for fitting: f4(x)
	f4(x) = a4*x+b4
fitted parameters initialized with current variable values

iter      chisq       delta/lim  lambda   a4            b4           
   0 7.1840695000e+07   0.00e+00  1.67e+03    1.000000e+00   1.000000e+00
   6 1.0662983576e+07  -2.44e-02  1.67e-03    2.324471e+00  -2.551188e+02

After 6 iterations the fit converged.
final sum of squares of residuals : 1.0663e+07
rel. change during last iteration : -2.43814e-07

degrees of freedom    (FIT_NDF)                        : 5
rms of residuals      (FIT_STDFIT) = sqrt(WSSR/ndf)    : 1460.34
variance of residuals (reduced chisquare) = WSSR/ndf   : 2.1326e+06

Final set of parameters            Asymptotic Standard Error
=======================            ==========================
a4              = 2.32447          +/- 0.3259       (14.02%)
b4              = -255.119         +/- 769.9        (301.8%)

correlation matrix of the fit parameters:
                a4     b4     
a4              1.000 
b4             -0.697  1.000 


*******************************************************************************
Sat Jan 10 15:32:22 2026


FIT:    data read from "time.dat" using 10:11
        format = x:z
        #datapoints = 7
        residuals are weighted equally (unit weight)

function used for fitting: f5(x)
	f5(x) = a5*x+b5
fitted parameters initialized with current variable values

iter      chisq       delta/lim  lambda   a5            b5           
   0 4.1537225200e+08   0.00e+00  8.48e+03    1.000000e+00   1.000000e+00
   3 3.6174931471e+08  -6.67e-01  8.48e+00    1.230698e+00   1.413532e+00

After 3 iterations the fit converged.
final sum of squares of residuals : 3.61749e+08
rel. change during last iteration : -6.66924e-06

degrees of freedom    (FIT_NDF)                        : 5
rms of residuals      (FIT_STDFIT) = sqrt(WSSR/ndf)    : 8505.87
variance of residuals (reduced chisquare) = WSSR/ndf   : 7.23499e+07

Final set of parameters            Asymptotic Standard Error
=======================            ==========================
a5              = 1.2307           +/- 0.3354       (27.26%)
b5              = 1.41353          +/- 4024         (2.847e+05%)

correlation matrix of the fit parameters:
                a5     b5     
a5              1.000 
b5             -0.601  1.000 


*******************************************************************************
Sat Jan 10 15:32:22 2026


FIT:    data read from "time.dat" using 12:13
        format = x:z
        #datapoints = 7
        residuals are weighted equally (unit weight)

function used for fitting: f6(x)
	f6(x) = a6*x+b6
fitted parameters initialized with current variable values

iter      chisq       delta/lim  lambda   a6            b6           
   0 8.3924020000e+06   0.00e+00  1.14e+03    1.000000e+00   1.000000e+00
   6 3.7139247918e+05  -1.53e-02  1.14e-03    1.596681e+00   1.615854e+02

After 6 iterations the fit converged.
final sum of squares of residuals : 371392
rel. change during last iteration : -1.53149e-07

degrees of freedom    (FIT_NDF)                        : 5
rms of residuals      (FIT_STDFIT) = sqrt(WSSR/ndf)    : 272.541
variance of residuals (reduced chisquare) = WSSR/ndf   : 74278.5

Final set of parameters            Asymptotic Standard Error
=======================            ==========================
a6              = 1.59668          +/- 0.08377      (5.247%)
b6              = 161.585          +/- 134.8        (83.4%)

correlation matrix of the fit parameters:
                a6     b6     
a6              1.000 
b6             -0.645  1.000 


*******************************************************************************
Tue Jun 30 17:34:01 2026


FIT:    data read from "time.dat" using 2:3
        format = x:z
        #datapoints = 7
        residuals are weighted equally (unit weight)

function used for fitting: f1(x)
	f1(x) = a1*x+b1
fitted parameters initialized with current variable values

iter      chisq       delta/lim  lambda   a1            b1           
   0 1.5385000000e+04   0.00e+00  1.68e+02    1.000000e+00   1.000000e+00
   6 6.9103854509e+02  -3.53e-08  1.68e-04    1.048624e+00   3.834523e+01

After 6 iterations the fit converged.
final sum of squares of residuals : 691.039
rel. change during last iteration : -3.52558e-13

degrees of freedom    (FIT_NDF)                        : 5
rms of residuals      (FIT_STDFIT) = sqrt(WSSR/ndf)    : 11.7562
variance of residuals (reduced chisquare) = WSSR/ndf   : 138.208

Final set of parameters            Asymptotic Standard Error
=======================            ==========================
a1              = 1.04862          +/- 0.02509      (2.393%)
b1              = 38.3452          +/- 5.945        (15.51%)

correlation matrix of the fit parameters:
                a1     b1     
a1              1.000 
b1             -0.664  1.000 


*******************************************************************************
Tue Jun 30 17:34:01 2026


FIT:    data read from "time.dat" using 4:5
        format = x:z
        #datapoints = 7
        residuals are weighted equally (unit weight)

function used for fitting: f2(x)
	f2(x) = a2*x+b2
fitted parameters initialized with current variable values

iter      chisq       delta/lim  lambda   a2            b2           
   0 1.3715140000e+06   0.00e+00  2.54e+02    1.000000e+00   1.000000e+00
   5 6.9890723279e+03  -9.49e-01  2.54e-03    2.203142e+00   1.402497e+01

After 5 iterations the fit converged.
final sum of squares of residuals : 6989.07
rel. change during last iteration : -9.49401e-06

degrees of freedom    (FIT_NDF)                        : 5
rms of residuals      (FIT_STDFIT) = sqrt(WSSR/ndf)    : 37.3874
variance of residuals (reduced chisquare) = WSSR/ndf   : 1397.81

Final set of parameters            Asymptotic Standard Error
=======================            ==========================
a2              = 2.20314          +/- 0.05232      (2.375%)
b2              = 14.025           +/- 18.82        (134.2%)

correlation matrix of the fit parameters:
                a2     b2     
a2              1.000 
b2             -0.660  1.000 


*******************************************************************************
Tue Jun 30 17:34:01 2026


FIT:    data read from "time.dat" using 6:7
        format = x:z
        #datapoints = 7
        residuals are weighted equally (unit weight)

function used for fitting: f3(x)
	f3(x) = a3*x+b3
fitted parameters initialized with current variable values

iter      chisq       delta/lim  lambda   a3            b3           
   0 5.5600608000e+07   0.00e+00  1.10e+03    1.000000e+00   1.000000e+00
   6 1.6823326327e+06  -1.93e-03  1.10e-03    2.730098e+00   1.503461e+02

After 6 iterations the fit converged.
final sum of squares of residuals : 1.68233e+06
rel. change during last iteration : -1.92896e-08

degrees of freedom    (FIT_NDF)                        : 5
rms of residuals      (FIT_STDFIT) = sqrt(WSSR/ndf)    : 580.057
variance of residuals (reduced chisquare) = WSSR/ndf   : 336467

Final set of parameters            Asymptotic Standard Error
=======================            ==========================
a3              = 2.7301           +/- 0.18         (6.594%)
b3              = 150.346          +/- 278.9        (185.5%)

correlation matrix of the fit parameters:
                a3     b3     
a3              1.000 
b3             -0.618  1.000 


*******************************************************************************
Tue Jun 30 17:34:01 2026


FIT:    data read from "time.dat" using 8:9
        format = x:z
        #datapoints = 7
        residuals are weighted equally (unit weight)

function used for fitting: f4(x)
	f4(x) = a4*x+b4
fitted parameters initialized with current variable values

iter      chisq       delta/lim  lambda   a4            b4           
   0 7.1840695000e+07   0.00e+00  1.67e+03    1.000000e+00   1.000000e+00
   6 1.0662983576e+07  -2.44e-02  1.67e-03    2.324471e+00  -2.551188e+02

After 6 iterations the fit converged.
final sum of squares of residuals : 1.0663e+07
rel. change during last iteration : -2.43814e-07

degrees of freedom    (FIT_NDF)                        : 5
rms of residuals      (FIT_STDFIT) = sqrt(WSSR/ndf)    : 1460.34
variance of residuals (reduced chisquare) = WSSR/ndf   : 2.1326e+06

Final set of parameters            Asymptotic Standard Error
=======================            ==========================
a4              = 2.32447          +/- 0.3259       (14.02%)
b4              = -255.119         +/- 769.9        (301.8%)

correlation matrix of the fit parameters:
                a4     b4     
a4              1.000 
b4             -0.697  1.000 


*******************************************************************************
Tue Jun 30 17:34:01 2026


FIT:    data read from "time.dat" using 10:11
        format = x:z
        #datapoints = 7
        residuals are weighted equally (unit weight)

function used for fitting: f5(x)
	f5(x) = a5*x+b5
fitted parameters initialized with current variable values

iter      chisq       delta/lim  lambda   a5            b5           
   0 2.1473996000e+07   0.00e+00  1.15e+04    1.000000e+00   1.000000e+00
   2 2.1460030408e+07  -5.25e-01  1.15e+02    1.002750e+00   9.955568e-01

After 2 iterations the fit converged.
final sum of squares of residuals : 2.146e+07
rel. change during last iteration : -5.25174e-06

degrees of freedom    (FIT_NDF)                        : 5
rms of residuals      (FIT_STDFIT) = sqrt(WSSR/ndf)    : 2071.72
variance of residuals (reduced chisquare) = WSSR/ndf   : 4.29201e+06

Final set of parameters            Asymptotic Standard Error
=======================            ==========================
a5              = 1.00275          +/- 0.05687      (5.671%)
b5              = 0.995557         +/- 921.9        (9.26e+04%)

correlation matrix of the fit parameters:
                a5     b5     
a5              1.000 
b5             -0.528  1.000 


*******************************************************************************
Tue Jun 30 17:34:01 2026


FIT:    data read from "time.dat" using 12:13
        format = x:z
        #datapoints = 7
        residuals are weighted equally (unit weight)

function used for fitting: f6(x)
	f6(x) = a6*x+b6
fitted parameters initialized with current variable values

iter      chisq       delta/lim  lambda   a6            b6           
   0 8.3924020000e+06   0.00e+00  1.14e+03    1.000000e+00   1.000000e+00
   6 3.7139247918e+05  -1.53e-02  1.14e-03    1.596681e+00   1.615854e+02

After 6 iterations the fit converged.
final sum of squares of residuals : 371392
rel. change during last iteration : -1.53149e-07

degrees of freedom    (FIT_NDF)                        : 5
rms of residuals      (FIT_STDFIT) = sqrt(WSSR/ndf)    : 272.541
variance of residuals (reduced chisquare) = WSSR/ndf   : 74278.5

Final set of parameters            Asymptotic Standard Error
=======================            ==========================
a6              = 1.59668          +/- 0.08377      (5.247%)
b6              = 161.585          +/- 134.8        (83.4%)

correlation matrix of the fit parameters:
                a6     b6     
a6              1.000 
b6             -0.645  1.000 


*******************************************************************************
Tue Jun 30 17:34:41 2026


FIT:    data read from "time.dat" using 2:3
        format = x:z
        #datapoints = 7
        residuals are weighted equally (unit weight)

function used for fitting: f1(x)
	f1(x) = a1*x+b1
fitted parameters initialized with current variable values

iter      chisq       delta/lim  lambda   a1            b1           
   0 1.5385000000e+04   0.00e+00  1.68e+02    1.000000e+00   1.000000e+00
   6 6.9103854509e+02  -3.53e-08  1.68e-04    1.048624e+00   3.834523e+01

After 6 iterations the fit converged.
final sum of squares of residuals : 691.039
rel. change during last iteration : -3.52558e-13

degrees of freedom    (FIT_NDF)                        : 5
rms of residuals      (FIT_STDFIT) = sqrt(WSSR/ndf)    : 11.7562
variance of residuals (reduced chisquare) = WSSR/ndf   : 138.208

Final set of parameters            Asymptotic Standard Error
=======================            ==========================
a1              = 1.04862          +/- 0.02509      (2.393%)
b1              = 38.3452          +/- 5.945        (15.51%)

correlation matrix of the fit parameters:
                a1     b1     
a1              1.000 
b1             -0.664  1.000 


*******************************************************************************
Tue Jun 30 17:34:41 2026


FIT:    data read from "time.dat" using 4:5
        format = x:z
        #datapoints = 7
        residuals are weighted equally (unit weight)

function used for fitting: f2(x)
	f2(x) = a2*x+b2
fitted parameters initialized with current variable values

iter      chisq       delta/lim  lambda   a2            b2           
   0 1.3715140000e+06   0.00e+00  2.54e+02    1.000000e+00   1.000000e+00
   5 6.9890723279e+03  -9.49e-01  2.54e-03    2.203142e+00   1.402497e+01

After 5 iterations the fit converged.
final sum of squares of residuals : 6989.07
rel. change during last iteration : -9.49401e-06

degrees of freedom    (FIT_NDF)                        : 5
rms of residuals      (FIT_STDFIT) = sqrt(WSSR/ndf)    : 37.3874
variance of residuals (reduced chisquare) = WSSR/ndf   : 1397.81

Final set of parameters            Asymptotic Standard Error
=======================            ==========================
a2              = 2.20314          +/- 0.05232      (2.375%)
b2              = 14.025           +/- 18.82        (134.2%)

correlation matrix of the fit parameters:
                a2     b2     
a2              1.000 
b2             -0.660  1.000 


*******************************************************************************
Tue Jun 30 17:34:41 2026


FIT:    data read from "time.dat" using 6:7
        format = x:z
        #datapoints = 7
        residuals are weighted equally (unit weight)

function used for fitting: f3(x)
	f3(x) = a3*x+b3
fitted parameters initialized with current variable values

iter      chisq       delta/lim  lambda   a3            b3           
   0 5.5600608000e+07   0.00e+00  1.10e+03    1.000000e+00   1.000000e+00
   6 1.6823326327e+06  -1.93e-03  1.10e-03    2.730098e+00   1.503461e+02

After 6 iterations the fit converged.
final sum of squares of residuals : 1.68233e+06
rel. change during last iteration : -1.92896e-08

degrees of freedom    (FIT_NDF)                        : 5
rms of residuals      (FIT_STDFIT) = sqrt(WSSR/ndf)    : 580.057
variance of residuals (reduced chisquare) = WSSR/ndf   : 336467

Final set of parameters            Asymptotic Standard Error
=======================            ==========================
a3              = 2.7301           +/- 0.18         (6.594%)
b3              = 150.346          +/- 278.9        (185.5%)

correlation matrix of the fit parameters:
                a3     b3     
a3              1.000 
b3             -0.618  1.000 


*******************************************************************************
Tue Jun 30 17:34:41 2026


FIT:    data read from "time.dat" using 8:9
        format = x:z
        #datapoints = 7
        residuals are weighted equally (unit weight)

function used for fitting: f4(x)
	f4(x) = a4*x+b4
fitted parameters initialized with current variable values

iter      chisq       delta/lim  lambda   a4            b4           
   0 7.1840695000e+07   0.00e+00  1.67e+03    1.000000e+00   1.000000e+00
   6 1.0662983576e+07  -2.44e-02  1.67e-03    2.324471e+00  -2.551188e+02

After 6 iterations the fit converged.
final sum of squares of residuals : 1.0663e+07
rel. change during last iteration : -2.43814e-07

degrees of freedom    (FIT_NDF)                        : 5
rms of residuals      (FIT_STDFIT) = sqrt(WSSR/ndf)    : 1460.34
variance of residuals (reduced chisquare) = WSSR/ndf   : 2.1326e+06

Final set of parameters            Asymptotic Standard Error
=======================            ==========================
a4              = 2.32447          +/- 0.3259       (14.02%)
b4              = -255.119         +/- 769.9        (301.8%)

correlation matrix of the fit parameters:
                a4     b4     
a4              1.000 
b4             -0.697  1.000 


*******************************************************************************
Tue Jun 30 17:34:41 2026


FIT:    data read from "time.dat" using 10:11
        format = x:z
        #datapoints = 7
        residuals are weighted equally (unit weight)

function used for fitting: f5(x)
	f5(x) = a5*x+b5
fitted parameters initialized with current variable values

iter      chisq       delta/lim  lambda   a5            b5           
   0 2.1473996000e+07   0.00e+00  1.15e+04    1.000000e+00   1.000000e+00
   2 2.1460030408e+07  -5.25e-01  1.15e+02    1.002750e+00   9.955568e-01

After 2 iterations the fit converged.
final sum of squares of residuals : 2.146e+07
rel. change during last iteration : -5.25174e-06

degrees of freedom    (FIT_NDF)                        : 5
rms of residuals      (FIT_STDFIT) = sqrt(WSSR/ndf)    : 2071.72
variance of residuals (reduced chisquare) = WSSR/ndf   : 4.29201e+06

Final set of parameters            Asymptotic Standard Error
=======================            ==========================
a5              = 1.00275          +/- 0.05687      (5.671%)
b5              = 0.995557         +/- 921.9        (9.26e+04%)

correlation matrix of the fit parameters:
                a5     b5     
a5              1.000 
b5             -0.528  1.000 


*******************************************************************************
Tue Jun 30 17:34:41 2026


FIT:    data read from "time.dat" using 12:13
        format = x:z
        #datapoints = 7
        residuals are weighted equally (unit weight)

function used for fitting: f6(x)
	f6(x) = a6*x+b6
fitted parameters initialized with current variable values

iter      chisq       delta/lim  lambda   a6            b6           
   0 8.3924020000e+06   0.00e+00  1.14e+03    1.000000e+00   1.000000e+00
   6 3.7139247918e+05  -1.53e-02  1.14e-03    1.596681e+00   1.615854e+02

After 6 iterations the fit converged.
final sum of squares of residuals : 371392
rel. change during last iteration : -1.53149e-07

degrees of freedom    (FIT_NDF)                        : 5
rms of residuals      (FIT_STDFIT) = sqrt(WSSR/ndf)    : 272.541
variance of residuals (reduced chisquare) = WSSR/ndf   : 74278.5

Final set of parameters            Asymptotic Standard Error
=======================            ==========================
a6              = 1.59668          +/- 0.08377      (5.247%)
b6              = 161.585          +/- 134.8        (83.4%)

correlation matrix of the fit parameters:
                a6     b6     
a6              1.000 
b6             -0.645  1.000 


*******************************************************************************
Tue Jun 30 17:34:53 2026


FIT:    data read from "time.dat" using 2:3
        format = x:z
        #datapoints = 7
        residuals are weighted equally (unit weight)

function used for fitting: f1(x)
	f1(x) = a1*x+b1
fitted parameters initialized with current variable values

iter      chisq       delta/lim  lambda   a1            b1           
   0 1.5385000000e+04   0.00e+00  1.68e+02    1.000000e+00   1.000000e+00
   6 6.9103854509e+02  -3.53e-08  1.68e-04    1.048624e+00   3.834523e+01

After 6 iterations the fit converged.
final sum of squares of residuals : 691.039
rel. change during last iteration : -3.52558e-13

degrees of freedom    (FIT_NDF)                        : 5
rms of residuals      (FIT_STDFIT) = sqrt(WSSR/ndf)    : 11.7562
variance of residuals (reduced chisquare) = WSSR/ndf   : 138.208

Final set of parameters            Asymptotic Standard Error
=======================            ==========================
a1              = 1.04862          +/- 0.02509      (2.393%)
b1              = 38.3452          +/- 5.945        (15.51%)

correlation matrix of the fit parameters:
                a1     b1     
a1              1.000 
b1             -0.664  1.000 


*******************************************************************************
Tue Jun 30 17:34:53 2026


FIT:    data read from "time.dat" using 4:5
        format = x:z
        #datapoints = 7
        residuals are weighted equally (unit weight)

function used for fitting: f2(x)
	f2(x) = a2*x+b2
fitted parameters initialized with current variable values

iter      chisq       delta/lim  lambda   a2            b2           
   0 1.3715140000e+06   0.00e+00  2.54e+02    1.000000e+00   1.000000e+00
   5 6.9890723279e+03  -9.49e-01  2.54e-03    2.203142e+00   1.402497e+01

After 5 iterations the fit converged.
final sum of squares of residuals : 6989.07
rel. change during last iteration : -9.49401e-06

degrees of freedom    (FIT_NDF)                        : 5
rms of residuals      (FIT_STDFIT) = sqrt(WSSR/ndf)    : 37.3874
variance of residuals (reduced chisquare) = WSSR/ndf   : 1397.81

Final set of parameters            Asymptotic Standard Error
=======================            ==========================
a2              = 2.20314          +/- 0.05232      (2.375%)
b2              = 14.025           +/- 18.82        (134.2%)

correlation matrix of the fit parameters:
                a2     b2     
a2              1.000 
b2             -0.660  1.000 


*******************************************************************************
Tue Jun 30 17:34:53 2026


FIT:    data read from "time.dat" using 6:7
        format = x:z
        #datapoints = 7
        residuals are weighted equally (unit weight)

function used for fitting: f3(x)
	f3(x) = a3*x+b3
fitted parameters initialized with current variable values

iter      chisq       delta/lim  lambda   a3            b3           
   0 5.5600608000e+07   0.00e+00  1.10e+03    1.000000e+00   1.000000e+00
   6 1.6823326327e+06  -1.93e-03  1.10e-03    2.730098e+00   1.503461e+02

After 6 iterations the fit converged.
final sum of squares of residuals : 1.68233e+06
rel. change during last iteration : -1.92896e-08

degrees of freedom    (FIT_NDF)                        : 5
rms of residuals      (FIT_STDFIT) = sqrt(WSSR/ndf)    : 580.057
variance of residuals (reduced chisquare) = WSSR/ndf   : 336467

Final set of parameters            Asymptotic Standard Error
=======================            ==========================
a3              = 2.7301           +/- 0.18         (6.594%)
b3              = 150.346          +/- 278.9        (185.5%)

correlation matrix of the fit parameters:
                a3     b3     
a3              1.000 
b3             -0.618  1.000 


*******************************************************************************
Tue Jun 30 17:34:53 2026


FIT:    data read from "time.dat" using 8:9
        format = x:z
        #datapoints = 7
        residuals are weighted equally (unit weight)

function used for fitting: f4(x)
	f4(x) = a4*x+b4
fitted parameters initialized with current variable values

iter      chisq       delta/lim  lambda   a4            b4           
   0 7.1840695000e+07   0.00e+00  1.67e+03    1.000000e+00   1.000000e+00
   6 1.0662983576e+07  -2.44e-02  1.67e-03    2.324471e+00  -2.551188e+02

After 6 iterations the fit converged.
final sum of squares of residuals : 1.0663e+07
rel. change during last iteration : -2.43814e-07

degrees of freedom    (FIT_NDF)                        : 5
rms of residuals      (FIT_STDFIT) = sqrt(WSSR/ndf)    : 1460.34
variance of residuals (reduced chisquare) = WSSR/ndf   : 2.1326e+06

Final set of parameters            Asymptotic Standard Error
=======================            ==========================
a4              = 2.32447          +/- 0.3259       (14.02%)
b4              = -255.119         +/- 769.9        (301.8%)

correlation matrix of the fit parameters:
                a4     b4     
a4              1.000 
b4             -0.697  1.000 


*******************************************************************************
Tue Jun 30 17:34:53 2026


FIT:    data read from "time.dat" using 10:11
        format = x:z
        #datapoints = 7
        residuals are weighted equally (unit weight)

function used for fitting: f5(x)
	f5(x) = a5*x+b5
fitted parameters initialized with current variable values

iter      chisq       delta/lim  lambda   a5            b5           
   0 2.1473996000e+07   0.00e+00  1.15e+04    1.000000e+00   1.000000e+00
   2 2.1460030408e+07  -5.25e-01  1.15e+02    1.002750e+00   9.955568e-01

After 2 iterations the fit converged.
final sum of squares of residuals : 2.146e+07
rel. change during last iteration : -5.25174e-06

degrees of freedom    (FIT_NDF)                        : 5
rms of residuals      (FIT_STDFIT) = sqrt(WSSR/ndf)    : 2071.72
variance of residuals (reduced chisquare) = WSSR/ndf   : 4.29201e+06

Final set of parameters            Asymptotic Standard Error
=======================            ==========================
a5              = 1.00275          +/- 0.05687      (5.671%)
b5              = 0.995557         +/- 921.9        (9.26e+04%)

correlation matrix of the fit parameters:
                a5     b5     
a5              1.000 
b5             -0.528  1.000 


*******************************************************************************
Tue Jun 30 17:34:53 2026


FIT:    data read from "time.dat" using 12:13
        format = x:z
        #datapoints = 7
        residuals are weighted equally (unit weight)

function used for fitting: f6(x)
	f6(x) = a6*x+b6
fitted parameters initialized with current variable values

iter      chisq       delta/lim  lambda   a6            b6           
   0 8.3924020000e+06   0.00e+00  1.14e+03    1.000000e+00   1.000000e+00
   6 3.7139247918e+05  -1.53e-02  1.14e-03    1.596681e+00   1.615854e+02

After 6 iterations the fit converged.
final sum of squares of residuals : 371392
rel. change during last iteration : -1.53149e-07

degrees of freedom    (FIT_NDF)                        : 5
rms of residuals      (FIT_STDFIT) = sqrt(WSSR/ndf)    : 272.541
variance of residuals (reduced chisquare) = WSSR/ndf   : 74278.5

Final set of parameters            Asymptotic Standard Error
=======================            ==========================
a6              = 1.59668          +/- 0.08377      (5.247%)
b6              = 161.585          +/- 134.8        (83.4%)

correlation matrix of the fit parameters:
                a6     b6     
a6              1.000 
b6             -0.645  1.000 
