
 ------------------------------------------------------------------------------
 ########::'##:::'##::'######:::::'###:::::'######::'####:'##::: ##::'#######::
 ##.... ##:. ##:'##::'##... ##:::'## ##:::'##... ##:. ##:: ###:: ##:'##.... ##:
 ##:::: ##::. ####::: ##:::..:::'##:. ##:: ##:::..::: ##:: ####: ##: ##:::: ##:
 ########::::. ##:::: ##:::::::'##:::. ##:. ######::: ##:: ## ## ##: ##:::: ##:
 ##.....:::::: ##:::: ##::::::: #########::..... ##:: ##:: ##. ####: ##:::: ##:
 ##::::::::::: ##:::: ##::: ##: ##.... ##:'##::: ##:: ##:: ##:. ###: ##:::: ##:
 ##::::::::::: ##::::. ######:: ##:::: ##:. ######::'####: ##::. ##:. #######::
 .::::::::::::..::::::......:::..:::::..:::......:::....::..::::..:::.......:::

                     Python Quantum Monte Carlo Package
                        v 0.4.0 [Vladimir Konkov]

    Main Author : Vladimir Konkov
 ------------------------------------------------------------------------------
 Started 2026/08/11 22:41:02

 Python 3.12.3 (main, Jun 19 2026, 12:46:00) [GCC 13.3.0]
 Numba 0.63.1
 Numpy 2.2.6
 Scipy 1.13.1

 Running in parallel using 4 MPI processes.

 General input parameters
 ========================
 NEU (num up spin electrons)              :  5
 NED (num down spin electrons)            :  5
 RUNTYPE (type of run)                    :  vmc_opt
 PSI_S  (form for [anti]symmetrizing wfn) :  slater
 ATOM_BASIS_TYPE (atom-centred orb basis) :  slater-type
 INTERACTION (interaction type)           :  coulomb
 TESTRUN (read input data,print and stop) :  F
 PERIODIC                                 :  F
 COMPLEX_WF (complex Slater wave fn.)     :  F
 NEIGHPRINT (neighbour analysis)          :  0
 USE_JASTROW (use Jastrow factor)         :  T
 BACKFLOW (use backflow corrections)      :  F
 USE_ORBMODS (use orbitals modifications) :  F
 CUSP_CORRECTION                          :  F
 NON_LOCAL_GRID (NL integration grid)     :  4
 E_OFFSET (energy offset)                 :  0.0000
 GAUTOL  (Gaussian evaluation tolerance)  :  7.0
 SPARSE                                   :  F
 DIPOLE_MOMENT                            :  F
 RELATIVISTIC                             :  F

 VMC/optimization input parameters
 ====================
 NEWRUN (start new run)                   :  T
 VMC_METHOD (choice of VMC algorithm)     :  3
 DTVMC (VMC time step)                    :  0.02
 OPT_DTVMC (VMC time-step optimization)   :  T
 VMC_NSTEP (num VMC steps)                :  1000000
 VMC_NCONFIG_WRITE (num configs to write) :  1000000
 VMC_NBLOCK (num VMC blocks)              :  1
 VMC_EQUIL_NSTEP (num equil steps)        :  5000
 VMC_DECORR_PERIOD (length of inner loop) :  10
 VMC_AVE_PERIOD (hist reduction factor)   :  1
 VMC_SAMPLING                             :  standard
 OPT_CYCLES (num optimization cycles)     :  4
 POSTFIT_VMC (perform post-fit VMC calc)  :  T
 POSTFIT_KEEP_CFG (keep post-fit VMC cfgs):  F
 OPT_NOCTF_CYCLES (fixed cutoff cycles)   :  0
 OPT_INFO (information level)             :  2
 OPT_JASTROW (opt Jastrow factor)         :  T
 OPT_DET_COEFF (opt det coeffs)           :  F
 OPT_ORBITALS (opt orbitals)              :  F
 OPT_BACKFLOW (opt backflow params)       :  F
 OPT_FIXNL (fix nonlocal energy)          :  F
 OPT_MAXITER (max num iterations)         :  10
 OPT_MAXEVAL (max num evaluations)        :  200
 VM_SMOOTH_LIMITS (smooth limiting)       :  F
 VM_REWEIGHT (reweighting)                :  F
 VM_FILTER (filter outlying configs)      :  T
 VM_USE_E_GUESS (use guess energy)        :  F
 EMIN_XI_VALUE (xi parameter)             :  1.0
 VM_FILTER_THRES (filter threshold)       :  4.0
 MAKEMOVIE                                :  F
 FORCES                                   :  F

 BEGIN VMC CALCULATION
 =====================

 Running VMC equilibration (5000 moves).
 Performing time-step optimization.
 Optimized step size: 0.07535
 DTVMC: 0.00189

 Starting VMC.

 =========================================================================
 In block : 1
  Number of VMC steps           = 1000000

  Block average energies (au)

  Total energy                       (au) =        -128.531999325499
  Standard error                        +/-           0.005429856352

  Constant energy contributions      (au) =           0.000000000000

  Variance of local energy           (au) =          29.483310517842
  Standard error                        +/-           0.000000000000

 Time taken in block    : : :       77.0098

 =========================================================================
 FINAL RESULT:

  VMC energy (au)    Standard error      Correction for serial correlation

 -128.531999325499 +/- 0.005429856352      No correction
 -128.531999325499 +/- 0.012594008920      Correlation time method
 -128.531999325499 +/- 0.010605985670      On-the-fly reblocking method

 Sample variance of E_L (au^2/sim.cell) : 29.483310517842


 ==========================================
 PERFORMING OPTIMIZATION CALCULATION No. 1.
 ==========================================


 Optimization start
 ==================
   Iteration     Total nfev        Cost      Cost reduction    Step norm     Optimality
       0              1         1.6200e+01                                    6.64e+04
       1              2         7.4859e+00      8.71e+00       2.89e-03       2.62e+04
       2              3         4.1213e+00      3.36e+00       5.03e-03       3.08e+03
       3              4         2.5187e+00      1.60e+00       1.34e-02       1.78e+03
       4              5         1.7433e+00      7.75e-01       2.91e-02       1.95e+02
       5              6         1.4503e+00      2.93e-01       4.93e-02       6.14e+01
       6              7         1.2798e+00      1.70e-01       1.03e-01       3.10e+01
       7              8         1.1636e+00      1.16e-01       1.79e-01       1.68e+01
       8              9         1.1112e+00      5.24e-02       2.95e-01       1.89e+01
       9             10         1.1086e+00      2.59e-03       4.35e-02       6.65e+00
      10             11         1.1086e+00      5.20e-08       4.98e-05       4.16e-02
`ftol` termination condition is satisfied.
Function evaluations 11, initial cost 1.6200e+01, final cost 1.1086e+00, first-order optimality 4.16e-02.
 Norm of Jacobian at the solution: 1.13307e-01

 BEGIN VMC CALCULATION
 =====================

 Running VMC equilibration (5000 moves).
 Performing time-step optimization.
 Optimized step size: 0.07388
 DTVMC: 0.00182

 Starting VMC.

 =========================================================================
 In block : 1
  Number of VMC steps           = 1000000

  Block average energies (au)

  Total energy                       (au) =        -128.898823513276
  Standard error                        +/-           0.001033217532

  Constant energy contributions      (au) =           0.000000000000

  Variance of local energy           (au) =           1.067537401016
  Standard error                        +/-           0.000000000000

 Time taken in block    : : :       68.1598

 =========================================================================
 FINAL RESULT:

  VMC energy (au)    Standard error      Correction for serial correlation

 -128.898823513276 +/- 0.001033217532      No correction
 -128.898823513276 +/- 0.002691677892      Correlation time method
 -128.898823513276 +/- 0.002318829529      On-the-fly reblocking method

 Sample variance of E_L (au^2/sim.cell) : 1.067537401016


 ==========================================
 PERFORMING OPTIMIZATION CALCULATION No. 2.
 ==========================================


 Optimization start
 ==================
 E_0 -128.89657566 minimal allowed energy -133.03029492 serial correlation factor 2.33
 Trust radius max|delta p| < 0.2 reached at level shift 1.41e-04
   Level shift          E_lin        max|dp| max|dlog(psi)|         E_corr       Penalty         Target
           inf                                               -128.89657566    0.00721587  -128.88935979
      1.41e-04  -128.90056300     2.0000e-01     5.7410e-01  -128.87730159    0.00837766  -128.86892393
      1.41e-03  -128.89961299     5.2174e-02     2.1701e-01  -128.89974544    0.00758210  -128.89216334
      1.41e-02  -128.89899390     1.7098e-02     4.8536e-02  -128.89934623    0.00749428  -128.89185195
      1.41e-01  -128.89867729     1.0305e-02     1.8437e-02  -128.89908082    0.00749021  -128.89159061
 Optimization end
 ================
 Norm of scaled energy gradient at the starting point: 4.97936e-01
 Level shift 1.41e-03, target -128.88935979 -> -128.89216334, gain 0.00280355.
 Scaled delta p over 79 of 79 parameters: norm 5.1779e-01, rms 5.8256e-02, max 2.1701e-01

 BEGIN VMC CALCULATION
 =====================

 Running VMC equilibration (5000 moves).
 Performing time-step optimization.
 Optimized step size: 0.07688
 DTVMC: 0.00197

 Starting VMC.

 =========================================================================
 In block : 1
  Number of VMC steps           = 1000000

  Block average energies (au)

  Total energy                       (au) =        -128.902219223433
  Standard error                        +/-           0.001076883518

  Constant energy contributions      (au) =           0.000000000000

  Variance of local energy           (au) =           1.159676951200
  Standard error                        +/-           0.000000000000

 Time taken in block    : : :       74.2378

 =========================================================================
 FINAL RESULT:

  VMC energy (au)    Standard error      Correction for serial correlation

 -128.902219223433 +/- 0.001076883518      No correction
 -128.902219223433 +/- 0.002444600833      Correlation time method
 -128.902219223433 +/- 0.002030907118      On-the-fly reblocking method

 Sample variance of E_L (au^2/sim.cell) : 1.159676951200


 ==========================================
 PERFORMING OPTIMIZATION CALCULATION No. 3.
 ==========================================


 Optimization start
 ==================
 E_0 -128.90464640 minimal allowed energy -133.21689635 serial correlation factor 1.95
 Trust radius max|delta p| < 0.2 reached at level shift 9.69e-05
   Level shift          E_lin        max|dp| max|dlog(psi)|         E_corr       Penalty         Target
           inf                                               -128.90464640    0.00631501  -128.89833139
      9.69e-05  -128.90576836     2.0000e-01     4.4826e-01  -128.88941269    0.00694760  -128.88246509
      9.69e-04  -128.90520004     5.2587e-02     1.2094e-01  -128.90526879    0.00640341  -128.89886538
      9.69e-03  -128.90501163     2.9545e-03     2.6760e-02  -128.90504336    0.00633386  -128.89870950
      9.69e-02  -128.90501206     2.3134e-03     3.8706e-03  -128.90501993    0.00631257  -128.89870735
 Optimization end
 ================
 Norm of scaled energy gradient at the starting point: 5.51272e-01
 Level shift 9.69e-04, target -128.89833139 -> -128.89886538, gain 0.00053398.
 Scaled delta p over 79 of 79 parameters: norm 3.2927e-01, rms 3.7046e-02, max 1.2094e-01

 BEGIN VMC CALCULATION
 =====================

 Running VMC equilibration (5000 moves).
 Performing time-step optimization.
 Optimized step size: 0.07551
 DTVMC: 0.00190

 Starting VMC.

 =========================================================================
 In block : 1
  Number of VMC steps           = 1000000

  Block average energies (au)

  Total energy                       (au) =        -128.902402983035
  Standard error                        +/-           0.001103875697

  Constant energy contributions      (au) =           0.000000000000

  Variance of local energy           (au) =           1.218540334985
  Standard error                        +/-           0.000000000000

 Time taken in block    : : :       69.9490

 =========================================================================
 FINAL RESULT:

  VMC energy (au)    Standard error      Correction for serial correlation

 -128.902402983035 +/- 0.001103875697      No correction
 -128.902402983035 +/- 0.002475834649      Correlation time method
 -128.902402983035 +/- 0.002082535780      On-the-fly reblocking method

 Sample variance of E_L (au^2/sim.cell) : 1.218540334985


 ==========================================
 PERFORMING OPTIMIZATION CALCULATION No. 4.
 ==========================================


 Optimization start
 ==================
 E_0 -128.90687255 minimal allowed energy -133.32229913 serial correlation factor 1.91
 Trust radius max|delta p| < 0.2 reached at level shift 2.70e-05
   Level shift          E_lin        max|dp| max|dlog(psi)|         E_corr       Penalty         Target
           inf                                               -128.90687255    0.00631962  -128.90055293
      2.70e-05  -128.90737025     2.0000e-01     7.6112e-01  -128.89441849    0.00678676  -128.88763174
      2.70e-04  -128.90714235     6.5291e-02     1.5473e-01  -128.90717973    0.00639175  -128.90078798
      2.70e-03  -128.90691371     1.5595e-02     4.0044e-02  -128.90692993    0.00632875  -128.90060118
      2.70e-02  -128.90683620     3.7254e-03     5.8706e-03  -128.90684416    0.00630871  -128.90053545
 Optimization end
 ================
 Norm of scaled energy gradient at the starting point: 2.19789e-01
 Level shift 2.70e-04, target -128.90055293 -> -128.90078798, gain 0.00023505.
 Scaled delta p over 79 of 79 parameters: norm 5.1389e-01, rms 5.7817e-02, max 1.5473e-01

 BEGIN VMC CALCULATION
 =====================

 Running VMC equilibration (5000 moves).
 Performing time-step optimization.
 Optimized step size: 0.07697
 DTVMC: 0.00197

 Starting VMC.

 =========================================================================
 In block : 1
  Number of VMC steps           = 1000000

  Block average energies (au)

  Total energy                       (au) =        -128.907001982512
  Standard error                        +/-           0.001116883970

  Constant energy contributions      (au) =           0.000000000000

  Variance of local energy           (au) =           1.247428555201
  Standard error                        +/-           0.000000000000

 Time taken in block    : : :       70.4947

 =========================================================================
 FINAL RESULT:

  VMC energy (au)    Standard error      Correction for serial correlation

 -128.907001982512 +/- 0.001116883970      No correction
 -128.907001982512 +/- 0.002457811338      Correlation time method
 -128.907001982512 +/- 0.002075616680      On-the-fly reblocking method

 Sample variance of E_L (au^2/sim.cell) : 1.247428555201


 =========================================================================

 Total PyCasino real time : : :    2275.1047
