
 ------------------------------------------------------------------------------
 ########::'##:::'##::'######:::::'###:::::'######::'####:'##::: ##::'#######::
 ##.... ##:. ##:'##::'##... ##:::'## ##:::'##... ##:. ##:: ###:: ##:'##.... ##:
 ##:::: ##::. ####::: ##:::..:::'##:. ##:: ##:::..::: ##:: ####: ##: ##:::: ##:
 ########::::. ##:::: ##:::::::'##:::. ##:. ######::: ##:: ## ## ##: ##:::: ##:
 ##.....:::::: ##:::: ##::::::: #########::..... ##:: ##:: ##. ####: ##:::: ##:
 ##::::::::::: ##:::: ##::: ##: ##.... ##:'##::: ##:: ##:: ##:. ###: ##:::: ##:
 ##::::::::::: ##::::. ######:: ##:::: ##:. ######::'####: ##::. ##:. #######::
 .::::::::::::..::::::......:::..:::::..:::......:::....::..::::..:::.......:::

                     Python Quantum Monte Carlo Package
                        v 0.4.0 [Vladimir Konkov]

    Main Author : Vladimir Konkov
 ------------------------------------------------------------------------------
 Started 2026/09/12 20:14:25

 Python 3.12.3 (main, Aug 31 2026, 10:18:26) [GCC 13.3.0]
 Numba 0.67.0
 Numpy 2.2.6
 Scipy 1.13.1

 Running in parallel using 4 MPI processes.

 Warning: keywords not read by pycasino: newrun periodic writeout_vmc_hist

 General input parameters
 ========================
 NEU (num up spin electrons)              :  2
 NED (num down spin electrons)            :  2
 RUNTYPE (type of run)                    :  vmc
 PSI_S  (form for [anti]symmetrizing wfn) :  slater
 ATOM_BASIS_TYPE (atom-centred orb basis) :  slater-type
 INTERACTION (interaction type)           :  coulomb
 TESTRUN (read input data,print and stop) :  F
 PERIODIC                                 :  F
 COMPLEX_WF (complex Slater wave fn.)     :  F
 NEIGHPRINT (neighbour analysis)          :  0
 USE_JASTROW (use Jastrow factor)         :  T
 BACKFLOW (use backflow corrections)      :  T
 USE_ORBMODS (use orbitals modifications) :  F
 CUSP_CORRECTION                          :  F
 NON_LOCAL_GRID (NL integration grid)     :  4
 E_OFFSET (energy offset)                 :  0.0000
 GAUTOL  (Gaussian evaluation tolerance)  :  7.0
 SPARSE                                   :  F
 DIPOLE_MOMENT                            :  F
 RELATIVISTIC                             :  F

 VMC input parameters
 ====================
 NEWRUN (start new run)                   :  T
 VMC_METHOD (choice of VMC algorithm)     :  3
 DTVMC (VMC time step)                    :  0.02
 OPT_DTVMC (VMC time-step optimization)   :  1
 VMC_NSTEP (num VMC steps)                :  10000000
 VMC_NCONFIG_WRITE (num configs to write) :  0
 VMC_NBLOCK (num VMC blocks)              :  10
 VMC_EQUIL_NSTEP (num equil steps)        :  5000
 VMC_DECORR_PERIOD (length of inner loop) :  10
 VMC_AVE_PERIOD (hist reduction factor)   :  1
 VMC_SAMPLING                             :  standard
 MAKEMOVIE                                :  F
 FORCES                                   :  F

 Median sigma = 1/|grad ln psi| : 2.53656e-01 bohr

 ==============================
 PERFORMING A |PSI| CALCULATION.
 ==============================

 zeta of the walk: 0.00000e+00   DTVMC: 1.00829e-02

 =========================================================================
 WEIGHTED NODAL DOMAIN AVERAGES

  Number of |psi| steps                   = 10000000

  zeta                          (au^-1) =           0.000000000000
  Effective sample size                   = 10000000
  Potential component                (au) =         -13.355397268592
  Standard error                        +/-           0.001265556784
  e-e interaction                    (au) =           2.904819051131
  e-n interaction                    (au) =         -28.309605801702
  Sum of e-n distances             (bohr) =          11.491676693660

  epsilon (bohr)  inside      E_kin^nda (au)            E^nda (au)

    1.920e-03         79       2.268864 +/- 0.309235     -11.086534
    2.633e-03        137       2.167384 +/- 0.220698     -11.188013
    3.610e-03        244       2.034929 +/- 0.156583     -11.320468
    4.950e-03        432       1.889086 +/- 0.110576     -11.466311
    6.788e-03        784       1.783972 +/- 0.078053     -11.571425
    9.308e-03       1431       1.720299 +/- 0.055540     -11.635098
    1.276e-02       2639       1.658775 +/- 0.039659     -11.696622
    1.750e-02       5033       1.644111 +/- 0.028545     -11.711287
    2.400e-02       9552       1.650662 +/- 0.020735     -11.704735

 Time taken in nodal domain averages : : :    1068.8766

 Warning: keywords not read by pycasino: newrun periodic writeout_vmc_hist

 General input parameters
 ========================
 NEU (num up spin electrons)              :  2
 NED (num down spin electrons)            :  2
 RUNTYPE (type of run)                    :  vmc
 PSI_S  (form for [anti]symmetrizing wfn) :  slater
 ATOM_BASIS_TYPE (atom-centred orb basis) :  slater-type
 INTERACTION (interaction type)           :  coulomb
 TESTRUN (read input data,print and stop) :  F
 PERIODIC                                 :  F
 COMPLEX_WF (complex Slater wave fn.)     :  F
 NEIGHPRINT (neighbour analysis)          :  0
 USE_JASTROW (use Jastrow factor)         :  T
 BACKFLOW (use backflow corrections)      :  T
 USE_ORBMODS (use orbitals modifications) :  F
 CUSP_CORRECTION                          :  F
 NON_LOCAL_GRID (NL integration grid)     :  4
 E_OFFSET (energy offset)                 :  0.0000
 GAUTOL  (Gaussian evaluation tolerance)  :  7.0
 SPARSE                                   :  F
 DIPOLE_MOMENT                            :  F
 RELATIVISTIC                             :  F

 VMC input parameters
 ====================
 NEWRUN (start new run)                   :  T
 VMC_METHOD (choice of VMC algorithm)     :  3
 DTVMC (VMC time step)                    :  0.02
 OPT_DTVMC (VMC time-step optimization)   :  1
 VMC_NSTEP (num VMC steps)                :  10000000
 VMC_NCONFIG_WRITE (num configs to write) :  0
 VMC_NBLOCK (num VMC blocks)              :  1
 VMC_EQUIL_NSTEP (num equil steps)        :  5000
 VMC_DECORR_PERIOD (length of inner loop) :  10
 VMC_AVE_PERIOD (hist reduction factor)   :  1
 VMC_SAMPLING                             :  standard
 MAKEMOVIE                                :  F
 FORCES                                   :  F

 Median sigma = 1/|grad ln psi| : 2.47327e-01 bohr

 ==============================
 PERFORMING A |PSI| CALCULATION.
 ==============================

 zeta of the walk: 0.00000e+00   DTVMC: 7.11175e-03

 =========================================================================
 WEIGHTED NODAL DOMAIN AVERAGES

  Number of |psi| steps                   = 10000000

  zeta                          (au^-1) =           0.000000000000
  Effective sample size                   = 10000000
  Potential component                (au) =         -13.313030881882
  Standard error                        +/-           0.001264880785
  e-e interaction                    (au) =           2.919981840084
  e-n interaction                    (au) =         -28.469110163078
  Sum of e-n distances             (bohr) =          11.548498513153

  epsilon (bohr)  inside      E_kin^nda (au)            E^nda (au)

    1.920e-03         66       1.693891 +/- 0.255544     -11.619140
    2.633e-03        130       1.799270 +/- 0.192347     -11.513761
    3.610e-03        239       1.850223 +/- 0.143880     -11.462808
    4.950e-03        430       1.830824 +/- 0.105876     -11.482207
    6.788e-03        795       1.777637 +/- 0.076672     -11.535394
    9.308e-03       1488       1.734783 +/- 0.055297     -11.578248
    1.276e-02       2738       1.713841 +/- 0.039982     -11.599190
    1.750e-02       5276       1.710320 +/- 0.028991     -11.602711
    2.400e-02       9890       1.712940 +/- 0.021117     -11.600091

 Time taken in nodal domain averages : : :    1039.3191

 =========================================================================
 NODAL SURFACE DESCRIPTOR, zeta = 0.0000

 run                                                 widest tube          1.9x narrower

 vmc/Backflow                                 1.650662 +/- 0.020735     1.658775 +/- 0.039659
 vmc/Backflow_02                              1.712940 +/- 0.021117     1.713841 +/- 0.039982

